This is XeTeX, Version 3.14159265-2.6-0.99992 (TeX Live 2015/Arch Linux) (preloaded format=xelatex 2015.11.7)  8 NOV 2015 00:55
entering extended mode
 restricted \write18 enabled.
 %&-line parsing enabled.
**test.tex
(./test.tex
LaTeX2e <2015/01/01>
Babel <3.9l> and hyphenation patterns for 79 languages loaded.
(/usr/share/texmf-dist/tex/latex/base/article.cls
Document Class: article 2014/09/29 v1.4h Standard LaTeX document class
(/usr/share/texmf-dist/tex/latex/base/size12.clo
File: size12.clo 2014/09/29 v1.4h Standard LaTeX file (size option)
)
\c@part=\count79
\c@section=\count80
\c@subsection=\count81
\c@subsubsection=\count82
\c@paragraph=\count83
\c@subparagraph=\count84
\c@figure=\count85
\c@table=\count86
\abovecaptionskip=\skip41
\belowcaptionskip=\skip42
\bibindent=\dimen102
)
(/usr/share/texmf-dist/tex/latex/base/inputenc.sty
Package: inputenc 2015/03/17 v1.2c Input encoding file
\inpenc@prehook=\toks14
\inpenc@posthook=\toks15


Package inputenc Warning: inputenc package ignored with utf8 based engines.

) (/usr/share/texmf-dist/tex/latex/base/fontenc.sty
Package: fontenc 2005/09/27 v1.99g Standard LaTeX package

(/usr/share/texmf-dist/tex/latex/base/t1enc.def
File: t1enc.def 2005/09/27 v1.99g Standard LaTeX file
LaTeX Font Info:    Redeclaring font encoding T1 on input line 48.
))
(/usr/share/texmf-dist/tex/latex/kpfonts/kpfonts.sty
Package: kpfonts  2010/08/20 v3.31

(/usr/share/texmf-dist/tex/latex/base/textcomp.sty
Package: textcomp 2005/09/27 v1.99g Standard LaTeX package
Package textcomp Info: Sub-encoding information:
(textcomp)               5 = only ISO-Adobe without \textcurrency
(textcomp)               4 = 5 + \texteuro
(textcomp)               3 = 4 + \textohm
(textcomp)               2 = 3 + \textestimated + \textcurrency
(textcomp)               1 = TS1 - \textcircled - \t
(textcomp)               0 = TS1 (full)
(textcomp)             Font families with sub-encoding setting implement
(textcomp)             only a restricted character set as indicated.
(textcomp)             Family '?' is the default used for unknown fonts.
(textcomp)             See the documentation for details.
Package textcomp Info: Setting ? sub-encoding to TS1/1 on input line 79.
Package textcomp Info: Changing ? sub-encoding to TS1/0 on input line 80.

(/usr/share/texmf-dist/tex/latex/base/ts1enc.def
File: ts1enc.def 2001/06/05 v3.0e (jk/car/fm) Standard LaTeX file
)
LaTeX Info: Redefining \oldstylenums on input line 334.
Package textcomp Info: Setting cmr sub-encoding to TS1/0 on input line 349.
Package textcomp Info: Setting cmss sub-encoding to TS1/0 on input line 350.
Package textcomp Info: Setting cmtt sub-encoding to TS1/0 on input line 351.
Package textcomp Info: Setting cmvtt sub-encoding to TS1/0 on input line 352.
Package textcomp Info: Setting cmbr sub-encoding to TS1/0 on input line 353.
Package textcomp Info: Setting cmtl sub-encoding to TS1/0 on input line 354.
Package textcomp Info: Setting ccr sub-encoding to TS1/0 on input line 355.
Package textcomp Info: Setting ptm sub-encoding to TS1/4 on input line 356.
Package textcomp Info: Setting pcr sub-encoding to TS1/4 on input line 357.
Package textcomp Info: Setting phv sub-encoding to TS1/4 on input line 358.
Package textcomp Info: Setting ppl sub-encoding to TS1/3 on input line 359.
Package textcomp Info: Setting pag sub-encoding to TS1/4 on input line 360.
Package textcomp Info: Setting pbk sub-encoding to TS1/4 on input line 361.
Package textcomp Info: Setting pnc sub-encoding to TS1/4 on input line 362.
Package textcomp Info: Setting pzc sub-encoding to TS1/4 on input line 363.
Package textcomp Info: Setting bch sub-encoding to TS1/4 on input line 364.
Package textcomp Info: Setting put sub-encoding to TS1/5 on input line 365.
Package textcomp Info: Setting uag sub-encoding to TS1/5 on input line 366.
Package textcomp Info: Setting ugq sub-encoding to TS1/5 on input line 367.
Package textcomp Info: Setting ul8 sub-encoding to TS1/4 on input line 368.
Package textcomp Info: Setting ul9 sub-encoding to TS1/4 on input line 369.
Package textcomp Info: Setting augie sub-encoding to TS1/5 on input line 370.
Package textcomp Info: Setting dayrom sub-encoding to TS1/3 on input line 371.
Package textcomp Info: Setting dayroms sub-encoding to TS1/3 on input line 372.

Package textcomp Info: Setting pxr sub-encoding to TS1/0 on input line 373.
Package textcomp Info: Setting pxss sub-encoding to TS1/0 on input line 374.
Package textcomp Info: Setting pxtt sub-encoding to TS1/0 on input line 375.
Package textcomp Info: Setting txr sub-encoding to TS1/0 on input line 376.
Package textcomp Info: Setting txss sub-encoding to TS1/0 on input line 377.
Package textcomp Info: Setting txtt sub-encoding to TS1/0 on input line 378.
Package textcomp Info: Setting lmr sub-encoding to TS1/0 on input line 379.
Package textcomp Info: Setting lmdh sub-encoding to TS1/0 on input line 380.
Package textcomp Info: Setting lmss sub-encoding to TS1/0 on input line 381.
Package textcomp Info: Setting lmssq sub-encoding to TS1/0 on input line 382.
Package textcomp Info: Setting lmvtt sub-encoding to TS1/0 on input line 383.
Package textcomp Info: Setting lmtt sub-encoding to TS1/0 on input line 384.
Package textcomp Info: Setting qhv sub-encoding to TS1/0 on input line 385.
Package textcomp Info: Setting qag sub-encoding to TS1/0 on input line 386.
Package textcomp Info: Setting qbk sub-encoding to TS1/0 on input line 387.
Package textcomp Info: Setting qcr sub-encoding to TS1/0 on input line 388.
Package textcomp Info: Setting qcs sub-encoding to TS1/0 on input line 389.
Package textcomp Info: Setting qpl sub-encoding to TS1/0 on input line 390.
Package textcomp Info: Setting qtm sub-encoding to TS1/0 on input line 391.
Package textcomp Info: Setting qzc sub-encoding to TS1/0 on input line 392.
Package textcomp Info: Setting qhvc sub-encoding to TS1/0 on input line 393.
Package textcomp Info: Setting futs sub-encoding to TS1/4 on input line 394.
Package textcomp Info: Setting futx sub-encoding to TS1/4 on input line 395.
Package textcomp Info: Setting futj sub-encoding to TS1/4 on input line 396.
Package textcomp Info: Setting hlh sub-encoding to TS1/3 on input line 397.
Package textcomp Info: Setting hls sub-encoding to TS1/3 on input line 398.
Package textcomp Info: Setting hlst sub-encoding to TS1/3 on input line 399.
Package textcomp Info: Setting hlct sub-encoding to TS1/5 on input line 400.
Package textcomp Info: Setting hlx sub-encoding to TS1/5 on input line 401.
Package textcomp Info: Setting hlce sub-encoding to TS1/5 on input line 402.
Package textcomp Info: Setting hlcn sub-encoding to TS1/5 on input line 403.
Package textcomp Info: Setting hlcw sub-encoding to TS1/5 on input line 404.
Package textcomp Info: Setting hlcf sub-encoding to TS1/5 on input line 405.
Package textcomp Info: Setting pplx sub-encoding to TS1/3 on input line 406.
Package textcomp Info: Setting pplj sub-encoding to TS1/3 on input line 407.
Package textcomp Info: Setting ptmx sub-encoding to TS1/4 on input line 408.
Package textcomp Info: Setting ptmj sub-encoding to TS1/4 on input line 409.
)
(/usr/share/texmf-dist/tex/latex/amsmath/amsmath.sty
Package: amsmath 2013/01/14 v2.14 AMS math features
\@mathmargin=\skip43

For additional information on amsmath, use the `?' option.
(/usr/share/texmf-dist/tex/latex/amsmath/amstext.sty
Package: amstext 2000/06/29 v2.01

(/usr/share/texmf-dist/tex/latex/amsmath/amsgen.sty
File: amsgen.sty 1999/11/30 v2.0
\@emptytoks=\toks16
\ex@=\dimen103
))
(/usr/share/texmf-dist/tex/latex/amsmath/amsbsy.sty
Package: amsbsy 1999/11/29 v1.2d
\pmbraise@=\dimen104
)
(/usr/share/texmf-dist/tex/latex/amsmath/amsopn.sty
Package: amsopn 1999/12/14 v2.01 operator names
)
\inf@bad=\count87
LaTeX Info: Redefining \frac on input line 210.
\uproot@=\count88
\leftroot@=\count89
LaTeX Info: Redefining \overline on input line 306.
\classnum@=\count90
\DOTSCASE@=\count91
LaTeX Info: Redefining \ldots on input line 378.
LaTeX Info: Redefining \dots on input line 381.
LaTeX Info: Redefining \cdots on input line 466.
\Mathstrutbox@=\box26
\strutbox@=\box27
\big@size=\dimen105
LaTeX Font Info:    Redeclaring font encoding OML on input line 566.
LaTeX Font Info:    Redeclaring font encoding OMS on input line 567.
\macc@depth=\count92
\c@MaxMatrixCols=\count93
\dotsspace@=\muskip10
\c@parentequation=\count94
\dspbrk@lvl=\count95
\tag@help=\toks17
\row@=\count96
\column@=\count97
\maxfields@=\count98
\andhelp@=\toks18
\eqnshift@=\dimen106
\alignsep@=\dimen107
\tagshift@=\dimen108
\tagwidth@=\dimen109
\totwidth@=\dimen110
\lineht@=\dimen111
\@envbody=\toks19
\multlinegap=\skip44
\multlinetaggap=\skip45
\mathdisplay@stack=\toks20
LaTeX Info: Redefining \[ on input line 2665.
LaTeX Info: Redefining \] on input line 2666.
)
Invalid UTF-8 byte or sequence at line 157 replaced by U+FFFD.
Invalid UTF-8 byte or sequence at line 157 replaced by U+FFFD.
\c@mv@rm=\count99
\c@mv@boldrm=\count100
\c@mv@sf=\count101
\c@mv@boldsf=\count102
LaTeX Font Info:    Redeclaring symbol font `operators' on input line 354.
LaTeX Font Info:    Overwriting symbol font `operators' in version `normal'
(Font)                  OT1/cmr/m/n --> OT1/jkposn/m/n on input line 354.
LaTeX Font Info:    Overwriting symbol font `operators' in version `bold'
(Font)                  OT1/cmr/bx/n --> OT1/jkposn/m/n on input line 354.
LaTeX Font Info:    Overwriting symbol font `operators' in version `rm'
(Font)                  OT1/cmr/m/n --> OT1/jkposn/m/n on input line 354.
LaTeX Font Info:    Overwriting symbol font `operators' in version `boldrm'
(Font)                  OT1/cmr/m/n --> OT1/jkposn/m/n on input line 354.
LaTeX Font Info:    Overwriting symbol font `operators' in version `sf'
(Font)                  OT1/cmr/m/n --> OT1/jkposn/m/n on input line 354.
LaTeX Font Info:    Overwriting symbol font `operators' in version `boldsf'
(Font)                  OT1/cmr/m/n --> OT1/jkposn/m/n on input line 354.
LaTeX Font Info:    Overwriting symbol font `operators' in version `bold'
(Font)                  OT1/jkposn/m/n --> OT1/jkposn/b/n on input line 355.
LaTeX Font Info:    Overwriting symbol font `operators' in version `rm'
(Font)                  OT1/jkposn/m/n --> OT1/jkposn/m/n on input line 357.
LaTeX Font Info:    Overwriting symbol font `operators' in version `boldrm'
(Font)                  OT1/jkposn/m/n --> OT1/jkposn/b/n on input line 358.
LaTeX Font Info:    Overwriting symbol font `operators' in version `sf'
(Font)                  OT1/jkposn/m/n --> OT1/jkpssosn/m/n on input line 359.
LaTeX Font Info:    Overwriting symbol font `operators' in version `boldsf'
(Font)                  OT1/jkposn/m/n --> OT1/jkpssosn/b/n on input line 360.
LaTeX Font Info:    Redeclaring math alphabet \mathrm on input line 364.
LaTeX Font Info:    Overwriting math alphabet `\mathrm' in version `bold'
(Font)                  OT1/jkposn/m/n --> OT1/jkposn/b/n on input line 365.
LaTeX Font Info:    Overwriting math alphabet `\mathrm' in version `rm'
(Font)                  OT1/jkposn/m/n --> OT1/jkposn/m/n on input line 366.
LaTeX Font Info:    Overwriting math alphabet `\mathrm' in version `boldrm'
(Font)                  OT1/jkposn/m/n --> OT1/jkposn/b/n on input line 367.
LaTeX Font Info:    Overwriting math alphabet `\mathrm' in version `sf'
(Font)                  OT1/jkposn/m/n --> OT1/jkposn/m/n on input line 368.
LaTeX Font Info:    Overwriting math alphabet `\mathrm' in version `boldsf'
(Font)                  OT1/jkposn/m/n --> OT1/jkposn/b/n on input line 369.
LaTeX Font Info:    Redeclaring math alphabet \mathbf on input line 378.
LaTeX Font Info:    Overwriting math alphabet `\mathbf' in version `normal'
(Font)                  OT1/cmr/bx/n --> OT1/jkposn/b/n on input line 378.
LaTeX Font Info:    Overwriting math alphabet `\mathbf' in version `bold'
(Font)                  OT1/cmr/bx/n --> OT1/jkposn/b/n on input line 378.
LaTeX Font Info:    Overwriting math alphabet `\mathbf' in version `rm'
(Font)                  OT1/cmr/bx/n --> OT1/jkposn/b/n on input line 378.
LaTeX Font Info:    Overwriting math alphabet `\mathbf' in version `boldrm'
(Font)                  OT1/cmr/bx/n --> OT1/jkposn/b/n on input line 378.
LaTeX Font Info:    Overwriting math alphabet `\mathbf' in version `sf'
(Font)                  OT1/cmr/bx/n --> OT1/jkposn/b/n on input line 378.
LaTeX Font Info:    Overwriting math alphabet `\mathbf' in version `boldsf'
(Font)                  OT1/cmr/bx/n --> OT1/jkposn/b/n on input line 378.
LaTeX Font Info:    Overwriting math alphabet `\mathbf' in version `bold'
(Font)                  OT1/jkposn/b/n --> OT1/jkposn/b/n on input line 379.
LaTeX Font Info:    Overwriting math alphabet `\mathbf' in version `rm'
(Font)                  OT1/jkposn/b/n --> OT1/jkposn/b/n on input line 381.
LaTeX Font Info:    Overwriting math alphabet `\mathbf' in version `boldrm'
(Font)                  OT1/jkposn/b/n --> OT1/jkposn/b/n on input line 382.
LaTeX Font Info:    Overwriting math alphabet `\mathbf' in version `sf'
(Font)                  OT1/jkposn/b/n --> OT1/jkpssosn/b/n on input line 383.
LaTeX Font Info:    Overwriting math alphabet `\mathbf' in version `boldsf'
(Font)                  OT1/jkposn/b/n --> OT1/jkpssosn/b/n on input line 384.
LaTeX Font Info:    Redeclaring math alphabet \mathit on input line 390.
LaTeX Font Info:    Overwriting math alphabet `\mathit' in version `normal'
(Font)                  OT1/cmr/m/it --> OT1/jkposn/m/it on input line 390.
LaTeX Font Info:    Overwriting math alphabet `\mathit' in version `bold'
(Font)                  OT1/cmr/bx/it --> OT1/jkposn/m/it on input line 390.
LaTeX Font Info:    Overwriting math alphabet `\mathit' in version `rm'
(Font)                  OT1/cmr/m/it --> OT1/jkposn/m/it on input line 390.
LaTeX Font Info:    Overwriting math alphabet `\mathit' in version `boldrm'
(Font)                  OT1/cmr/m/it --> OT1/jkposn/m/it on input line 390.
LaTeX Font Info:    Overwriting math alphabet `\mathit' in version `sf'
(Font)                  OT1/cmr/m/it --> OT1/jkposn/m/it on input line 390.
LaTeX Font Info:    Overwriting math alphabet `\mathit' in version `boldsf'
(Font)                  OT1/cmr/m/it --> OT1/jkposn/m/it on input line 390.
LaTeX Font Info:    Overwriting math alphabet `\mathit' in version `bold'
(Font)                  OT1/jkposn/m/it --> OT1/jkposn/b/it on input line 391.
LaTeX Font Info:    Overwriting math alphabet `\mathit' in version `rm'
(Font)                  OT1/jkposn/m/it --> OT1/jkposn/m/it on input line 393.
LaTeX Font Info:    Overwriting math alphabet `\mathit' in version `boldrm'
(Font)                  OT1/jkposn/m/it --> OT1/jkposn/b/it on input line 394.
LaTeX Font Info:    Overwriting math alphabet `\mathit' in version `sf'
(Font)                  OT1/jkposn/m/it --> OT1/jkpssosn/m/it on input line 395
.
LaTeX Font Info:    Overwriting math alphabet `\mathit' in version `boldsf'
(Font)                  OT1/jkposn/m/it --> OT1/jkpssosn/b/it on input line 396
.
LaTeX Font Info:    Redeclaring math alphabet \mathsf on input line 401.
LaTeX Font Info:    Overwriting math alphabet `\mathsf' in version `normal'
(Font)                  OT1/cmss/m/n --> OT1/jkpssosn/m/n on input line 401.
LaTeX Font Info:    Overwriting math alphabet `\mathsf' in version `bold'
(Font)                  OT1/cmss/bx/n --> OT1/jkpssosn/m/n on input line 401.
LaTeX Font Info:    Overwriting math alphabet `\mathsf' in version `rm'
(Font)                  OT1/cmss/m/n --> OT1/jkpssosn/m/n on input line 401.
LaTeX Font Info:    Overwriting math alphabet `\mathsf' in version `boldrm'
(Font)                  OT1/cmss/m/n --> OT1/jkpssosn/m/n on input line 401.
LaTeX Font Info:    Overwriting math alphabet `\mathsf' in version `sf'
(Font)                  OT1/cmss/m/n --> OT1/jkpssosn/m/n on input line 401.
LaTeX Font Info:    Overwriting math alphabet `\mathsf' in version `boldsf'
(Font)                  OT1/cmss/m/n --> OT1/jkpssosn/m/n on input line 401.
LaTeX Font Info:    Overwriting math alphabet `\mathsf' in version `bold'
(Font)                  OT1/jkpssosn/m/n --> OT1/jkpssosn/b/n on input line 402
.
LaTeX Font Info:    Overwriting math alphabet `\mathsf' in version `rm'
(Font)                  OT1/jkpssosn/m/n --> OT1/jkpssosn/m/n on input line 403
.
LaTeX Font Info:    Overwriting math alphabet `\mathsf' in version `boldrm'
(Font)                  OT1/jkpssosn/m/n --> OT1/jkpssosn/b/n on input line 404
.
LaTeX Font Info:    Overwriting math alphabet `\mathsf' in version `sf'
(Font)                  OT1/jkpssosn/m/n --> OT1/jkpssosn/m/n on input line 405
.
LaTeX Font Info:    Overwriting math alphabet `\mathsf' in version `boldsf'
(Font)                  OT1/jkpssosn/m/n --> OT1/jkpssosn/b/n on input line 406
.
LaTeX Font Info:    Redeclaring math alphabet \mathtt on input line 410.
LaTeX Font Info:    Overwriting math alphabet `\mathtt' in version `normal'
(Font)                  OT1/cmtt/m/n --> OT1/jkpttosn/m/n on input line 410.
LaTeX Font Info:    Overwriting math alphabet `\mathtt' in version `bold'
(Font)                  OT1/cmtt/m/n --> OT1/jkpttosn/m/n on input line 410.
LaTeX Font Info:    Overwriting math alphabet `\mathtt' in version `rm'
(Font)                  OT1/cmtt/m/n --> OT1/jkpttosn/m/n on input line 410.
LaTeX Font Info:    Overwriting math alphabet `\mathtt' in version `boldrm'
(Font)                  OT1/cmtt/m/n --> OT1/jkpttosn/m/n on input line 410.
LaTeX Font Info:    Overwriting math alphabet `\mathtt' in version `sf'
(Font)                  OT1/cmtt/m/n --> OT1/jkpttosn/m/n on input line 410.
LaTeX Font Info:    Overwriting math alphabet `\mathtt' in version `boldsf'
(Font)                  OT1/cmtt/m/n --> OT1/jkpttosn/m/n on input line 410.
LaTeX Font Info:    Overwriting math alphabet `\mathtt' in version `bold'
(Font)                  OT1/jkpttosn/m/n --> OT1/jkpttosn/b/n on input line 411
.
LaTeX Font Info:    Overwriting math alphabet `\mathtt' in version `rm'
(Font)                  OT1/jkpttosn/m/n --> OT1/jkpttosn/m/n on input line 412
.
LaTeX Font Info:    Overwriting math alphabet `\mathtt' in version `boldrm'
(Font)                  OT1/jkpttosn/m/n --> OT1/jkpttosn/b/n on input line 413
.
LaTeX Font Info:    Overwriting math alphabet `\mathtt' in version `sf'
(Font)                  OT1/jkpttosn/m/n --> OT1/jkpttosn/m/n on input line 414
.
LaTeX Font Info:    Overwriting math alphabet `\mathtt' in version `boldsf'
(Font)                  OT1/jkpttosn/m/n --> OT1/jkpttosn/b/n on input line 415
.
LaTeX Font Info:    Redeclaring symbol font `letters' on input line 423.
LaTeX Font Info:    Overwriting symbol font `letters' in version `normal'
(Font)                  OML/cmm/m/it --> OML/jkp/m/it on input line 423.
LaTeX Font Info:    Overwriting symbol font `letters' in version `bold'
(Font)                  OML/cmm/b/it --> OML/jkp/m/it on input line 423.
LaTeX Font Info:    Overwriting symbol font `letters' in version `rm'
(Font)                  OML/cmm/m/it --> OML/jkp/m/it on input line 423.
LaTeX Font Info:    Overwriting symbol font `letters' in version `boldrm'
(Font)                  OML/cmm/m/it --> OML/jkp/m/it on input line 423.
LaTeX Font Info:    Overwriting symbol font `letters' in version `sf'
(Font)                  OML/cmm/m/it --> OML/jkp/m/it on input line 423.
LaTeX Font Info:    Overwriting symbol font `letters' in version `boldsf'
(Font)                  OML/cmm/m/it --> OML/jkp/m/it on input line 423.
LaTeX Font Info:    Overwriting symbol font `letters' in version `bold'
(Font)                  OML/jkp/m/it --> OML/jkp/bx/it on input line 424.
LaTeX Font Info:    Overwriting symbol font `letters' in version `rm'
(Font)                  OML/jkp/m/it --> OML/jkp/m/it on input line 426.
LaTeX Font Info:    Overwriting symbol font `letters' in version `boldrm'
(Font)                  OML/jkp/m/it --> OML/jkp/bx/it on input line 427.
LaTeX Font Info:    Overwriting symbol font `letters' in version `sf'
(Font)                  OML/jkp/m/it --> OML/jkpss/m/it on input line 428.
LaTeX Font Info:    Overwriting symbol font `letters' in version `boldsf'
(Font)                  OML/jkp/m/it --> OML/jkpss/bx/it on input line 429.
\symlettersA=\mathgroup4
LaTeX Font Info:    Overwriting symbol font `lettersA' in version `bold'
(Font)                  U/jkpmia/m/it --> U/jkpmia/bx/it on input line 439.
LaTeX Font Info:    Overwriting symbol font `lettersA' in version `rm'
(Font)                  U/jkpmia/m/it --> U/jkpmia/m/it on input line 441.
LaTeX Font Info:    Overwriting symbol font `lettersA' in version `boldrm'
(Font)                  U/jkpmia/m/it --> U/jkpmia/bx/it on input line 442.
LaTeX Font Info:    Overwriting symbol font `lettersA' in version `sf'
(Font)                  U/jkpmia/m/it --> U/jkpssmia/m/it on input line 443.
LaTeX Font Info:    Overwriting symbol font `lettersA' in version `boldsf'
(Font)                  U/jkpmia/m/it --> U/jkpssmia/bx/it on input line 444.
LaTeX Font Info:    Redeclaring symbol font `symbols' on input line 456.
LaTeX Font Info:    Overwriting symbol font `symbols' in version `normal'
(Font)                  OMS/cmsy/m/n --> OMS/jkp/m/n on input line 456.
LaTeX Font Info:    Overwriting symbol font `symbols' in version `bold'
(Font)                  OMS/cmsy/b/n --> OMS/jkp/m/n on input line 456.
LaTeX Font Info:    Overwriting symbol font `symbols' in version `rm'
(Font)                  OMS/cmsy/m/n --> OMS/jkp/m/n on input line 456.
LaTeX Font Info:    Overwriting symbol font `symbols' in version `boldrm'
(Font)                  OMS/cmsy/m/n --> OMS/jkp/m/n on input line 456.
LaTeX Font Info:    Overwriting symbol font `symbols' in version `sf'
(Font)                  OMS/cmsy/m/n --> OMS/jkp/m/n on input line 456.
LaTeX Font Info:    Overwriting symbol font `symbols' in version `boldsf'
(Font)                  OMS/cmsy/m/n --> OMS/jkp/m/n on input line 456.
LaTeX Font Info:    Overwriting symbol font `symbols' in version `bold'
(Font)                  OMS/jkp/m/n --> OMS/jkp/bx/n on input line 457.
LaTeX Font Info:    Overwriting symbol font `symbols' in version `rm'
(Font)                  OMS/jkp/m/n --> OMS/jkp/m/n on input line 459.
LaTeX Font Info:    Overwriting symbol font `symbols' in version `boldrm'
(Font)                  OMS/jkp/m/n --> OMS/jkp/bx/n on input line 460.
LaTeX Font Info:    Overwriting symbol font `symbols' in version `sf'
(Font)                  OMS/jkp/m/n --> OMS/jkp/m/n on input line 461.
LaTeX Font Info:    Overwriting symbol font `symbols' in version `boldsf'
(Font)                  OMS/jkp/m/n --> OMS/jkp/bx/n on input line 462.
\symAMSa=\mathgroup5
LaTeX Font Info:    Overwriting symbol font `AMSa' in version `bold'
(Font)                  U/jkpsya/m/n --> U/jkpsya/bx/n on input line 476.
LaTeX Font Info:    Overwriting symbol font `AMSa' in version `rm'
(Font)                  U/jkpsya/m/n --> U/jkpsya/m/n on input line 477.
LaTeX Font Info:    Overwriting symbol font `AMSa' in version `boldrm'
(Font)                  U/jkpsya/m/n --> U/jkpsya/bx/n on input line 478.
LaTeX Font Info:    Overwriting symbol font `AMSa' in version `sf'
(Font)                  U/jkpsya/m/n --> U/jkpsya/m/n on input line 479.
LaTeX Font Info:    Overwriting symbol font `AMSa' in version `boldsf'
(Font)                  U/jkpsya/m/n --> U/jkpsya/bx/n on input line 480.
\symAMSb=\mathgroup6
LaTeX Font Info:    Overwriting symbol font `AMSb' in version `bold'
(Font)                  U/jkpsyb/m/n --> U/jkpsyb/bx/n on input line 529.
LaTeX Font Info:    Overwriting symbol font `AMSb' in version `rm'
(Font)                  U/jkpsyb/m/n --> U/jkpsyb/m/n on input line 530.
LaTeX Font Info:    Overwriting symbol font `AMSb' in version `boldrm'
(Font)                  U/jkpsyb/m/n --> U/jkpsyb/bx/n on input line 531.
LaTeX Font Info:    Overwriting symbol font `AMSb' in version `sf'
(Font)                  U/jkpsyb/m/n --> U/jkpsssyb/m/n on input line 532.
LaTeX Font Info:    Overwriting symbol font `AMSb' in version `boldsf'
(Font)                  U/jkpsyb/m/n --> U/jkpsssyb/bx/n on input line 533.
\symsymbolsC=\mathgroup7
LaTeX Font Info:    Overwriting symbol font `symbolsC' in version `bold'
(Font)                  U/jkpsyc/m/n --> U/jkpsyc/bx/n on input line 549.
LaTeX Font Info:    Overwriting symbol font `symbolsC' in version `rm'
(Font)                  U/jkpsyc/m/n --> U/jkpsyc/m/n on input line 551.
LaTeX Font Info:    Overwriting symbol font `symbolsC' in version `boldrm'
(Font)                  U/jkpsyc/m/n --> U/jkpsyc/bx/n on input line 552.
LaTeX Font Info:    Overwriting symbol font `symbolsC' in version `sf'
(Font)                  U/jkpsyc/m/n --> U/jkpsyc/m/n on input line 553.
LaTeX Font Info:    Overwriting symbol font `symbolsC' in version `boldsf'
(Font)                  U/jkpsyc/m/n --> U/jkpsyc/bx/n on input line 554.
LaTeX Font Info:    Overwriting math alphabet `\mathscr' in version `bold'
(Font)                  U/jkpsyd/m/n --> U/jkpsyd/bx/n on input line 583.
LaTeX Font Info:    Overwriting math alphabet `\mathscr' in version `rm'
(Font)                  U/jkpsyd/m/n --> U/jkpsyd/m/n on input line 585.
LaTeX Font Info:    Overwriting math alphabet `\mathscr' in version `boldrm'
(Font)                  U/jkpsyd/m/n --> U/jkpsyd/bx/n on input line 586.
LaTeX Font Info:    Overwriting math alphabet `\mathscr' in version `sf'
(Font)                  U/jkpsyd/m/n --> U/jkpsyd/m/n on input line 587.
LaTeX Font Info:    Overwriting math alphabet `\mathscr' in version `boldsf'
(Font)                  U/jkpsyd/m/n --> U/jkpsyd/bx/n on input line 588.
LaTeX Font Info:    Redeclaring symbol font `largesymbols' on input line 598.
LaTeX Font Info:    Overwriting symbol font `largesymbols' in version `normal'
(Font)                  OMX/cmex/m/n --> OMX/jkp/m/n on input line 598.
LaTeX Font Info:    Overwriting symbol font `largesymbols' in version `bold'
(Font)                  OMX/cmex/m/n --> OMX/jkp/m/n on input line 598.
LaTeX Font Info:    Overwriting symbol font `largesymbols' in version `rm'
(Font)                  OMX/cmex/m/n --> OMX/jkp/m/n on input line 598.
LaTeX Font Info:    Overwriting symbol font `largesymbols' in version `boldrm'
(Font)                  OMX/cmex/m/n --> OMX/jkp/m/n on input line 598.
LaTeX Font Info:    Overwriting symbol font `largesymbols' in version `sf'
(Font)                  OMX/cmex/m/n --> OMX/jkp/m/n on input line 598.
LaTeX Font Info:    Overwriting symbol font `largesymbols' in version `boldsf'
(Font)                  OMX/cmex/m/n --> OMX/jkp/m/n on input line 598.
LaTeX Font Info:    Overwriting symbol font `largesymbols' in version `bold'
(Font)                  OMX/jkp/m/n --> OMX/jkp/bx/n on input line 599.
LaTeX Font Info:    Overwriting symbol font `largesymbols' in version `rm'
(Font)                  OMX/jkp/m/n --> OMX/jkp/m/n on input line 601.
LaTeX Font Info:    Overwriting symbol font `largesymbols' in version `boldrm'
(Font)                  OMX/jkp/m/n --> OMX/jkp/bx/n on input line 602.
LaTeX Font Info:    Overwriting symbol font `largesymbols' in version `sf'
(Font)                  OMX/jkp/m/n --> OMX/jkpss/m/n on input line 603.
LaTeX Font Info:    Overwriting symbol font `largesymbols' in version `boldsf'
(Font)                  OMX/jkp/m/n --> OMX/jkpss/bx/n on input line 604.
\symlargesymbolsA=\mathgroup8
LaTeX Font Info:    Overwriting symbol font `largesymbolsA' in version `bold'
(Font)                  U/jkpexa/m/n --> U/jkpexa/bx/n on input line 615.
LaTeX Font Info:    Overwriting symbol font `largesymbolsA' in version `rm'
(Font)                  U/jkpexa/m/n --> U/jkpexa/m/n on input line 617.
LaTeX Font Info:    Overwriting symbol font `largesymbolsA' in version `boldrm'

(Font)                  U/jkpexa/m/n --> U/jkpexa/bx/n on input line 618.
LaTeX Font Info:    Overwriting symbol font `largesymbolsA' in version `sf'
(Font)                  U/jkpexa/m/n --> U/jkpexa/m/n on input line 619.
LaTeX Font Info:    Overwriting symbol font `largesymbolsA' in version `boldsf'

(Font)                  U/jkpexa/m/n --> U/jkpexa/bx/n on input line 620.
LaTeX Info: Redefining \not on input line 1580.
)
(/usr/share/texmf-dist/tex/latex/eledmac/eledmac.sty
Package: eledmac 2015/06/02 v1.24.0 LaTeX port of EDMAC

(/usr/share/texmf-dist/tex/latex/xkeyval/xkeyval.sty
Package: xkeyval 2014/12/03 v2.7a package option processing (HA)

(/usr/share/texmf-dist/tex/generic/xkeyval/xkeyval.tex
(/usr/share/texmf-dist/tex/generic/xkeyval/xkvutils.tex
\XKV@toks=\toks21
\XKV@tempa@toks=\toks22

(/usr/share/texmf-dist/tex/generic/xkeyval/keyval.tex))
\XKV@depth=\count103
File: xkeyval.tex 2014/12/03 v2.7a key=value parser (HA)
))
(/usr/share/texmf-dist/tex/latex/xargs/xargs.sty
Package: xargs 2008/03/22 v1.1  extended macro definitions  (mpg)
\xargs@max=\count104
\xargs@toksa=\toks23
\xargs@toksb=\toks24
)
(/usr/share/texmf-dist/tex/latex/etoolbox/etoolbox.sty
Package: etoolbox 2015/05/04 v2.2 e-TeX tools for LaTeX (JAW)
\etb@tempcnta=\count105
)
(/usr/share/texmf-dist/tex/latex/etex-pkg/etex.sty
Package: etex 2015/03/02 v2.1 eTeX basic definition package (PEB,DPC)
\et@xins=\count106
)
(/usr/share/texmf-dist/tex/latex/bigfoot/suffix.sty
Package: suffix 2006/07/15 1.5a Variant command support
)
(/usr/share/texmf-dist/tex/generic/xstring/xstring.sty
(/usr/share/texmf-dist/tex/generic/xstring/xstring.tex
\@xs@message=\write3
\integerpart=\count107
\decimalpart=\count108
)
Package: xstring 2013/10/13  v1.7c  String manipulations (C Tellechea)
)
(/usr/share/texmf-dist/tex/generic/oberdiek/ifluatex.sty
Package: ifluatex 2010/03/01 v1.3 Provides the ifluatex switch (HO)
Package ifluatex Info: LuaTeX not detected.
)
(/usr/share/texmf-dist/tex/latex/ms/ragged2e.sty
Package: ragged2e 2009/05/21 v2.1 ragged2e Package (MS)

(/usr/share/texmf-dist/tex/latex/ms/everysel.sty
Package: everysel 2011/10/28 v1.2 EverySelectfont Package (MS)
)
\CenteringLeftskip=\skip46
\RaggedLeftLeftskip=\skip47
\RaggedRightLeftskip=\skip48
\CenteringRightskip=\skip49
\RaggedLeftRightskip=\skip50
\RaggedRightRightskip=\skip51
\CenteringParfillskip=\skip52
\RaggedLeftParfillskip=\skip53
\RaggedRightParfillskip=\skip54
\JustifyingParfillskip=\skip55
\CenteringParindent=\skip56
\RaggedLeftParindent=\skip57
\RaggedRightParindent=\skip58
\JustifyingParindent=\skip59
)
(/usr/share/texmf-dist/tex/generic/ifxetex/ifxetex.sty
Package: ifxetex 2010/09/12 v0.6 Provides ifxetex conditional
)
\@l@dtempcnta=\count109
\@l@dtempcntb=\count110
\section@num=\count111
\l@dnumpstartsL=\count112
\line@margin=\count113
\c@firstlinenum=\count114
\c@linenumincrement=\count115
\c@firstsublinenum=\count116
\c@sublinenumincrement=\count117
\lock@disp=\count118
\sublock@disp=\count119
\linenumsep=\skip60
\led@toksa=\toks25
\led@toksb=\toks26
\line@num=\count120
\subline@num=\count121
\absline@num=\count122
\@lock=\count123
\sub@lock=\count124
\page@num=\count125
\endpage@num=\count126
\endline@num=\count127
\endsubline@num=\count128
\@inputcheck=\read1
\last@page@num=\count129
\insert@count=\count130
\linenum@out=\write4
\@edtext@level=\count131
\raw@text=\box28
\num@lines=\count132
\one@line=\box29
\par@line=\count133
\c@pstart=\count134
\ballast@count=\count135
\c@ballast=\count136
\@k=\count137
\@h=\dimen112
\old@hsize=\dimen113
\l@d@end=\write5
\Afootins=\insert233
\mpAfootins=\insert232
\footinsA=\insert231
\mpfootinsA=\insert230
\c@footnoteA=\count138
\Aend@bysection=\count139
\Bfootins=\insert229
\mpBfootins=\insert228
\footinsB=\insert227
\mpfootinsB=\insert226
\c@footnoteB=\count140
\Bend@bysection=\count141
\Cfootins=\insert225
\mpCfootins=\insert224
\footinsC=\insert223
\mpfootinsC=\insert222
\c@footnoteC=\count142
\Cend@bysection=\count143
\Dfootins=\insert221
\mpDfootins=\insert220
\footinsD=\insert219
\mpfootinsD=\insert218
\c@footnoteD=\count144
\Dend@bysection=\count145
\Efootins=\insert217
\mpEfootins=\insert216
\footinsE=\insert215
\mpfootinsE=\insert214
\c@footnoteE=\count146
\Eend@bysection=\count147
\Zfootins=\insert213
\mpZfootins=\insert212
\footinsZ=\insert211
\mpfootinsZ=\insert210
\c@footnoteZ=\count148
\Zend@bysection=\count149
\ipn@skip=\skip61
\c@line=\count150
\c@subline=\count151
\sidenote@margin=\count152
\l@dlp@rbox=\box30
\l@drp@rbox=\box31
\ledlsnotewidth=\dimen114
\ledrsnotewidth=\dimen115
\ledlsnotesep=\dimen116
\ledrsnotesep=\dimen117
\c@labidx=\count153
\@emptytoks=\toks27
\l@denvbody=\toks28
\stanza@count=\count154
\stanzaindentbase=\skip62
\c@stanzaindentsrepetition=\count155
\stanza@modulo=\count156
\l@dampcount=\count157
\l@dcolcount=\count158
\hilfsbox=\box32
\hilfsskip=\skip63
\Hilfsbox=\box33
\hilfscount=\count159
\dcoli=\dimen118
\dcolii=\dimen119
\dcoliii=\dimen120
\dcoliv=\dimen121
\dcolv=\dimen122
\dcolvi=\dimen123
\dcolvii=\dimen124
\dcolviii=\dimen125
\dcolix=\dimen126
\dcolx=\dimen127
\dcolxi=\dimen128
\dcolxii=\dimen129
\dcolxiii=\dimen130
\dcolxiv=\dimen131
\dcolxv=\dimen132
\dcolxvi=\dimen133
\dcolxvii=\dimen134
\dcolxviii=\dimen135
\dcolxix=\dimen136
\dcolxx=\dimen137
\dcolxxi=\dimen138
\dcolxxii=\dimen139
\dcolxxiii=\dimen140
\dcolxxiv=\dimen141
\dcolxxv=\dimen142
\dcolxxvi=\dimen143
\dcolxxvii=\dimen144
\dcolxxviii=\dimen145
\dcolxxix=\dimen146
\dcolxxx=\dimen147
\dcolerr=\dimen148
\@hilfs@count=\count160
\edtabcolsep=\skip64
\edfilldimen=\dimen149
\c@addcolcount=\count161
\HILFSskip=\skip65
\Hilfsskip=\skip66
\tabhilfbox=\box34
\tabHilfbox=\box35
\eled@sectioning@out=\write6
)
(/usr/share/texmf-dist/tex/latex/eledmac/eledpar.sty
Package: eledpar 2015/06/02 v1.17.0 eledmac extension for parallel texts

(/usr/share/texmf-dist/tex/latex/tools/xspace.sty
Package: xspace 2014/10/28 v1.13 Space after command names (DPC,MH)
)
\Lcolwidth=\dimen150
\Rcolwidth=\dimen151
\section@numR=\count162
\c@chapterR=\count163
\c@sectionR=\count164
\c@subsectionR=\count165
\c@subsubsectionR=\count166
\line@marginR=\count167
\c@firstlinenumR=\count168
\c@linenumincrementR=\count169
\c@firstsublinenumR=\count170
\c@sublinenumincrementR=\count171
\line@numR=\count172
\subline@numR=\count173
\absline@numR=\count174
\page@numR=\count175
\last@page@numR=\count176
\@lockR=\count177
\sub@lockR=\count178
\insert@countR=\count179
\linenum@outR=\write7
\num@linesR=\count180
\one@lineR=\box36
\par@lineR=\count181
\c@pstartL=\count182
\c@pstartR=\count183
\l@dleftbox=\box37
\l@drightbox=\box38
\countLline=\count184
\countRline=\count185
\@donereallinesL=\count186
\@donetotallinesL=\count187
\@donereallinesR=\count188
\@donetotallinesR=\count189
\sidenote@marginR=\count190
\l@dc@maxchunks=\count191
\l@dnumpstartsR=\count192
\l@dpscL=\count193
\l@dpscR=\count194
\@eledsectionL=\box39
\@eledsectionR=\box40
\columnrulewidth=\dimen152
\beforecolumnseparator=\skip67
\aftercolumnseparator=\skip68
\numpagelinesL=\count195
\numpagelinesR=\count196
\l@dminpagelines=\count197
\ledthegoal=\dimen153
\c@sameparallelpage@number=\count198
\eledsection@correcting@skip=\skip69
\eled@sectioningR@out=\write8
\parledgroup@=\marks1
\parledgroup@series=\marks2
\parledgroup@type=\marks3
)
(/usr/share/texmf-dist/tex/latex/lipsum/lipsum.sty
Package: lipsum 2014/07/27 v1.3 150 paragraphs of Lorem Ipsum dummy text
\c@lips@count=\count199
)
(/usr/share/texmf-dist/tex/generic/babel/babel.sty
Package: babel 2014/09/25 3.9l The Babel package

(/usr/share/texmf-dist/tex/generic/babel-spanish/spanish.ldf
Language: spanish.ldf 2014/04/24 v5.0n Spanish support from the babel system

(/usr/share/texmf-dist/tex/generic/babel/babel.def
File: babel.def 2014/09/25 3.9l Babel common definitions
\babel@savecnt=\count200
\U@D=\dimen154

(/usr/share/texmf-dist/tex/generic/babel/xebabel.def))
\es@quottoks=\toks29
\es@quotdepth=\count201
Package babel Info: Making " an active character on input line 516.
Package babel Info: Making . an active character on input line 617.
Package babel Info: Making < an active character on input line 662.
Package babel Info: Making > an active character on input line 662.
)
(/usr/share/texmf-dist/tex/generic/babel-english/english.ldf
Language: english 2012/08/20 v3.3p English support from the babel system
\l@canadian = a dialect from \language\l@american 
\l@australian = a dialect from \language\l@british 
\l@newzealand = a dialect from \language\l@british 
))
Normal \count register pool exhausted, switching to extended pool.
\c@Spansection=\count277
\c@Spansubsection=\count278
\c@Engsection=\count279
\c@Engsubsection=\count280
\Sectionwidth=\skip70
\Sectionbox=\box41

No file test.aux.
\openout1 = `test.aux'.

LaTeX Font Info:    Checking defaults for OML/jkp/m/it on input line 106.
LaTeX Font Info:    Try loading font information for OML+jkp on input line 106.

(/usr/share/texmf-dist/tex/latex/kpfonts/omljkp.fd
File: omljkp.fd 2006/08/15 v1.0
)
LaTeX Font Info:    ... okay on input line 106.
LaTeX Font Info:    Checking defaults for T1/cmr/m/n on input line 106.
LaTeX Font Info:    ... okay on input line 106.
LaTeX Font Info:    Checking defaults for OT1/cmr/m/n on input line 106.
LaTeX Font Info:    ... okay on input line 106.
LaTeX Font Info:    Checking defaults for OMS/jkp/m/n on input line 106.
LaTeX Font Info:    Try loading font information for OMS+jkp on input line 106.


(/usr/share/texmf-dist/tex/latex/kpfonts/omsjkp.fd
File: omsjkp.fd 2006/08/15 v1.0
)
LaTeX Font Info:    ... okay on input line 106.
LaTeX Font Info:    Checking defaults for OMX/jkp/m/n on input line 106.
LaTeX Font Info:    Try loading font information for OMX+jkp on input line 106.


(/usr/share/texmf-dist/tex/latex/kpfonts/omxjkp.fd
File: omxjkp.fd 2006/08/15 v1.0
)
LaTeX Font Info:    ... okay on input line 106.
LaTeX Font Info:    Checking defaults for U/jkpexa/m/n on input line 106.
LaTeX Font Info:    Try loading font information for U+jkpexa on input line 106
.

(/usr/share/texmf-dist/tex/latex/kpfonts/ujkpexa.fd
File: ujkpexa.fd 2006/08/15 v1.0
)
LaTeX Font Info:    ... okay on input line 106.
LaTeX Font Info:    Checking defaults for TS1/cmr/m/n on input line 106.
LaTeX Font Info:    Try loading font information for TS1+cmr on input line 106.


(/usr/share/texmf-dist/tex/latex/base/ts1cmr.fd
File: ts1cmr.fd 2014/09/29 v2.5h Standard LaTeX font definitions
)
LaTeX Font Info:    ... okay on input line 106.
LaTeX Font Info:    Try loading font information for T1+jkpkosn on input line 1
06.

(/usr/share/texmf-dist/tex/latex/kpfonts/t1jkpkosn.fd
File: t1jkpkosn.fd 2008/02/18 Fontinst v1.928 font definitions for T1/jkpkosn.
)
ABD: EverySelectfont initializing macros
LaTeX Info: Redefining \selectfont on input line 106.
\l@dLcolrawbox5120=\box42
\l@dRcolrawbox5120=\box43
\l@dLcolrawbox5119=\box44
\l@dRcolrawbox5119=\box45
\l@dLcolrawbox5118=\box46
\l@dRcolrawbox5118=\box47
\l@dLcolrawbox5117=\box48
\l@dRcolrawbox5117=\box49
\l@dLcolrawbox5116=\box50
\l@dRcolrawbox5116=\box51
\l@dLcolrawbox5115=\box52
\l@dRcolrawbox5115=\box53
\l@dLcolrawbox5114=\box54
\l@dRcolrawbox5114=\box55
\l@dLcolrawbox5113=\box56
\l@dRcolrawbox5113=\box57
\l@dLcolrawbox5112=\box58
\l@dRcolrawbox5112=\box59
\l@dLcolrawbox5111=\box60
\l@dRcolrawbox5111=\box61
\l@dLcolrawbox5110=\box62
\l@dRcolrawbox5110=\box63
\l@dLcolrawbox5109=\box64
\l@dRcolrawbox5109=\box65
\l@dLcolrawbox5108=\box66
\l@dRcolrawbox5108=\box67
\l@dLcolrawbox5107=\box68
\l@dRcolrawbox5107=\box69
\l@dLcolrawbox5106=\box70
\l@dRcolrawbox5106=\box71
\l@dLcolrawbox5105=\box72
\l@dRcolrawbox5105=\box73
\l@dLcolrawbox5104=\box74
\l@dRcolrawbox5104=\box75
\l@dLcolrawbox5103=\box76
\l@dRcolrawbox5103=\box77
\l@dLcolrawbox5102=\box78
\l@dRcolrawbox5102=\box79
\l@dLcolrawbox5101=\box80
\l@dRcolrawbox5101=\box81
\l@dLcolrawbox5100=\box82
\l@dRcolrawbox5100=\box83
\l@dLcolrawbox5099=\box84
\l@dRcolrawbox5099=\box85
\l@dLcolrawbox5098=\box86
\l@dRcolrawbox5098=\box87
\l@dLcolrawbox5097=\box88
\l@dRcolrawbox5097=\box89
\l@dLcolrawbox5096=\box90
\l@dRcolrawbox5096=\box91
\l@dLcolrawbox5095=\box92
\l@dRcolrawbox5095=\box93
\l@dLcolrawbox5094=\box94
\l@dRcolrawbox5094=\box95
\l@dLcolrawbox5093=\box96
\l@dRcolrawbox5093=\box97
\l@dLcolrawbox5092=\box98
\l@dRcolrawbox5092=\box99
\l@dLcolrawbox5091=\box100
\l@dRcolrawbox5091=\box101
\l@dLcolrawbox5090=\box102
\l@dRcolrawbox5090=\box103
\l@dLcolrawbox5089=\box104
\l@dRcolrawbox5089=\box105
\l@dLcolrawbox5088=\box106
\l@dRcolrawbox5088=\box107
\l@dLcolrawbox5087=\box108
\l@dRcolrawbox5087=\box109
\l@dLcolrawbox5086=\box110
\l@dRcolrawbox5086=\box111
\l@dLcolrawbox5085=\box112
\l@dRcolrawbox5085=\box113
\l@dLcolrawbox5084=\box114
\l@dRcolrawbox5084=\box115
\l@dLcolrawbox5083=\box116
\l@dRcolrawbox5083=\box117
\l@dLcolrawbox5082=\box118
\l@dRcolrawbox5082=\box119
\l@dLcolrawbox5081=\box120
\l@dRcolrawbox5081=\box121
\l@dLcolrawbox5080=\box122
\l@dRcolrawbox5080=\box123
\l@dLcolrawbox5079=\box124
\l@dRcolrawbox5079=\box125
\l@dLcolrawbox5078=\box126
\l@dRcolrawbox5078=\box127
\l@dLcolrawbox5077=\box128
\l@dRcolrawbox5077=\box129
\l@dLcolrawbox5076=\box130
\l@dRcolrawbox5076=\box131
\l@dLcolrawbox5075=\box132
\l@dRcolrawbox5075=\box133
\l@dLcolrawbox5074=\box134
\l@dRcolrawbox5074=\box135
\l@dLcolrawbox5073=\box136
\l@dRcolrawbox5073=\box137
\l@dLcolrawbox5072=\box138
\l@dRcolrawbox5072=\box139
\l@dLcolrawbox5071=\box140
\l@dRcolrawbox5071=\box141
\l@dLcolrawbox5070=\box142
\l@dRcolrawbox5070=\box143
\l@dLcolrawbox5069=\box144
\l@dRcolrawbox5069=\box145
\l@dLcolrawbox5068=\box146
\l@dRcolrawbox5068=\box147
\l@dLcolrawbox5067=\box148
\l@dRcolrawbox5067=\box149
\l@dLcolrawbox5066=\box150
\l@dRcolrawbox5066=\box151
\l@dLcolrawbox5065=\box152
\l@dRcolrawbox5065=\box153
\l@dLcolrawbox5064=\box154
\l@dRcolrawbox5064=\box155
\l@dLcolrawbox5063=\box156
\l@dRcolrawbox5063=\box157
\l@dLcolrawbox5062=\box158
\l@dRcolrawbox5062=\box159
\l@dLcolrawbox5061=\box160
\l@dRcolrawbox5061=\box161
\l@dLcolrawbox5060=\box162
\l@dRcolrawbox5060=\box163
\l@dLcolrawbox5059=\box164
\l@dRcolrawbox5059=\box165
\l@dLcolrawbox5058=\box166
\l@dRcolrawbox5058=\box167
\l@dLcolrawbox5057=\box168
\l@dRcolrawbox5057=\box169
\l@dLcolrawbox5056=\box170
\l@dRcolrawbox5056=\box171
\l@dLcolrawbox5055=\box172
\l@dRcolrawbox5055=\box173
\l@dLcolrawbox5054=\box174
\l@dRcolrawbox5054=\box175
\l@dLcolrawbox5053=\box176
\l@dRcolrawbox5053=\box177
\l@dLcolrawbox5052=\box178
\l@dRcolrawbox5052=\box179
\l@dLcolrawbox5051=\box180
\l@dRcolrawbox5051=\box181
\l@dLcolrawbox5050=\box182
\l@dRcolrawbox5050=\box183
\l@dLcolrawbox5049=\box184
\l@dRcolrawbox5049=\box185
\l@dLcolrawbox5048=\box186
\l@dRcolrawbox5048=\box187
\l@dLcolrawbox5047=\box188
\l@dRcolrawbox5047=\box189
\l@dLcolrawbox5046=\box190
\l@dRcolrawbox5046=\box191
\l@dLcolrawbox5045=\box192
\l@dRcolrawbox5045=\box193
\l@dLcolrawbox5044=\box194
\l@dRcolrawbox5044=\box195
\l@dLcolrawbox5043=\box196
\l@dRcolrawbox5043=\box197
\l@dLcolrawbox5042=\box198
\l@dRcolrawbox5042=\box199
\l@dLcolrawbox5041=\box200
\l@dRcolrawbox5041=\box201
Normal \box register pool exhausted, switching to extended pool.
\l@dLcolrawbox5040=\box256
\l@dRcolrawbox5040=\box257
\l@dLcolrawbox5039=\box258
\l@dRcolrawbox5039=\box259
\l@dLcolrawbox5038=\box260
\l@dRcolrawbox5038=\box261
\l@dLcolrawbox5037=\box262
\l@dRcolrawbox5037=\box263
\l@dLcolrawbox5036=\box264
\l@dRcolrawbox5036=\box265
\l@dLcolrawbox5035=\box266
\l@dRcolrawbox5035=\box267
\l@dLcolrawbox5034=\box268
\l@dRcolrawbox5034=\box269
\l@dLcolrawbox5033=\box270
\l@dRcolrawbox5033=\box271
\l@dLcolrawbox5032=\box272
\l@dRcolrawbox5032=\box273
\l@dLcolrawbox5031=\box274
\l@dRcolrawbox5031=\box275
\l@dLcolrawbox5030=\box276
\l@dRcolrawbox5030=\box277
\l@dLcolrawbox5029=\box278
\l@dRcolrawbox5029=\box279
\l@dLcolrawbox5028=\box280
\l@dRcolrawbox5028=\box281
\l@dLcolrawbox5027=\box282
\l@dRcolrawbox5027=\box283
\l@dLcolrawbox5026=\box284
\l@dRcolrawbox5026=\box285
\l@dLcolrawbox5025=\box286
\l@dRcolrawbox5025=\box287
\l@dLcolrawbox5024=\box288
\l@dRcolrawbox5024=\box289
\l@dLcolrawbox5023=\box290
\l@dRcolrawbox5023=\box291
\l@dLcolrawbox5022=\box292
\l@dRcolrawbox5022=\box293
\l@dLcolrawbox5021=\box294
\l@dRcolrawbox5021=\box295
\l@dLcolrawbox5020=\box296
\l@dRcolrawbox5020=\box297
\l@dLcolrawbox5019=\box298
\l@dRcolrawbox5019=\box299
\l@dLcolrawbox5018=\box300
\l@dRcolrawbox5018=\box301
\l@dLcolrawbox5017=\box302
\l@dRcolrawbox5017=\box303
\l@dLcolrawbox5016=\box304
\l@dRcolrawbox5016=\box305
\l@dLcolrawbox5015=\box306
\l@dRcolrawbox5015=\box307
\l@dLcolrawbox5014=\box308
\l@dRcolrawbox5014=\box309
\l@dLcolrawbox5013=\box310
\l@dRcolrawbox5013=\box311
\l@dLcolrawbox5012=\box312
\l@dRcolrawbox5012=\box313
\l@dLcolrawbox5011=\box314
\l@dRcolrawbox5011=\box315
\l@dLcolrawbox5010=\box316
\l@dRcolrawbox5010=\box317
\l@dLcolrawbox5009=\box318
\l@dRcolrawbox5009=\box319
\l@dLcolrawbox5008=\box320
\l@dRcolrawbox5008=\box321
\l@dLcolrawbox5007=\box322
\l@dRcolrawbox5007=\box323
\l@dLcolrawbox5006=\box324
\l@dRcolrawbox5006=\box325
\l@dLcolrawbox5005=\box326
\l@dRcolrawbox5005=\box327
\l@dLcolrawbox5004=\box328
\l@dRcolrawbox5004=\box329
\l@dLcolrawbox5003=\box330
\l@dRcolrawbox5003=\box331
\l@dLcolrawbox5002=\box332
\l@dRcolrawbox5002=\box333
\l@dLcolrawbox5001=\box334
\l@dRcolrawbox5001=\box335
\l@dLcolrawbox5000=\box336
\l@dRcolrawbox5000=\box337
\l@dLcolrawbox4999=\box338
\l@dRcolrawbox4999=\box339
\l@dLcolrawbox4998=\box340
\l@dRcolrawbox4998=\box341
\l@dLcolrawbox4997=\box342
\l@dRcolrawbox4997=\box343
\l@dLcolrawbox4996=\box344
\l@dRcolrawbox4996=\box345
\l@dLcolrawbox4995=\box346
\l@dRcolrawbox4995=\box347
\l@dLcolrawbox4994=\box348
\l@dRcolrawbox4994=\box349
\l@dLcolrawbox4993=\box350
\l@dRcolrawbox4993=\box351
\l@dLcolrawbox4992=\box352
\l@dRcolrawbox4992=\box353
\l@dLcolrawbox4991=\box354
\l@dRcolrawbox4991=\box355
\l@dLcolrawbox4990=\box356
\l@dRcolrawbox4990=\box357
\l@dLcolrawbox4989=\box358
\l@dRcolrawbox4989=\box359
\l@dLcolrawbox4988=\box360
\l@dRcolrawbox4988=\box361
\l@dLcolrawbox4987=\box362
\l@dRcolrawbox4987=\box363
\l@dLcolrawbox4986=\box364
\l@dRcolrawbox4986=\box365
\l@dLcolrawbox4985=\box366
\l@dRcolrawbox4985=\box367
\l@dLcolrawbox4984=\box368
\l@dRcolrawbox4984=\box369
\l@dLcolrawbox4983=\box370
\l@dRcolrawbox4983=\box371
\l@dLcolrawbox4982=\box372
\l@dRcolrawbox4982=\box373
\l@dLcolrawbox4981=\box374
\l@dRcolrawbox4981=\box375
\l@dLcolrawbox4980=\box376
\l@dRcolrawbox4980=\box377
\l@dLcolrawbox4979=\box378
\l@dRcolrawbox4979=\box379
\l@dLcolrawbox4978=\box380
\l@dRcolrawbox4978=\box381
\l@dLcolrawbox4977=\box382
\l@dRcolrawbox4977=\box383
\l@dLcolrawbox4976=\box384
\l@dRcolrawbox4976=\box385
\l@dLcolrawbox4975=\box386
\l@dRcolrawbox4975=\box387
\l@dLcolrawbox4974=\box388
\l@dRcolrawbox4974=\box389
\l@dLcolrawbox4973=\box390
\l@dRcolrawbox4973=\box391
\l@dLcolrawbox4972=\box392
\l@dRcolrawbox4972=\box393
\l@dLcolrawbox4971=\box394
\l@dRcolrawbox4971=\box395
\l@dLcolrawbox4970=\box396
\l@dRcolrawbox4970=\box397
\l@dLcolrawbox4969=\box398
\l@dRcolrawbox4969=\box399
\l@dLcolrawbox4968=\box400
\l@dRcolrawbox4968=\box401
\l@dLcolrawbox4967=\box402
\l@dRcolrawbox4967=\box403
\l@dLcolrawbox4966=\box404
\l@dRcolrawbox4966=\box405
\l@dLcolrawbox4965=\box406
\l@dRcolrawbox4965=\box407
\l@dLcolrawbox4964=\box408
\l@dRcolrawbox4964=\box409
\l@dLcolrawbox4963=\box410
\l@dRcolrawbox4963=\box411
\l@dLcolrawbox4962=\box412
\l@dRcolrawbox4962=\box413
\l@dLcolrawbox4961=\box414
\l@dRcolrawbox4961=\box415
\l@dLcolrawbox4960=\box416
\l@dRcolrawbox4960=\box417
\l@dLcolrawbox4959=\box418
\l@dRcolrawbox4959=\box419
\l@dLcolrawbox4958=\box420
\l@dRcolrawbox4958=\box421
\l@dLcolrawbox4957=\box422
\l@dRcolrawbox4957=\box423
\l@dLcolrawbox4956=\box424
\l@dRcolrawbox4956=\box425
\l@dLcolrawbox4955=\box426
\l@dRcolrawbox4955=\box427
\l@dLcolrawbox4954=\box428
\l@dRcolrawbox4954=\box429
\l@dLcolrawbox4953=\box430
\l@dRcolrawbox4953=\box431
\l@dLcolrawbox4952=\box432
\l@dRcolrawbox4952=\box433
\l@dLcolrawbox4951=\box434
\l@dRcolrawbox4951=\box435
\l@dLcolrawbox4950=\box436
\l@dRcolrawbox4950=\box437
\l@dLcolrawbox4949=\box438
\l@dRcolrawbox4949=\box439
\l@dLcolrawbox4948=\box440
\l@dRcolrawbox4948=\box441
\l@dLcolrawbox4947=\box442
\l@dRcolrawbox4947=\box443
\l@dLcolrawbox4946=\box444
\l@dRcolrawbox4946=\box445
\l@dLcolrawbox4945=\box446
\l@dRcolrawbox4945=\box447
\l@dLcolrawbox4944=\box448
\l@dRcolrawbox4944=\box449
\l@dLcolrawbox4943=\box450
\l@dRcolrawbox4943=\box451
\l@dLcolrawbox4942=\box452
\l@dRcolrawbox4942=\box453
\l@dLcolrawbox4941=\box454
\l@dRcolrawbox4941=\box455
\l@dLcolrawbox4940=\box456
\l@dRcolrawbox4940=\box457
\l@dLcolrawbox4939=\box458
\l@dRcolrawbox4939=\box459
\l@dLcolrawbox4938=\box460
\l@dRcolrawbox4938=\box461
\l@dLcolrawbox4937=\box462
\l@dRcolrawbox4937=\box463
\l@dLcolrawbox4936=\box464
\l@dRcolrawbox4936=\box465
\l@dLcolrawbox4935=\box466
\l@dRcolrawbox4935=\box467
\l@dLcolrawbox4934=\box468
\l@dRcolrawbox4934=\box469
\l@dLcolrawbox4933=\box470
\l@dRcolrawbox4933=\box471
\l@dLcolrawbox4932=\box472
\l@dRcolrawbox4932=\box473
\l@dLcolrawbox4931=\box474
\l@dRcolrawbox4931=\box475
\l@dLcolrawbox4930=\box476
\l@dRcolrawbox4930=\box477
\l@dLcolrawbox4929=\box478
\l@dRcolrawbox4929=\box479
\l@dLcolrawbox4928=\box480
\l@dRcolrawbox4928=\box481
\l@dLcolrawbox4927=\box482
\l@dRcolrawbox4927=\box483
\l@dLcolrawbox4926=\box484
\l@dRcolrawbox4926=\box485
\l@dLcolrawbox4925=\box486
\l@dRcolrawbox4925=\box487
\l@dLcolrawbox4924=\box488
\l@dRcolrawbox4924=\box489
\l@dLcolrawbox4923=\box490
\l@dRcolrawbox4923=\box491
\l@dLcolrawbox4922=\box492
\l@dRcolrawbox4922=\box493
\l@dLcolrawbox4921=\box494
\l@dRcolrawbox4921=\box495
\l@dLcolrawbox4920=\box496
\l@dRcolrawbox4920=\box497
\l@dLcolrawbox4919=\box498
\l@dRcolrawbox4919=\box499
\l@dLcolrawbox4918=\box500
\l@dRcolrawbox4918=\box501
\l@dLcolrawbox4917=\box502
\l@dRcolrawbox4917=\box503
\l@dLcolrawbox4916=\box504
\l@dRcolrawbox4916=\box505
\l@dLcolrawbox4915=\box506
\l@dRcolrawbox4915=\box507
\l@dLcolrawbox4914=\box508
\l@dRcolrawbox4914=\box509
\l@dLcolrawbox4913=\box510
\l@dRcolrawbox4913=\box511
\l@dLcolrawbox4912=\box512
\l@dRcolrawbox4912=\box513
\l@dLcolrawbox4911=\box514
\l@dRcolrawbox4911=\box515
\l@dLcolrawbox4910=\box516
\l@dRcolrawbox4910=\box517
\l@dLcolrawbox4909=\box518
\l@dRcolrawbox4909=\box519
\l@dLcolrawbox4908=\box520
\l@dRcolrawbox4908=\box521
\l@dLcolrawbox4907=\box522
\l@dRcolrawbox4907=\box523
\l@dLcolrawbox4906=\box524
\l@dRcolrawbox4906=\box525
\l@dLcolrawbox4905=\box526
\l@dRcolrawbox4905=\box527
\l@dLcolrawbox4904=\box528
\l@dRcolrawbox4904=\box529
\l@dLcolrawbox4903=\box530
\l@dRcolrawbox4903=\box531
\l@dLcolrawbox4902=\box532
\l@dRcolrawbox4902=\box533
\l@dLcolrawbox4901=\box534
\l@dRcolrawbox4901=\box535
\l@dLcolrawbox4900=\box536
\l@dRcolrawbox4900=\box537
\l@dLcolrawbox4899=\box538
\l@dRcolrawbox4899=\box539
\l@dLcolrawbox4898=\box540
\l@dRcolrawbox4898=\box541
\l@dLcolrawbox4897=\box542
\l@dRcolrawbox4897=\box543
\l@dLcolrawbox4896=\box544
\l@dRcolrawbox4896=\box545
\l@dLcolrawbox4895=\box546
\l@dRcolrawbox4895=\box547
\l@dLcolrawbox4894=\box548
\l@dRcolrawbox4894=\box549
\l@dLcolrawbox4893=\box550
\l@dRcolrawbox4893=\box551
\l@dLcolrawbox4892=\box552
\l@dRcolrawbox4892=\box553
\l@dLcolrawbox4891=\box554
\l@dRcolrawbox4891=\box555
\l@dLcolrawbox4890=\box556
\l@dRcolrawbox4890=\box557
\l@dLcolrawbox4889=\box558
\l@dRcolrawbox4889=\box559
\l@dLcolrawbox4888=\box560
\l@dRcolrawbox4888=\box561
\l@dLcolrawbox4887=\box562
\l@dRcolrawbox4887=\box563
\l@dLcolrawbox4886=\box564
\l@dRcolrawbox4886=\box565
\l@dLcolrawbox4885=\box566
\l@dRcolrawbox4885=\box567
\l@dLcolrawbox4884=\box568
\l@dRcolrawbox4884=\box569
\l@dLcolrawbox4883=\box570
\l@dRcolrawbox4883=\box571
\l@dLcolrawbox4882=\box572
\l@dRcolrawbox4882=\box573
\l@dLcolrawbox4881=\box574
\l@dRcolrawbox4881=\box575
\l@dLcolrawbox4880=\box576
\l@dRcolrawbox4880=\box577
\l@dLcolrawbox4879=\box578
\l@dRcolrawbox4879=\box579
\l@dLcolrawbox4878=\box580
\l@dRcolrawbox4878=\box581
\l@dLcolrawbox4877=\box582
\l@dRcolrawbox4877=\box583
\l@dLcolrawbox4876=\box584
\l@dRcolrawbox4876=\box585
\l@dLcolrawbox4875=\box586
\l@dRcolrawbox4875=\box587
\l@dLcolrawbox4874=\box588
\l@dRcolrawbox4874=\box589
\l@dLcolrawbox4873=\box590
\l@dRcolrawbox4873=\box591
\l@dLcolrawbox4872=\box592
\l@dRcolrawbox4872=\box593
\l@dLcolrawbox4871=\box594
\l@dRcolrawbox4871=\box595
\l@dLcolrawbox4870=\box596
\l@dRcolrawbox4870=\box597
\l@dLcolrawbox4869=\box598
\l@dRcolrawbox4869=\box599
\l@dLcolrawbox4868=\box600
\l@dRcolrawbox4868=\box601
\l@dLcolrawbox4867=\box602
\l@dRcolrawbox4867=\box603
\l@dLcolrawbox4866=\box604
\l@dRcolrawbox4866=\box605
\l@dLcolrawbox4865=\box606
\l@dRcolrawbox4865=\box607
\l@dLcolrawbox4864=\box608
\l@dRcolrawbox4864=\box609
\l@dLcolrawbox4863=\box610
\l@dRcolrawbox4863=\box611
\l@dLcolrawbox4862=\box612
\l@dRcolrawbox4862=\box613
\l@dLcolrawbox4861=\box614
\l@dRcolrawbox4861=\box615
\l@dLcolrawbox4860=\box616
\l@dRcolrawbox4860=\box617
\l@dLcolrawbox4859=\box618
\l@dRcolrawbox4859=\box619
\l@dLcolrawbox4858=\box620
\l@dRcolrawbox4858=\box621
\l@dLcolrawbox4857=\box622
\l@dRcolrawbox4857=\box623
\l@dLcolrawbox4856=\box624
\l@dRcolrawbox4856=\box625
\l@dLcolrawbox4855=\box626
\l@dRcolrawbox4855=\box627
\l@dLcolrawbox4854=\box628
\l@dRcolrawbox4854=\box629
\l@dLcolrawbox4853=\box630
\l@dRcolrawbox4853=\box631
\l@dLcolrawbox4852=\box632
\l@dRcolrawbox4852=\box633
\l@dLcolrawbox4851=\box634
\l@dRcolrawbox4851=\box635
\l@dLcolrawbox4850=\box636
\l@dRcolrawbox4850=\box637
\l@dLcolrawbox4849=\box638
\l@dRcolrawbox4849=\box639
\l@dLcolrawbox4848=\box640
\l@dRcolrawbox4848=\box641
\l@dLcolrawbox4847=\box642
\l@dRcolrawbox4847=\box643
\l@dLcolrawbox4846=\box644
\l@dRcolrawbox4846=\box645
\l@dLcolrawbox4845=\box646
\l@dRcolrawbox4845=\box647
\l@dLcolrawbox4844=\box648
\l@dRcolrawbox4844=\box649
\l@dLcolrawbox4843=\box650
\l@dRcolrawbox4843=\box651
\l@dLcolrawbox4842=\box652
\l@dRcolrawbox4842=\box653
\l@dLcolrawbox4841=\box654
\l@dRcolrawbox4841=\box655
\l@dLcolrawbox4840=\box656
\l@dRcolrawbox4840=\box657
\l@dLcolrawbox4839=\box658
\l@dRcolrawbox4839=\box659
\l@dLcolrawbox4838=\box660
\l@dRcolrawbox4838=\box661
\l@dLcolrawbox4837=\box662
\l@dRcolrawbox4837=\box663
\l@dLcolrawbox4836=\box664
\l@dRcolrawbox4836=\box665
\l@dLcolrawbox4835=\box666
\l@dRcolrawbox4835=\box667
\l@dLcolrawbox4834=\box668
\l@dRcolrawbox4834=\box669
\l@dLcolrawbox4833=\box670
\l@dRcolrawbox4833=\box671
\l@dLcolrawbox4832=\box672
\l@dRcolrawbox4832=\box673
\l@dLcolrawbox4831=\box674
\l@dRcolrawbox4831=\box675
\l@dLcolrawbox4830=\box676
\l@dRcolrawbox4830=\box677
\l@dLcolrawbox4829=\box678
\l@dRcolrawbox4829=\box679
\l@dLcolrawbox4828=\box680
\l@dRcolrawbox4828=\box681
\l@dLcolrawbox4827=\box682
\l@dRcolrawbox4827=\box683
\l@dLcolrawbox4826=\box684
\l@dRcolrawbox4826=\box685
\l@dLcolrawbox4825=\box686
\l@dRcolrawbox4825=\box687
\l@dLcolrawbox4824=\box688
\l@dRcolrawbox4824=\box689
\l@dLcolrawbox4823=\box690
\l@dRcolrawbox4823=\box691
\l@dLcolrawbox4822=\box692
\l@dRcolrawbox4822=\box693
\l@dLcolrawbox4821=\box694
\l@dRcolrawbox4821=\box695
\l@dLcolrawbox4820=\box696
\l@dRcolrawbox4820=\box697
\l@dLcolrawbox4819=\box698
\l@dRcolrawbox4819=\box699
\l@dLcolrawbox4818=\box700
\l@dRcolrawbox4818=\box701
\l@dLcolrawbox4817=\box702
\l@dRcolrawbox4817=\box703
\l@dLcolrawbox4816=\box704
\l@dRcolrawbox4816=\box705
\l@dLcolrawbox4815=\box706
\l@dRcolrawbox4815=\box707
\l@dLcolrawbox4814=\box708
\l@dRcolrawbox4814=\box709
\l@dLcolrawbox4813=\box710
\l@dRcolrawbox4813=\box711
\l@dLcolrawbox4812=\box712
\l@dRcolrawbox4812=\box713
\l@dLcolrawbox4811=\box714
\l@dRcolrawbox4811=\box715
\l@dLcolrawbox4810=\box716
\l@dRcolrawbox4810=\box717
\l@dLcolrawbox4809=\box718
\l@dRcolrawbox4809=\box719
\l@dLcolrawbox4808=\box720
\l@dRcolrawbox4808=\box721
\l@dLcolrawbox4807=\box722
\l@dRcolrawbox4807=\box723
\l@dLcolrawbox4806=\box724
\l@dRcolrawbox4806=\box725
\l@dLcolrawbox4805=\box726
\l@dRcolrawbox4805=\box727
\l@dLcolrawbox4804=\box728
\l@dRcolrawbox4804=\box729
\l@dLcolrawbox4803=\box730
\l@dRcolrawbox4803=\box731
\l@dLcolrawbox4802=\box732
\l@dRcolrawbox4802=\box733
\l@dLcolrawbox4801=\box734
\l@dRcolrawbox4801=\box735
\l@dLcolrawbox4800=\box736
\l@dRcolrawbox4800=\box737
\l@dLcolrawbox4799=\box738
\l@dRcolrawbox4799=\box739
\l@dLcolrawbox4798=\box740
\l@dRcolrawbox4798=\box741
\l@dLcolrawbox4797=\box742
\l@dRcolrawbox4797=\box743
\l@dLcolrawbox4796=\box744
\l@dRcolrawbox4796=\box745
\l@dLcolrawbox4795=\box746
\l@dRcolrawbox4795=\box747
\l@dLcolrawbox4794=\box748
\l@dRcolrawbox4794=\box749
\l@dLcolrawbox4793=\box750
\l@dRcolrawbox4793=\box751
\l@dLcolrawbox4792=\box752
\l@dRcolrawbox4792=\box753
\l@dLcolrawbox4791=\box754
\l@dRcolrawbox4791=\box755
\l@dLcolrawbox4790=\box756
\l@dRcolrawbox4790=\box757
\l@dLcolrawbox4789=\box758
\l@dRcolrawbox4789=\box759
\l@dLcolrawbox4788=\box760
\l@dRcolrawbox4788=\box761
\l@dLcolrawbox4787=\box762
\l@dRcolrawbox4787=\box763
\l@dLcolrawbox4786=\box764
\l@dRcolrawbox4786=\box765
\l@dLcolrawbox4785=\box766
\l@dRcolrawbox4785=\box767
\l@dLcolrawbox4784=\box768
\l@dRcolrawbox4784=\box769
\l@dLcolrawbox4783=\box770
\l@dRcolrawbox4783=\box771
\l@dLcolrawbox4782=\box772
\l@dRcolrawbox4782=\box773
\l@dLcolrawbox4781=\box774
\l@dRcolrawbox4781=\box775
\l@dLcolrawbox4780=\box776
\l@dRcolrawbox4780=\box777
\l@dLcolrawbox4779=\box778
\l@dRcolrawbox4779=\box779
\l@dLcolrawbox4778=\box780
\l@dRcolrawbox4778=\box781
\l@dLcolrawbox4777=\box782
\l@dRcolrawbox4777=\box783
\l@dLcolrawbox4776=\box784
\l@dRcolrawbox4776=\box785
\l@dLcolrawbox4775=\box786
\l@dRcolrawbox4775=\box787
\l@dLcolrawbox4774=\box788
\l@dRcolrawbox4774=\box789
\l@dLcolrawbox4773=\box790
\l@dRcolrawbox4773=\box791
\l@dLcolrawbox4772=\box792
\l@dRcolrawbox4772=\box793
\l@dLcolrawbox4771=\box794
\l@dRcolrawbox4771=\box795
\l@dLcolrawbox4770=\box796
\l@dRcolrawbox4770=\box797
\l@dLcolrawbox4769=\box798
\l@dRcolrawbox4769=\box799
\l@dLcolrawbox4768=\box800
\l@dRcolrawbox4768=\box801
\l@dLcolrawbox4767=\box802
\l@dRcolrawbox4767=\box803
\l@dLcolrawbox4766=\box804
\l@dRcolrawbox4766=\box805
\l@dLcolrawbox4765=\box806
\l@dRcolrawbox4765=\box807
\l@dLcolrawbox4764=\box808
\l@dRcolrawbox4764=\box809
\l@dLcolrawbox4763=\box810
\l@dRcolrawbox4763=\box811
\l@dLcolrawbox4762=\box812
\l@dRcolrawbox4762=\box813
\l@dLcolrawbox4761=\box814
\l@dRcolrawbox4761=\box815
\l@dLcolrawbox4760=\box816
\l@dRcolrawbox4760=\box817
\l@dLcolrawbox4759=\box818
\l@dRcolrawbox4759=\box819
\l@dLcolrawbox4758=\box820
\l@dRcolrawbox4758=\box821
\l@dLcolrawbox4757=\box822
\l@dRcolrawbox4757=\box823
\l@dLcolrawbox4756=\box824
\l@dRcolrawbox4756=\box825
\l@dLcolrawbox4755=\box826
\l@dRcolrawbox4755=\box827
\l@dLcolrawbox4754=\box828
\l@dRcolrawbox4754=\box829
\l@dLcolrawbox4753=\box830
\l@dRcolrawbox4753=\box831
\l@dLcolrawbox4752=\box832
\l@dRcolrawbox4752=\box833
\l@dLcolrawbox4751=\box834
\l@dRcolrawbox4751=\box835
\l@dLcolrawbox4750=\box836
\l@dRcolrawbox4750=\box837
\l@dLcolrawbox4749=\box838
\l@dRcolrawbox4749=\box839
\l@dLcolrawbox4748=\box840
\l@dRcolrawbox4748=\box841
\l@dLcolrawbox4747=\box842
\l@dRcolrawbox4747=\box843
\l@dLcolrawbox4746=\box844
\l@dRcolrawbox4746=\box845
\l@dLcolrawbox4745=\box846
\l@dRcolrawbox4745=\box847
\l@dLcolrawbox4744=\box848
\l@dRcolrawbox4744=\box849
\l@dLcolrawbox4743=\box850
\l@dRcolrawbox4743=\box851
\l@dLcolrawbox4742=\box852
\l@dRcolrawbox4742=\box853
\l@dLcolrawbox4741=\box854
\l@dRcolrawbox4741=\box855
\l@dLcolrawbox4740=\box856
\l@dRcolrawbox4740=\box857
\l@dLcolrawbox4739=\box858
\l@dRcolrawbox4739=\box859
\l@dLcolrawbox4738=\box860
\l@dRcolrawbox4738=\box861
\l@dLcolrawbox4737=\box862
\l@dRcolrawbox4737=\box863
\l@dLcolrawbox4736=\box864
\l@dRcolrawbox4736=\box865
\l@dLcolrawbox4735=\box866
\l@dRcolrawbox4735=\box867
\l@dLcolrawbox4734=\box868
\l@dRcolrawbox4734=\box869
\l@dLcolrawbox4733=\box870
\l@dRcolrawbox4733=\box871
\l@dLcolrawbox4732=\box872
\l@dRcolrawbox4732=\box873
\l@dLcolrawbox4731=\box874
\l@dRcolrawbox4731=\box875
\l@dLcolrawbox4730=\box876
\l@dRcolrawbox4730=\box877
\l@dLcolrawbox4729=\box878
\l@dRcolrawbox4729=\box879
\l@dLcolrawbox4728=\box880
\l@dRcolrawbox4728=\box881
\l@dLcolrawbox4727=\box882
\l@dRcolrawbox4727=\box883
\l@dLcolrawbox4726=\box884
\l@dRcolrawbox4726=\box885
\l@dLcolrawbox4725=\box886
\l@dRcolrawbox4725=\box887
\l@dLcolrawbox4724=\box888
\l@dRcolrawbox4724=\box889
\l@dLcolrawbox4723=\box890
\l@dRcolrawbox4723=\box891
\l@dLcolrawbox4722=\box892
\l@dRcolrawbox4722=\box893
\l@dLcolrawbox4721=\box894
\l@dRcolrawbox4721=\box895
\l@dLcolrawbox4720=\box896
\l@dRcolrawbox4720=\box897
\l@dLcolrawbox4719=\box898
\l@dRcolrawbox4719=\box899
\l@dLcolrawbox4718=\box900
\l@dRcolrawbox4718=\box901
\l@dLcolrawbox4717=\box902
\l@dRcolrawbox4717=\box903
\l@dLcolrawbox4716=\box904
\l@dRcolrawbox4716=\box905
\l@dLcolrawbox4715=\box906
\l@dRcolrawbox4715=\box907
\l@dLcolrawbox4714=\box908
\l@dRcolrawbox4714=\box909
\l@dLcolrawbox4713=\box910
\l@dRcolrawbox4713=\box911
\l@dLcolrawbox4712=\box912
\l@dRcolrawbox4712=\box913
\l@dLcolrawbox4711=\box914
\l@dRcolrawbox4711=\box915
\l@dLcolrawbox4710=\box916
\l@dRcolrawbox4710=\box917
\l@dLcolrawbox4709=\box918
\l@dRcolrawbox4709=\box919
\l@dLcolrawbox4708=\box920
\l@dRcolrawbox4708=\box921
\l@dLcolrawbox4707=\box922
\l@dRcolrawbox4707=\box923
\l@dLcolrawbox4706=\box924
\l@dRcolrawbox4706=\box925
\l@dLcolrawbox4705=\box926
\l@dRcolrawbox4705=\box927
\l@dLcolrawbox4704=\box928
\l@dRcolrawbox4704=\box929
\l@dLcolrawbox4703=\box930
\l@dRcolrawbox4703=\box931
\l@dLcolrawbox4702=\box932
\l@dRcolrawbox4702=\box933
\l@dLcolrawbox4701=\box934
\l@dRcolrawbox4701=\box935
\l@dLcolrawbox4700=\box936
\l@dRcolrawbox4700=\box937
\l@dLcolrawbox4699=\box938
\l@dRcolrawbox4699=\box939
\l@dLcolrawbox4698=\box940
\l@dRcolrawbox4698=\box941
\l@dLcolrawbox4697=\box942
\l@dRcolrawbox4697=\box943
\l@dLcolrawbox4696=\box944
\l@dRcolrawbox4696=\box945
\l@dLcolrawbox4695=\box946
\l@dRcolrawbox4695=\box947
\l@dLcolrawbox4694=\box948
\l@dRcolrawbox4694=\box949
\l@dLcolrawbox4693=\box950
\l@dRcolrawbox4693=\box951
\l@dLcolrawbox4692=\box952
\l@dRcolrawbox4692=\box953
\l@dLcolrawbox4691=\box954
\l@dRcolrawbox4691=\box955
\l@dLcolrawbox4690=\box956
\l@dRcolrawbox4690=\box957
\l@dLcolrawbox4689=\box958
\l@dRcolrawbox4689=\box959
\l@dLcolrawbox4688=\box960
\l@dRcolrawbox4688=\box961
\l@dLcolrawbox4687=\box962
\l@dRcolrawbox4687=\box963
\l@dLcolrawbox4686=\box964
\l@dRcolrawbox4686=\box965
\l@dLcolrawbox4685=\box966
\l@dRcolrawbox4685=\box967
\l@dLcolrawbox4684=\box968
\l@dRcolrawbox4684=\box969
\l@dLcolrawbox4683=\box970
\l@dRcolrawbox4683=\box971
\l@dLcolrawbox4682=\box972
\l@dRcolrawbox4682=\box973
\l@dLcolrawbox4681=\box974
\l@dRcolrawbox4681=\box975
\l@dLcolrawbox4680=\box976
\l@dRcolrawbox4680=\box977
\l@dLcolrawbox4679=\box978
\l@dRcolrawbox4679=\box979
\l@dLcolrawbox4678=\box980
\l@dRcolrawbox4678=\box981
\l@dLcolrawbox4677=\box982
\l@dRcolrawbox4677=\box983
\l@dLcolrawbox4676=\box984
\l@dRcolrawbox4676=\box985
\l@dLcolrawbox4675=\box986
\l@dRcolrawbox4675=\box987
\l@dLcolrawbox4674=\box988
\l@dRcolrawbox4674=\box989
\l@dLcolrawbox4673=\box990
\l@dRcolrawbox4673=\box991
\l@dLcolrawbox4672=\box992
\l@dRcolrawbox4672=\box993
\l@dLcolrawbox4671=\box994
\l@dRcolrawbox4671=\box995
\l@dLcolrawbox4670=\box996
\l@dRcolrawbox4670=\box997
\l@dLcolrawbox4669=\box998
\l@dRcolrawbox4669=\box999
\l@dLcolrawbox4668=\box1000
\l@dRcolrawbox4668=\box1001
\l@dLcolrawbox4667=\box1002
\l@dRcolrawbox4667=\box1003
\l@dLcolrawbox4666=\box1004
\l@dRcolrawbox4666=\box1005
\l@dLcolrawbox4665=\box1006
\l@dRcolrawbox4665=\box1007
\l@dLcolrawbox4664=\box1008
\l@dRcolrawbox4664=\box1009
\l@dLcolrawbox4663=\box1010
\l@dRcolrawbox4663=\box1011
\l@dLcolrawbox4662=\box1012
\l@dRcolrawbox4662=\box1013
\l@dLcolrawbox4661=\box1014
\l@dRcolrawbox4661=\box1015
\l@dLcolrawbox4660=\box1016
\l@dRcolrawbox4660=\box1017
\l@dLcolrawbox4659=\box1018
\l@dRcolrawbox4659=\box1019
\l@dLcolrawbox4658=\box1020
\l@dRcolrawbox4658=\box1021
\l@dLcolrawbox4657=\box1022
\l@dRcolrawbox4657=\box1023
\l@dLcolrawbox4656=\box1024
\l@dRcolrawbox4656=\box1025
\l@dLcolrawbox4655=\box1026
\l@dRcolrawbox4655=\box1027
\l@dLcolrawbox4654=\box1028
\l@dRcolrawbox4654=\box1029
\l@dLcolrawbox4653=\box1030
\l@dRcolrawbox4653=\box1031
\l@dLcolrawbox4652=\box1032
\l@dRcolrawbox4652=\box1033
\l@dLcolrawbox4651=\box1034
\l@dRcolrawbox4651=\box1035
\l@dLcolrawbox4650=\box1036
\l@dRcolrawbox4650=\box1037
\l@dLcolrawbox4649=\box1038
\l@dRcolrawbox4649=\box1039
\l@dLcolrawbox4648=\box1040
\l@dRcolrawbox4648=\box1041
\l@dLcolrawbox4647=\box1042
\l@dRcolrawbox4647=\box1043
\l@dLcolrawbox4646=\box1044
\l@dRcolrawbox4646=\box1045
\l@dLcolrawbox4645=\box1046
\l@dRcolrawbox4645=\box1047
\l@dLcolrawbox4644=\box1048
\l@dRcolrawbox4644=\box1049
\l@dLcolrawbox4643=\box1050
\l@dRcolrawbox4643=\box1051
\l@dLcolrawbox4642=\box1052
\l@dRcolrawbox4642=\box1053
\l@dLcolrawbox4641=\box1054
\l@dRcolrawbox4641=\box1055
\l@dLcolrawbox4640=\box1056
\l@dRcolrawbox4640=\box1057
\l@dLcolrawbox4639=\box1058
\l@dRcolrawbox4639=\box1059
\l@dLcolrawbox4638=\box1060
\l@dRcolrawbox4638=\box1061
\l@dLcolrawbox4637=\box1062
\l@dRcolrawbox4637=\box1063
\l@dLcolrawbox4636=\box1064
\l@dRcolrawbox4636=\box1065
\l@dLcolrawbox4635=\box1066
\l@dRcolrawbox4635=\box1067
\l@dLcolrawbox4634=\box1068
\l@dRcolrawbox4634=\box1069
\l@dLcolrawbox4633=\box1070
\l@dRcolrawbox4633=\box1071
\l@dLcolrawbox4632=\box1072
\l@dRcolrawbox4632=\box1073
\l@dLcolrawbox4631=\box1074
\l@dRcolrawbox4631=\box1075
\l@dLcolrawbox4630=\box1076
\l@dRcolrawbox4630=\box1077
\l@dLcolrawbox4629=\box1078
\l@dRcolrawbox4629=\box1079
\l@dLcolrawbox4628=\box1080
\l@dRcolrawbox4628=\box1081
\l@dLcolrawbox4627=\box1082
\l@dRcolrawbox4627=\box1083
\l@dLcolrawbox4626=\box1084
\l@dRcolrawbox4626=\box1085
\l@dLcolrawbox4625=\box1086
\l@dRcolrawbox4625=\box1087
\l@dLcolrawbox4624=\box1088
\l@dRcolrawbox4624=\box1089
\l@dLcolrawbox4623=\box1090
\l@dRcolrawbox4623=\box1091
\l@dLcolrawbox4622=\box1092
\l@dRcolrawbox4622=\box1093
\l@dLcolrawbox4621=\box1094
\l@dRcolrawbox4621=\box1095
\l@dLcolrawbox4620=\box1096
\l@dRcolrawbox4620=\box1097
\l@dLcolrawbox4619=\box1098
\l@dRcolrawbox4619=\box1099
\l@dLcolrawbox4618=\box1100
\l@dRcolrawbox4618=\box1101
\l@dLcolrawbox4617=\box1102
\l@dRcolrawbox4617=\box1103
\l@dLcolrawbox4616=\box1104
\l@dRcolrawbox4616=\box1105
\l@dLcolrawbox4615=\box1106
\l@dRcolrawbox4615=\box1107
\l@dLcolrawbox4614=\box1108
\l@dRcolrawbox4614=\box1109
\l@dLcolrawbox4613=\box1110
\l@dRcolrawbox4613=\box1111
\l@dLcolrawbox4612=\box1112
\l@dRcolrawbox4612=\box1113
\l@dLcolrawbox4611=\box1114
\l@dRcolrawbox4611=\box1115
\l@dLcolrawbox4610=\box1116
\l@dRcolrawbox4610=\box1117
\l@dLcolrawbox4609=\box1118
\l@dRcolrawbox4609=\box1119
\l@dLcolrawbox4608=\box1120
\l@dRcolrawbox4608=\box1121
\l@dLcolrawbox4607=\box1122
\l@dRcolrawbox4607=\box1123
\l@dLcolrawbox4606=\box1124
\l@dRcolrawbox4606=\box1125
\l@dLcolrawbox4605=\box1126
\l@dRcolrawbox4605=\box1127
\l@dLcolrawbox4604=\box1128
\l@dRcolrawbox4604=\box1129
\l@dLcolrawbox4603=\box1130
\l@dRcolrawbox4603=\box1131
\l@dLcolrawbox4602=\box1132
\l@dRcolrawbox4602=\box1133
\l@dLcolrawbox4601=\box1134
\l@dRcolrawbox4601=\box1135
\l@dLcolrawbox4600=\box1136
\l@dRcolrawbox4600=\box1137
\l@dLcolrawbox4599=\box1138
\l@dRcolrawbox4599=\box1139
\l@dLcolrawbox4598=\box1140
\l@dRcolrawbox4598=\box1141
\l@dLcolrawbox4597=\box1142
\l@dRcolrawbox4597=\box1143
\l@dLcolrawbox4596=\box1144
\l@dRcolrawbox4596=\box1145
\l@dLcolrawbox4595=\box1146
\l@dRcolrawbox4595=\box1147
\l@dLcolrawbox4594=\box1148
\l@dRcolrawbox4594=\box1149
\l@dLcolrawbox4593=\box1150
\l@dRcolrawbox4593=\box1151
\l@dLcolrawbox4592=\box1152
\l@dRcolrawbox4592=\box1153
\l@dLcolrawbox4591=\box1154
\l@dRcolrawbox4591=\box1155
\l@dLcolrawbox4590=\box1156
\l@dRcolrawbox4590=\box1157
\l@dLcolrawbox4589=\box1158
\l@dRcolrawbox4589=\box1159
\l@dLcolrawbox4588=\box1160
\l@dRcolrawbox4588=\box1161
\l@dLcolrawbox4587=\box1162
\l@dRcolrawbox4587=\box1163
\l@dLcolrawbox4586=\box1164
\l@dRcolrawbox4586=\box1165
\l@dLcolrawbox4585=\box1166
\l@dRcolrawbox4585=\box1167
\l@dLcolrawbox4584=\box1168
\l@dRcolrawbox4584=\box1169
\l@dLcolrawbox4583=\box1170
\l@dRcolrawbox4583=\box1171
\l@dLcolrawbox4582=\box1172
\l@dRcolrawbox4582=\box1173
\l@dLcolrawbox4581=\box1174
\l@dRcolrawbox4581=\box1175
\l@dLcolrawbox4580=\box1176
\l@dRcolrawbox4580=\box1177
\l@dLcolrawbox4579=\box1178
\l@dRcolrawbox4579=\box1179
\l@dLcolrawbox4578=\box1180
\l@dRcolrawbox4578=\box1181
\l@dLcolrawbox4577=\box1182
\l@dRcolrawbox4577=\box1183
\l@dLcolrawbox4576=\box1184
\l@dRcolrawbox4576=\box1185
\l@dLcolrawbox4575=\box1186
\l@dRcolrawbox4575=\box1187
\l@dLcolrawbox4574=\box1188
\l@dRcolrawbox4574=\box1189
\l@dLcolrawbox4573=\box1190
\l@dRcolrawbox4573=\box1191
\l@dLcolrawbox4572=\box1192
\l@dRcolrawbox4572=\box1193
\l@dLcolrawbox4571=\box1194
\l@dRcolrawbox4571=\box1195
\l@dLcolrawbox4570=\box1196
\l@dRcolrawbox4570=\box1197
\l@dLcolrawbox4569=\box1198
\l@dRcolrawbox4569=\box1199
\l@dLcolrawbox4568=\box1200
\l@dRcolrawbox4568=\box1201
\l@dLcolrawbox4567=\box1202
\l@dRcolrawbox4567=\box1203
\l@dLcolrawbox4566=\box1204
\l@dRcolrawbox4566=\box1205
\l@dLcolrawbox4565=\box1206
\l@dRcolrawbox4565=\box1207
\l@dLcolrawbox4564=\box1208
\l@dRcolrawbox4564=\box1209
\l@dLcolrawbox4563=\box1210
\l@dRcolrawbox4563=\box1211
\l@dLcolrawbox4562=\box1212
\l@dRcolrawbox4562=\box1213
\l@dLcolrawbox4561=\box1214
\l@dRcolrawbox4561=\box1215
\l@dLcolrawbox4560=\box1216
\l@dRcolrawbox4560=\box1217
\l@dLcolrawbox4559=\box1218
\l@dRcolrawbox4559=\box1219
\l@dLcolrawbox4558=\box1220
\l@dRcolrawbox4558=\box1221
\l@dLcolrawbox4557=\box1222
\l@dRcolrawbox4557=\box1223
\l@dLcolrawbox4556=\box1224
\l@dRcolrawbox4556=\box1225
\l@dLcolrawbox4555=\box1226
\l@dRcolrawbox4555=\box1227
\l@dLcolrawbox4554=\box1228
\l@dRcolrawbox4554=\box1229
\l@dLcolrawbox4553=\box1230
\l@dRcolrawbox4553=\box1231
\l@dLcolrawbox4552=\box1232
\l@dRcolrawbox4552=\box1233
\l@dLcolrawbox4551=\box1234
\l@dRcolrawbox4551=\box1235
\l@dLcolrawbox4550=\box1236
\l@dRcolrawbox4550=\box1237
\l@dLcolrawbox4549=\box1238
\l@dRcolrawbox4549=\box1239
\l@dLcolrawbox4548=\box1240
\l@dRcolrawbox4548=\box1241
\l@dLcolrawbox4547=\box1242
\l@dRcolrawbox4547=\box1243
\l@dLcolrawbox4546=\box1244
\l@dRcolrawbox4546=\box1245
\l@dLcolrawbox4545=\box1246
\l@dRcolrawbox4545=\box1247
\l@dLcolrawbox4544=\box1248
\l@dRcolrawbox4544=\box1249
\l@dLcolrawbox4543=\box1250
\l@dRcolrawbox4543=\box1251
\l@dLcolrawbox4542=\box1252
\l@dRcolrawbox4542=\box1253
\l@dLcolrawbox4541=\box1254
\l@dRcolrawbox4541=\box1255
\l@dLcolrawbox4540=\box1256
\l@dRcolrawbox4540=\box1257
\l@dLcolrawbox4539=\box1258
\l@dRcolrawbox4539=\box1259
\l@dLcolrawbox4538=\box1260
\l@dRcolrawbox4538=\box1261
\l@dLcolrawbox4537=\box1262
\l@dRcolrawbox4537=\box1263
\l@dLcolrawbox4536=\box1264
\l@dRcolrawbox4536=\box1265
\l@dLcolrawbox4535=\box1266
\l@dRcolrawbox4535=\box1267
\l@dLcolrawbox4534=\box1268
\l@dRcolrawbox4534=\box1269
\l@dLcolrawbox4533=\box1270
\l@dRcolrawbox4533=\box1271
\l@dLcolrawbox4532=\box1272
\l@dRcolrawbox4532=\box1273
\l@dLcolrawbox4531=\box1274
\l@dRcolrawbox4531=\box1275
\l@dLcolrawbox4530=\box1276
\l@dRcolrawbox4530=\box1277
\l@dLcolrawbox4529=\box1278
\l@dRcolrawbox4529=\box1279
\l@dLcolrawbox4528=\box1280
\l@dRcolrawbox4528=\box1281
\l@dLcolrawbox4527=\box1282
\l@dRcolrawbox4527=\box1283
\l@dLcolrawbox4526=\box1284
\l@dRcolrawbox4526=\box1285
\l@dLcolrawbox4525=\box1286
\l@dRcolrawbox4525=\box1287
\l@dLcolrawbox4524=\box1288
\l@dRcolrawbox4524=\box1289
\l@dLcolrawbox4523=\box1290
\l@dRcolrawbox4523=\box1291
\l@dLcolrawbox4522=\box1292
\l@dRcolrawbox4522=\box1293
\l@dLcolrawbox4521=\box1294
\l@dRcolrawbox4521=\box1295
\l@dLcolrawbox4520=\box1296
\l@dRcolrawbox4520=\box1297
\l@dLcolrawbox4519=\box1298
\l@dRcolrawbox4519=\box1299
\l@dLcolrawbox4518=\box1300
\l@dRcolrawbox4518=\box1301
\l@dLcolrawbox4517=\box1302
\l@dRcolrawbox4517=\box1303
\l@dLcolrawbox4516=\box1304
\l@dRcolrawbox4516=\box1305
\l@dLcolrawbox4515=\box1306
\l@dRcolrawbox4515=\box1307
\l@dLcolrawbox4514=\box1308
\l@dRcolrawbox4514=\box1309
\l@dLcolrawbox4513=\box1310
\l@dRcolrawbox4513=\box1311
\l@dLcolrawbox4512=\box1312
\l@dRcolrawbox4512=\box1313
\l@dLcolrawbox4511=\box1314
\l@dRcolrawbox4511=\box1315
\l@dLcolrawbox4510=\box1316
\l@dRcolrawbox4510=\box1317
\l@dLcolrawbox4509=\box1318
\l@dRcolrawbox4509=\box1319
\l@dLcolrawbox4508=\box1320
\l@dRcolrawbox4508=\box1321
\l@dLcolrawbox4507=\box1322
\l@dRcolrawbox4507=\box1323
\l@dLcolrawbox4506=\box1324
\l@dRcolrawbox4506=\box1325
\l@dLcolrawbox4505=\box1326
\l@dRcolrawbox4505=\box1327
\l@dLcolrawbox4504=\box1328
\l@dRcolrawbox4504=\box1329
\l@dLcolrawbox4503=\box1330
\l@dRcolrawbox4503=\box1331
\l@dLcolrawbox4502=\box1332
\l@dRcolrawbox4502=\box1333
\l@dLcolrawbox4501=\box1334
\l@dRcolrawbox4501=\box1335
\l@dLcolrawbox4500=\box1336
\l@dRcolrawbox4500=\box1337
\l@dLcolrawbox4499=\box1338
\l@dRcolrawbox4499=\box1339
\l@dLcolrawbox4498=\box1340
\l@dRcolrawbox4498=\box1341
\l@dLcolrawbox4497=\box1342
\l@dRcolrawbox4497=\box1343
\l@dLcolrawbox4496=\box1344
\l@dRcolrawbox4496=\box1345
\l@dLcolrawbox4495=\box1346
\l@dRcolrawbox4495=\box1347
\l@dLcolrawbox4494=\box1348
\l@dRcolrawbox4494=\box1349
\l@dLcolrawbox4493=\box1350
\l@dRcolrawbox4493=\box1351
\l@dLcolrawbox4492=\box1352
\l@dRcolrawbox4492=\box1353
\l@dLcolrawbox4491=\box1354
\l@dRcolrawbox4491=\box1355
\l@dLcolrawbox4490=\box1356
\l@dRcolrawbox4490=\box1357
\l@dLcolrawbox4489=\box1358
\l@dRcolrawbox4489=\box1359
\l@dLcolrawbox4488=\box1360
\l@dRcolrawbox4488=\box1361
\l@dLcolrawbox4487=\box1362
\l@dRcolrawbox4487=\box1363
\l@dLcolrawbox4486=\box1364
\l@dRcolrawbox4486=\box1365
\l@dLcolrawbox4485=\box1366
\l@dRcolrawbox4485=\box1367
\l@dLcolrawbox4484=\box1368
\l@dRcolrawbox4484=\box1369
\l@dLcolrawbox4483=\box1370
\l@dRcolrawbox4483=\box1371
\l@dLcolrawbox4482=\box1372
\l@dRcolrawbox4482=\box1373
\l@dLcolrawbox4481=\box1374
\l@dRcolrawbox4481=\box1375
\l@dLcolrawbox4480=\box1376
\l@dRcolrawbox4480=\box1377
\l@dLcolrawbox4479=\box1378
\l@dRcolrawbox4479=\box1379
\l@dLcolrawbox4478=\box1380
\l@dRcolrawbox4478=\box1381
\l@dLcolrawbox4477=\box1382
\l@dRcolrawbox4477=\box1383
\l@dLcolrawbox4476=\box1384
\l@dRcolrawbox4476=\box1385
\l@dLcolrawbox4475=\box1386
\l@dRcolrawbox4475=\box1387
\l@dLcolrawbox4474=\box1388
\l@dRcolrawbox4474=\box1389
\l@dLcolrawbox4473=\box1390
\l@dRcolrawbox4473=\box1391
\l@dLcolrawbox4472=\box1392
\l@dRcolrawbox4472=\box1393
\l@dLcolrawbox4471=\box1394
\l@dRcolrawbox4471=\box1395
\l@dLcolrawbox4470=\box1396
\l@dRcolrawbox4470=\box1397
\l@dLcolrawbox4469=\box1398
\l@dRcolrawbox4469=\box1399
\l@dLcolrawbox4468=\box1400
\l@dRcolrawbox4468=\box1401
\l@dLcolrawbox4467=\box1402
\l@dRcolrawbox4467=\box1403
\l@dLcolrawbox4466=\box1404
\l@dRcolrawbox4466=\box1405
\l@dLcolrawbox4465=\box1406
\l@dRcolrawbox4465=\box1407
\l@dLcolrawbox4464=\box1408
\l@dRcolrawbox4464=\box1409
\l@dLcolrawbox4463=\box1410
\l@dRcolrawbox4463=\box1411
\l@dLcolrawbox4462=\box1412
\l@dRcolrawbox4462=\box1413
\l@dLcolrawbox4461=\box1414
\l@dRcolrawbox4461=\box1415
\l@dLcolrawbox4460=\box1416
\l@dRcolrawbox4460=\box1417
\l@dLcolrawbox4459=\box1418
\l@dRcolrawbox4459=\box1419
\l@dLcolrawbox4458=\box1420
\l@dRcolrawbox4458=\box1421
\l@dLcolrawbox4457=\box1422
\l@dRcolrawbox4457=\box1423
\l@dLcolrawbox4456=\box1424
\l@dRcolrawbox4456=\box1425
\l@dLcolrawbox4455=\box1426
\l@dRcolrawbox4455=\box1427
\l@dLcolrawbox4454=\box1428
\l@dRcolrawbox4454=\box1429
\l@dLcolrawbox4453=\box1430
\l@dRcolrawbox4453=\box1431
\l@dLcolrawbox4452=\box1432
\l@dRcolrawbox4452=\box1433
\l@dLcolrawbox4451=\box1434
\l@dRcolrawbox4451=\box1435
\l@dLcolrawbox4450=\box1436
\l@dRcolrawbox4450=\box1437
\l@dLcolrawbox4449=\box1438
\l@dRcolrawbox4449=\box1439
\l@dLcolrawbox4448=\box1440
\l@dRcolrawbox4448=\box1441
\l@dLcolrawbox4447=\box1442
\l@dRcolrawbox4447=\box1443
\l@dLcolrawbox4446=\box1444
\l@dRcolrawbox4446=\box1445
\l@dLcolrawbox4445=\box1446
\l@dRcolrawbox4445=\box1447
\l@dLcolrawbox4444=\box1448
\l@dRcolrawbox4444=\box1449
\l@dLcolrawbox4443=\box1450
\l@dRcolrawbox4443=\box1451
\l@dLcolrawbox4442=\box1452
\l@dRcolrawbox4442=\box1453
\l@dLcolrawbox4441=\box1454
\l@dRcolrawbox4441=\box1455
\l@dLcolrawbox4440=\box1456
\l@dRcolrawbox4440=\box1457
\l@dLcolrawbox4439=\box1458
\l@dRcolrawbox4439=\box1459
\l@dLcolrawbox4438=\box1460
\l@dRcolrawbox4438=\box1461
\l@dLcolrawbox4437=\box1462
\l@dRcolrawbox4437=\box1463
\l@dLcolrawbox4436=\box1464
\l@dRcolrawbox4436=\box1465
\l@dLcolrawbox4435=\box1466
\l@dRcolrawbox4435=\box1467
\l@dLcolrawbox4434=\box1468
\l@dRcolrawbox4434=\box1469
\l@dLcolrawbox4433=\box1470
\l@dRcolrawbox4433=\box1471
\l@dLcolrawbox4432=\box1472
\l@dRcolrawbox4432=\box1473
\l@dLcolrawbox4431=\box1474
\l@dRcolrawbox4431=\box1475
\l@dLcolrawbox4430=\box1476
\l@dRcolrawbox4430=\box1477
\l@dLcolrawbox4429=\box1478
\l@dRcolrawbox4429=\box1479
\l@dLcolrawbox4428=\box1480
\l@dRcolrawbox4428=\box1481
\l@dLcolrawbox4427=\box1482
\l@dRcolrawbox4427=\box1483
\l@dLcolrawbox4426=\box1484
\l@dRcolrawbox4426=\box1485
\l@dLcolrawbox4425=\box1486
\l@dRcolrawbox4425=\box1487
\l@dLcolrawbox4424=\box1488
\l@dRcolrawbox4424=\box1489
\l@dLcolrawbox4423=\box1490
\l@dRcolrawbox4423=\box1491
\l@dLcolrawbox4422=\box1492
\l@dRcolrawbox4422=\box1493
\l@dLcolrawbox4421=\box1494
\l@dRcolrawbox4421=\box1495
\l@dLcolrawbox4420=\box1496
\l@dRcolrawbox4420=\box1497
\l@dLcolrawbox4419=\box1498
\l@dRcolrawbox4419=\box1499
\l@dLcolrawbox4418=\box1500
\l@dRcolrawbox4418=\box1501
\l@dLcolrawbox4417=\box1502
\l@dRcolrawbox4417=\box1503
\l@dLcolrawbox4416=\box1504
\l@dRcolrawbox4416=\box1505
\l@dLcolrawbox4415=\box1506
\l@dRcolrawbox4415=\box1507
\l@dLcolrawbox4414=\box1508
\l@dRcolrawbox4414=\box1509
\l@dLcolrawbox4413=\box1510
\l@dRcolrawbox4413=\box1511
\l@dLcolrawbox4412=\box1512
\l@dRcolrawbox4412=\box1513
\l@dLcolrawbox4411=\box1514
\l@dRcolrawbox4411=\box1515
\l@dLcolrawbox4410=\box1516
\l@dRcolrawbox4410=\box1517
\l@dLcolrawbox4409=\box1518
\l@dRcolrawbox4409=\box1519
\l@dLcolrawbox4408=\box1520
\l@dRcolrawbox4408=\box1521
\l@dLcolrawbox4407=\box1522
\l@dRcolrawbox4407=\box1523
\l@dLcolrawbox4406=\box1524
\l@dRcolrawbox4406=\box1525
\l@dLcolrawbox4405=\box1526
\l@dRcolrawbox4405=\box1527
\l@dLcolrawbox4404=\box1528
\l@dRcolrawbox4404=\box1529
\l@dLcolrawbox4403=\box1530
\l@dRcolrawbox4403=\box1531
\l@dLcolrawbox4402=\box1532
\l@dRcolrawbox4402=\box1533
\l@dLcolrawbox4401=\box1534
\l@dRcolrawbox4401=\box1535
\l@dLcolrawbox4400=\box1536
\l@dRcolrawbox4400=\box1537
\l@dLcolrawbox4399=\box1538
\l@dRcolrawbox4399=\box1539
\l@dLcolrawbox4398=\box1540
\l@dRcolrawbox4398=\box1541
\l@dLcolrawbox4397=\box1542
\l@dRcolrawbox4397=\box1543
\l@dLcolrawbox4396=\box1544
\l@dRcolrawbox4396=\box1545
\l@dLcolrawbox4395=\box1546
\l@dRcolrawbox4395=\box1547
\l@dLcolrawbox4394=\box1548
\l@dRcolrawbox4394=\box1549
\l@dLcolrawbox4393=\box1550
\l@dRcolrawbox4393=\box1551
\l@dLcolrawbox4392=\box1552
\l@dRcolrawbox4392=\box1553
\l@dLcolrawbox4391=\box1554
\l@dRcolrawbox4391=\box1555
\l@dLcolrawbox4390=\box1556
\l@dRcolrawbox4390=\box1557
\l@dLcolrawbox4389=\box1558
\l@dRcolrawbox4389=\box1559
\l@dLcolrawbox4388=\box1560
\l@dRcolrawbox4388=\box1561
\l@dLcolrawbox4387=\box1562
\l@dRcolrawbox4387=\box1563
\l@dLcolrawbox4386=\box1564
\l@dRcolrawbox4386=\box1565
\l@dLcolrawbox4385=\box1566
\l@dRcolrawbox4385=\box1567
\l@dLcolrawbox4384=\box1568
\l@dRcolrawbox4384=\box1569
\l@dLcolrawbox4383=\box1570
\l@dRcolrawbox4383=\box1571
\l@dLcolrawbox4382=\box1572
\l@dRcolrawbox4382=\box1573
\l@dLcolrawbox4381=\box1574
\l@dRcolrawbox4381=\box1575
\l@dLcolrawbox4380=\box1576
\l@dRcolrawbox4380=\box1577
\l@dLcolrawbox4379=\box1578
\l@dRcolrawbox4379=\box1579
\l@dLcolrawbox4378=\box1580
\l@dRcolrawbox4378=\box1581
\l@dLcolrawbox4377=\box1582
\l@dRcolrawbox4377=\box1583
\l@dLcolrawbox4376=\box1584
\l@dRcolrawbox4376=\box1585
\l@dLcolrawbox4375=\box1586
\l@dRcolrawbox4375=\box1587
\l@dLcolrawbox4374=\box1588
\l@dRcolrawbox4374=\box1589
\l@dLcolrawbox4373=\box1590
\l@dRcolrawbox4373=\box1591
\l@dLcolrawbox4372=\box1592
\l@dRcolrawbox4372=\box1593
\l@dLcolrawbox4371=\box1594
\l@dRcolrawbox4371=\box1595
\l@dLcolrawbox4370=\box1596
\l@dRcolrawbox4370=\box1597
\l@dLcolrawbox4369=\box1598
\l@dRcolrawbox4369=\box1599
\l@dLcolrawbox4368=\box1600
\l@dRcolrawbox4368=\box1601
\l@dLcolrawbox4367=\box1602
\l@dRcolrawbox4367=\box1603
\l@dLcolrawbox4366=\box1604
\l@dRcolrawbox4366=\box1605
\l@dLcolrawbox4365=\box1606
\l@dRcolrawbox4365=\box1607
\l@dLcolrawbox4364=\box1608
\l@dRcolrawbox4364=\box1609
\l@dLcolrawbox4363=\box1610
\l@dRcolrawbox4363=\box1611
\l@dLcolrawbox4362=\box1612
\l@dRcolrawbox4362=\box1613
\l@dLcolrawbox4361=\box1614
\l@dRcolrawbox4361=\box1615
\l@dLcolrawbox4360=\box1616
\l@dRcolrawbox4360=\box1617
\l@dLcolrawbox4359=\box1618
\l@dRcolrawbox4359=\box1619
\l@dLcolrawbox4358=\box1620
\l@dRcolrawbox4358=\box1621
\l@dLcolrawbox4357=\box1622
\l@dRcolrawbox4357=\box1623
\l@dLcolrawbox4356=\box1624
\l@dRcolrawbox4356=\box1625
\l@dLcolrawbox4355=\box1626
\l@dRcolrawbox4355=\box1627
\l@dLcolrawbox4354=\box1628
\l@dRcolrawbox4354=\box1629
\l@dLcolrawbox4353=\box1630
\l@dRcolrawbox4353=\box1631
\l@dLcolrawbox4352=\box1632
\l@dRcolrawbox4352=\box1633
\l@dLcolrawbox4351=\box1634
\l@dRcolrawbox4351=\box1635
\l@dLcolrawbox4350=\box1636
\l@dRcolrawbox4350=\box1637
\l@dLcolrawbox4349=\box1638
\l@dRcolrawbox4349=\box1639
\l@dLcolrawbox4348=\box1640
\l@dRcolrawbox4348=\box1641
\l@dLcolrawbox4347=\box1642
\l@dRcolrawbox4347=\box1643
\l@dLcolrawbox4346=\box1644
\l@dRcolrawbox4346=\box1645
\l@dLcolrawbox4345=\box1646
\l@dRcolrawbox4345=\box1647
\l@dLcolrawbox4344=\box1648
\l@dRcolrawbox4344=\box1649
\l@dLcolrawbox4343=\box1650
\l@dRcolrawbox4343=\box1651
\l@dLcolrawbox4342=\box1652
\l@dRcolrawbox4342=\box1653
\l@dLcolrawbox4341=\box1654
\l@dRcolrawbox4341=\box1655
\l@dLcolrawbox4340=\box1656
\l@dRcolrawbox4340=\box1657
\l@dLcolrawbox4339=\box1658
\l@dRcolrawbox4339=\box1659
\l@dLcolrawbox4338=\box1660
\l@dRcolrawbox4338=\box1661
\l@dLcolrawbox4337=\box1662
\l@dRcolrawbox4337=\box1663
\l@dLcolrawbox4336=\box1664
\l@dRcolrawbox4336=\box1665
\l@dLcolrawbox4335=\box1666
\l@dRcolrawbox4335=\box1667
\l@dLcolrawbox4334=\box1668
\l@dRcolrawbox4334=\box1669
\l@dLcolrawbox4333=\box1670
\l@dRcolrawbox4333=\box1671
\l@dLcolrawbox4332=\box1672
\l@dRcolrawbox4332=\box1673
\l@dLcolrawbox4331=\box1674
\l@dRcolrawbox4331=\box1675
\l@dLcolrawbox4330=\box1676
\l@dRcolrawbox4330=\box1677
\l@dLcolrawbox4329=\box1678
\l@dRcolrawbox4329=\box1679
\l@dLcolrawbox4328=\box1680
\l@dRcolrawbox4328=\box1681
\l@dLcolrawbox4327=\box1682
\l@dRcolrawbox4327=\box1683
\l@dLcolrawbox4326=\box1684
\l@dRcolrawbox4326=\box1685
\l@dLcolrawbox4325=\box1686
\l@dRcolrawbox4325=\box1687
\l@dLcolrawbox4324=\box1688
\l@dRcolrawbox4324=\box1689
\l@dLcolrawbox4323=\box1690
\l@dRcolrawbox4323=\box1691
\l@dLcolrawbox4322=\box1692
\l@dRcolrawbox4322=\box1693
\l@dLcolrawbox4321=\box1694
\l@dRcolrawbox4321=\box1695
\l@dLcolrawbox4320=\box1696
\l@dRcolrawbox4320=\box1697
\l@dLcolrawbox4319=\box1698
\l@dRcolrawbox4319=\box1699
\l@dLcolrawbox4318=\box1700
\l@dRcolrawbox4318=\box1701
\l@dLcolrawbox4317=\box1702
\l@dRcolrawbox4317=\box1703
\l@dLcolrawbox4316=\box1704
\l@dRcolrawbox4316=\box1705
\l@dLcolrawbox4315=\box1706
\l@dRcolrawbox4315=\box1707
\l@dLcolrawbox4314=\box1708
\l@dRcolrawbox4314=\box1709
\l@dLcolrawbox4313=\box1710
\l@dRcolrawbox4313=\box1711
\l@dLcolrawbox4312=\box1712
\l@dRcolrawbox4312=\box1713
\l@dLcolrawbox4311=\box1714
\l@dRcolrawbox4311=\box1715
\l@dLcolrawbox4310=\box1716
\l@dRcolrawbox4310=\box1717
\l@dLcolrawbox4309=\box1718
\l@dRcolrawbox4309=\box1719
\l@dLcolrawbox4308=\box1720
\l@dRcolrawbox4308=\box1721
\l@dLcolrawbox4307=\box1722
\l@dRcolrawbox4307=\box1723
\l@dLcolrawbox4306=\box1724
\l@dRcolrawbox4306=\box1725
\l@dLcolrawbox4305=\box1726
\l@dRcolrawbox4305=\box1727
\l@dLcolrawbox4304=\box1728
\l@dRcolrawbox4304=\box1729
\l@dLcolrawbox4303=\box1730
\l@dRcolrawbox4303=\box1731
\l@dLcolrawbox4302=\box1732
\l@dRcolrawbox4302=\box1733
\l@dLcolrawbox4301=\box1734
\l@dRcolrawbox4301=\box1735
\l@dLcolrawbox4300=\box1736
\l@dRcolrawbox4300=\box1737
\l@dLcolrawbox4299=\box1738
\l@dRcolrawbox4299=\box1739
\l@dLcolrawbox4298=\box1740
\l@dRcolrawbox4298=\box1741
\l@dLcolrawbox4297=\box1742
\l@dRcolrawbox4297=\box1743
\l@dLcolrawbox4296=\box1744
\l@dRcolrawbox4296=\box1745
\l@dLcolrawbox4295=\box1746
\l@dRcolrawbox4295=\box1747
\l@dLcolrawbox4294=\box1748
\l@dRcolrawbox4294=\box1749
\l@dLcolrawbox4293=\box1750
\l@dRcolrawbox4293=\box1751
\l@dLcolrawbox4292=\box1752
\l@dRcolrawbox4292=\box1753
\l@dLcolrawbox4291=\box1754
\l@dRcolrawbox4291=\box1755
\l@dLcolrawbox4290=\box1756
\l@dRcolrawbox4290=\box1757
\l@dLcolrawbox4289=\box1758
\l@dRcolrawbox4289=\box1759
\l@dLcolrawbox4288=\box1760
\l@dRcolrawbox4288=\box1761
\l@dLcolrawbox4287=\box1762
\l@dRcolrawbox4287=\box1763
\l@dLcolrawbox4286=\box1764
\l@dRcolrawbox4286=\box1765
\l@dLcolrawbox4285=\box1766
\l@dRcolrawbox4285=\box1767
\l@dLcolrawbox4284=\box1768
\l@dRcolrawbox4284=\box1769
\l@dLcolrawbox4283=\box1770
\l@dRcolrawbox4283=\box1771
\l@dLcolrawbox4282=\box1772
\l@dRcolrawbox4282=\box1773
\l@dLcolrawbox4281=\box1774
\l@dRcolrawbox4281=\box1775
\l@dLcolrawbox4280=\box1776
\l@dRcolrawbox4280=\box1777
\l@dLcolrawbox4279=\box1778
\l@dRcolrawbox4279=\box1779
\l@dLcolrawbox4278=\box1780
\l@dRcolrawbox4278=\box1781
\l@dLcolrawbox4277=\box1782
\l@dRcolrawbox4277=\box1783
\l@dLcolrawbox4276=\box1784
\l@dRcolrawbox4276=\box1785
\l@dLcolrawbox4275=\box1786
\l@dRcolrawbox4275=\box1787
\l@dLcolrawbox4274=\box1788
\l@dRcolrawbox4274=\box1789
\l@dLcolrawbox4273=\box1790
\l@dRcolrawbox4273=\box1791
\l@dLcolrawbox4272=\box1792
\l@dRcolrawbox4272=\box1793
\l@dLcolrawbox4271=\box1794
\l@dRcolrawbox4271=\box1795
\l@dLcolrawbox4270=\box1796
\l@dRcolrawbox4270=\box1797
\l@dLcolrawbox4269=\box1798
\l@dRcolrawbox4269=\box1799
\l@dLcolrawbox4268=\box1800
\l@dRcolrawbox4268=\box1801
\l@dLcolrawbox4267=\box1802
\l@dRcolrawbox4267=\box1803
\l@dLcolrawbox4266=\box1804
\l@dRcolrawbox4266=\box1805
\l@dLcolrawbox4265=\box1806
\l@dRcolrawbox4265=\box1807
\l@dLcolrawbox4264=\box1808
\l@dRcolrawbox4264=\box1809
\l@dLcolrawbox4263=\box1810
\l@dRcolrawbox4263=\box1811
\l@dLcolrawbox4262=\box1812
\l@dRcolrawbox4262=\box1813
\l@dLcolrawbox4261=\box1814
\l@dRcolrawbox4261=\box1815
\l@dLcolrawbox4260=\box1816
\l@dRcolrawbox4260=\box1817
\l@dLcolrawbox4259=\box1818
\l@dRcolrawbox4259=\box1819
\l@dLcolrawbox4258=\box1820
\l@dRcolrawbox4258=\box1821
\l@dLcolrawbox4257=\box1822
\l@dRcolrawbox4257=\box1823
\l@dLcolrawbox4256=\box1824
\l@dRcolrawbox4256=\box1825
\l@dLcolrawbox4255=\box1826
\l@dRcolrawbox4255=\box1827
\l@dLcolrawbox4254=\box1828
\l@dRcolrawbox4254=\box1829
\l@dLcolrawbox4253=\box1830
\l@dRcolrawbox4253=\box1831
\l@dLcolrawbox4252=\box1832
\l@dRcolrawbox4252=\box1833
\l@dLcolrawbox4251=\box1834
\l@dRcolrawbox4251=\box1835
\l@dLcolrawbox4250=\box1836
\l@dRcolrawbox4250=\box1837
\l@dLcolrawbox4249=\box1838
\l@dRcolrawbox4249=\box1839
\l@dLcolrawbox4248=\box1840
\l@dRcolrawbox4248=\box1841
\l@dLcolrawbox4247=\box1842
\l@dRcolrawbox4247=\box1843
\l@dLcolrawbox4246=\box1844
\l@dRcolrawbox4246=\box1845
\l@dLcolrawbox4245=\box1846
\l@dRcolrawbox4245=\box1847
\l@dLcolrawbox4244=\box1848
\l@dRcolrawbox4244=\box1849
\l@dLcolrawbox4243=\box1850
\l@dRcolrawbox4243=\box1851
\l@dLcolrawbox4242=\box1852
\l@dRcolrawbox4242=\box1853
\l@dLcolrawbox4241=\box1854
\l@dRcolrawbox4241=\box1855
\l@dLcolrawbox4240=\box1856
\l@dRcolrawbox4240=\box1857
\l@dLcolrawbox4239=\box1858
\l@dRcolrawbox4239=\box1859
\l@dLcolrawbox4238=\box1860
\l@dRcolrawbox4238=\box1861
\l@dLcolrawbox4237=\box1862
\l@dRcolrawbox4237=\box1863
\l@dLcolrawbox4236=\box1864
\l@dRcolrawbox4236=\box1865
\l@dLcolrawbox4235=\box1866
\l@dRcolrawbox4235=\box1867
\l@dLcolrawbox4234=\box1868
\l@dRcolrawbox4234=\box1869
\l@dLcolrawbox4233=\box1870
\l@dRcolrawbox4233=\box1871
\l@dLcolrawbox4232=\box1872
\l@dRcolrawbox4232=\box1873
\l@dLcolrawbox4231=\box1874
\l@dRcolrawbox4231=\box1875
\l@dLcolrawbox4230=\box1876
\l@dRcolrawbox4230=\box1877
\l@dLcolrawbox4229=\box1878
\l@dRcolrawbox4229=\box1879
\l@dLcolrawbox4228=\box1880
\l@dRcolrawbox4228=\box1881
\l@dLcolrawbox4227=\box1882
\l@dRcolrawbox4227=\box1883
\l@dLcolrawbox4226=\box1884
\l@dRcolrawbox4226=\box1885
\l@dLcolrawbox4225=\box1886
\l@dRcolrawbox4225=\box1887
\l@dLcolrawbox4224=\box1888
\l@dRcolrawbox4224=\box1889
\l@dLcolrawbox4223=\box1890
\l@dRcolrawbox4223=\box1891
\l@dLcolrawbox4222=\box1892
\l@dRcolrawbox4222=\box1893
\l@dLcolrawbox4221=\box1894
\l@dRcolrawbox4221=\box1895
\l@dLcolrawbox4220=\box1896
\l@dRcolrawbox4220=\box1897
\l@dLcolrawbox4219=\box1898
\l@dRcolrawbox4219=\box1899
\l@dLcolrawbox4218=\box1900
\l@dRcolrawbox4218=\box1901
\l@dLcolrawbox4217=\box1902
\l@dRcolrawbox4217=\box1903
\l@dLcolrawbox4216=\box1904
\l@dRcolrawbox4216=\box1905
\l@dLcolrawbox4215=\box1906
\l@dRcolrawbox4215=\box1907
\l@dLcolrawbox4214=\box1908
\l@dRcolrawbox4214=\box1909
\l@dLcolrawbox4213=\box1910
\l@dRcolrawbox4213=\box1911
\l@dLcolrawbox4212=\box1912
\l@dRcolrawbox4212=\box1913
\l@dLcolrawbox4211=\box1914
\l@dRcolrawbox4211=\box1915
\l@dLcolrawbox4210=\box1916
\l@dRcolrawbox4210=\box1917
\l@dLcolrawbox4209=\box1918
\l@dRcolrawbox4209=\box1919
\l@dLcolrawbox4208=\box1920
\l@dRcolrawbox4208=\box1921
\l@dLcolrawbox4207=\box1922
\l@dRcolrawbox4207=\box1923
\l@dLcolrawbox4206=\box1924
\l@dRcolrawbox4206=\box1925
\l@dLcolrawbox4205=\box1926
\l@dRcolrawbox4205=\box1927
\l@dLcolrawbox4204=\box1928
\l@dRcolrawbox4204=\box1929
\l@dLcolrawbox4203=\box1930
\l@dRcolrawbox4203=\box1931
\l@dLcolrawbox4202=\box1932
\l@dRcolrawbox4202=\box1933
\l@dLcolrawbox4201=\box1934
\l@dRcolrawbox4201=\box1935
\l@dLcolrawbox4200=\box1936
\l@dRcolrawbox4200=\box1937
\l@dLcolrawbox4199=\box1938
\l@dRcolrawbox4199=\box1939
\l@dLcolrawbox4198=\box1940
\l@dRcolrawbox4198=\box1941
\l@dLcolrawbox4197=\box1942
\l@dRcolrawbox4197=\box1943
\l@dLcolrawbox4196=\box1944
\l@dRcolrawbox4196=\box1945
\l@dLcolrawbox4195=\box1946
\l@dRcolrawbox4195=\box1947
\l@dLcolrawbox4194=\box1948
\l@dRcolrawbox4194=\box1949
\l@dLcolrawbox4193=\box1950
\l@dRcolrawbox4193=\box1951
\l@dLcolrawbox4192=\box1952
\l@dRcolrawbox4192=\box1953
\l@dLcolrawbox4191=\box1954
\l@dRcolrawbox4191=\box1955
\l@dLcolrawbox4190=\box1956
\l@dRcolrawbox4190=\box1957
\l@dLcolrawbox4189=\box1958
\l@dRcolrawbox4189=\box1959
\l@dLcolrawbox4188=\box1960
\l@dRcolrawbox4188=\box1961
\l@dLcolrawbox4187=\box1962
\l@dRcolrawbox4187=\box1963
\l@dLcolrawbox4186=\box1964
\l@dRcolrawbox4186=\box1965
\l@dLcolrawbox4185=\box1966
\l@dRcolrawbox4185=\box1967
\l@dLcolrawbox4184=\box1968
\l@dRcolrawbox4184=\box1969
\l@dLcolrawbox4183=\box1970
\l@dRcolrawbox4183=\box1971
\l@dLcolrawbox4182=\box1972
\l@dRcolrawbox4182=\box1973
\l@dLcolrawbox4181=\box1974
\l@dRcolrawbox4181=\box1975
\l@dLcolrawbox4180=\box1976
\l@dRcolrawbox4180=\box1977
\l@dLcolrawbox4179=\box1978
\l@dRcolrawbox4179=\box1979
\l@dLcolrawbox4178=\box1980
\l@dRcolrawbox4178=\box1981
\l@dLcolrawbox4177=\box1982
\l@dRcolrawbox4177=\box1983
\l@dLcolrawbox4176=\box1984
\l@dRcolrawbox4176=\box1985
\l@dLcolrawbox4175=\box1986
\l@dRcolrawbox4175=\box1987
\l@dLcolrawbox4174=\box1988
\l@dRcolrawbox4174=\box1989
\l@dLcolrawbox4173=\box1990
\l@dRcolrawbox4173=\box1991
\l@dLcolrawbox4172=\box1992
\l@dRcolrawbox4172=\box1993
\l@dLcolrawbox4171=\box1994
\l@dRcolrawbox4171=\box1995
\l@dLcolrawbox4170=\box1996
\l@dRcolrawbox4170=\box1997
\l@dLcolrawbox4169=\box1998
\l@dRcolrawbox4169=\box1999
\l@dLcolrawbox4168=\box2000
\l@dRcolrawbox4168=\box2001
\l@dLcolrawbox4167=\box2002
\l@dRcolrawbox4167=\box2003
\l@dLcolrawbox4166=\box2004
\l@dRcolrawbox4166=\box2005
\l@dLcolrawbox4165=\box2006
\l@dRcolrawbox4165=\box2007
\l@dLcolrawbox4164=\box2008
\l@dRcolrawbox4164=\box2009
\l@dLcolrawbox4163=\box2010
\l@dRcolrawbox4163=\box2011
\l@dLcolrawbox4162=\box2012
\l@dRcolrawbox4162=\box2013
\l@dLcolrawbox4161=\box2014
\l@dRcolrawbox4161=\box2015
\l@dLcolrawbox4160=\box2016
\l@dRcolrawbox4160=\box2017
\l@dLcolrawbox4159=\box2018
\l@dRcolrawbox4159=\box2019
\l@dLcolrawbox4158=\box2020
\l@dRcolrawbox4158=\box2021
\l@dLcolrawbox4157=\box2022
\l@dRcolrawbox4157=\box2023
\l@dLcolrawbox4156=\box2024
\l@dRcolrawbox4156=\box2025
\l@dLcolrawbox4155=\box2026
\l@dRcolrawbox4155=\box2027
\l@dLcolrawbox4154=\box2028
\l@dRcolrawbox4154=\box2029
\l@dLcolrawbox4153=\box2030
\l@dRcolrawbox4153=\box2031
\l@dLcolrawbox4152=\box2032
\l@dRcolrawbox4152=\box2033
\l@dLcolrawbox4151=\box2034
\l@dRcolrawbox4151=\box2035
\l@dLcolrawbox4150=\box2036
\l@dRcolrawbox4150=\box2037
\l@dLcolrawbox4149=\box2038
\l@dRcolrawbox4149=\box2039
\l@dLcolrawbox4148=\box2040
\l@dRcolrawbox4148=\box2041
\l@dLcolrawbox4147=\box2042
\l@dRcolrawbox4147=\box2043
\l@dLcolrawbox4146=\box2044
\l@dRcolrawbox4146=\box2045
\l@dLcolrawbox4145=\box2046
\l@dRcolrawbox4145=\box2047
\l@dLcolrawbox4144=\box2048
\l@dRcolrawbox4144=\box2049
\l@dLcolrawbox4143=\box2050
\l@dRcolrawbox4143=\box2051
\l@dLcolrawbox4142=\box2052
\l@dRcolrawbox4142=\box2053
\l@dLcolrawbox4141=\box2054
\l@dRcolrawbox4141=\box2055
\l@dLcolrawbox4140=\box2056
\l@dRcolrawbox4140=\box2057
\l@dLcolrawbox4139=\box2058
\l@dRcolrawbox4139=\box2059
\l@dLcolrawbox4138=\box2060
\l@dRcolrawbox4138=\box2061
\l@dLcolrawbox4137=\box2062
\l@dRcolrawbox4137=\box2063
\l@dLcolrawbox4136=\box2064
\l@dRcolrawbox4136=\box2065
\l@dLcolrawbox4135=\box2066
\l@dRcolrawbox4135=\box2067
\l@dLcolrawbox4134=\box2068
\l@dRcolrawbox4134=\box2069
\l@dLcolrawbox4133=\box2070
\l@dRcolrawbox4133=\box2071
\l@dLcolrawbox4132=\box2072
\l@dRcolrawbox4132=\box2073
\l@dLcolrawbox4131=\box2074
\l@dRcolrawbox4131=\box2075
\l@dLcolrawbox4130=\box2076
\l@dRcolrawbox4130=\box2077
\l@dLcolrawbox4129=\box2078
\l@dRcolrawbox4129=\box2079
\l@dLcolrawbox4128=\box2080
\l@dRcolrawbox4128=\box2081
\l@dLcolrawbox4127=\box2082
\l@dRcolrawbox4127=\box2083
\l@dLcolrawbox4126=\box2084
\l@dRcolrawbox4126=\box2085
\l@dLcolrawbox4125=\box2086
\l@dRcolrawbox4125=\box2087
\l@dLcolrawbox4124=\box2088
\l@dRcolrawbox4124=\box2089
\l@dLcolrawbox4123=\box2090
\l@dRcolrawbox4123=\box2091
\l@dLcolrawbox4122=\box2092
\l@dRcolrawbox4122=\box2093
\l@dLcolrawbox4121=\box2094
\l@dRcolrawbox4121=\box2095
\l@dLcolrawbox4120=\box2096
\l@dRcolrawbox4120=\box2097
\l@dLcolrawbox4119=\box2098
\l@dRcolrawbox4119=\box2099
\l@dLcolrawbox4118=\box2100
\l@dRcolrawbox4118=\box2101
\l@dLcolrawbox4117=\box2102
\l@dRcolrawbox4117=\box2103
\l@dLcolrawbox4116=\box2104
\l@dRcolrawbox4116=\box2105
\l@dLcolrawbox4115=\box2106
\l@dRcolrawbox4115=\box2107
\l@dLcolrawbox4114=\box2108
\l@dRcolrawbox4114=\box2109
\l@dLcolrawbox4113=\box2110
\l@dRcolrawbox4113=\box2111
\l@dLcolrawbox4112=\box2112
\l@dRcolrawbox4112=\box2113
\l@dLcolrawbox4111=\box2114
\l@dRcolrawbox4111=\box2115
\l@dLcolrawbox4110=\box2116
\l@dRcolrawbox4110=\box2117
\l@dLcolrawbox4109=\box2118
\l@dRcolrawbox4109=\box2119
\l@dLcolrawbox4108=\box2120
\l@dRcolrawbox4108=\box2121
\l@dLcolrawbox4107=\box2122
\l@dRcolrawbox4107=\box2123
\l@dLcolrawbox4106=\box2124
\l@dRcolrawbox4106=\box2125
\l@dLcolrawbox4105=\box2126
\l@dRcolrawbox4105=\box2127
\l@dLcolrawbox4104=\box2128
\l@dRcolrawbox4104=\box2129
\l@dLcolrawbox4103=\box2130
\l@dRcolrawbox4103=\box2131
\l@dLcolrawbox4102=\box2132
\l@dRcolrawbox4102=\box2133
\l@dLcolrawbox4101=\box2134
\l@dRcolrawbox4101=\box2135
\l@dLcolrawbox4100=\box2136
\l@dRcolrawbox4100=\box2137
\l@dLcolrawbox4099=\box2138
\l@dRcolrawbox4099=\box2139
\l@dLcolrawbox4098=\box2140
\l@dRcolrawbox4098=\box2141
\l@dLcolrawbox4097=\box2142
\l@dRcolrawbox4097=\box2143
\l@dLcolrawbox4096=\box2144
\l@dRcolrawbox4096=\box2145
\l@dLcolrawbox4095=\box2146
\l@dRcolrawbox4095=\box2147
\l@dLcolrawbox4094=\box2148
\l@dRcolrawbox4094=\box2149
\l@dLcolrawbox4093=\box2150
\l@dRcolrawbox4093=\box2151
\l@dLcolrawbox4092=\box2152
\l@dRcolrawbox4092=\box2153
\l@dLcolrawbox4091=\box2154
\l@dRcolrawbox4091=\box2155
\l@dLcolrawbox4090=\box2156
\l@dRcolrawbox4090=\box2157
\l@dLcolrawbox4089=\box2158
\l@dRcolrawbox4089=\box2159
\l@dLcolrawbox4088=\box2160
\l@dRcolrawbox4088=\box2161
\l@dLcolrawbox4087=\box2162
\l@dRcolrawbox4087=\box2163
\l@dLcolrawbox4086=\box2164
\l@dRcolrawbox4086=\box2165
\l@dLcolrawbox4085=\box2166
\l@dRcolrawbox4085=\box2167
\l@dLcolrawbox4084=\box2168
\l@dRcolrawbox4084=\box2169
\l@dLcolrawbox4083=\box2170
\l@dRcolrawbox4083=\box2171
\l@dLcolrawbox4082=\box2172
\l@dRcolrawbox4082=\box2173
\l@dLcolrawbox4081=\box2174
\l@dRcolrawbox4081=\box2175
\l@dLcolrawbox4080=\box2176
\l@dRcolrawbox4080=\box2177
\l@dLcolrawbox4079=\box2178
\l@dRcolrawbox4079=\box2179
\l@dLcolrawbox4078=\box2180
\l@dRcolrawbox4078=\box2181
\l@dLcolrawbox4077=\box2182
\l@dRcolrawbox4077=\box2183
\l@dLcolrawbox4076=\box2184
\l@dRcolrawbox4076=\box2185
\l@dLcolrawbox4075=\box2186
\l@dRcolrawbox4075=\box2187
\l@dLcolrawbox4074=\box2188
\l@dRcolrawbox4074=\box2189
\l@dLcolrawbox4073=\box2190
\l@dRcolrawbox4073=\box2191
\l@dLcolrawbox4072=\box2192
\l@dRcolrawbox4072=\box2193
\l@dLcolrawbox4071=\box2194
\l@dRcolrawbox4071=\box2195
\l@dLcolrawbox4070=\box2196
\l@dRcolrawbox4070=\box2197
\l@dLcolrawbox4069=\box2198
\l@dRcolrawbox4069=\box2199
\l@dLcolrawbox4068=\box2200
\l@dRcolrawbox4068=\box2201
\l@dLcolrawbox4067=\box2202
\l@dRcolrawbox4067=\box2203
\l@dLcolrawbox4066=\box2204
\l@dRcolrawbox4066=\box2205
\l@dLcolrawbox4065=\box2206
\l@dRcolrawbox4065=\box2207
\l@dLcolrawbox4064=\box2208
\l@dRcolrawbox4064=\box2209
\l@dLcolrawbox4063=\box2210
\l@dRcolrawbox4063=\box2211
\l@dLcolrawbox4062=\box2212
\l@dRcolrawbox4062=\box2213
\l@dLcolrawbox4061=\box2214
\l@dRcolrawbox4061=\box2215
\l@dLcolrawbox4060=\box2216
\l@dRcolrawbox4060=\box2217
\l@dLcolrawbox4059=\box2218
\l@dRcolrawbox4059=\box2219
\l@dLcolrawbox4058=\box2220
\l@dRcolrawbox4058=\box2221
\l@dLcolrawbox4057=\box2222
\l@dRcolrawbox4057=\box2223
\l@dLcolrawbox4056=\box2224
\l@dRcolrawbox4056=\box2225
\l@dLcolrawbox4055=\box2226
\l@dRcolrawbox4055=\box2227
\l@dLcolrawbox4054=\box2228
\l@dRcolrawbox4054=\box2229
\l@dLcolrawbox4053=\box2230
\l@dRcolrawbox4053=\box2231
\l@dLcolrawbox4052=\box2232
\l@dRcolrawbox4052=\box2233
\l@dLcolrawbox4051=\box2234
\l@dRcolrawbox4051=\box2235
\l@dLcolrawbox4050=\box2236
\l@dRcolrawbox4050=\box2237
\l@dLcolrawbox4049=\box2238
\l@dRcolrawbox4049=\box2239
\l@dLcolrawbox4048=\box2240
\l@dRcolrawbox4048=\box2241
\l@dLcolrawbox4047=\box2242
\l@dRcolrawbox4047=\box2243
\l@dLcolrawbox4046=\box2244
\l@dRcolrawbox4046=\box2245
\l@dLcolrawbox4045=\box2246
\l@dRcolrawbox4045=\box2247
\l@dLcolrawbox4044=\box2248
\l@dRcolrawbox4044=\box2249
\l@dLcolrawbox4043=\box2250
\l@dRcolrawbox4043=\box2251
\l@dLcolrawbox4042=\box2252
\l@dRcolrawbox4042=\box2253
\l@dLcolrawbox4041=\box2254
\l@dRcolrawbox4041=\box2255
\l@dLcolrawbox4040=\box2256
\l@dRcolrawbox4040=\box2257
\l@dLcolrawbox4039=\box2258
\l@dRcolrawbox4039=\box2259
\l@dLcolrawbox4038=\box2260
\l@dRcolrawbox4038=\box2261
\l@dLcolrawbox4037=\box2262
\l@dRcolrawbox4037=\box2263
\l@dLcolrawbox4036=\box2264
\l@dRcolrawbox4036=\box2265
\l@dLcolrawbox4035=\box2266
\l@dRcolrawbox4035=\box2267
\l@dLcolrawbox4034=\box2268
\l@dRcolrawbox4034=\box2269
\l@dLcolrawbox4033=\box2270
\l@dRcolrawbox4033=\box2271
\l@dLcolrawbox4032=\box2272
\l@dRcolrawbox4032=\box2273
\l@dLcolrawbox4031=\box2274
\l@dRcolrawbox4031=\box2275
\l@dLcolrawbox4030=\box2276
\l@dRcolrawbox4030=\box2277
\l@dLcolrawbox4029=\box2278
\l@dRcolrawbox4029=\box2279
\l@dLcolrawbox4028=\box2280
\l@dRcolrawbox4028=\box2281
\l@dLcolrawbox4027=\box2282
\l@dRcolrawbox4027=\box2283
\l@dLcolrawbox4026=\box2284
\l@dRcolrawbox4026=\box2285
\l@dLcolrawbox4025=\box2286
\l@dRcolrawbox4025=\box2287
\l@dLcolrawbox4024=\box2288
\l@dRcolrawbox4024=\box2289
\l@dLcolrawbox4023=\box2290
\l@dRcolrawbox4023=\box2291
\l@dLcolrawbox4022=\box2292
\l@dRcolrawbox4022=\box2293
\l@dLcolrawbox4021=\box2294
\l@dRcolrawbox4021=\box2295
\l@dLcolrawbox4020=\box2296
\l@dRcolrawbox4020=\box2297
\l@dLcolrawbox4019=\box2298
\l@dRcolrawbox4019=\box2299
\l@dLcolrawbox4018=\box2300
\l@dRcolrawbox4018=\box2301
\l@dLcolrawbox4017=\box2302
\l@dRcolrawbox4017=\box2303
\l@dLcolrawbox4016=\box2304
\l@dRcolrawbox4016=\box2305
\l@dLcolrawbox4015=\box2306
\l@dRcolrawbox4015=\box2307
\l@dLcolrawbox4014=\box2308
\l@dRcolrawbox4014=\box2309
\l@dLcolrawbox4013=\box2310
\l@dRcolrawbox4013=\box2311
\l@dLcolrawbox4012=\box2312
\l@dRcolrawbox4012=\box2313
\l@dLcolrawbox4011=\box2314
\l@dRcolrawbox4011=\box2315
\l@dLcolrawbox4010=\box2316
\l@dRcolrawbox4010=\box2317
\l@dLcolrawbox4009=\box2318
\l@dRcolrawbox4009=\box2319
\l@dLcolrawbox4008=\box2320
\l@dRcolrawbox4008=\box2321
\l@dLcolrawbox4007=\box2322
\l@dRcolrawbox4007=\box2323
\l@dLcolrawbox4006=\box2324
\l@dRcolrawbox4006=\box2325
\l@dLcolrawbox4005=\box2326
\l@dRcolrawbox4005=\box2327
\l@dLcolrawbox4004=\box2328
\l@dRcolrawbox4004=\box2329
\l@dLcolrawbox4003=\box2330
\l@dRcolrawbox4003=\box2331
\l@dLcolrawbox4002=\box2332
\l@dRcolrawbox4002=\box2333
\l@dLcolrawbox4001=\box2334
\l@dRcolrawbox4001=\box2335
\l@dLcolrawbox4000=\box2336
\l@dRcolrawbox4000=\box2337
\l@dLcolrawbox3999=\box2338
\l@dRcolrawbox3999=\box2339
\l@dLcolrawbox3998=\box2340
\l@dRcolrawbox3998=\box2341
\l@dLcolrawbox3997=\box2342
\l@dRcolrawbox3997=\box2343
\l@dLcolrawbox3996=\box2344
\l@dRcolrawbox3996=\box2345
\l@dLcolrawbox3995=\box2346
\l@dRcolrawbox3995=\box2347
\l@dLcolrawbox3994=\box2348
\l@dRcolrawbox3994=\box2349
\l@dLcolrawbox3993=\box2350
\l@dRcolrawbox3993=\box2351
\l@dLcolrawbox3992=\box2352
\l@dRcolrawbox3992=\box2353
\l@dLcolrawbox3991=\box2354
\l@dRcolrawbox3991=\box2355
\l@dLcolrawbox3990=\box2356
\l@dRcolrawbox3990=\box2357
\l@dLcolrawbox3989=\box2358
\l@dRcolrawbox3989=\box2359
\l@dLcolrawbox3988=\box2360
\l@dRcolrawbox3988=\box2361
\l@dLcolrawbox3987=\box2362
\l@dRcolrawbox3987=\box2363
\l@dLcolrawbox3986=\box2364
\l@dRcolrawbox3986=\box2365
\l@dLcolrawbox3985=\box2366
\l@dRcolrawbox3985=\box2367
\l@dLcolrawbox3984=\box2368
\l@dRcolrawbox3984=\box2369
\l@dLcolrawbox3983=\box2370
\l@dRcolrawbox3983=\box2371
\l@dLcolrawbox3982=\box2372
\l@dRcolrawbox3982=\box2373
\l@dLcolrawbox3981=\box2374
\l@dRcolrawbox3981=\box2375
\l@dLcolrawbox3980=\box2376
\l@dRcolrawbox3980=\box2377
\l@dLcolrawbox3979=\box2378
\l@dRcolrawbox3979=\box2379
\l@dLcolrawbox3978=\box2380
\l@dRcolrawbox3978=\box2381
\l@dLcolrawbox3977=\box2382
\l@dRcolrawbox3977=\box2383
\l@dLcolrawbox3976=\box2384
\l@dRcolrawbox3976=\box2385
\l@dLcolrawbox3975=\box2386
\l@dRcolrawbox3975=\box2387
\l@dLcolrawbox3974=\box2388
\l@dRcolrawbox3974=\box2389
\l@dLcolrawbox3973=\box2390
\l@dRcolrawbox3973=\box2391
\l@dLcolrawbox3972=\box2392
\l@dRcolrawbox3972=\box2393
\l@dLcolrawbox3971=\box2394
\l@dRcolrawbox3971=\box2395
\l@dLcolrawbox3970=\box2396
\l@dRcolrawbox3970=\box2397
\l@dLcolrawbox3969=\box2398
\l@dRcolrawbox3969=\box2399
\l@dLcolrawbox3968=\box2400
\l@dRcolrawbox3968=\box2401
\l@dLcolrawbox3967=\box2402
\l@dRcolrawbox3967=\box2403
\l@dLcolrawbox3966=\box2404
\l@dRcolrawbox3966=\box2405
\l@dLcolrawbox3965=\box2406
\l@dRcolrawbox3965=\box2407
\l@dLcolrawbox3964=\box2408
\l@dRcolrawbox3964=\box2409
\l@dLcolrawbox3963=\box2410
\l@dRcolrawbox3963=\box2411
\l@dLcolrawbox3962=\box2412
\l@dRcolrawbox3962=\box2413
\l@dLcolrawbox3961=\box2414
\l@dRcolrawbox3961=\box2415
\l@dLcolrawbox3960=\box2416
\l@dRcolrawbox3960=\box2417
\l@dLcolrawbox3959=\box2418
\l@dRcolrawbox3959=\box2419
\l@dLcolrawbox3958=\box2420
\l@dRcolrawbox3958=\box2421
\l@dLcolrawbox3957=\box2422
\l@dRcolrawbox3957=\box2423
\l@dLcolrawbox3956=\box2424
\l@dRcolrawbox3956=\box2425
\l@dLcolrawbox3955=\box2426
\l@dRcolrawbox3955=\box2427
\l@dLcolrawbox3954=\box2428
\l@dRcolrawbox3954=\box2429
\l@dLcolrawbox3953=\box2430
\l@dRcolrawbox3953=\box2431
\l@dLcolrawbox3952=\box2432
\l@dRcolrawbox3952=\box2433
\l@dLcolrawbox3951=\box2434
\l@dRcolrawbox3951=\box2435
\l@dLcolrawbox3950=\box2436
\l@dRcolrawbox3950=\box2437
\l@dLcolrawbox3949=\box2438
\l@dRcolrawbox3949=\box2439
\l@dLcolrawbox3948=\box2440
\l@dRcolrawbox3948=\box2441
\l@dLcolrawbox3947=\box2442
\l@dRcolrawbox3947=\box2443
\l@dLcolrawbox3946=\box2444
\l@dRcolrawbox3946=\box2445
\l@dLcolrawbox3945=\box2446
\l@dRcolrawbox3945=\box2447
\l@dLcolrawbox3944=\box2448
\l@dRcolrawbox3944=\box2449
\l@dLcolrawbox3943=\box2450
\l@dRcolrawbox3943=\box2451
\l@dLcolrawbox3942=\box2452
\l@dRcolrawbox3942=\box2453
\l@dLcolrawbox3941=\box2454
\l@dRcolrawbox3941=\box2455
\l@dLcolrawbox3940=\box2456
\l@dRcolrawbox3940=\box2457
\l@dLcolrawbox3939=\box2458
\l@dRcolrawbox3939=\box2459
\l@dLcolrawbox3938=\box2460
\l@dRcolrawbox3938=\box2461
\l@dLcolrawbox3937=\box2462
\l@dRcolrawbox3937=\box2463
\l@dLcolrawbox3936=\box2464
\l@dRcolrawbox3936=\box2465
\l@dLcolrawbox3935=\box2466
\l@dRcolrawbox3935=\box2467
\l@dLcolrawbox3934=\box2468
\l@dRcolrawbox3934=\box2469
\l@dLcolrawbox3933=\box2470
\l@dRcolrawbox3933=\box2471
\l@dLcolrawbox3932=\box2472
\l@dRcolrawbox3932=\box2473
\l@dLcolrawbox3931=\box2474
\l@dRcolrawbox3931=\box2475
\l@dLcolrawbox3930=\box2476
\l@dRcolrawbox3930=\box2477
\l@dLcolrawbox3929=\box2478
\l@dRcolrawbox3929=\box2479
\l@dLcolrawbox3928=\box2480
\l@dRcolrawbox3928=\box2481
\l@dLcolrawbox3927=\box2482
\l@dRcolrawbox3927=\box2483
\l@dLcolrawbox3926=\box2484
\l@dRcolrawbox3926=\box2485
\l@dLcolrawbox3925=\box2486
\l@dRcolrawbox3925=\box2487
\l@dLcolrawbox3924=\box2488
\l@dRcolrawbox3924=\box2489
\l@dLcolrawbox3923=\box2490
\l@dRcolrawbox3923=\box2491
\l@dLcolrawbox3922=\box2492
\l@dRcolrawbox3922=\box2493
\l@dLcolrawbox3921=\box2494
\l@dRcolrawbox3921=\box2495
\l@dLcolrawbox3920=\box2496
\l@dRcolrawbox3920=\box2497
\l@dLcolrawbox3919=\box2498
\l@dRcolrawbox3919=\box2499
\l@dLcolrawbox3918=\box2500
\l@dRcolrawbox3918=\box2501
\l@dLcolrawbox3917=\box2502
\l@dRcolrawbox3917=\box2503
\l@dLcolrawbox3916=\box2504
\l@dRcolrawbox3916=\box2505
\l@dLcolrawbox3915=\box2506
\l@dRcolrawbox3915=\box2507
\l@dLcolrawbox3914=\box2508
\l@dRcolrawbox3914=\box2509
\l@dLcolrawbox3913=\box2510
\l@dRcolrawbox3913=\box2511
\l@dLcolrawbox3912=\box2512
\l@dRcolrawbox3912=\box2513
\l@dLcolrawbox3911=\box2514
\l@dRcolrawbox3911=\box2515
\l@dLcolrawbox3910=\box2516
\l@dRcolrawbox3910=\box2517
\l@dLcolrawbox3909=\box2518
\l@dRcolrawbox3909=\box2519
\l@dLcolrawbox3908=\box2520
\l@dRcolrawbox3908=\box2521
\l@dLcolrawbox3907=\box2522
\l@dRcolrawbox3907=\box2523
\l@dLcolrawbox3906=\box2524
\l@dRcolrawbox3906=\box2525
\l@dLcolrawbox3905=\box2526
\l@dRcolrawbox3905=\box2527
\l@dLcolrawbox3904=\box2528
\l@dRcolrawbox3904=\box2529
\l@dLcolrawbox3903=\box2530
\l@dRcolrawbox3903=\box2531
\l@dLcolrawbox3902=\box2532
\l@dRcolrawbox3902=\box2533
\l@dLcolrawbox3901=\box2534
\l@dRcolrawbox3901=\box2535
\l@dLcolrawbox3900=\box2536
\l@dRcolrawbox3900=\box2537
\l@dLcolrawbox3899=\box2538
\l@dRcolrawbox3899=\box2539
\l@dLcolrawbox3898=\box2540
\l@dRcolrawbox3898=\box2541
\l@dLcolrawbox3897=\box2542
\l@dRcolrawbox3897=\box2543
\l@dLcolrawbox3896=\box2544
\l@dRcolrawbox3896=\box2545
\l@dLcolrawbox3895=\box2546
\l@dRcolrawbox3895=\box2547
\l@dLcolrawbox3894=\box2548
\l@dRcolrawbox3894=\box2549
\l@dLcolrawbox3893=\box2550
\l@dRcolrawbox3893=\box2551
\l@dLcolrawbox3892=\box2552
\l@dRcolrawbox3892=\box2553
\l@dLcolrawbox3891=\box2554
\l@dRcolrawbox3891=\box2555
\l@dLcolrawbox3890=\box2556
\l@dRcolrawbox3890=\box2557
\l@dLcolrawbox3889=\box2558
\l@dRcolrawbox3889=\box2559
\l@dLcolrawbox3888=\box2560
\l@dRcolrawbox3888=\box2561
\l@dLcolrawbox3887=\box2562
\l@dRcolrawbox3887=\box2563
\l@dLcolrawbox3886=\box2564
\l@dRcolrawbox3886=\box2565
\l@dLcolrawbox3885=\box2566
\l@dRcolrawbox3885=\box2567
\l@dLcolrawbox3884=\box2568
\l@dRcolrawbox3884=\box2569
\l@dLcolrawbox3883=\box2570
\l@dRcolrawbox3883=\box2571
\l@dLcolrawbox3882=\box2572
\l@dRcolrawbox3882=\box2573
\l@dLcolrawbox3881=\box2574
\l@dRcolrawbox3881=\box2575
\l@dLcolrawbox3880=\box2576
\l@dRcolrawbox3880=\box2577
\l@dLcolrawbox3879=\box2578
\l@dRcolrawbox3879=\box2579
\l@dLcolrawbox3878=\box2580
\l@dRcolrawbox3878=\box2581
\l@dLcolrawbox3877=\box2582
\l@dRcolrawbox3877=\box2583
\l@dLcolrawbox3876=\box2584
\l@dRcolrawbox3876=\box2585
\l@dLcolrawbox3875=\box2586
\l@dRcolrawbox3875=\box2587
\l@dLcolrawbox3874=\box2588
\l@dRcolrawbox3874=\box2589
\l@dLcolrawbox3873=\box2590
\l@dRcolrawbox3873=\box2591
\l@dLcolrawbox3872=\box2592
\l@dRcolrawbox3872=\box2593
\l@dLcolrawbox3871=\box2594
\l@dRcolrawbox3871=\box2595
\l@dLcolrawbox3870=\box2596
\l@dRcolrawbox3870=\box2597
\l@dLcolrawbox3869=\box2598
\l@dRcolrawbox3869=\box2599
\l@dLcolrawbox3868=\box2600
\l@dRcolrawbox3868=\box2601
\l@dLcolrawbox3867=\box2602
\l@dRcolrawbox3867=\box2603
\l@dLcolrawbox3866=\box2604
\l@dRcolrawbox3866=\box2605
\l@dLcolrawbox3865=\box2606
\l@dRcolrawbox3865=\box2607
\l@dLcolrawbox3864=\box2608
\l@dRcolrawbox3864=\box2609
\l@dLcolrawbox3863=\box2610
\l@dRcolrawbox3863=\box2611
\l@dLcolrawbox3862=\box2612
\l@dRcolrawbox3862=\box2613
\l@dLcolrawbox3861=\box2614
\l@dRcolrawbox3861=\box2615
\l@dLcolrawbox3860=\box2616
\l@dRcolrawbox3860=\box2617
\l@dLcolrawbox3859=\box2618
\l@dRcolrawbox3859=\box2619
\l@dLcolrawbox3858=\box2620
\l@dRcolrawbox3858=\box2621
\l@dLcolrawbox3857=\box2622
\l@dRcolrawbox3857=\box2623
\l@dLcolrawbox3856=\box2624
\l@dRcolrawbox3856=\box2625
\l@dLcolrawbox3855=\box2626
\l@dRcolrawbox3855=\box2627
\l@dLcolrawbox3854=\box2628
\l@dRcolrawbox3854=\box2629
\l@dLcolrawbox3853=\box2630
\l@dRcolrawbox3853=\box2631
\l@dLcolrawbox3852=\box2632
\l@dRcolrawbox3852=\box2633
\l@dLcolrawbox3851=\box2634
\l@dRcolrawbox3851=\box2635
\l@dLcolrawbox3850=\box2636
\l@dRcolrawbox3850=\box2637
\l@dLcolrawbox3849=\box2638
\l@dRcolrawbox3849=\box2639
\l@dLcolrawbox3848=\box2640
\l@dRcolrawbox3848=\box2641
\l@dLcolrawbox3847=\box2642
\l@dRcolrawbox3847=\box2643
\l@dLcolrawbox3846=\box2644
\l@dRcolrawbox3846=\box2645
\l@dLcolrawbox3845=\box2646
\l@dRcolrawbox3845=\box2647
\l@dLcolrawbox3844=\box2648
\l@dRcolrawbox3844=\box2649
\l@dLcolrawbox3843=\box2650
\l@dRcolrawbox3843=\box2651
\l@dLcolrawbox3842=\box2652
\l@dRcolrawbox3842=\box2653
\l@dLcolrawbox3841=\box2654
\l@dRcolrawbox3841=\box2655
\l@dLcolrawbox3840=\box2656
\l@dRcolrawbox3840=\box2657
\l@dLcolrawbox3839=\box2658
\l@dRcolrawbox3839=\box2659
\l@dLcolrawbox3838=\box2660
\l@dRcolrawbox3838=\box2661
\l@dLcolrawbox3837=\box2662
\l@dRcolrawbox3837=\box2663
\l@dLcolrawbox3836=\box2664
\l@dRcolrawbox3836=\box2665
\l@dLcolrawbox3835=\box2666
\l@dRcolrawbox3835=\box2667
\l@dLcolrawbox3834=\box2668
\l@dRcolrawbox3834=\box2669
\l@dLcolrawbox3833=\box2670
\l@dRcolrawbox3833=\box2671
\l@dLcolrawbox3832=\box2672
\l@dRcolrawbox3832=\box2673
\l@dLcolrawbox3831=\box2674
\l@dRcolrawbox3831=\box2675
\l@dLcolrawbox3830=\box2676
\l@dRcolrawbox3830=\box2677
\l@dLcolrawbox3829=\box2678
\l@dRcolrawbox3829=\box2679
\l@dLcolrawbox3828=\box2680
\l@dRcolrawbox3828=\box2681
\l@dLcolrawbox3827=\box2682
\l@dRcolrawbox3827=\box2683
\l@dLcolrawbox3826=\box2684
\l@dRcolrawbox3826=\box2685
\l@dLcolrawbox3825=\box2686
\l@dRcolrawbox3825=\box2687
\l@dLcolrawbox3824=\box2688
\l@dRcolrawbox3824=\box2689
\l@dLcolrawbox3823=\box2690
\l@dRcolrawbox3823=\box2691
\l@dLcolrawbox3822=\box2692
\l@dRcolrawbox3822=\box2693
\l@dLcolrawbox3821=\box2694
\l@dRcolrawbox3821=\box2695
\l@dLcolrawbox3820=\box2696
\l@dRcolrawbox3820=\box2697
\l@dLcolrawbox3819=\box2698
\l@dRcolrawbox3819=\box2699
\l@dLcolrawbox3818=\box2700
\l@dRcolrawbox3818=\box2701
\l@dLcolrawbox3817=\box2702
\l@dRcolrawbox3817=\box2703
\l@dLcolrawbox3816=\box2704
\l@dRcolrawbox3816=\box2705
\l@dLcolrawbox3815=\box2706
\l@dRcolrawbox3815=\box2707
\l@dLcolrawbox3814=\box2708
\l@dRcolrawbox3814=\box2709
\l@dLcolrawbox3813=\box2710
\l@dRcolrawbox3813=\box2711
\l@dLcolrawbox3812=\box2712
\l@dRcolrawbox3812=\box2713
\l@dLcolrawbox3811=\box2714
\l@dRcolrawbox3811=\box2715
\l@dLcolrawbox3810=\box2716
\l@dRcolrawbox3810=\box2717
\l@dLcolrawbox3809=\box2718
\l@dRcolrawbox3809=\box2719
\l@dLcolrawbox3808=\box2720
\l@dRcolrawbox3808=\box2721
\l@dLcolrawbox3807=\box2722
\l@dRcolrawbox3807=\box2723
\l@dLcolrawbox3806=\box2724
\l@dRcolrawbox3806=\box2725
\l@dLcolrawbox3805=\box2726
\l@dRcolrawbox3805=\box2727
\l@dLcolrawbox3804=\box2728
\l@dRcolrawbox3804=\box2729
\l@dLcolrawbox3803=\box2730
\l@dRcolrawbox3803=\box2731
\l@dLcolrawbox3802=\box2732
\l@dRcolrawbox3802=\box2733
\l@dLcolrawbox3801=\box2734
\l@dRcolrawbox3801=\box2735
\l@dLcolrawbox3800=\box2736
\l@dRcolrawbox3800=\box2737
\l@dLcolrawbox3799=\box2738
\l@dRcolrawbox3799=\box2739
\l@dLcolrawbox3798=\box2740
\l@dRcolrawbox3798=\box2741
\l@dLcolrawbox3797=\box2742
\l@dRcolrawbox3797=\box2743
\l@dLcolrawbox3796=\box2744
\l@dRcolrawbox3796=\box2745
\l@dLcolrawbox3795=\box2746
\l@dRcolrawbox3795=\box2747
\l@dLcolrawbox3794=\box2748
\l@dRcolrawbox3794=\box2749
\l@dLcolrawbox3793=\box2750
\l@dRcolrawbox3793=\box2751
\l@dLcolrawbox3792=\box2752
\l@dRcolrawbox3792=\box2753
\l@dLcolrawbox3791=\box2754
\l@dRcolrawbox3791=\box2755
\l@dLcolrawbox3790=\box2756
\l@dRcolrawbox3790=\box2757
\l@dLcolrawbox3789=\box2758
\l@dRcolrawbox3789=\box2759
\l@dLcolrawbox3788=\box2760
\l@dRcolrawbox3788=\box2761
\l@dLcolrawbox3787=\box2762
\l@dRcolrawbox3787=\box2763
\l@dLcolrawbox3786=\box2764
\l@dRcolrawbox3786=\box2765
\l@dLcolrawbox3785=\box2766
\l@dRcolrawbox3785=\box2767
\l@dLcolrawbox3784=\box2768
\l@dRcolrawbox3784=\box2769
\l@dLcolrawbox3783=\box2770
\l@dRcolrawbox3783=\box2771
\l@dLcolrawbox3782=\box2772
\l@dRcolrawbox3782=\box2773
\l@dLcolrawbox3781=\box2774
\l@dRcolrawbox3781=\box2775
\l@dLcolrawbox3780=\box2776
\l@dRcolrawbox3780=\box2777
\l@dLcolrawbox3779=\box2778
\l@dRcolrawbox3779=\box2779
\l@dLcolrawbox3778=\box2780
\l@dRcolrawbox3778=\box2781
\l@dLcolrawbox3777=\box2782
\l@dRcolrawbox3777=\box2783
\l@dLcolrawbox3776=\box2784
\l@dRcolrawbox3776=\box2785
\l@dLcolrawbox3775=\box2786
\l@dRcolrawbox3775=\box2787
\l@dLcolrawbox3774=\box2788
\l@dRcolrawbox3774=\box2789
\l@dLcolrawbox3773=\box2790
\l@dRcolrawbox3773=\box2791
\l@dLcolrawbox3772=\box2792
\l@dRcolrawbox3772=\box2793
\l@dLcolrawbox3771=\box2794
\l@dRcolrawbox3771=\box2795
\l@dLcolrawbox3770=\box2796
\l@dRcolrawbox3770=\box2797
\l@dLcolrawbox3769=\box2798
\l@dRcolrawbox3769=\box2799
\l@dLcolrawbox3768=\box2800
\l@dRcolrawbox3768=\box2801
\l@dLcolrawbox3767=\box2802
\l@dRcolrawbox3767=\box2803
\l@dLcolrawbox3766=\box2804
\l@dRcolrawbox3766=\box2805
\l@dLcolrawbox3765=\box2806
\l@dRcolrawbox3765=\box2807
\l@dLcolrawbox3764=\box2808
\l@dRcolrawbox3764=\box2809
\l@dLcolrawbox3763=\box2810
\l@dRcolrawbox3763=\box2811
\l@dLcolrawbox3762=\box2812
\l@dRcolrawbox3762=\box2813
\l@dLcolrawbox3761=\box2814
\l@dRcolrawbox3761=\box2815
\l@dLcolrawbox3760=\box2816
\l@dRcolrawbox3760=\box2817
\l@dLcolrawbox3759=\box2818
\l@dRcolrawbox3759=\box2819
\l@dLcolrawbox3758=\box2820
\l@dRcolrawbox3758=\box2821
\l@dLcolrawbox3757=\box2822
\l@dRcolrawbox3757=\box2823
\l@dLcolrawbox3756=\box2824
\l@dRcolrawbox3756=\box2825
\l@dLcolrawbox3755=\box2826
\l@dRcolrawbox3755=\box2827
\l@dLcolrawbox3754=\box2828
\l@dRcolrawbox3754=\box2829
\l@dLcolrawbox3753=\box2830
\l@dRcolrawbox3753=\box2831
\l@dLcolrawbox3752=\box2832
\l@dRcolrawbox3752=\box2833
\l@dLcolrawbox3751=\box2834
\l@dRcolrawbox3751=\box2835
\l@dLcolrawbox3750=\box2836
\l@dRcolrawbox3750=\box2837
\l@dLcolrawbox3749=\box2838
\l@dRcolrawbox3749=\box2839
\l@dLcolrawbox3748=\box2840
\l@dRcolrawbox3748=\box2841
\l@dLcolrawbox3747=\box2842
\l@dRcolrawbox3747=\box2843
\l@dLcolrawbox3746=\box2844
\l@dRcolrawbox3746=\box2845
\l@dLcolrawbox3745=\box2846
\l@dRcolrawbox3745=\box2847
\l@dLcolrawbox3744=\box2848
\l@dRcolrawbox3744=\box2849
\l@dLcolrawbox3743=\box2850
\l@dRcolrawbox3743=\box2851
\l@dLcolrawbox3742=\box2852
\l@dRcolrawbox3742=\box2853
\l@dLcolrawbox3741=\box2854
\l@dRcolrawbox3741=\box2855
\l@dLcolrawbox3740=\box2856
\l@dRcolrawbox3740=\box2857
\l@dLcolrawbox3739=\box2858
\l@dRcolrawbox3739=\box2859
\l@dLcolrawbox3738=\box2860
\l@dRcolrawbox3738=\box2861
\l@dLcolrawbox3737=\box2862
\l@dRcolrawbox3737=\box2863
\l@dLcolrawbox3736=\box2864
\l@dRcolrawbox3736=\box2865
\l@dLcolrawbox3735=\box2866
\l@dRcolrawbox3735=\box2867
\l@dLcolrawbox3734=\box2868
\l@dRcolrawbox3734=\box2869
\l@dLcolrawbox3733=\box2870
\l@dRcolrawbox3733=\box2871
\l@dLcolrawbox3732=\box2872
\l@dRcolrawbox3732=\box2873
\l@dLcolrawbox3731=\box2874
\l@dRcolrawbox3731=\box2875
\l@dLcolrawbox3730=\box2876
\l@dRcolrawbox3730=\box2877
\l@dLcolrawbox3729=\box2878
\l@dRcolrawbox3729=\box2879
\l@dLcolrawbox3728=\box2880
\l@dRcolrawbox3728=\box2881
\l@dLcolrawbox3727=\box2882
\l@dRcolrawbox3727=\box2883
\l@dLcolrawbox3726=\box2884
\l@dRcolrawbox3726=\box2885
\l@dLcolrawbox3725=\box2886
\l@dRcolrawbox3725=\box2887
\l@dLcolrawbox3724=\box2888
\l@dRcolrawbox3724=\box2889
\l@dLcolrawbox3723=\box2890
\l@dRcolrawbox3723=\box2891
\l@dLcolrawbox3722=\box2892
\l@dRcolrawbox3722=\box2893
\l@dLcolrawbox3721=\box2894
\l@dRcolrawbox3721=\box2895
\l@dLcolrawbox3720=\box2896
\l@dRcolrawbox3720=\box2897
\l@dLcolrawbox3719=\box2898
\l@dRcolrawbox3719=\box2899
\l@dLcolrawbox3718=\box2900
\l@dRcolrawbox3718=\box2901
\l@dLcolrawbox3717=\box2902
\l@dRcolrawbox3717=\box2903
\l@dLcolrawbox3716=\box2904
\l@dRcolrawbox3716=\box2905
\l@dLcolrawbox3715=\box2906
\l@dRcolrawbox3715=\box2907
\l@dLcolrawbox3714=\box2908
\l@dRcolrawbox3714=\box2909
\l@dLcolrawbox3713=\box2910
\l@dRcolrawbox3713=\box2911
\l@dLcolrawbox3712=\box2912
\l@dRcolrawbox3712=\box2913
\l@dLcolrawbox3711=\box2914
\l@dRcolrawbox3711=\box2915
\l@dLcolrawbox3710=\box2916
\l@dRcolrawbox3710=\box2917
\l@dLcolrawbox3709=\box2918
\l@dRcolrawbox3709=\box2919
\l@dLcolrawbox3708=\box2920
\l@dRcolrawbox3708=\box2921
\l@dLcolrawbox3707=\box2922
\l@dRcolrawbox3707=\box2923
\l@dLcolrawbox3706=\box2924
\l@dRcolrawbox3706=\box2925
\l@dLcolrawbox3705=\box2926
\l@dRcolrawbox3705=\box2927
\l@dLcolrawbox3704=\box2928
\l@dRcolrawbox3704=\box2929
\l@dLcolrawbox3703=\box2930
\l@dRcolrawbox3703=\box2931
\l@dLcolrawbox3702=\box2932
\l@dRcolrawbox3702=\box2933
\l@dLcolrawbox3701=\box2934
\l@dRcolrawbox3701=\box2935
\l@dLcolrawbox3700=\box2936
\l@dRcolrawbox3700=\box2937
\l@dLcolrawbox3699=\box2938
\l@dRcolrawbox3699=\box2939
\l@dLcolrawbox3698=\box2940
\l@dRcolrawbox3698=\box2941
\l@dLcolrawbox3697=\box2942
\l@dRcolrawbox3697=\box2943
\l@dLcolrawbox3696=\box2944
\l@dRcolrawbox3696=\box2945
\l@dLcolrawbox3695=\box2946
\l@dRcolrawbox3695=\box2947
\l@dLcolrawbox3694=\box2948
\l@dRcolrawbox3694=\box2949
\l@dLcolrawbox3693=\box2950
\l@dRcolrawbox3693=\box2951
\l@dLcolrawbox3692=\box2952
\l@dRcolrawbox3692=\box2953
\l@dLcolrawbox3691=\box2954
\l@dRcolrawbox3691=\box2955
\l@dLcolrawbox3690=\box2956
\l@dRcolrawbox3690=\box2957
\l@dLcolrawbox3689=\box2958
\l@dRcolrawbox3689=\box2959
\l@dLcolrawbox3688=\box2960
\l@dRcolrawbox3688=\box2961
\l@dLcolrawbox3687=\box2962
\l@dRcolrawbox3687=\box2963
\l@dLcolrawbox3686=\box2964
\l@dRcolrawbox3686=\box2965
\l@dLcolrawbox3685=\box2966
\l@dRcolrawbox3685=\box2967
\l@dLcolrawbox3684=\box2968
\l@dRcolrawbox3684=\box2969
\l@dLcolrawbox3683=\box2970
\l@dRcolrawbox3683=\box2971
\l@dLcolrawbox3682=\box2972
\l@dRcolrawbox3682=\box2973
\l@dLcolrawbox3681=\box2974
\l@dRcolrawbox3681=\box2975
\l@dLcolrawbox3680=\box2976
\l@dRcolrawbox3680=\box2977
\l@dLcolrawbox3679=\box2978
\l@dRcolrawbox3679=\box2979
\l@dLcolrawbox3678=\box2980
\l@dRcolrawbox3678=\box2981
\l@dLcolrawbox3677=\box2982
\l@dRcolrawbox3677=\box2983
\l@dLcolrawbox3676=\box2984
\l@dRcolrawbox3676=\box2985
\l@dLcolrawbox3675=\box2986
\l@dRcolrawbox3675=\box2987
\l@dLcolrawbox3674=\box2988
\l@dRcolrawbox3674=\box2989
\l@dLcolrawbox3673=\box2990
\l@dRcolrawbox3673=\box2991
\l@dLcolrawbox3672=\box2992
\l@dRcolrawbox3672=\box2993
\l@dLcolrawbox3671=\box2994
\l@dRcolrawbox3671=\box2995
\l@dLcolrawbox3670=\box2996
\l@dRcolrawbox3670=\box2997
\l@dLcolrawbox3669=\box2998
\l@dRcolrawbox3669=\box2999
\l@dLcolrawbox3668=\box3000
\l@dRcolrawbox3668=\box3001
\l@dLcolrawbox3667=\box3002
\l@dRcolrawbox3667=\box3003
\l@dLcolrawbox3666=\box3004
\l@dRcolrawbox3666=\box3005
\l@dLcolrawbox3665=\box3006
\l@dRcolrawbox3665=\box3007
\l@dLcolrawbox3664=\box3008
\l@dRcolrawbox3664=\box3009
\l@dLcolrawbox3663=\box3010
\l@dRcolrawbox3663=\box3011
\l@dLcolrawbox3662=\box3012
\l@dRcolrawbox3662=\box3013
\l@dLcolrawbox3661=\box3014
\l@dRcolrawbox3661=\box3015
\l@dLcolrawbox3660=\box3016
\l@dRcolrawbox3660=\box3017
\l@dLcolrawbox3659=\box3018
\l@dRcolrawbox3659=\box3019
\l@dLcolrawbox3658=\box3020
\l@dRcolrawbox3658=\box3021
\l@dLcolrawbox3657=\box3022
\l@dRcolrawbox3657=\box3023
\l@dLcolrawbox3656=\box3024
\l@dRcolrawbox3656=\box3025
\l@dLcolrawbox3655=\box3026
\l@dRcolrawbox3655=\box3027
\l@dLcolrawbox3654=\box3028
\l@dRcolrawbox3654=\box3029
\l@dLcolrawbox3653=\box3030
\l@dRcolrawbox3653=\box3031
\l@dLcolrawbox3652=\box3032
\l@dRcolrawbox3652=\box3033
\l@dLcolrawbox3651=\box3034
\l@dRcolrawbox3651=\box3035
\l@dLcolrawbox3650=\box3036
\l@dRcolrawbox3650=\box3037
\l@dLcolrawbox3649=\box3038
\l@dRcolrawbox3649=\box3039
\l@dLcolrawbox3648=\box3040
\l@dRcolrawbox3648=\box3041
\l@dLcolrawbox3647=\box3042
\l@dRcolrawbox3647=\box3043
\l@dLcolrawbox3646=\box3044
\l@dRcolrawbox3646=\box3045
\l@dLcolrawbox3645=\box3046
\l@dRcolrawbox3645=\box3047
\l@dLcolrawbox3644=\box3048
\l@dRcolrawbox3644=\box3049
\l@dLcolrawbox3643=\box3050
\l@dRcolrawbox3643=\box3051
\l@dLcolrawbox3642=\box3052
\l@dRcolrawbox3642=\box3053
\l@dLcolrawbox3641=\box3054
\l@dRcolrawbox3641=\box3055
\l@dLcolrawbox3640=\box3056
\l@dRcolrawbox3640=\box3057
\l@dLcolrawbox3639=\box3058
\l@dRcolrawbox3639=\box3059
\l@dLcolrawbox3638=\box3060
\l@dRcolrawbox3638=\box3061
\l@dLcolrawbox3637=\box3062
\l@dRcolrawbox3637=\box3063
\l@dLcolrawbox3636=\box3064
\l@dRcolrawbox3636=\box3065
\l@dLcolrawbox3635=\box3066
\l@dRcolrawbox3635=\box3067
\l@dLcolrawbox3634=\box3068
\l@dRcolrawbox3634=\box3069
\l@dLcolrawbox3633=\box3070
\l@dRcolrawbox3633=\box3071
\l@dLcolrawbox3632=\box3072
\l@dRcolrawbox3632=\box3073
\l@dLcolrawbox3631=\box3074
\l@dRcolrawbox3631=\box3075
\l@dLcolrawbox3630=\box3076
\l@dRcolrawbox3630=\box3077
\l@dLcolrawbox3629=\box3078
\l@dRcolrawbox3629=\box3079
\l@dLcolrawbox3628=\box3080
\l@dRcolrawbox3628=\box3081
\l@dLcolrawbox3627=\box3082
\l@dRcolrawbox3627=\box3083
\l@dLcolrawbox3626=\box3084
\l@dRcolrawbox3626=\box3085
\l@dLcolrawbox3625=\box3086
\l@dRcolrawbox3625=\box3087
\l@dLcolrawbox3624=\box3088
\l@dRcolrawbox3624=\box3089
\l@dLcolrawbox3623=\box3090
\l@dRcolrawbox3623=\box3091
\l@dLcolrawbox3622=\box3092
\l@dRcolrawbox3622=\box3093
\l@dLcolrawbox3621=\box3094
\l@dRcolrawbox3621=\box3095
\l@dLcolrawbox3620=\box3096
\l@dRcolrawbox3620=\box3097
\l@dLcolrawbox3619=\box3098
\l@dRcolrawbox3619=\box3099
\l@dLcolrawbox3618=\box3100
\l@dRcolrawbox3618=\box3101
\l@dLcolrawbox3617=\box3102
\l@dRcolrawbox3617=\box3103
\l@dLcolrawbox3616=\box3104
\l@dRcolrawbox3616=\box3105
\l@dLcolrawbox3615=\box3106
\l@dRcolrawbox3615=\box3107
\l@dLcolrawbox3614=\box3108
\l@dRcolrawbox3614=\box3109
\l@dLcolrawbox3613=\box3110
\l@dRcolrawbox3613=\box3111
\l@dLcolrawbox3612=\box3112
\l@dRcolrawbox3612=\box3113
\l@dLcolrawbox3611=\box3114
\l@dRcolrawbox3611=\box3115
\l@dLcolrawbox3610=\box3116
\l@dRcolrawbox3610=\box3117
\l@dLcolrawbox3609=\box3118
\l@dRcolrawbox3609=\box3119
\l@dLcolrawbox3608=\box3120
\l@dRcolrawbox3608=\box3121
\l@dLcolrawbox3607=\box3122
\l@dRcolrawbox3607=\box3123
\l@dLcolrawbox3606=\box3124
\l@dRcolrawbox3606=\box3125
\l@dLcolrawbox3605=\box3126
\l@dRcolrawbox3605=\box3127
\l@dLcolrawbox3604=\box3128
\l@dRcolrawbox3604=\box3129
\l@dLcolrawbox3603=\box3130
\l@dRcolrawbox3603=\box3131
\l@dLcolrawbox3602=\box3132
\l@dRcolrawbox3602=\box3133
\l@dLcolrawbox3601=\box3134
\l@dRcolrawbox3601=\box3135
\l@dLcolrawbox3600=\box3136
\l@dRcolrawbox3600=\box3137
\l@dLcolrawbox3599=\box3138
\l@dRcolrawbox3599=\box3139
\l@dLcolrawbox3598=\box3140
\l@dRcolrawbox3598=\box3141
\l@dLcolrawbox3597=\box3142
\l@dRcolrawbox3597=\box3143
\l@dLcolrawbox3596=\box3144
\l@dRcolrawbox3596=\box3145
\l@dLcolrawbox3595=\box3146
\l@dRcolrawbox3595=\box3147
\l@dLcolrawbox3594=\box3148
\l@dRcolrawbox3594=\box3149
\l@dLcolrawbox3593=\box3150
\l@dRcolrawbox3593=\box3151
\l@dLcolrawbox3592=\box3152
\l@dRcolrawbox3592=\box3153
\l@dLcolrawbox3591=\box3154
\l@dRcolrawbox3591=\box3155
\l@dLcolrawbox3590=\box3156
\l@dRcolrawbox3590=\box3157
\l@dLcolrawbox3589=\box3158
\l@dRcolrawbox3589=\box3159
\l@dLcolrawbox3588=\box3160
\l@dRcolrawbox3588=\box3161
\l@dLcolrawbox3587=\box3162
\l@dRcolrawbox3587=\box3163
\l@dLcolrawbox3586=\box3164
\l@dRcolrawbox3586=\box3165
\l@dLcolrawbox3585=\box3166
\l@dRcolrawbox3585=\box3167
\l@dLcolrawbox3584=\box3168
\l@dRcolrawbox3584=\box3169
\l@dLcolrawbox3583=\box3170
\l@dRcolrawbox3583=\box3171
\l@dLcolrawbox3582=\box3172
\l@dRcolrawbox3582=\box3173
\l@dLcolrawbox3581=\box3174
\l@dRcolrawbox3581=\box3175
\l@dLcolrawbox3580=\box3176
\l@dRcolrawbox3580=\box3177
\l@dLcolrawbox3579=\box3178
\l@dRcolrawbox3579=\box3179
\l@dLcolrawbox3578=\box3180
\l@dRcolrawbox3578=\box3181
\l@dLcolrawbox3577=\box3182
\l@dRcolrawbox3577=\box3183
\l@dLcolrawbox3576=\box3184
\l@dRcolrawbox3576=\box3185
\l@dLcolrawbox3575=\box3186
\l@dRcolrawbox3575=\box3187
\l@dLcolrawbox3574=\box3188
\l@dRcolrawbox3574=\box3189
\l@dLcolrawbox3573=\box3190
\l@dRcolrawbox3573=\box3191
\l@dLcolrawbox3572=\box3192
\l@dRcolrawbox3572=\box3193
\l@dLcolrawbox3571=\box3194
\l@dRcolrawbox3571=\box3195
\l@dLcolrawbox3570=\box3196
\l@dRcolrawbox3570=\box3197
\l@dLcolrawbox3569=\box3198
\l@dRcolrawbox3569=\box3199
\l@dLcolrawbox3568=\box3200
\l@dRcolrawbox3568=\box3201
\l@dLcolrawbox3567=\box3202
\l@dRcolrawbox3567=\box3203
\l@dLcolrawbox3566=\box3204
\l@dRcolrawbox3566=\box3205
\l@dLcolrawbox3565=\box3206
\l@dRcolrawbox3565=\box3207
\l@dLcolrawbox3564=\box3208
\l@dRcolrawbox3564=\box3209
\l@dLcolrawbox3563=\box3210
\l@dRcolrawbox3563=\box3211
\l@dLcolrawbox3562=\box3212
\l@dRcolrawbox3562=\box3213
\l@dLcolrawbox3561=\box3214
\l@dRcolrawbox3561=\box3215
\l@dLcolrawbox3560=\box3216
\l@dRcolrawbox3560=\box3217
\l@dLcolrawbox3559=\box3218
\l@dRcolrawbox3559=\box3219
\l@dLcolrawbox3558=\box3220
\l@dRcolrawbox3558=\box3221
\l@dLcolrawbox3557=\box3222
\l@dRcolrawbox3557=\box3223
\l@dLcolrawbox3556=\box3224
\l@dRcolrawbox3556=\box3225
\l@dLcolrawbox3555=\box3226
\l@dRcolrawbox3555=\box3227
\l@dLcolrawbox3554=\box3228
\l@dRcolrawbox3554=\box3229
\l@dLcolrawbox3553=\box3230
\l@dRcolrawbox3553=\box3231
\l@dLcolrawbox3552=\box3232
\l@dRcolrawbox3552=\box3233
\l@dLcolrawbox3551=\box3234
\l@dRcolrawbox3551=\box3235
\l@dLcolrawbox3550=\box3236
\l@dRcolrawbox3550=\box3237
\l@dLcolrawbox3549=\box3238
\l@dRcolrawbox3549=\box3239
\l@dLcolrawbox3548=\box3240
\l@dRcolrawbox3548=\box3241
\l@dLcolrawbox3547=\box3242
\l@dRcolrawbox3547=\box3243
\l@dLcolrawbox3546=\box3244
\l@dRcolrawbox3546=\box3245
\l@dLcolrawbox3545=\box3246
\l@dRcolrawbox3545=\box3247
\l@dLcolrawbox3544=\box3248
\l@dRcolrawbox3544=\box3249
\l@dLcolrawbox3543=\box3250
\l@dRcolrawbox3543=\box3251
\l@dLcolrawbox3542=\box3252
\l@dRcolrawbox3542=\box3253
\l@dLcolrawbox3541=\box3254
\l@dRcolrawbox3541=\box3255
\l@dLcolrawbox3540=\box3256
\l@dRcolrawbox3540=\box3257
\l@dLcolrawbox3539=\box3258
\l@dRcolrawbox3539=\box3259
\l@dLcolrawbox3538=\box3260
\l@dRcolrawbox3538=\box3261
\l@dLcolrawbox3537=\box3262
\l@dRcolrawbox3537=\box3263
\l@dLcolrawbox3536=\box3264
\l@dRcolrawbox3536=\box3265
\l@dLcolrawbox3535=\box3266
\l@dRcolrawbox3535=\box3267
\l@dLcolrawbox3534=\box3268
\l@dRcolrawbox3534=\box3269
\l@dLcolrawbox3533=\box3270
\l@dRcolrawbox3533=\box3271
\l@dLcolrawbox3532=\box3272
\l@dRcolrawbox3532=\box3273
\l@dLcolrawbox3531=\box3274
\l@dRcolrawbox3531=\box3275
\l@dLcolrawbox3530=\box3276
\l@dRcolrawbox3530=\box3277
\l@dLcolrawbox3529=\box3278
\l@dRcolrawbox3529=\box3279
\l@dLcolrawbox3528=\box3280
\l@dRcolrawbox3528=\box3281
\l@dLcolrawbox3527=\box3282
\l@dRcolrawbox3527=\box3283
\l@dLcolrawbox3526=\box3284
\l@dRcolrawbox3526=\box3285
\l@dLcolrawbox3525=\box3286
\l@dRcolrawbox3525=\box3287
\l@dLcolrawbox3524=\box3288
\l@dRcolrawbox3524=\box3289
\l@dLcolrawbox3523=\box3290
\l@dRcolrawbox3523=\box3291
\l@dLcolrawbox3522=\box3292
\l@dRcolrawbox3522=\box3293
\l@dLcolrawbox3521=\box3294
\l@dRcolrawbox3521=\box3295
\l@dLcolrawbox3520=\box3296
\l@dRcolrawbox3520=\box3297
\l@dLcolrawbox3519=\box3298
\l@dRcolrawbox3519=\box3299
\l@dLcolrawbox3518=\box3300
\l@dRcolrawbox3518=\box3301
\l@dLcolrawbox3517=\box3302
\l@dRcolrawbox3517=\box3303
\l@dLcolrawbox3516=\box3304
\l@dRcolrawbox3516=\box3305
\l@dLcolrawbox3515=\box3306
\l@dRcolrawbox3515=\box3307
\l@dLcolrawbox3514=\box3308
\l@dRcolrawbox3514=\box3309
\l@dLcolrawbox3513=\box3310
\l@dRcolrawbox3513=\box3311
\l@dLcolrawbox3512=\box3312
\l@dRcolrawbox3512=\box3313
\l@dLcolrawbox3511=\box3314
\l@dRcolrawbox3511=\box3315
\l@dLcolrawbox3510=\box3316
\l@dRcolrawbox3510=\box3317
\l@dLcolrawbox3509=\box3318
\l@dRcolrawbox3509=\box3319
\l@dLcolrawbox3508=\box3320
\l@dRcolrawbox3508=\box3321
\l@dLcolrawbox3507=\box3322
\l@dRcolrawbox3507=\box3323
\l@dLcolrawbox3506=\box3324
\l@dRcolrawbox3506=\box3325
\l@dLcolrawbox3505=\box3326
\l@dRcolrawbox3505=\box3327
\l@dLcolrawbox3504=\box3328
\l@dRcolrawbox3504=\box3329
\l@dLcolrawbox3503=\box3330
\l@dRcolrawbox3503=\box3331
\l@dLcolrawbox3502=\box3332
\l@dRcolrawbox3502=\box3333
\l@dLcolrawbox3501=\box3334
\l@dRcolrawbox3501=\box3335
\l@dLcolrawbox3500=\box3336
\l@dRcolrawbox3500=\box3337
\l@dLcolrawbox3499=\box3338
\l@dRcolrawbox3499=\box3339
\l@dLcolrawbox3498=\box3340
\l@dRcolrawbox3498=\box3341
\l@dLcolrawbox3497=\box3342
\l@dRcolrawbox3497=\box3343
\l@dLcolrawbox3496=\box3344
\l@dRcolrawbox3496=\box3345
\l@dLcolrawbox3495=\box3346
\l@dRcolrawbox3495=\box3347
\l@dLcolrawbox3494=\box3348
\l@dRcolrawbox3494=\box3349
\l@dLcolrawbox3493=\box3350
\l@dRcolrawbox3493=\box3351
\l@dLcolrawbox3492=\box3352
\l@dRcolrawbox3492=\box3353
\l@dLcolrawbox3491=\box3354
\l@dRcolrawbox3491=\box3355
\l@dLcolrawbox3490=\box3356
\l@dRcolrawbox3490=\box3357
\l@dLcolrawbox3489=\box3358
\l@dRcolrawbox3489=\box3359
\l@dLcolrawbox3488=\box3360
\l@dRcolrawbox3488=\box3361
\l@dLcolrawbox3487=\box3362
\l@dRcolrawbox3487=\box3363
\l@dLcolrawbox3486=\box3364
\l@dRcolrawbox3486=\box3365
\l@dLcolrawbox3485=\box3366
\l@dRcolrawbox3485=\box3367
\l@dLcolrawbox3484=\box3368
\l@dRcolrawbox3484=\box3369
\l@dLcolrawbox3483=\box3370
\l@dRcolrawbox3483=\box3371
\l@dLcolrawbox3482=\box3372
\l@dRcolrawbox3482=\box3373
\l@dLcolrawbox3481=\box3374
\l@dRcolrawbox3481=\box3375
\l@dLcolrawbox3480=\box3376
\l@dRcolrawbox3480=\box3377
\l@dLcolrawbox3479=\box3378
\l@dRcolrawbox3479=\box3379
\l@dLcolrawbox3478=\box3380
\l@dRcolrawbox3478=\box3381
\l@dLcolrawbox3477=\box3382
\l@dRcolrawbox3477=\box3383
\l@dLcolrawbox3476=\box3384
\l@dRcolrawbox3476=\box3385
\l@dLcolrawbox3475=\box3386
\l@dRcolrawbox3475=\box3387
\l@dLcolrawbox3474=\box3388
\l@dRcolrawbox3474=\box3389
\l@dLcolrawbox3473=\box3390
\l@dRcolrawbox3473=\box3391
\l@dLcolrawbox3472=\box3392
\l@dRcolrawbox3472=\box3393
\l@dLcolrawbox3471=\box3394
\l@dRcolrawbox3471=\box3395
\l@dLcolrawbox3470=\box3396
\l@dRcolrawbox3470=\box3397
\l@dLcolrawbox3469=\box3398
\l@dRcolrawbox3469=\box3399
\l@dLcolrawbox3468=\box3400
\l@dRcolrawbox3468=\box3401
\l@dLcolrawbox3467=\box3402
\l@dRcolrawbox3467=\box3403
\l@dLcolrawbox3466=\box3404
\l@dRcolrawbox3466=\box3405
\l@dLcolrawbox3465=\box3406
\l@dRcolrawbox3465=\box3407
\l@dLcolrawbox3464=\box3408
\l@dRcolrawbox3464=\box3409
\l@dLcolrawbox3463=\box3410
\l@dRcolrawbox3463=\box3411
\l@dLcolrawbox3462=\box3412
\l@dRcolrawbox3462=\box3413
\l@dLcolrawbox3461=\box3414
\l@dRcolrawbox3461=\box3415
\l@dLcolrawbox3460=\box3416
\l@dRcolrawbox3460=\box3417
\l@dLcolrawbox3459=\box3418
\l@dRcolrawbox3459=\box3419
\l@dLcolrawbox3458=\box3420
\l@dRcolrawbox3458=\box3421
\l@dLcolrawbox3457=\box3422
\l@dRcolrawbox3457=\box3423
\l@dLcolrawbox3456=\box3424
\l@dRcolrawbox3456=\box3425
\l@dLcolrawbox3455=\box3426
\l@dRcolrawbox3455=\box3427
\l@dLcolrawbox3454=\box3428
\l@dRcolrawbox3454=\box3429
\l@dLcolrawbox3453=\box3430
\l@dRcolrawbox3453=\box3431
\l@dLcolrawbox3452=\box3432
\l@dRcolrawbox3452=\box3433
\l@dLcolrawbox3451=\box3434
\l@dRcolrawbox3451=\box3435
\l@dLcolrawbox3450=\box3436
\l@dRcolrawbox3450=\box3437
\l@dLcolrawbox3449=\box3438
\l@dRcolrawbox3449=\box3439
\l@dLcolrawbox3448=\box3440
\l@dRcolrawbox3448=\box3441
\l@dLcolrawbox3447=\box3442
\l@dRcolrawbox3447=\box3443
\l@dLcolrawbox3446=\box3444
\l@dRcolrawbox3446=\box3445
\l@dLcolrawbox3445=\box3446
\l@dRcolrawbox3445=\box3447
\l@dLcolrawbox3444=\box3448
\l@dRcolrawbox3444=\box3449
\l@dLcolrawbox3443=\box3450
\l@dRcolrawbox3443=\box3451
\l@dLcolrawbox3442=\box3452
\l@dRcolrawbox3442=\box3453
\l@dLcolrawbox3441=\box3454
\l@dRcolrawbox3441=\box3455
\l@dLcolrawbox3440=\box3456
\l@dRcolrawbox3440=\box3457
\l@dLcolrawbox3439=\box3458
\l@dRcolrawbox3439=\box3459
\l@dLcolrawbox3438=\box3460
\l@dRcolrawbox3438=\box3461
\l@dLcolrawbox3437=\box3462
\l@dRcolrawbox3437=\box3463
\l@dLcolrawbox3436=\box3464
\l@dRcolrawbox3436=\box3465
\l@dLcolrawbox3435=\box3466
\l@dRcolrawbox3435=\box3467
\l@dLcolrawbox3434=\box3468
\l@dRcolrawbox3434=\box3469
\l@dLcolrawbox3433=\box3470
\l@dRcolrawbox3433=\box3471
\l@dLcolrawbox3432=\box3472
\l@dRcolrawbox3432=\box3473
\l@dLcolrawbox3431=\box3474
\l@dRcolrawbox3431=\box3475
\l@dLcolrawbox3430=\box3476
\l@dRcolrawbox3430=\box3477
\l@dLcolrawbox3429=\box3478
\l@dRcolrawbox3429=\box3479
\l@dLcolrawbox3428=\box3480
\l@dRcolrawbox3428=\box3481
\l@dLcolrawbox3427=\box3482
\l@dRcolrawbox3427=\box3483
\l@dLcolrawbox3426=\box3484
\l@dRcolrawbox3426=\box3485
\l@dLcolrawbox3425=\box3486
\l@dRcolrawbox3425=\box3487
\l@dLcolrawbox3424=\box3488
\l@dRcolrawbox3424=\box3489
\l@dLcolrawbox3423=\box3490
\l@dRcolrawbox3423=\box3491
\l@dLcolrawbox3422=\box3492
\l@dRcolrawbox3422=\box3493
\l@dLcolrawbox3421=\box3494
\l@dRcolrawbox3421=\box3495
\l@dLcolrawbox3420=\box3496
\l@dRcolrawbox3420=\box3497
\l@dLcolrawbox3419=\box3498
\l@dRcolrawbox3419=\box3499
\l@dLcolrawbox3418=\box3500
\l@dRcolrawbox3418=\box3501
\l@dLcolrawbox3417=\box3502
\l@dRcolrawbox3417=\box3503
\l@dLcolrawbox3416=\box3504
\l@dRcolrawbox3416=\box3505
\l@dLcolrawbox3415=\box3506
\l@dRcolrawbox3415=\box3507
\l@dLcolrawbox3414=\box3508
\l@dRcolrawbox3414=\box3509
\l@dLcolrawbox3413=\box3510
\l@dRcolrawbox3413=\box3511
\l@dLcolrawbox3412=\box3512
\l@dRcolrawbox3412=\box3513
\l@dLcolrawbox3411=\box3514
\l@dRcolrawbox3411=\box3515
\l@dLcolrawbox3410=\box3516
\l@dRcolrawbox3410=\box3517
\l@dLcolrawbox3409=\box3518
\l@dRcolrawbox3409=\box3519
\l@dLcolrawbox3408=\box3520
\l@dRcolrawbox3408=\box3521
\l@dLcolrawbox3407=\box3522
\l@dRcolrawbox3407=\box3523
\l@dLcolrawbox3406=\box3524
\l@dRcolrawbox3406=\box3525
\l@dLcolrawbox3405=\box3526
\l@dRcolrawbox3405=\box3527
\l@dLcolrawbox3404=\box3528
\l@dRcolrawbox3404=\box3529
\l@dLcolrawbox3403=\box3530
\l@dRcolrawbox3403=\box3531
\l@dLcolrawbox3402=\box3532
\l@dRcolrawbox3402=\box3533
\l@dLcolrawbox3401=\box3534
\l@dRcolrawbox3401=\box3535
\l@dLcolrawbox3400=\box3536
\l@dRcolrawbox3400=\box3537
\l@dLcolrawbox3399=\box3538
\l@dRcolrawbox3399=\box3539
\l@dLcolrawbox3398=\box3540
\l@dRcolrawbox3398=\box3541
\l@dLcolrawbox3397=\box3542
\l@dRcolrawbox3397=\box3543
\l@dLcolrawbox3396=\box3544
\l@dRcolrawbox3396=\box3545
\l@dLcolrawbox3395=\box3546
\l@dRcolrawbox3395=\box3547
\l@dLcolrawbox3394=\box3548
\l@dRcolrawbox3394=\box3549
\l@dLcolrawbox3393=\box3550
\l@dRcolrawbox3393=\box3551
\l@dLcolrawbox3392=\box3552
\l@dRcolrawbox3392=\box3553
\l@dLcolrawbox3391=\box3554
\l@dRcolrawbox3391=\box3555
\l@dLcolrawbox3390=\box3556
\l@dRcolrawbox3390=\box3557
\l@dLcolrawbox3389=\box3558
\l@dRcolrawbox3389=\box3559
\l@dLcolrawbox3388=\box3560
\l@dRcolrawbox3388=\box3561
\l@dLcolrawbox3387=\box3562
\l@dRcolrawbox3387=\box3563
\l@dLcolrawbox3386=\box3564
\l@dRcolrawbox3386=\box3565
\l@dLcolrawbox3385=\box3566
\l@dRcolrawbox3385=\box3567
\l@dLcolrawbox3384=\box3568
\l@dRcolrawbox3384=\box3569
\l@dLcolrawbox3383=\box3570
\l@dRcolrawbox3383=\box3571
\l@dLcolrawbox3382=\box3572
\l@dRcolrawbox3382=\box3573
\l@dLcolrawbox3381=\box3574
\l@dRcolrawbox3381=\box3575
\l@dLcolrawbox3380=\box3576
\l@dRcolrawbox3380=\box3577
\l@dLcolrawbox3379=\box3578
\l@dRcolrawbox3379=\box3579
\l@dLcolrawbox3378=\box3580
\l@dRcolrawbox3378=\box3581
\l@dLcolrawbox3377=\box3582
\l@dRcolrawbox3377=\box3583
\l@dLcolrawbox3376=\box3584
\l@dRcolrawbox3376=\box3585
\l@dLcolrawbox3375=\box3586
\l@dRcolrawbox3375=\box3587
\l@dLcolrawbox3374=\box3588
\l@dRcolrawbox3374=\box3589
\l@dLcolrawbox3373=\box3590
\l@dRcolrawbox3373=\box3591
\l@dLcolrawbox3372=\box3592
\l@dRcolrawbox3372=\box3593
\l@dLcolrawbox3371=\box3594
\l@dRcolrawbox3371=\box3595
\l@dLcolrawbox3370=\box3596
\l@dRcolrawbox3370=\box3597
\l@dLcolrawbox3369=\box3598
\l@dRcolrawbox3369=\box3599
\l@dLcolrawbox3368=\box3600
\l@dRcolrawbox3368=\box3601
\l@dLcolrawbox3367=\box3602
\l@dRcolrawbox3367=\box3603
\l@dLcolrawbox3366=\box3604
\l@dRcolrawbox3366=\box3605
\l@dLcolrawbox3365=\box3606
\l@dRcolrawbox3365=\box3607
\l@dLcolrawbox3364=\box3608
\l@dRcolrawbox3364=\box3609
\l@dLcolrawbox3363=\box3610
\l@dRcolrawbox3363=\box3611
\l@dLcolrawbox3362=\box3612
\l@dRcolrawbox3362=\box3613
\l@dLcolrawbox3361=\box3614
\l@dRcolrawbox3361=\box3615
\l@dLcolrawbox3360=\box3616
\l@dRcolrawbox3360=\box3617
\l@dLcolrawbox3359=\box3618
\l@dRcolrawbox3359=\box3619
\l@dLcolrawbox3358=\box3620
\l@dRcolrawbox3358=\box3621
\l@dLcolrawbox3357=\box3622
\l@dRcolrawbox3357=\box3623
\l@dLcolrawbox3356=\box3624
\l@dRcolrawbox3356=\box3625
\l@dLcolrawbox3355=\box3626
\l@dRcolrawbox3355=\box3627
\l@dLcolrawbox3354=\box3628
\l@dRcolrawbox3354=\box3629
\l@dLcolrawbox3353=\box3630
\l@dRcolrawbox3353=\box3631
\l@dLcolrawbox3352=\box3632
\l@dRcolrawbox3352=\box3633
\l@dLcolrawbox3351=\box3634
\l@dRcolrawbox3351=\box3635
\l@dLcolrawbox3350=\box3636
\l@dRcolrawbox3350=\box3637
\l@dLcolrawbox3349=\box3638
\l@dRcolrawbox3349=\box3639
\l@dLcolrawbox3348=\box3640
\l@dRcolrawbox3348=\box3641
\l@dLcolrawbox3347=\box3642
\l@dRcolrawbox3347=\box3643
\l@dLcolrawbox3346=\box3644
\l@dRcolrawbox3346=\box3645
\l@dLcolrawbox3345=\box3646
\l@dRcolrawbox3345=\box3647
\l@dLcolrawbox3344=\box3648
\l@dRcolrawbox3344=\box3649
\l@dLcolrawbox3343=\box3650
\l@dRcolrawbox3343=\box3651
\l@dLcolrawbox3342=\box3652
\l@dRcolrawbox3342=\box3653
\l@dLcolrawbox3341=\box3654
\l@dRcolrawbox3341=\box3655
\l@dLcolrawbox3340=\box3656
\l@dRcolrawbox3340=\box3657
\l@dLcolrawbox3339=\box3658
\l@dRcolrawbox3339=\box3659
\l@dLcolrawbox3338=\box3660
\l@dRcolrawbox3338=\box3661
\l@dLcolrawbox3337=\box3662
\l@dRcolrawbox3337=\box3663
\l@dLcolrawbox3336=\box3664
\l@dRcolrawbox3336=\box3665
\l@dLcolrawbox3335=\box3666
\l@dRcolrawbox3335=\box3667
\l@dLcolrawbox3334=\box3668
\l@dRcolrawbox3334=\box3669
\l@dLcolrawbox3333=\box3670
\l@dRcolrawbox3333=\box3671
\l@dLcolrawbox3332=\box3672
\l@dRcolrawbox3332=\box3673
\l@dLcolrawbox3331=\box3674
\l@dRcolrawbox3331=\box3675
\l@dLcolrawbox3330=\box3676
\l@dRcolrawbox3330=\box3677
\l@dLcolrawbox3329=\box3678
\l@dRcolrawbox3329=\box3679
\l@dLcolrawbox3328=\box3680
\l@dRcolrawbox3328=\box3681
\l@dLcolrawbox3327=\box3682
\l@dRcolrawbox3327=\box3683
\l@dLcolrawbox3326=\box3684
\l@dRcolrawbox3326=\box3685
\l@dLcolrawbox3325=\box3686
\l@dRcolrawbox3325=\box3687
\l@dLcolrawbox3324=\box3688
\l@dRcolrawbox3324=\box3689
\l@dLcolrawbox3323=\box3690
\l@dRcolrawbox3323=\box3691
\l@dLcolrawbox3322=\box3692
\l@dRcolrawbox3322=\box3693
\l@dLcolrawbox3321=\box3694
\l@dRcolrawbox3321=\box3695
\l@dLcolrawbox3320=\box3696
\l@dRcolrawbox3320=\box3697
\l@dLcolrawbox3319=\box3698
\l@dRcolrawbox3319=\box3699
\l@dLcolrawbox3318=\box3700
\l@dRcolrawbox3318=\box3701
\l@dLcolrawbox3317=\box3702
\l@dRcolrawbox3317=\box3703
\l@dLcolrawbox3316=\box3704
\l@dRcolrawbox3316=\box3705
\l@dLcolrawbox3315=\box3706
\l@dRcolrawbox3315=\box3707
\l@dLcolrawbox3314=\box3708
\l@dRcolrawbox3314=\box3709
\l@dLcolrawbox3313=\box3710
\l@dRcolrawbox3313=\box3711
\l@dLcolrawbox3312=\box3712
\l@dRcolrawbox3312=\box3713
\l@dLcolrawbox3311=\box3714
\l@dRcolrawbox3311=\box3715
\l@dLcolrawbox3310=\box3716
\l@dRcolrawbox3310=\box3717
\l@dLcolrawbox3309=\box3718
\l@dRcolrawbox3309=\box3719
\l@dLcolrawbox3308=\box3720
\l@dRcolrawbox3308=\box3721
\l@dLcolrawbox3307=\box3722
\l@dRcolrawbox3307=\box3723
\l@dLcolrawbox3306=\box3724
\l@dRcolrawbox3306=\box3725
\l@dLcolrawbox3305=\box3726
\l@dRcolrawbox3305=\box3727
\l@dLcolrawbox3304=\box3728
\l@dRcolrawbox3304=\box3729
\l@dLcolrawbox3303=\box3730
\l@dRcolrawbox3303=\box3731
\l@dLcolrawbox3302=\box3732
\l@dRcolrawbox3302=\box3733
\l@dLcolrawbox3301=\box3734
\l@dRcolrawbox3301=\box3735
\l@dLcolrawbox3300=\box3736
\l@dRcolrawbox3300=\box3737
\l@dLcolrawbox3299=\box3738
\l@dRcolrawbox3299=\box3739
\l@dLcolrawbox3298=\box3740
\l@dRcolrawbox3298=\box3741
\l@dLcolrawbox3297=\box3742
\l@dRcolrawbox3297=\box3743
\l@dLcolrawbox3296=\box3744
\l@dRcolrawbox3296=\box3745
\l@dLcolrawbox3295=\box3746
\l@dRcolrawbox3295=\box3747
\l@dLcolrawbox3294=\box3748
\l@dRcolrawbox3294=\box3749
\l@dLcolrawbox3293=\box3750
\l@dRcolrawbox3293=\box3751
\l@dLcolrawbox3292=\box3752
\l@dRcolrawbox3292=\box3753
\l@dLcolrawbox3291=\box3754
\l@dRcolrawbox3291=\box3755
\l@dLcolrawbox3290=\box3756
\l@dRcolrawbox3290=\box3757
\l@dLcolrawbox3289=\box3758
\l@dRcolrawbox3289=\box3759
\l@dLcolrawbox3288=\box3760
\l@dRcolrawbox3288=\box3761
\l@dLcolrawbox3287=\box3762
\l@dRcolrawbox3287=\box3763
\l@dLcolrawbox3286=\box3764
\l@dRcolrawbox3286=\box3765
\l@dLcolrawbox3285=\box3766
\l@dRcolrawbox3285=\box3767
\l@dLcolrawbox3284=\box3768
\l@dRcolrawbox3284=\box3769
\l@dLcolrawbox3283=\box3770
\l@dRcolrawbox3283=\box3771
\l@dLcolrawbox3282=\box3772
\l@dRcolrawbox3282=\box3773
\l@dLcolrawbox3281=\box3774
\l@dRcolrawbox3281=\box3775
\l@dLcolrawbox3280=\box3776
\l@dRcolrawbox3280=\box3777
\l@dLcolrawbox3279=\box3778
\l@dRcolrawbox3279=\box3779
\l@dLcolrawbox3278=\box3780
\l@dRcolrawbox3278=\box3781
\l@dLcolrawbox3277=\box3782
\l@dRcolrawbox3277=\box3783
\l@dLcolrawbox3276=\box3784
\l@dRcolrawbox3276=\box3785
\l@dLcolrawbox3275=\box3786
\l@dRcolrawbox3275=\box3787
\l@dLcolrawbox3274=\box3788
\l@dRcolrawbox3274=\box3789
\l@dLcolrawbox3273=\box3790
\l@dRcolrawbox3273=\box3791
\l@dLcolrawbox3272=\box3792
\l@dRcolrawbox3272=\box3793
\l@dLcolrawbox3271=\box3794
\l@dRcolrawbox3271=\box3795
\l@dLcolrawbox3270=\box3796
\l@dRcolrawbox3270=\box3797
\l@dLcolrawbox3269=\box3798
\l@dRcolrawbox3269=\box3799
\l@dLcolrawbox3268=\box3800
\l@dRcolrawbox3268=\box3801
\l@dLcolrawbox3267=\box3802
\l@dRcolrawbox3267=\box3803
\l@dLcolrawbox3266=\box3804
\l@dRcolrawbox3266=\box3805
\l@dLcolrawbox3265=\box3806
\l@dRcolrawbox3265=\box3807
\l@dLcolrawbox3264=\box3808
\l@dRcolrawbox3264=\box3809
\l@dLcolrawbox3263=\box3810
\l@dRcolrawbox3263=\box3811
\l@dLcolrawbox3262=\box3812
\l@dRcolrawbox3262=\box3813
\l@dLcolrawbox3261=\box3814
\l@dRcolrawbox3261=\box3815
\l@dLcolrawbox3260=\box3816
\l@dRcolrawbox3260=\box3817
\l@dLcolrawbox3259=\box3818
\l@dRcolrawbox3259=\box3819
\l@dLcolrawbox3258=\box3820
\l@dRcolrawbox3258=\box3821
\l@dLcolrawbox3257=\box3822
\l@dRcolrawbox3257=\box3823
\l@dLcolrawbox3256=\box3824
\l@dRcolrawbox3256=\box3825
\l@dLcolrawbox3255=\box3826
\l@dRcolrawbox3255=\box3827
\l@dLcolrawbox3254=\box3828
\l@dRcolrawbox3254=\box3829
\l@dLcolrawbox3253=\box3830
\l@dRcolrawbox3253=\box3831
\l@dLcolrawbox3252=\box3832
\l@dRcolrawbox3252=\box3833
\l@dLcolrawbox3251=\box3834
\l@dRcolrawbox3251=\box3835
\l@dLcolrawbox3250=\box3836
\l@dRcolrawbox3250=\box3837
\l@dLcolrawbox3249=\box3838
\l@dRcolrawbox3249=\box3839
\l@dLcolrawbox3248=\box3840
\l@dRcolrawbox3248=\box3841
\l@dLcolrawbox3247=\box3842
\l@dRcolrawbox3247=\box3843
\l@dLcolrawbox3246=\box3844
\l@dRcolrawbox3246=\box3845
\l@dLcolrawbox3245=\box3846
\l@dRcolrawbox3245=\box3847
\l@dLcolrawbox3244=\box3848
\l@dRcolrawbox3244=\box3849
\l@dLcolrawbox3243=\box3850
\l@dRcolrawbox3243=\box3851
\l@dLcolrawbox3242=\box3852
\l@dRcolrawbox3242=\box3853
\l@dLcolrawbox3241=\box3854
\l@dRcolrawbox3241=\box3855
\l@dLcolrawbox3240=\box3856
\l@dRcolrawbox3240=\box3857
\l@dLcolrawbox3239=\box3858
\l@dRcolrawbox3239=\box3859
\l@dLcolrawbox3238=\box3860
\l@dRcolrawbox3238=\box3861
\l@dLcolrawbox3237=\box3862
\l@dRcolrawbox3237=\box3863
\l@dLcolrawbox3236=\box3864
\l@dRcolrawbox3236=\box3865
\l@dLcolrawbox3235=\box3866
\l@dRcolrawbox3235=\box3867
\l@dLcolrawbox3234=\box3868
\l@dRcolrawbox3234=\box3869
\l@dLcolrawbox3233=\box3870
\l@dRcolrawbox3233=\box3871
\l@dLcolrawbox3232=\box3872
\l@dRcolrawbox3232=\box3873
\l@dLcolrawbox3231=\box3874
\l@dRcolrawbox3231=\box3875
\l@dLcolrawbox3230=\box3876
\l@dRcolrawbox3230=\box3877
\l@dLcolrawbox3229=\box3878
\l@dRcolrawbox3229=\box3879
\l@dLcolrawbox3228=\box3880
\l@dRcolrawbox3228=\box3881
\l@dLcolrawbox3227=\box3882
\l@dRcolrawbox3227=\box3883
\l@dLcolrawbox3226=\box3884
\l@dRcolrawbox3226=\box3885
\l@dLcolrawbox3225=\box3886
\l@dRcolrawbox3225=\box3887
\l@dLcolrawbox3224=\box3888
\l@dRcolrawbox3224=\box3889
\l@dLcolrawbox3223=\box3890
\l@dRcolrawbox3223=\box3891
\l@dLcolrawbox3222=\box3892
\l@dRcolrawbox3222=\box3893
\l@dLcolrawbox3221=\box3894
\l@dRcolrawbox3221=\box3895
\l@dLcolrawbox3220=\box3896
\l@dRcolrawbox3220=\box3897
\l@dLcolrawbox3219=\box3898
\l@dRcolrawbox3219=\box3899
\l@dLcolrawbox3218=\box3900
\l@dRcolrawbox3218=\box3901
\l@dLcolrawbox3217=\box3902
\l@dRcolrawbox3217=\box3903
\l@dLcolrawbox3216=\box3904
\l@dRcolrawbox3216=\box3905
\l@dLcolrawbox3215=\box3906
\l@dRcolrawbox3215=\box3907
\l@dLcolrawbox3214=\box3908
\l@dRcolrawbox3214=\box3909
\l@dLcolrawbox3213=\box3910
\l@dRcolrawbox3213=\box3911
\l@dLcolrawbox3212=\box3912
\l@dRcolrawbox3212=\box3913
\l@dLcolrawbox3211=\box3914
\l@dRcolrawbox3211=\box3915
\l@dLcolrawbox3210=\box3916
\l@dRcolrawbox3210=\box3917
\l@dLcolrawbox3209=\box3918
\l@dRcolrawbox3209=\box3919
\l@dLcolrawbox3208=\box3920
\l@dRcolrawbox3208=\box3921
\l@dLcolrawbox3207=\box3922
\l@dRcolrawbox3207=\box3923
\l@dLcolrawbox3206=\box3924
\l@dRcolrawbox3206=\box3925
\l@dLcolrawbox3205=\box3926
\l@dRcolrawbox3205=\box3927
\l@dLcolrawbox3204=\box3928
\l@dRcolrawbox3204=\box3929
\l@dLcolrawbox3203=\box3930
\l@dRcolrawbox3203=\box3931
\l@dLcolrawbox3202=\box3932
\l@dRcolrawbox3202=\box3933
\l@dLcolrawbox3201=\box3934
\l@dRcolrawbox3201=\box3935
\l@dLcolrawbox3200=\box3936
\l@dRcolrawbox3200=\box3937
\l@dLcolrawbox3199=\box3938
\l@dRcolrawbox3199=\box3939
\l@dLcolrawbox3198=\box3940
\l@dRcolrawbox3198=\box3941
\l@dLcolrawbox3197=\box3942
\l@dRcolrawbox3197=\box3943
\l@dLcolrawbox3196=\box3944
\l@dRcolrawbox3196=\box3945
\l@dLcolrawbox3195=\box3946
\l@dRcolrawbox3195=\box3947
\l@dLcolrawbox3194=\box3948
\l@dRcolrawbox3194=\box3949
\l@dLcolrawbox3193=\box3950
\l@dRcolrawbox3193=\box3951
\l@dLcolrawbox3192=\box3952
\l@dRcolrawbox3192=\box3953
\l@dLcolrawbox3191=\box3954
\l@dRcolrawbox3191=\box3955
\l@dLcolrawbox3190=\box3956
\l@dRcolrawbox3190=\box3957
\l@dLcolrawbox3189=\box3958
\l@dRcolrawbox3189=\box3959
\l@dLcolrawbox3188=\box3960
\l@dRcolrawbox3188=\box3961
\l@dLcolrawbox3187=\box3962
\l@dRcolrawbox3187=\box3963
\l@dLcolrawbox3186=\box3964
\l@dRcolrawbox3186=\box3965
\l@dLcolrawbox3185=\box3966
\l@dRcolrawbox3185=\box3967
\l@dLcolrawbox3184=\box3968
\l@dRcolrawbox3184=\box3969
\l@dLcolrawbox3183=\box3970
\l@dRcolrawbox3183=\box3971
\l@dLcolrawbox3182=\box3972
\l@dRcolrawbox3182=\box3973
\l@dLcolrawbox3181=\box3974
\l@dRcolrawbox3181=\box3975
\l@dLcolrawbox3180=\box3976
\l@dRcolrawbox3180=\box3977
\l@dLcolrawbox3179=\box3978
\l@dRcolrawbox3179=\box3979
\l@dLcolrawbox3178=\box3980
\l@dRcolrawbox3178=\box3981
\l@dLcolrawbox3177=\box3982
\l@dRcolrawbox3177=\box3983
\l@dLcolrawbox3176=\box3984
\l@dRcolrawbox3176=\box3985
\l@dLcolrawbox3175=\box3986
\l@dRcolrawbox3175=\box3987
\l@dLcolrawbox3174=\box3988
\l@dRcolrawbox3174=\box3989
\l@dLcolrawbox3173=\box3990
\l@dRcolrawbox3173=\box3991
\l@dLcolrawbox3172=\box3992
\l@dRcolrawbox3172=\box3993
\l@dLcolrawbox3171=\box3994
\l@dRcolrawbox3171=\box3995
\l@dLcolrawbox3170=\box3996
\l@dRcolrawbox3170=\box3997
\l@dLcolrawbox3169=\box3998
\l@dRcolrawbox3169=\box3999
\l@dLcolrawbox3168=\box4000
\l@dRcolrawbox3168=\box4001
\l@dLcolrawbox3167=\box4002
\l@dRcolrawbox3167=\box4003
\l@dLcolrawbox3166=\box4004
\l@dRcolrawbox3166=\box4005
\l@dLcolrawbox3165=\box4006
\l@dRcolrawbox3165=\box4007
\l@dLcolrawbox3164=\box4008
\l@dRcolrawbox3164=\box4009
\l@dLcolrawbox3163=\box4010
\l@dRcolrawbox3163=\box4011
\l@dLcolrawbox3162=\box4012
\l@dRcolrawbox3162=\box4013
\l@dLcolrawbox3161=\box4014
\l@dRcolrawbox3161=\box4015
\l@dLcolrawbox3160=\box4016
\l@dRcolrawbox3160=\box4017
\l@dLcolrawbox3159=\box4018
\l@dRcolrawbox3159=\box4019
\l@dLcolrawbox3158=\box4020
\l@dRcolrawbox3158=\box4021
\l@dLcolrawbox3157=\box4022
\l@dRcolrawbox3157=\box4023
\l@dLcolrawbox3156=\box4024
\l@dRcolrawbox3156=\box4025
\l@dLcolrawbox3155=\box4026
\l@dRcolrawbox3155=\box4027
\l@dLcolrawbox3154=\box4028
\l@dRcolrawbox3154=\box4029
\l@dLcolrawbox3153=\box4030
\l@dRcolrawbox3153=\box4031
\l@dLcolrawbox3152=\box4032
\l@dRcolrawbox3152=\box4033
\l@dLcolrawbox3151=\box4034
\l@dRcolrawbox3151=\box4035
\l@dLcolrawbox3150=\box4036
\l@dRcolrawbox3150=\box4037
\l@dLcolrawbox3149=\box4038
\l@dRcolrawbox3149=\box4039
\l@dLcolrawbox3148=\box4040
\l@dRcolrawbox3148=\box4041
\l@dLcolrawbox3147=\box4042
\l@dRcolrawbox3147=\box4043
\l@dLcolrawbox3146=\box4044
\l@dRcolrawbox3146=\box4045
\l@dLcolrawbox3145=\box4046
\l@dRcolrawbox3145=\box4047
\l@dLcolrawbox3144=\box4048
\l@dRcolrawbox3144=\box4049
\l@dLcolrawbox3143=\box4050
\l@dRcolrawbox3143=\box4051
\l@dLcolrawbox3142=\box4052
\l@dRcolrawbox3142=\box4053
\l@dLcolrawbox3141=\box4054
\l@dRcolrawbox3141=\box4055
\l@dLcolrawbox3140=\box4056
\l@dRcolrawbox3140=\box4057
\l@dLcolrawbox3139=\box4058
\l@dRcolrawbox3139=\box4059
\l@dLcolrawbox3138=\box4060
\l@dRcolrawbox3138=\box4061
\l@dLcolrawbox3137=\box4062
\l@dRcolrawbox3137=\box4063
\l@dLcolrawbox3136=\box4064
\l@dRcolrawbox3136=\box4065
\l@dLcolrawbox3135=\box4066
\l@dRcolrawbox3135=\box4067
\l@dLcolrawbox3134=\box4068
\l@dRcolrawbox3134=\box4069
\l@dLcolrawbox3133=\box4070
\l@dRcolrawbox3133=\box4071
\l@dLcolrawbox3132=\box4072
\l@dRcolrawbox3132=\box4073
\l@dLcolrawbox3131=\box4074
\l@dRcolrawbox3131=\box4075
\l@dLcolrawbox3130=\box4076
\l@dRcolrawbox3130=\box4077
\l@dLcolrawbox3129=\box4078
\l@dRcolrawbox3129=\box4079
\l@dLcolrawbox3128=\box4080
\l@dRcolrawbox3128=\box4081
\l@dLcolrawbox3127=\box4082
\l@dRcolrawbox3127=\box4083
\l@dLcolrawbox3126=\box4084
\l@dRcolrawbox3126=\box4085
\l@dLcolrawbox3125=\box4086
\l@dRcolrawbox3125=\box4087
\l@dLcolrawbox3124=\box4088
\l@dRcolrawbox3124=\box4089
\l@dLcolrawbox3123=\box4090
\l@dRcolrawbox3123=\box4091
\l@dLcolrawbox3122=\box4092
\l@dRcolrawbox3122=\box4093
\l@dLcolrawbox3121=\box4094
\l@dRcolrawbox3121=\box4095
\l@dLcolrawbox3120=\box4096
\l@dRcolrawbox3120=\box4097
\l@dLcolrawbox3119=\box4098
\l@dRcolrawbox3119=\box4099
\l@dLcolrawbox3118=\box4100
\l@dRcolrawbox3118=\box4101
\l@dLcolrawbox3117=\box4102
\l@dRcolrawbox3117=\box4103
\l@dLcolrawbox3116=\box4104
\l@dRcolrawbox3116=\box4105
\l@dLcolrawbox3115=\box4106
\l@dRcolrawbox3115=\box4107
\l@dLcolrawbox3114=\box4108
\l@dRcolrawbox3114=\box4109
\l@dLcolrawbox3113=\box4110
\l@dRcolrawbox3113=\box4111
\l@dLcolrawbox3112=\box4112
\l@dRcolrawbox3112=\box4113
\l@dLcolrawbox3111=\box4114
\l@dRcolrawbox3111=\box4115
\l@dLcolrawbox3110=\box4116
\l@dRcolrawbox3110=\box4117
\l@dLcolrawbox3109=\box4118
\l@dRcolrawbox3109=\box4119
\l@dLcolrawbox3108=\box4120
\l@dRcolrawbox3108=\box4121
\l@dLcolrawbox3107=\box4122
\l@dRcolrawbox3107=\box4123
\l@dLcolrawbox3106=\box4124
\l@dRcolrawbox3106=\box4125
\l@dLcolrawbox3105=\box4126
\l@dRcolrawbox3105=\box4127
\l@dLcolrawbox3104=\box4128
\l@dRcolrawbox3104=\box4129
\l@dLcolrawbox3103=\box4130
\l@dRcolrawbox3103=\box4131
\l@dLcolrawbox3102=\box4132
\l@dRcolrawbox3102=\box4133
\l@dLcolrawbox3101=\box4134
\l@dRcolrawbox3101=\box4135
\l@dLcolrawbox3100=\box4136
\l@dRcolrawbox3100=\box4137
\l@dLcolrawbox3099=\box4138
\l@dRcolrawbox3099=\box4139
\l@dLcolrawbox3098=\box4140
\l@dRcolrawbox3098=\box4141
\l@dLcolrawbox3097=\box4142
\l@dRcolrawbox3097=\box4143
\l@dLcolrawbox3096=\box4144
\l@dRcolrawbox3096=\box4145
\l@dLcolrawbox3095=\box4146
\l@dRcolrawbox3095=\box4147
\l@dLcolrawbox3094=\box4148
\l@dRcolrawbox3094=\box4149
\l@dLcolrawbox3093=\box4150
\l@dRcolrawbox3093=\box4151
\l@dLcolrawbox3092=\box4152
\l@dRcolrawbox3092=\box4153
\l@dLcolrawbox3091=\box4154
\l@dRcolrawbox3091=\box4155
\l@dLcolrawbox3090=\box4156
\l@dRcolrawbox3090=\box4157
\l@dLcolrawbox3089=\box4158
\l@dRcolrawbox3089=\box4159
\l@dLcolrawbox3088=\box4160
\l@dRcolrawbox3088=\box4161
\l@dLcolrawbox3087=\box4162
\l@dRcolrawbox3087=\box4163
\l@dLcolrawbox3086=\box4164
\l@dRcolrawbox3086=\box4165
\l@dLcolrawbox3085=\box4166
\l@dRcolrawbox3085=\box4167
\l@dLcolrawbox3084=\box4168
\l@dRcolrawbox3084=\box4169
\l@dLcolrawbox3083=\box4170
\l@dRcolrawbox3083=\box4171
\l@dLcolrawbox3082=\box4172
\l@dRcolrawbox3082=\box4173
\l@dLcolrawbox3081=\box4174
\l@dRcolrawbox3081=\box4175
\l@dLcolrawbox3080=\box4176
\l@dRcolrawbox3080=\box4177
\l@dLcolrawbox3079=\box4178
\l@dRcolrawbox3079=\box4179
\l@dLcolrawbox3078=\box4180
\l@dRcolrawbox3078=\box4181
\l@dLcolrawbox3077=\box4182
\l@dRcolrawbox3077=\box4183
\l@dLcolrawbox3076=\box4184
\l@dRcolrawbox3076=\box4185
\l@dLcolrawbox3075=\box4186
\l@dRcolrawbox3075=\box4187
\l@dLcolrawbox3074=\box4188
\l@dRcolrawbox3074=\box4189
\l@dLcolrawbox3073=\box4190
\l@dRcolrawbox3073=\box4191
\l@dLcolrawbox3072=\box4192
\l@dRcolrawbox3072=\box4193
\l@dLcolrawbox3071=\box4194
\l@dRcolrawbox3071=\box4195
\l@dLcolrawbox3070=\box4196
\l@dRcolrawbox3070=\box4197
\l@dLcolrawbox3069=\box4198
\l@dRcolrawbox3069=\box4199
\l@dLcolrawbox3068=\box4200
\l@dRcolrawbox3068=\box4201
\l@dLcolrawbox3067=\box4202
\l@dRcolrawbox3067=\box4203
\l@dLcolrawbox3066=\box4204
\l@dRcolrawbox3066=\box4205
\l@dLcolrawbox3065=\box4206
\l@dRcolrawbox3065=\box4207
\l@dLcolrawbox3064=\box4208
\l@dRcolrawbox3064=\box4209
\l@dLcolrawbox3063=\box4210
\l@dRcolrawbox3063=\box4211
\l@dLcolrawbox3062=\box4212
\l@dRcolrawbox3062=\box4213
\l@dLcolrawbox3061=\box4214
\l@dRcolrawbox3061=\box4215
\l@dLcolrawbox3060=\box4216
\l@dRcolrawbox3060=\box4217
\l@dLcolrawbox3059=\box4218
\l@dRcolrawbox3059=\box4219
\l@dLcolrawbox3058=\box4220
\l@dRcolrawbox3058=\box4221
\l@dLcolrawbox3057=\box4222
\l@dRcolrawbox3057=\box4223
\l@dLcolrawbox3056=\box4224
\l@dRcolrawbox3056=\box4225
\l@dLcolrawbox3055=\box4226
\l@dRcolrawbox3055=\box4227
\l@dLcolrawbox3054=\box4228
\l@dRcolrawbox3054=\box4229
\l@dLcolrawbox3053=\box4230
\l@dRcolrawbox3053=\box4231
\l@dLcolrawbox3052=\box4232
\l@dRcolrawbox3052=\box4233
\l@dLcolrawbox3051=\box4234
\l@dRcolrawbox3051=\box4235
\l@dLcolrawbox3050=\box4236
\l@dRcolrawbox3050=\box4237
\l@dLcolrawbox3049=\box4238
\l@dRcolrawbox3049=\box4239
\l@dLcolrawbox3048=\box4240
\l@dRcolrawbox3048=\box4241
\l@dLcolrawbox3047=\box4242
\l@dRcolrawbox3047=\box4243
\l@dLcolrawbox3046=\box4244
\l@dRcolrawbox3046=\box4245
\l@dLcolrawbox3045=\box4246
\l@dRcolrawbox3045=\box4247
\l@dLcolrawbox3044=\box4248
\l@dRcolrawbox3044=\box4249
\l@dLcolrawbox3043=\box4250
\l@dRcolrawbox3043=\box4251
\l@dLcolrawbox3042=\box4252
\l@dRcolrawbox3042=\box4253
\l@dLcolrawbox3041=\box4254
\l@dRcolrawbox3041=\box4255
\l@dLcolrawbox3040=\box4256
\l@dRcolrawbox3040=\box4257
\l@dLcolrawbox3039=\box4258
\l@dRcolrawbox3039=\box4259
\l@dLcolrawbox3038=\box4260
\l@dRcolrawbox3038=\box4261
\l@dLcolrawbox3037=\box4262
\l@dRcolrawbox3037=\box4263
\l@dLcolrawbox3036=\box4264
\l@dRcolrawbox3036=\box4265
\l@dLcolrawbox3035=\box4266
\l@dRcolrawbox3035=\box4267
\l@dLcolrawbox3034=\box4268
\l@dRcolrawbox3034=\box4269
\l@dLcolrawbox3033=\box4270
\l@dRcolrawbox3033=\box4271
\l@dLcolrawbox3032=\box4272
\l@dRcolrawbox3032=\box4273
\l@dLcolrawbox3031=\box4274
\l@dRcolrawbox3031=\box4275
\l@dLcolrawbox3030=\box4276
\l@dRcolrawbox3030=\box4277
\l@dLcolrawbox3029=\box4278
\l@dRcolrawbox3029=\box4279
\l@dLcolrawbox3028=\box4280
\l@dRcolrawbox3028=\box4281
\l@dLcolrawbox3027=\box4282
\l@dRcolrawbox3027=\box4283
\l@dLcolrawbox3026=\box4284
\l@dRcolrawbox3026=\box4285
\l@dLcolrawbox3025=\box4286
\l@dRcolrawbox3025=\box4287
\l@dLcolrawbox3024=\box4288
\l@dRcolrawbox3024=\box4289
\l@dLcolrawbox3023=\box4290
\l@dRcolrawbox3023=\box4291
\l@dLcolrawbox3022=\box4292
\l@dRcolrawbox3022=\box4293
\l@dLcolrawbox3021=\box4294
\l@dRcolrawbox3021=\box4295
\l@dLcolrawbox3020=\box4296
\l@dRcolrawbox3020=\box4297
\l@dLcolrawbox3019=\box4298
\l@dRcolrawbox3019=\box4299
\l@dLcolrawbox3018=\box4300
\l@dRcolrawbox3018=\box4301
\l@dLcolrawbox3017=\box4302
\l@dRcolrawbox3017=\box4303
\l@dLcolrawbox3016=\box4304
\l@dRcolrawbox3016=\box4305
\l@dLcolrawbox3015=\box4306
\l@dRcolrawbox3015=\box4307
\l@dLcolrawbox3014=\box4308
\l@dRcolrawbox3014=\box4309
\l@dLcolrawbox3013=\box4310
\l@dRcolrawbox3013=\box4311
\l@dLcolrawbox3012=\box4312
\l@dRcolrawbox3012=\box4313
\l@dLcolrawbox3011=\box4314
\l@dRcolrawbox3011=\box4315
\l@dLcolrawbox3010=\box4316
\l@dRcolrawbox3010=\box4317
\l@dLcolrawbox3009=\box4318
\l@dRcolrawbox3009=\box4319
\l@dLcolrawbox3008=\box4320
\l@dRcolrawbox3008=\box4321
\l@dLcolrawbox3007=\box4322
\l@dRcolrawbox3007=\box4323
\l@dLcolrawbox3006=\box4324
\l@dRcolrawbox3006=\box4325
\l@dLcolrawbox3005=\box4326
\l@dRcolrawbox3005=\box4327
\l@dLcolrawbox3004=\box4328
\l@dRcolrawbox3004=\box4329
\l@dLcolrawbox3003=\box4330
\l@dRcolrawbox3003=\box4331
\l@dLcolrawbox3002=\box4332
\l@dRcolrawbox3002=\box4333
\l@dLcolrawbox3001=\box4334
\l@dRcolrawbox3001=\box4335
\l@dLcolrawbox3000=\box4336
\l@dRcolrawbox3000=\box4337
\l@dLcolrawbox2999=\box4338
\l@dRcolrawbox2999=\box4339
\l@dLcolrawbox2998=\box4340
\l@dRcolrawbox2998=\box4341
\l@dLcolrawbox2997=\box4342
\l@dRcolrawbox2997=\box4343
\l@dLcolrawbox2996=\box4344
\l@dRcolrawbox2996=\box4345
\l@dLcolrawbox2995=\box4346
\l@dRcolrawbox2995=\box4347
\l@dLcolrawbox2994=\box4348
\l@dRcolrawbox2994=\box4349
\l@dLcolrawbox2993=\box4350
\l@dRcolrawbox2993=\box4351
\l@dLcolrawbox2992=\box4352
\l@dRcolrawbox2992=\box4353
\l@dLcolrawbox2991=\box4354
\l@dRcolrawbox2991=\box4355
\l@dLcolrawbox2990=\box4356
\l@dRcolrawbox2990=\box4357
\l@dLcolrawbox2989=\box4358
\l@dRcolrawbox2989=\box4359
\l@dLcolrawbox2988=\box4360
\l@dRcolrawbox2988=\box4361
\l@dLcolrawbox2987=\box4362
\l@dRcolrawbox2987=\box4363
\l@dLcolrawbox2986=\box4364
\l@dRcolrawbox2986=\box4365
\l@dLcolrawbox2985=\box4366
\l@dRcolrawbox2985=\box4367
\l@dLcolrawbox2984=\box4368
\l@dRcolrawbox2984=\box4369
\l@dLcolrawbox2983=\box4370
\l@dRcolrawbox2983=\box4371
\l@dLcolrawbox2982=\box4372
\l@dRcolrawbox2982=\box4373
\l@dLcolrawbox2981=\box4374
\l@dRcolrawbox2981=\box4375
\l@dLcolrawbox2980=\box4376
\l@dRcolrawbox2980=\box4377
\l@dLcolrawbox2979=\box4378
\l@dRcolrawbox2979=\box4379
\l@dLcolrawbox2978=\box4380
\l@dRcolrawbox2978=\box4381
\l@dLcolrawbox2977=\box4382
\l@dRcolrawbox2977=\box4383
\l@dLcolrawbox2976=\box4384
\l@dRcolrawbox2976=\box4385
\l@dLcolrawbox2975=\box4386
\l@dRcolrawbox2975=\box4387
\l@dLcolrawbox2974=\box4388
\l@dRcolrawbox2974=\box4389
\l@dLcolrawbox2973=\box4390
\l@dRcolrawbox2973=\box4391
\l@dLcolrawbox2972=\box4392
\l@dRcolrawbox2972=\box4393
\l@dLcolrawbox2971=\box4394
\l@dRcolrawbox2971=\box4395
\l@dLcolrawbox2970=\box4396
\l@dRcolrawbox2970=\box4397
\l@dLcolrawbox2969=\box4398
\l@dRcolrawbox2969=\box4399
\l@dLcolrawbox2968=\box4400
\l@dRcolrawbox2968=\box4401
\l@dLcolrawbox2967=\box4402
\l@dRcolrawbox2967=\box4403
\l@dLcolrawbox2966=\box4404
\l@dRcolrawbox2966=\box4405
\l@dLcolrawbox2965=\box4406
\l@dRcolrawbox2965=\box4407
\l@dLcolrawbox2964=\box4408
\l@dRcolrawbox2964=\box4409
\l@dLcolrawbox2963=\box4410
\l@dRcolrawbox2963=\box4411
\l@dLcolrawbox2962=\box4412
\l@dRcolrawbox2962=\box4413
\l@dLcolrawbox2961=\box4414
\l@dRcolrawbox2961=\box4415
\l@dLcolrawbox2960=\box4416
\l@dRcolrawbox2960=\box4417
\l@dLcolrawbox2959=\box4418
\l@dRcolrawbox2959=\box4419
\l@dLcolrawbox2958=\box4420
\l@dRcolrawbox2958=\box4421
\l@dLcolrawbox2957=\box4422
\l@dRcolrawbox2957=\box4423
\l@dLcolrawbox2956=\box4424
\l@dRcolrawbox2956=\box4425
\l@dLcolrawbox2955=\box4426
\l@dRcolrawbox2955=\box4427
\l@dLcolrawbox2954=\box4428
\l@dRcolrawbox2954=\box4429
\l@dLcolrawbox2953=\box4430
\l@dRcolrawbox2953=\box4431
\l@dLcolrawbox2952=\box4432
\l@dRcolrawbox2952=\box4433
\l@dLcolrawbox2951=\box4434
\l@dRcolrawbox2951=\box4435
\l@dLcolrawbox2950=\box4436
\l@dRcolrawbox2950=\box4437
\l@dLcolrawbox2949=\box4438
\l@dRcolrawbox2949=\box4439
\l@dLcolrawbox2948=\box4440
\l@dRcolrawbox2948=\box4441
\l@dLcolrawbox2947=\box4442
\l@dRcolrawbox2947=\box4443
\l@dLcolrawbox2946=\box4444
\l@dRcolrawbox2946=\box4445
\l@dLcolrawbox2945=\box4446
\l@dRcolrawbox2945=\box4447
\l@dLcolrawbox2944=\box4448
\l@dRcolrawbox2944=\box4449
\l@dLcolrawbox2943=\box4450
\l@dRcolrawbox2943=\box4451
\l@dLcolrawbox2942=\box4452
\l@dRcolrawbox2942=\box4453
\l@dLcolrawbox2941=\box4454
\l@dRcolrawbox2941=\box4455
\l@dLcolrawbox2940=\box4456
\l@dRcolrawbox2940=\box4457
\l@dLcolrawbox2939=\box4458
\l@dRcolrawbox2939=\box4459
\l@dLcolrawbox2938=\box4460
\l@dRcolrawbox2938=\box4461
\l@dLcolrawbox2937=\box4462
\l@dRcolrawbox2937=\box4463
\l@dLcolrawbox2936=\box4464
\l@dRcolrawbox2936=\box4465
\l@dLcolrawbox2935=\box4466
\l@dRcolrawbox2935=\box4467
\l@dLcolrawbox2934=\box4468
\l@dRcolrawbox2934=\box4469
\l@dLcolrawbox2933=\box4470
\l@dRcolrawbox2933=\box4471
\l@dLcolrawbox2932=\box4472
\l@dRcolrawbox2932=\box4473
\l@dLcolrawbox2931=\box4474
\l@dRcolrawbox2931=\box4475
\l@dLcolrawbox2930=\box4476
\l@dRcolrawbox2930=\box4477
\l@dLcolrawbox2929=\box4478
\l@dRcolrawbox2929=\box4479
\l@dLcolrawbox2928=\box4480
\l@dRcolrawbox2928=\box4481
\l@dLcolrawbox2927=\box4482
\l@dRcolrawbox2927=\box4483
\l@dLcolrawbox2926=\box4484
\l@dRcolrawbox2926=\box4485
\l@dLcolrawbox2925=\box4486
\l@dRcolrawbox2925=\box4487
\l@dLcolrawbox2924=\box4488
\l@dRcolrawbox2924=\box4489
\l@dLcolrawbox2923=\box4490
\l@dRcolrawbox2923=\box4491
\l@dLcolrawbox2922=\box4492
\l@dRcolrawbox2922=\box4493
\l@dLcolrawbox2921=\box4494
\l@dRcolrawbox2921=\box4495
\l@dLcolrawbox2920=\box4496
\l@dRcolrawbox2920=\box4497
\l@dLcolrawbox2919=\box4498
\l@dRcolrawbox2919=\box4499
\l@dLcolrawbox2918=\box4500
\l@dRcolrawbox2918=\box4501
\l@dLcolrawbox2917=\box4502
\l@dRcolrawbox2917=\box4503
\l@dLcolrawbox2916=\box4504
\l@dRcolrawbox2916=\box4505
\l@dLcolrawbox2915=\box4506
\l@dRcolrawbox2915=\box4507
\l@dLcolrawbox2914=\box4508
\l@dRcolrawbox2914=\box4509
\l@dLcolrawbox2913=\box4510
\l@dRcolrawbox2913=\box4511
\l@dLcolrawbox2912=\box4512
\l@dRcolrawbox2912=\box4513
\l@dLcolrawbox2911=\box4514
\l@dRcolrawbox2911=\box4515
\l@dLcolrawbox2910=\box4516
\l@dRcolrawbox2910=\box4517
\l@dLcolrawbox2909=\box4518
\l@dRcolrawbox2909=\box4519
\l@dLcolrawbox2908=\box4520
\l@dRcolrawbox2908=\box4521
\l@dLcolrawbox2907=\box4522
\l@dRcolrawbox2907=\box4523
\l@dLcolrawbox2906=\box4524
\l@dRcolrawbox2906=\box4525
\l@dLcolrawbox2905=\box4526
\l@dRcolrawbox2905=\box4527
\l@dLcolrawbox2904=\box4528
\l@dRcolrawbox2904=\box4529
\l@dLcolrawbox2903=\box4530
\l@dRcolrawbox2903=\box4531
\l@dLcolrawbox2902=\box4532
\l@dRcolrawbox2902=\box4533
\l@dLcolrawbox2901=\box4534
\l@dRcolrawbox2901=\box4535
\l@dLcolrawbox2900=\box4536
\l@dRcolrawbox2900=\box4537
\l@dLcolrawbox2899=\box4538
\l@dRcolrawbox2899=\box4539
\l@dLcolrawbox2898=\box4540
\l@dRcolrawbox2898=\box4541
\l@dLcolrawbox2897=\box4542
\l@dRcolrawbox2897=\box4543
\l@dLcolrawbox2896=\box4544
\l@dRcolrawbox2896=\box4545
\l@dLcolrawbox2895=\box4546
\l@dRcolrawbox2895=\box4547
\l@dLcolrawbox2894=\box4548
\l@dRcolrawbox2894=\box4549
\l@dLcolrawbox2893=\box4550
\l@dRcolrawbox2893=\box4551
\l@dLcolrawbox2892=\box4552
\l@dRcolrawbox2892=\box4553
\l@dLcolrawbox2891=\box4554
\l@dRcolrawbox2891=\box4555
\l@dLcolrawbox2890=\box4556
\l@dRcolrawbox2890=\box4557
\l@dLcolrawbox2889=\box4558
\l@dRcolrawbox2889=\box4559
\l@dLcolrawbox2888=\box4560
\l@dRcolrawbox2888=\box4561
\l@dLcolrawbox2887=\box4562
\l@dRcolrawbox2887=\box4563
\l@dLcolrawbox2886=\box4564
\l@dRcolrawbox2886=\box4565
\l@dLcolrawbox2885=\box4566
\l@dRcolrawbox2885=\box4567
\l@dLcolrawbox2884=\box4568
\l@dRcolrawbox2884=\box4569
\l@dLcolrawbox2883=\box4570
\l@dRcolrawbox2883=\box4571
\l@dLcolrawbox2882=\box4572
\l@dRcolrawbox2882=\box4573
\l@dLcolrawbox2881=\box4574
\l@dRcolrawbox2881=\box4575
\l@dLcolrawbox2880=\box4576
\l@dRcolrawbox2880=\box4577
\l@dLcolrawbox2879=\box4578
\l@dRcolrawbox2879=\box4579
\l@dLcolrawbox2878=\box4580
\l@dRcolrawbox2878=\box4581
\l@dLcolrawbox2877=\box4582
\l@dRcolrawbox2877=\box4583
\l@dLcolrawbox2876=\box4584
\l@dRcolrawbox2876=\box4585
\l@dLcolrawbox2875=\box4586
\l@dRcolrawbox2875=\box4587
\l@dLcolrawbox2874=\box4588
\l@dRcolrawbox2874=\box4589
\l@dLcolrawbox2873=\box4590
\l@dRcolrawbox2873=\box4591
\l@dLcolrawbox2872=\box4592
\l@dRcolrawbox2872=\box4593
\l@dLcolrawbox2871=\box4594
\l@dRcolrawbox2871=\box4595
\l@dLcolrawbox2870=\box4596
\l@dRcolrawbox2870=\box4597
\l@dLcolrawbox2869=\box4598
\l@dRcolrawbox2869=\box4599
\l@dLcolrawbox2868=\box4600
\l@dRcolrawbox2868=\box4601
\l@dLcolrawbox2867=\box4602
\l@dRcolrawbox2867=\box4603
\l@dLcolrawbox2866=\box4604
\l@dRcolrawbox2866=\box4605
\l@dLcolrawbox2865=\box4606
\l@dRcolrawbox2865=\box4607
\l@dLcolrawbox2864=\box4608
\l@dRcolrawbox2864=\box4609
\l@dLcolrawbox2863=\box4610
\l@dRcolrawbox2863=\box4611
\l@dLcolrawbox2862=\box4612
\l@dRcolrawbox2862=\box4613
\l@dLcolrawbox2861=\box4614
\l@dRcolrawbox2861=\box4615
\l@dLcolrawbox2860=\box4616
\l@dRcolrawbox2860=\box4617
\l@dLcolrawbox2859=\box4618
\l@dRcolrawbox2859=\box4619
\l@dLcolrawbox2858=\box4620
\l@dRcolrawbox2858=\box4621
\l@dLcolrawbox2857=\box4622
\l@dRcolrawbox2857=\box4623
\l@dLcolrawbox2856=\box4624
\l@dRcolrawbox2856=\box4625
\l@dLcolrawbox2855=\box4626
\l@dRcolrawbox2855=\box4627
\l@dLcolrawbox2854=\box4628
\l@dRcolrawbox2854=\box4629
\l@dLcolrawbox2853=\box4630
\l@dRcolrawbox2853=\box4631
\l@dLcolrawbox2852=\box4632
\l@dRcolrawbox2852=\box4633
\l@dLcolrawbox2851=\box4634
\l@dRcolrawbox2851=\box4635
\l@dLcolrawbox2850=\box4636
\l@dRcolrawbox2850=\box4637
\l@dLcolrawbox2849=\box4638
\l@dRcolrawbox2849=\box4639
\l@dLcolrawbox2848=\box4640
\l@dRcolrawbox2848=\box4641
\l@dLcolrawbox2847=\box4642
\l@dRcolrawbox2847=\box4643
\l@dLcolrawbox2846=\box4644
\l@dRcolrawbox2846=\box4645
\l@dLcolrawbox2845=\box4646
\l@dRcolrawbox2845=\box4647
\l@dLcolrawbox2844=\box4648
\l@dRcolrawbox2844=\box4649
\l@dLcolrawbox2843=\box4650
\l@dRcolrawbox2843=\box4651
\l@dLcolrawbox2842=\box4652
\l@dRcolrawbox2842=\box4653
\l@dLcolrawbox2841=\box4654
\l@dRcolrawbox2841=\box4655
\l@dLcolrawbox2840=\box4656
\l@dRcolrawbox2840=\box4657
\l@dLcolrawbox2839=\box4658
\l@dRcolrawbox2839=\box4659
\l@dLcolrawbox2838=\box4660
\l@dRcolrawbox2838=\box4661
\l@dLcolrawbox2837=\box4662
\l@dRcolrawbox2837=\box4663
\l@dLcolrawbox2836=\box4664
\l@dRcolrawbox2836=\box4665
\l@dLcolrawbox2835=\box4666
\l@dRcolrawbox2835=\box4667
\l@dLcolrawbox2834=\box4668
\l@dRcolrawbox2834=\box4669
\l@dLcolrawbox2833=\box4670
\l@dRcolrawbox2833=\box4671
\l@dLcolrawbox2832=\box4672
\l@dRcolrawbox2832=\box4673
\l@dLcolrawbox2831=\box4674
\l@dRcolrawbox2831=\box4675
\l@dLcolrawbox2830=\box4676
\l@dRcolrawbox2830=\box4677
\l@dLcolrawbox2829=\box4678
\l@dRcolrawbox2829=\box4679
\l@dLcolrawbox2828=\box4680
\l@dRcolrawbox2828=\box4681
\l@dLcolrawbox2827=\box4682
\l@dRcolrawbox2827=\box4683
\l@dLcolrawbox2826=\box4684
\l@dRcolrawbox2826=\box4685
\l@dLcolrawbox2825=\box4686
\l@dRcolrawbox2825=\box4687
\l@dLcolrawbox2824=\box4688
\l@dRcolrawbox2824=\box4689
\l@dLcolrawbox2823=\box4690
\l@dRcolrawbox2823=\box4691
\l@dLcolrawbox2822=\box4692
\l@dRcolrawbox2822=\box4693
\l@dLcolrawbox2821=\box4694
\l@dRcolrawbox2821=\box4695
\l@dLcolrawbox2820=\box4696
\l@dRcolrawbox2820=\box4697
\l@dLcolrawbox2819=\box4698
\l@dRcolrawbox2819=\box4699
\l@dLcolrawbox2818=\box4700
\l@dRcolrawbox2818=\box4701
\l@dLcolrawbox2817=\box4702
\l@dRcolrawbox2817=\box4703
\l@dLcolrawbox2816=\box4704
\l@dRcolrawbox2816=\box4705
\l@dLcolrawbox2815=\box4706
\l@dRcolrawbox2815=\box4707
\l@dLcolrawbox2814=\box4708
\l@dRcolrawbox2814=\box4709
\l@dLcolrawbox2813=\box4710
\l@dRcolrawbox2813=\box4711
\l@dLcolrawbox2812=\box4712
\l@dRcolrawbox2812=\box4713
\l@dLcolrawbox2811=\box4714
\l@dRcolrawbox2811=\box4715
\l@dLcolrawbox2810=\box4716
\l@dRcolrawbox2810=\box4717
\l@dLcolrawbox2809=\box4718
\l@dRcolrawbox2809=\box4719
\l@dLcolrawbox2808=\box4720
\l@dRcolrawbox2808=\box4721
\l@dLcolrawbox2807=\box4722
\l@dRcolrawbox2807=\box4723
\l@dLcolrawbox2806=\box4724
\l@dRcolrawbox2806=\box4725
\l@dLcolrawbox2805=\box4726
\l@dRcolrawbox2805=\box4727
\l@dLcolrawbox2804=\box4728
\l@dRcolrawbox2804=\box4729
\l@dLcolrawbox2803=\box4730
\l@dRcolrawbox2803=\box4731
\l@dLcolrawbox2802=\box4732
\l@dRcolrawbox2802=\box4733
\l@dLcolrawbox2801=\box4734
\l@dRcolrawbox2801=\box4735
\l@dLcolrawbox2800=\box4736
\l@dRcolrawbox2800=\box4737
\l@dLcolrawbox2799=\box4738
\l@dRcolrawbox2799=\box4739
\l@dLcolrawbox2798=\box4740
\l@dRcolrawbox2798=\box4741
\l@dLcolrawbox2797=\box4742
\l@dRcolrawbox2797=\box4743
\l@dLcolrawbox2796=\box4744
\l@dRcolrawbox2796=\box4745
\l@dLcolrawbox2795=\box4746
\l@dRcolrawbox2795=\box4747
\l@dLcolrawbox2794=\box4748
\l@dRcolrawbox2794=\box4749
\l@dLcolrawbox2793=\box4750
\l@dRcolrawbox2793=\box4751
\l@dLcolrawbox2792=\box4752
\l@dRcolrawbox2792=\box4753
\l@dLcolrawbox2791=\box4754
\l@dRcolrawbox2791=\box4755
\l@dLcolrawbox2790=\box4756
\l@dRcolrawbox2790=\box4757
\l@dLcolrawbox2789=\box4758
\l@dRcolrawbox2789=\box4759
\l@dLcolrawbox2788=\box4760
\l@dRcolrawbox2788=\box4761
\l@dLcolrawbox2787=\box4762
\l@dRcolrawbox2787=\box4763
\l@dLcolrawbox2786=\box4764
\l@dRcolrawbox2786=\box4765
\l@dLcolrawbox2785=\box4766
\l@dRcolrawbox2785=\box4767
\l@dLcolrawbox2784=\box4768
\l@dRcolrawbox2784=\box4769
\l@dLcolrawbox2783=\box4770
\l@dRcolrawbox2783=\box4771
\l@dLcolrawbox2782=\box4772
\l@dRcolrawbox2782=\box4773
\l@dLcolrawbox2781=\box4774
\l@dRcolrawbox2781=\box4775
\l@dLcolrawbox2780=\box4776
\l@dRcolrawbox2780=\box4777
\l@dLcolrawbox2779=\box4778
\l@dRcolrawbox2779=\box4779
\l@dLcolrawbox2778=\box4780
\l@dRcolrawbox2778=\box4781
\l@dLcolrawbox2777=\box4782
\l@dRcolrawbox2777=\box4783
\l@dLcolrawbox2776=\box4784
\l@dRcolrawbox2776=\box4785
\l@dLcolrawbox2775=\box4786
\l@dRcolrawbox2775=\box4787
\l@dLcolrawbox2774=\box4788
\l@dRcolrawbox2774=\box4789
\l@dLcolrawbox2773=\box4790
\l@dRcolrawbox2773=\box4791
\l@dLcolrawbox2772=\box4792
\l@dRcolrawbox2772=\box4793
\l@dLcolrawbox2771=\box4794
\l@dRcolrawbox2771=\box4795
\l@dLcolrawbox2770=\box4796
\l@dRcolrawbox2770=\box4797
\l@dLcolrawbox2769=\box4798
\l@dRcolrawbox2769=\box4799
\l@dLcolrawbox2768=\box4800
\l@dRcolrawbox2768=\box4801
\l@dLcolrawbox2767=\box4802
\l@dRcolrawbox2767=\box4803
\l@dLcolrawbox2766=\box4804
\l@dRcolrawbox2766=\box4805
\l@dLcolrawbox2765=\box4806
\l@dRcolrawbox2765=\box4807
\l@dLcolrawbox2764=\box4808
\l@dRcolrawbox2764=\box4809
\l@dLcolrawbox2763=\box4810
\l@dRcolrawbox2763=\box4811
\l@dLcolrawbox2762=\box4812
\l@dRcolrawbox2762=\box4813
\l@dLcolrawbox2761=\box4814
\l@dRcolrawbox2761=\box4815
\l@dLcolrawbox2760=\box4816
\l@dRcolrawbox2760=\box4817
\l@dLcolrawbox2759=\box4818
\l@dRcolrawbox2759=\box4819
\l@dLcolrawbox2758=\box4820
\l@dRcolrawbox2758=\box4821
\l@dLcolrawbox2757=\box4822
\l@dRcolrawbox2757=\box4823
\l@dLcolrawbox2756=\box4824
\l@dRcolrawbox2756=\box4825
\l@dLcolrawbox2755=\box4826
\l@dRcolrawbox2755=\box4827
\l@dLcolrawbox2754=\box4828
\l@dRcolrawbox2754=\box4829
\l@dLcolrawbox2753=\box4830
\l@dRcolrawbox2753=\box4831
\l@dLcolrawbox2752=\box4832
\l@dRcolrawbox2752=\box4833
\l@dLcolrawbox2751=\box4834
\l@dRcolrawbox2751=\box4835
\l@dLcolrawbox2750=\box4836
\l@dRcolrawbox2750=\box4837
\l@dLcolrawbox2749=\box4838
\l@dRcolrawbox2749=\box4839
\l@dLcolrawbox2748=\box4840
\l@dRcolrawbox2748=\box4841
\l@dLcolrawbox2747=\box4842
\l@dRcolrawbox2747=\box4843
\l@dLcolrawbox2746=\box4844
\l@dRcolrawbox2746=\box4845
\l@dLcolrawbox2745=\box4846
\l@dRcolrawbox2745=\box4847
\l@dLcolrawbox2744=\box4848
\l@dRcolrawbox2744=\box4849
\l@dLcolrawbox2743=\box4850
\l@dRcolrawbox2743=\box4851
\l@dLcolrawbox2742=\box4852
\l@dRcolrawbox2742=\box4853
\l@dLcolrawbox2741=\box4854
\l@dRcolrawbox2741=\box4855
\l@dLcolrawbox2740=\box4856
\l@dRcolrawbox2740=\box4857
\l@dLcolrawbox2739=\box4858
\l@dRcolrawbox2739=\box4859
\l@dLcolrawbox2738=\box4860
\l@dRcolrawbox2738=\box4861
\l@dLcolrawbox2737=\box4862
\l@dRcolrawbox2737=\box4863
\l@dLcolrawbox2736=\box4864
\l@dRcolrawbox2736=\box4865
\l@dLcolrawbox2735=\box4866
\l@dRcolrawbox2735=\box4867
\l@dLcolrawbox2734=\box4868
\l@dRcolrawbox2734=\box4869
\l@dLcolrawbox2733=\box4870
\l@dRcolrawbox2733=\box4871
\l@dLcolrawbox2732=\box4872
\l@dRcolrawbox2732=\box4873
\l@dLcolrawbox2731=\box4874
\l@dRcolrawbox2731=\box4875
\l@dLcolrawbox2730=\box4876
\l@dRcolrawbox2730=\box4877
\l@dLcolrawbox2729=\box4878
\l@dRcolrawbox2729=\box4879
\l@dLcolrawbox2728=\box4880
\l@dRcolrawbox2728=\box4881
\l@dLcolrawbox2727=\box4882
\l@dRcolrawbox2727=\box4883
\l@dLcolrawbox2726=\box4884
\l@dRcolrawbox2726=\box4885
\l@dLcolrawbox2725=\box4886
\l@dRcolrawbox2725=\box4887
\l@dLcolrawbox2724=\box4888
\l@dRcolrawbox2724=\box4889
\l@dLcolrawbox2723=\box4890
\l@dRcolrawbox2723=\box4891
\l@dLcolrawbox2722=\box4892
\l@dRcolrawbox2722=\box4893
\l@dLcolrawbox2721=\box4894
\l@dRcolrawbox2721=\box4895
\l@dLcolrawbox2720=\box4896
\l@dRcolrawbox2720=\box4897
\l@dLcolrawbox2719=\box4898
\l@dRcolrawbox2719=\box4899
\l@dLcolrawbox2718=\box4900
\l@dRcolrawbox2718=\box4901
\l@dLcolrawbox2717=\box4902
\l@dRcolrawbox2717=\box4903
\l@dLcolrawbox2716=\box4904
\l@dRcolrawbox2716=\box4905
\l@dLcolrawbox2715=\box4906
\l@dRcolrawbox2715=\box4907
\l@dLcolrawbox2714=\box4908
\l@dRcolrawbox2714=\box4909
\l@dLcolrawbox2713=\box4910
\l@dRcolrawbox2713=\box4911
\l@dLcolrawbox2712=\box4912
\l@dRcolrawbox2712=\box4913
\l@dLcolrawbox2711=\box4914
\l@dRcolrawbox2711=\box4915
\l@dLcolrawbox2710=\box4916
\l@dRcolrawbox2710=\box4917
\l@dLcolrawbox2709=\box4918
\l@dRcolrawbox2709=\box4919
\l@dLcolrawbox2708=\box4920
\l@dRcolrawbox2708=\box4921
\l@dLcolrawbox2707=\box4922
\l@dRcolrawbox2707=\box4923
\l@dLcolrawbox2706=\box4924
\l@dRcolrawbox2706=\box4925
\l@dLcolrawbox2705=\box4926
\l@dRcolrawbox2705=\box4927
\l@dLcolrawbox2704=\box4928
\l@dRcolrawbox2704=\box4929
\l@dLcolrawbox2703=\box4930
\l@dRcolrawbox2703=\box4931
\l@dLcolrawbox2702=\box4932
\l@dRcolrawbox2702=\box4933
\l@dLcolrawbox2701=\box4934
\l@dRcolrawbox2701=\box4935
\l@dLcolrawbox2700=\box4936
\l@dRcolrawbox2700=\box4937
\l@dLcolrawbox2699=\box4938
\l@dRcolrawbox2699=\box4939
\l@dLcolrawbox2698=\box4940
\l@dRcolrawbox2698=\box4941
\l@dLcolrawbox2697=\box4942
\l@dRcolrawbox2697=\box4943
\l@dLcolrawbox2696=\box4944
\l@dRcolrawbox2696=\box4945
\l@dLcolrawbox2695=\box4946
\l@dRcolrawbox2695=\box4947
\l@dLcolrawbox2694=\box4948
\l@dRcolrawbox2694=\box4949
\l@dLcolrawbox2693=\box4950
\l@dRcolrawbox2693=\box4951
\l@dLcolrawbox2692=\box4952
\l@dRcolrawbox2692=\box4953
\l@dLcolrawbox2691=\box4954
\l@dRcolrawbox2691=\box4955
\l@dLcolrawbox2690=\box4956
\l@dRcolrawbox2690=\box4957
\l@dLcolrawbox2689=\box4958
\l@dRcolrawbox2689=\box4959
\l@dLcolrawbox2688=\box4960
\l@dRcolrawbox2688=\box4961
\l@dLcolrawbox2687=\box4962
\l@dRcolrawbox2687=\box4963
\l@dLcolrawbox2686=\box4964
\l@dRcolrawbox2686=\box4965
\l@dLcolrawbox2685=\box4966
\l@dRcolrawbox2685=\box4967
\l@dLcolrawbox2684=\box4968
\l@dRcolrawbox2684=\box4969
\l@dLcolrawbox2683=\box4970
\l@dRcolrawbox2683=\box4971
\l@dLcolrawbox2682=\box4972
\l@dRcolrawbox2682=\box4973
\l@dLcolrawbox2681=\box4974
\l@dRcolrawbox2681=\box4975
\l@dLcolrawbox2680=\box4976
\l@dRcolrawbox2680=\box4977
\l@dLcolrawbox2679=\box4978
\l@dRcolrawbox2679=\box4979
\l@dLcolrawbox2678=\box4980
\l@dRcolrawbox2678=\box4981
\l@dLcolrawbox2677=\box4982
\l@dRcolrawbox2677=\box4983
\l@dLcolrawbox2676=\box4984
\l@dRcolrawbox2676=\box4985
\l@dLcolrawbox2675=\box4986
\l@dRcolrawbox2675=\box4987
\l@dLcolrawbox2674=\box4988
\l@dRcolrawbox2674=\box4989
\l@dLcolrawbox2673=\box4990
\l@dRcolrawbox2673=\box4991
\l@dLcolrawbox2672=\box4992
\l@dRcolrawbox2672=\box4993
\l@dLcolrawbox2671=\box4994
\l@dRcolrawbox2671=\box4995
\l@dLcolrawbox2670=\box4996
\l@dRcolrawbox2670=\box4997
\l@dLcolrawbox2669=\box4998
\l@dRcolrawbox2669=\box4999
\l@dLcolrawbox2668=\box5000
\l@dRcolrawbox2668=\box5001
\l@dLcolrawbox2667=\box5002
\l@dRcolrawbox2667=\box5003
\l@dLcolrawbox2666=\box5004
\l@dRcolrawbox2666=\box5005
\l@dLcolrawbox2665=\box5006
\l@dRcolrawbox2665=\box5007
\l@dLcolrawbox2664=\box5008
\l@dRcolrawbox2664=\box5009
\l@dLcolrawbox2663=\box5010
\l@dRcolrawbox2663=\box5011
\l@dLcolrawbox2662=\box5012
\l@dRcolrawbox2662=\box5013
\l@dLcolrawbox2661=\box5014
\l@dRcolrawbox2661=\box5015
\l@dLcolrawbox2660=\box5016
\l@dRcolrawbox2660=\box5017
\l@dLcolrawbox2659=\box5018
\l@dRcolrawbox2659=\box5019
\l@dLcolrawbox2658=\box5020
\l@dRcolrawbox2658=\box5021
\l@dLcolrawbox2657=\box5022
\l@dRcolrawbox2657=\box5023
\l@dLcolrawbox2656=\box5024
\l@dRcolrawbox2656=\box5025
\l@dLcolrawbox2655=\box5026
\l@dRcolrawbox2655=\box5027
\l@dLcolrawbox2654=\box5028
\l@dRcolrawbox2654=\box5029
\l@dLcolrawbox2653=\box5030
\l@dRcolrawbox2653=\box5031
\l@dLcolrawbox2652=\box5032
\l@dRcolrawbox2652=\box5033
\l@dLcolrawbox2651=\box5034
\l@dRcolrawbox2651=\box5035
\l@dLcolrawbox2650=\box5036
\l@dRcolrawbox2650=\box5037
\l@dLcolrawbox2649=\box5038
\l@dRcolrawbox2649=\box5039
\l@dLcolrawbox2648=\box5040
\l@dRcolrawbox2648=\box5041
\l@dLcolrawbox2647=\box5042
\l@dRcolrawbox2647=\box5043
\l@dLcolrawbox2646=\box5044
\l@dRcolrawbox2646=\box5045
\l@dLcolrawbox2645=\box5046
\l@dRcolrawbox2645=\box5047
\l@dLcolrawbox2644=\box5048
\l@dRcolrawbox2644=\box5049
\l@dLcolrawbox2643=\box5050
\l@dRcolrawbox2643=\box5051
\l@dLcolrawbox2642=\box5052
\l@dRcolrawbox2642=\box5053
\l@dLcolrawbox2641=\box5054
\l@dRcolrawbox2641=\box5055
\l@dLcolrawbox2640=\box5056
\l@dRcolrawbox2640=\box5057
\l@dLcolrawbox2639=\box5058
\l@dRcolrawbox2639=\box5059
\l@dLcolrawbox2638=\box5060
\l@dRcolrawbox2638=\box5061
\l@dLcolrawbox2637=\box5062
\l@dRcolrawbox2637=\box5063
\l@dLcolrawbox2636=\box5064
\l@dRcolrawbox2636=\box5065
\l@dLcolrawbox2635=\box5066
\l@dRcolrawbox2635=\box5067
\l@dLcolrawbox2634=\box5068
\l@dRcolrawbox2634=\box5069
\l@dLcolrawbox2633=\box5070
\l@dRcolrawbox2633=\box5071
\l@dLcolrawbox2632=\box5072
\l@dRcolrawbox2632=\box5073
\l@dLcolrawbox2631=\box5074
\l@dRcolrawbox2631=\box5075
\l@dLcolrawbox2630=\box5076
\l@dRcolrawbox2630=\box5077
\l@dLcolrawbox2629=\box5078
\l@dRcolrawbox2629=\box5079
\l@dLcolrawbox2628=\box5080
\l@dRcolrawbox2628=\box5081
\l@dLcolrawbox2627=\box5082
\l@dRcolrawbox2627=\box5083
\l@dLcolrawbox2626=\box5084
\l@dRcolrawbox2626=\box5085
\l@dLcolrawbox2625=\box5086
\l@dRcolrawbox2625=\box5087
\l@dLcolrawbox2624=\box5088
\l@dRcolrawbox2624=\box5089
\l@dLcolrawbox2623=\box5090
\l@dRcolrawbox2623=\box5091
\l@dLcolrawbox2622=\box5092
\l@dRcolrawbox2622=\box5093
\l@dLcolrawbox2621=\box5094
\l@dRcolrawbox2621=\box5095
\l@dLcolrawbox2620=\box5096
\l@dRcolrawbox2620=\box5097
\l@dLcolrawbox2619=\box5098
\l@dRcolrawbox2619=\box5099
\l@dLcolrawbox2618=\box5100
\l@dRcolrawbox2618=\box5101
\l@dLcolrawbox2617=\box5102
\l@dRcolrawbox2617=\box5103
\l@dLcolrawbox2616=\box5104
\l@dRcolrawbox2616=\box5105
\l@dLcolrawbox2615=\box5106
\l@dRcolrawbox2615=\box5107
\l@dLcolrawbox2614=\box5108
\l@dRcolrawbox2614=\box5109
\l@dLcolrawbox2613=\box5110
\l@dRcolrawbox2613=\box5111
\l@dLcolrawbox2612=\box5112
\l@dRcolrawbox2612=\box5113
\l@dLcolrawbox2611=\box5114
\l@dRcolrawbox2611=\box5115
\l@dLcolrawbox2610=\box5116
\l@dRcolrawbox2610=\box5117
\l@dLcolrawbox2609=\box5118
\l@dRcolrawbox2609=\box5119
\l@dLcolrawbox2608=\box5120
\l@dRcolrawbox2608=\box5121
\l@dLcolrawbox2607=\box5122
\l@dRcolrawbox2607=\box5123
\l@dLcolrawbox2606=\box5124
\l@dRcolrawbox2606=\box5125
\l@dLcolrawbox2605=\box5126
\l@dRcolrawbox2605=\box5127
\l@dLcolrawbox2604=\box5128
\l@dRcolrawbox2604=\box5129
\l@dLcolrawbox2603=\box5130
\l@dRcolrawbox2603=\box5131
\l@dLcolrawbox2602=\box5132
\l@dRcolrawbox2602=\box5133
\l@dLcolrawbox2601=\box5134
\l@dRcolrawbox2601=\box5135
\l@dLcolrawbox2600=\box5136
\l@dRcolrawbox2600=\box5137
\l@dLcolrawbox2599=\box5138
\l@dRcolrawbox2599=\box5139
\l@dLcolrawbox2598=\box5140
\l@dRcolrawbox2598=\box5141
\l@dLcolrawbox2597=\box5142
\l@dRcolrawbox2597=\box5143
\l@dLcolrawbox2596=\box5144
\l@dRcolrawbox2596=\box5145
\l@dLcolrawbox2595=\box5146
\l@dRcolrawbox2595=\box5147
\l@dLcolrawbox2594=\box5148
\l@dRcolrawbox2594=\box5149
\l@dLcolrawbox2593=\box5150
\l@dRcolrawbox2593=\box5151
\l@dLcolrawbox2592=\box5152
\l@dRcolrawbox2592=\box5153
\l@dLcolrawbox2591=\box5154
\l@dRcolrawbox2591=\box5155
\l@dLcolrawbox2590=\box5156
\l@dRcolrawbox2590=\box5157
\l@dLcolrawbox2589=\box5158
\l@dRcolrawbox2589=\box5159
\l@dLcolrawbox2588=\box5160
\l@dRcolrawbox2588=\box5161
\l@dLcolrawbox2587=\box5162
\l@dRcolrawbox2587=\box5163
\l@dLcolrawbox2586=\box5164
\l@dRcolrawbox2586=\box5165
\l@dLcolrawbox2585=\box5166
\l@dRcolrawbox2585=\box5167
\l@dLcolrawbox2584=\box5168
\l@dRcolrawbox2584=\box5169
\l@dLcolrawbox2583=\box5170
\l@dRcolrawbox2583=\box5171
\l@dLcolrawbox2582=\box5172
\l@dRcolrawbox2582=\box5173
\l@dLcolrawbox2581=\box5174
\l@dRcolrawbox2581=\box5175
\l@dLcolrawbox2580=\box5176
\l@dRcolrawbox2580=\box5177
\l@dLcolrawbox2579=\box5178
\l@dRcolrawbox2579=\box5179
\l@dLcolrawbox2578=\box5180
\l@dRcolrawbox2578=\box5181
\l@dLcolrawbox2577=\box5182
\l@dRcolrawbox2577=\box5183
\l@dLcolrawbox2576=\box5184
\l@dRcolrawbox2576=\box5185
\l@dLcolrawbox2575=\box5186
\l@dRcolrawbox2575=\box5187
\l@dLcolrawbox2574=\box5188
\l@dRcolrawbox2574=\box5189
\l@dLcolrawbox2573=\box5190
\l@dRcolrawbox2573=\box5191
\l@dLcolrawbox2572=\box5192
\l@dRcolrawbox2572=\box5193
\l@dLcolrawbox2571=\box5194
\l@dRcolrawbox2571=\box5195
\l@dLcolrawbox2570=\box5196
\l@dRcolrawbox2570=\box5197
\l@dLcolrawbox2569=\box5198
\l@dRcolrawbox2569=\box5199
\l@dLcolrawbox2568=\box5200
\l@dRcolrawbox2568=\box5201
\l@dLcolrawbox2567=\box5202
\l@dRcolrawbox2567=\box5203
\l@dLcolrawbox2566=\box5204
\l@dRcolrawbox2566=\box5205
\l@dLcolrawbox2565=\box5206
\l@dRcolrawbox2565=\box5207
\l@dLcolrawbox2564=\box5208
\l@dRcolrawbox2564=\box5209
\l@dLcolrawbox2563=\box5210
\l@dRcolrawbox2563=\box5211
\l@dLcolrawbox2562=\box5212
\l@dRcolrawbox2562=\box5213
\l@dLcolrawbox2561=\box5214
\l@dRcolrawbox2561=\box5215
\l@dLcolrawbox2560=\box5216
\l@dRcolrawbox2560=\box5217
\l@dLcolrawbox2559=\box5218
\l@dRcolrawbox2559=\box5219
\l@dLcolrawbox2558=\box5220
\l@dRcolrawbox2558=\box5221
\l@dLcolrawbox2557=\box5222
\l@dRcolrawbox2557=\box5223
\l@dLcolrawbox2556=\box5224
\l@dRcolrawbox2556=\box5225
\l@dLcolrawbox2555=\box5226
\l@dRcolrawbox2555=\box5227
\l@dLcolrawbox2554=\box5228
\l@dRcolrawbox2554=\box5229
\l@dLcolrawbox2553=\box5230
\l@dRcolrawbox2553=\box5231
\l@dLcolrawbox2552=\box5232
\l@dRcolrawbox2552=\box5233
\l@dLcolrawbox2551=\box5234
\l@dRcolrawbox2551=\box5235
\l@dLcolrawbox2550=\box5236
\l@dRcolrawbox2550=\box5237
\l@dLcolrawbox2549=\box5238
\l@dRcolrawbox2549=\box5239
\l@dLcolrawbox2548=\box5240
\l@dRcolrawbox2548=\box5241
\l@dLcolrawbox2547=\box5242
\l@dRcolrawbox2547=\box5243
\l@dLcolrawbox2546=\box5244
\l@dRcolrawbox2546=\box5245
\l@dLcolrawbox2545=\box5246
\l@dRcolrawbox2545=\box5247
\l@dLcolrawbox2544=\box5248
\l@dRcolrawbox2544=\box5249
\l@dLcolrawbox2543=\box5250
\l@dRcolrawbox2543=\box5251
\l@dLcolrawbox2542=\box5252
\l@dRcolrawbox2542=\box5253
\l@dLcolrawbox2541=\box5254
\l@dRcolrawbox2541=\box5255
\l@dLcolrawbox2540=\box5256
\l@dRcolrawbox2540=\box5257
\l@dLcolrawbox2539=\box5258
\l@dRcolrawbox2539=\box5259
\l@dLcolrawbox2538=\box5260
\l@dRcolrawbox2538=\box5261
\l@dLcolrawbox2537=\box5262
\l@dRcolrawbox2537=\box5263
\l@dLcolrawbox2536=\box5264
\l@dRcolrawbox2536=\box5265
\l@dLcolrawbox2535=\box5266
\l@dRcolrawbox2535=\box5267
\l@dLcolrawbox2534=\box5268
\l@dRcolrawbox2534=\box5269
\l@dLcolrawbox2533=\box5270
\l@dRcolrawbox2533=\box5271
\l@dLcolrawbox2532=\box5272
\l@dRcolrawbox2532=\box5273
\l@dLcolrawbox2531=\box5274
\l@dRcolrawbox2531=\box5275
\l@dLcolrawbox2530=\box5276
\l@dRcolrawbox2530=\box5277
\l@dLcolrawbox2529=\box5278
\l@dRcolrawbox2529=\box5279
\l@dLcolrawbox2528=\box5280
\l@dRcolrawbox2528=\box5281
\l@dLcolrawbox2527=\box5282
\l@dRcolrawbox2527=\box5283
\l@dLcolrawbox2526=\box5284
\l@dRcolrawbox2526=\box5285
\l@dLcolrawbox2525=\box5286
\l@dRcolrawbox2525=\box5287
\l@dLcolrawbox2524=\box5288
\l@dRcolrawbox2524=\box5289
\l@dLcolrawbox2523=\box5290
\l@dRcolrawbox2523=\box5291
\l@dLcolrawbox2522=\box5292
\l@dRcolrawbox2522=\box5293
\l@dLcolrawbox2521=\box5294
\l@dRcolrawbox2521=\box5295
\l@dLcolrawbox2520=\box5296
\l@dRcolrawbox2520=\box5297
\l@dLcolrawbox2519=\box5298
\l@dRcolrawbox2519=\box5299
\l@dLcolrawbox2518=\box5300
\l@dRcolrawbox2518=\box5301
\l@dLcolrawbox2517=\box5302
\l@dRcolrawbox2517=\box5303
\l@dLcolrawbox2516=\box5304
\l@dRcolrawbox2516=\box5305
\l@dLcolrawbox2515=\box5306
\l@dRcolrawbox2515=\box5307
\l@dLcolrawbox2514=\box5308
\l@dRcolrawbox2514=\box5309
\l@dLcolrawbox2513=\box5310
\l@dRcolrawbox2513=\box5311
\l@dLcolrawbox2512=\box5312
\l@dRcolrawbox2512=\box5313
\l@dLcolrawbox2511=\box5314
\l@dRcolrawbox2511=\box5315
\l@dLcolrawbox2510=\box5316
\l@dRcolrawbox2510=\box5317
\l@dLcolrawbox2509=\box5318
\l@dRcolrawbox2509=\box5319
\l@dLcolrawbox2508=\box5320
\l@dRcolrawbox2508=\box5321
\l@dLcolrawbox2507=\box5322
\l@dRcolrawbox2507=\box5323
\l@dLcolrawbox2506=\box5324
\l@dRcolrawbox2506=\box5325
\l@dLcolrawbox2505=\box5326
\l@dRcolrawbox2505=\box5327
\l@dLcolrawbox2504=\box5328
\l@dRcolrawbox2504=\box5329
\l@dLcolrawbox2503=\box5330
\l@dRcolrawbox2503=\box5331
\l@dLcolrawbox2502=\box5332
\l@dRcolrawbox2502=\box5333
\l@dLcolrawbox2501=\box5334
\l@dRcolrawbox2501=\box5335
\l@dLcolrawbox2500=\box5336
\l@dRcolrawbox2500=\box5337
\l@dLcolrawbox2499=\box5338
\l@dRcolrawbox2499=\box5339
\l@dLcolrawbox2498=\box5340
\l@dRcolrawbox2498=\box5341
\l@dLcolrawbox2497=\box5342
\l@dRcolrawbox2497=\box5343
\l@dLcolrawbox2496=\box5344
\l@dRcolrawbox2496=\box5345
\l@dLcolrawbox2495=\box5346
\l@dRcolrawbox2495=\box5347
\l@dLcolrawbox2494=\box5348
\l@dRcolrawbox2494=\box5349
\l@dLcolrawbox2493=\box5350
\l@dRcolrawbox2493=\box5351
\l@dLcolrawbox2492=\box5352
\l@dRcolrawbox2492=\box5353
\l@dLcolrawbox2491=\box5354
\l@dRcolrawbox2491=\box5355
\l@dLcolrawbox2490=\box5356
\l@dRcolrawbox2490=\box5357
\l@dLcolrawbox2489=\box5358
\l@dRcolrawbox2489=\box5359
\l@dLcolrawbox2488=\box5360
\l@dRcolrawbox2488=\box5361
\l@dLcolrawbox2487=\box5362
\l@dRcolrawbox2487=\box5363
\l@dLcolrawbox2486=\box5364
\l@dRcolrawbox2486=\box5365
\l@dLcolrawbox2485=\box5366
\l@dRcolrawbox2485=\box5367
\l@dLcolrawbox2484=\box5368
\l@dRcolrawbox2484=\box5369
\l@dLcolrawbox2483=\box5370
\l@dRcolrawbox2483=\box5371
\l@dLcolrawbox2482=\box5372
\l@dRcolrawbox2482=\box5373
\l@dLcolrawbox2481=\box5374
\l@dRcolrawbox2481=\box5375
\l@dLcolrawbox2480=\box5376
\l@dRcolrawbox2480=\box5377
\l@dLcolrawbox2479=\box5378
\l@dRcolrawbox2479=\box5379
\l@dLcolrawbox2478=\box5380
\l@dRcolrawbox2478=\box5381
\l@dLcolrawbox2477=\box5382
\l@dRcolrawbox2477=\box5383
\l@dLcolrawbox2476=\box5384
\l@dRcolrawbox2476=\box5385
\l@dLcolrawbox2475=\box5386
\l@dRcolrawbox2475=\box5387
\l@dLcolrawbox2474=\box5388
\l@dRcolrawbox2474=\box5389
\l@dLcolrawbox2473=\box5390
\l@dRcolrawbox2473=\box5391
\l@dLcolrawbox2472=\box5392
\l@dRcolrawbox2472=\box5393
\l@dLcolrawbox2471=\box5394
\l@dRcolrawbox2471=\box5395
\l@dLcolrawbox2470=\box5396
\l@dRcolrawbox2470=\box5397
\l@dLcolrawbox2469=\box5398
\l@dRcolrawbox2469=\box5399
\l@dLcolrawbox2468=\box5400
\l@dRcolrawbox2468=\box5401
\l@dLcolrawbox2467=\box5402
\l@dRcolrawbox2467=\box5403
\l@dLcolrawbox2466=\box5404
\l@dRcolrawbox2466=\box5405
\l@dLcolrawbox2465=\box5406
\l@dRcolrawbox2465=\box5407
\l@dLcolrawbox2464=\box5408
\l@dRcolrawbox2464=\box5409
\l@dLcolrawbox2463=\box5410
\l@dRcolrawbox2463=\box5411
\l@dLcolrawbox2462=\box5412
\l@dRcolrawbox2462=\box5413
\l@dLcolrawbox2461=\box5414
\l@dRcolrawbox2461=\box5415
\l@dLcolrawbox2460=\box5416
\l@dRcolrawbox2460=\box5417
\l@dLcolrawbox2459=\box5418
\l@dRcolrawbox2459=\box5419
\l@dLcolrawbox2458=\box5420
\l@dRcolrawbox2458=\box5421
\l@dLcolrawbox2457=\box5422
\l@dRcolrawbox2457=\box5423
\l@dLcolrawbox2456=\box5424
\l@dRcolrawbox2456=\box5425
\l@dLcolrawbox2455=\box5426
\l@dRcolrawbox2455=\box5427
\l@dLcolrawbox2454=\box5428
\l@dRcolrawbox2454=\box5429
\l@dLcolrawbox2453=\box5430
\l@dRcolrawbox2453=\box5431
\l@dLcolrawbox2452=\box5432
\l@dRcolrawbox2452=\box5433
\l@dLcolrawbox2451=\box5434
\l@dRcolrawbox2451=\box5435
\l@dLcolrawbox2450=\box5436
\l@dRcolrawbox2450=\box5437
\l@dLcolrawbox2449=\box5438
\l@dRcolrawbox2449=\box5439
\l@dLcolrawbox2448=\box5440
\l@dRcolrawbox2448=\box5441
\l@dLcolrawbox2447=\box5442
\l@dRcolrawbox2447=\box5443
\l@dLcolrawbox2446=\box5444
\l@dRcolrawbox2446=\box5445
\l@dLcolrawbox2445=\box5446
\l@dRcolrawbox2445=\box5447
\l@dLcolrawbox2444=\box5448
\l@dRcolrawbox2444=\box5449
\l@dLcolrawbox2443=\box5450
\l@dRcolrawbox2443=\box5451
\l@dLcolrawbox2442=\box5452
\l@dRcolrawbox2442=\box5453
\l@dLcolrawbox2441=\box5454
\l@dRcolrawbox2441=\box5455
\l@dLcolrawbox2440=\box5456
\l@dRcolrawbox2440=\box5457
\l@dLcolrawbox2439=\box5458
\l@dRcolrawbox2439=\box5459
\l@dLcolrawbox2438=\box5460
\l@dRcolrawbox2438=\box5461
\l@dLcolrawbox2437=\box5462
\l@dRcolrawbox2437=\box5463
\l@dLcolrawbox2436=\box5464
\l@dRcolrawbox2436=\box5465
\l@dLcolrawbox2435=\box5466
\l@dRcolrawbox2435=\box5467
\l@dLcolrawbox2434=\box5468
\l@dRcolrawbox2434=\box5469
\l@dLcolrawbox2433=\box5470
\l@dRcolrawbox2433=\box5471
\l@dLcolrawbox2432=\box5472
\l@dRcolrawbox2432=\box5473
\l@dLcolrawbox2431=\box5474
\l@dRcolrawbox2431=\box5475
\l@dLcolrawbox2430=\box5476
\l@dRcolrawbox2430=\box5477
\l@dLcolrawbox2429=\box5478
\l@dRcolrawbox2429=\box5479
\l@dLcolrawbox2428=\box5480
\l@dRcolrawbox2428=\box5481
\l@dLcolrawbox2427=\box5482
\l@dRcolrawbox2427=\box5483
\l@dLcolrawbox2426=\box5484
\l@dRcolrawbox2426=\box5485
\l@dLcolrawbox2425=\box5486
\l@dRcolrawbox2425=\box5487
\l@dLcolrawbox2424=\box5488
\l@dRcolrawbox2424=\box5489
\l@dLcolrawbox2423=\box5490
\l@dRcolrawbox2423=\box5491
\l@dLcolrawbox2422=\box5492
\l@dRcolrawbox2422=\box5493
\l@dLcolrawbox2421=\box5494
\l@dRcolrawbox2421=\box5495
\l@dLcolrawbox2420=\box5496
\l@dRcolrawbox2420=\box5497
\l@dLcolrawbox2419=\box5498
\l@dRcolrawbox2419=\box5499
\l@dLcolrawbox2418=\box5500
\l@dRcolrawbox2418=\box5501
\l@dLcolrawbox2417=\box5502
\l@dRcolrawbox2417=\box5503
\l@dLcolrawbox2416=\box5504
\l@dRcolrawbox2416=\box5505
\l@dLcolrawbox2415=\box5506
\l@dRcolrawbox2415=\box5507
\l@dLcolrawbox2414=\box5508
\l@dRcolrawbox2414=\box5509
\l@dLcolrawbox2413=\box5510
\l@dRcolrawbox2413=\box5511
\l@dLcolrawbox2412=\box5512
\l@dRcolrawbox2412=\box5513
\l@dLcolrawbox2411=\box5514
\l@dRcolrawbox2411=\box5515
\l@dLcolrawbox2410=\box5516
\l@dRcolrawbox2410=\box5517
\l@dLcolrawbox2409=\box5518
\l@dRcolrawbox2409=\box5519
\l@dLcolrawbox2408=\box5520
\l@dRcolrawbox2408=\box5521
\l@dLcolrawbox2407=\box5522
\l@dRcolrawbox2407=\box5523
\l@dLcolrawbox2406=\box5524
\l@dRcolrawbox2406=\box5525
\l@dLcolrawbox2405=\box5526
\l@dRcolrawbox2405=\box5527
\l@dLcolrawbox2404=\box5528
\l@dRcolrawbox2404=\box5529
\l@dLcolrawbox2403=\box5530
\l@dRcolrawbox2403=\box5531
\l@dLcolrawbox2402=\box5532
\l@dRcolrawbox2402=\box5533
\l@dLcolrawbox2401=\box5534
\l@dRcolrawbox2401=\box5535
\l@dLcolrawbox2400=\box5536
\l@dRcolrawbox2400=\box5537
\l@dLcolrawbox2399=\box5538
\l@dRcolrawbox2399=\box5539
\l@dLcolrawbox2398=\box5540
\l@dRcolrawbox2398=\box5541
\l@dLcolrawbox2397=\box5542
\l@dRcolrawbox2397=\box5543
\l@dLcolrawbox2396=\box5544
\l@dRcolrawbox2396=\box5545
\l@dLcolrawbox2395=\box5546
\l@dRcolrawbox2395=\box5547
\l@dLcolrawbox2394=\box5548
\l@dRcolrawbox2394=\box5549
\l@dLcolrawbox2393=\box5550
\l@dRcolrawbox2393=\box5551
\l@dLcolrawbox2392=\box5552
\l@dRcolrawbox2392=\box5553
\l@dLcolrawbox2391=\box5554
\l@dRcolrawbox2391=\box5555
\l@dLcolrawbox2390=\box5556
\l@dRcolrawbox2390=\box5557
\l@dLcolrawbox2389=\box5558
\l@dRcolrawbox2389=\box5559
\l@dLcolrawbox2388=\box5560
\l@dRcolrawbox2388=\box5561
\l@dLcolrawbox2387=\box5562
\l@dRcolrawbox2387=\box5563
\l@dLcolrawbox2386=\box5564
\l@dRcolrawbox2386=\box5565
\l@dLcolrawbox2385=\box5566
\l@dRcolrawbox2385=\box5567
\l@dLcolrawbox2384=\box5568
\l@dRcolrawbox2384=\box5569
\l@dLcolrawbox2383=\box5570
\l@dRcolrawbox2383=\box5571
\l@dLcolrawbox2382=\box5572
\l@dRcolrawbox2382=\box5573
\l@dLcolrawbox2381=\box5574
\l@dRcolrawbox2381=\box5575
\l@dLcolrawbox2380=\box5576
\l@dRcolrawbox2380=\box5577
\l@dLcolrawbox2379=\box5578
\l@dRcolrawbox2379=\box5579
\l@dLcolrawbox2378=\box5580
\l@dRcolrawbox2378=\box5581
\l@dLcolrawbox2377=\box5582
\l@dRcolrawbox2377=\box5583
\l@dLcolrawbox2376=\box5584
\l@dRcolrawbox2376=\box5585
\l@dLcolrawbox2375=\box5586
\l@dRcolrawbox2375=\box5587
\l@dLcolrawbox2374=\box5588
\l@dRcolrawbox2374=\box5589
\l@dLcolrawbox2373=\box5590
\l@dRcolrawbox2373=\box5591
\l@dLcolrawbox2372=\box5592
\l@dRcolrawbox2372=\box5593
\l@dLcolrawbox2371=\box5594
\l@dRcolrawbox2371=\box5595
\l@dLcolrawbox2370=\box5596
\l@dRcolrawbox2370=\box5597
\l@dLcolrawbox2369=\box5598
\l@dRcolrawbox2369=\box5599
\l@dLcolrawbox2368=\box5600
\l@dRcolrawbox2368=\box5601
\l@dLcolrawbox2367=\box5602
\l@dRcolrawbox2367=\box5603
\l@dLcolrawbox2366=\box5604
\l@dRcolrawbox2366=\box5605
\l@dLcolrawbox2365=\box5606
\l@dRcolrawbox2365=\box5607
\l@dLcolrawbox2364=\box5608
\l@dRcolrawbox2364=\box5609
\l@dLcolrawbox2363=\box5610
\l@dRcolrawbox2363=\box5611
\l@dLcolrawbox2362=\box5612
\l@dRcolrawbox2362=\box5613
\l@dLcolrawbox2361=\box5614
\l@dRcolrawbox2361=\box5615
\l@dLcolrawbox2360=\box5616
\l@dRcolrawbox2360=\box5617
\l@dLcolrawbox2359=\box5618
\l@dRcolrawbox2359=\box5619
\l@dLcolrawbox2358=\box5620
\l@dRcolrawbox2358=\box5621
\l@dLcolrawbox2357=\box5622
\l@dRcolrawbox2357=\box5623
\l@dLcolrawbox2356=\box5624
\l@dRcolrawbox2356=\box5625
\l@dLcolrawbox2355=\box5626
\l@dRcolrawbox2355=\box5627
\l@dLcolrawbox2354=\box5628
\l@dRcolrawbox2354=\box5629
\l@dLcolrawbox2353=\box5630
\l@dRcolrawbox2353=\box5631
\l@dLcolrawbox2352=\box5632
\l@dRcolrawbox2352=\box5633
\l@dLcolrawbox2351=\box5634
\l@dRcolrawbox2351=\box5635
\l@dLcolrawbox2350=\box5636
\l@dRcolrawbox2350=\box5637
\l@dLcolrawbox2349=\box5638
\l@dRcolrawbox2349=\box5639
\l@dLcolrawbox2348=\box5640
\l@dRcolrawbox2348=\box5641
\l@dLcolrawbox2347=\box5642
\l@dRcolrawbox2347=\box5643
\l@dLcolrawbox2346=\box5644
\l@dRcolrawbox2346=\box5645
\l@dLcolrawbox2345=\box5646
\l@dRcolrawbox2345=\box5647
\l@dLcolrawbox2344=\box5648
\l@dRcolrawbox2344=\box5649
\l@dLcolrawbox2343=\box5650
\l@dRcolrawbox2343=\box5651
\l@dLcolrawbox2342=\box5652
\l@dRcolrawbox2342=\box5653
\l@dLcolrawbox2341=\box5654
\l@dRcolrawbox2341=\box5655
\l@dLcolrawbox2340=\box5656
\l@dRcolrawbox2340=\box5657
\l@dLcolrawbox2339=\box5658
\l@dRcolrawbox2339=\box5659
\l@dLcolrawbox2338=\box5660
\l@dRcolrawbox2338=\box5661
\l@dLcolrawbox2337=\box5662
\l@dRcolrawbox2337=\box5663
\l@dLcolrawbox2336=\box5664
\l@dRcolrawbox2336=\box5665
\l@dLcolrawbox2335=\box5666
\l@dRcolrawbox2335=\box5667
\l@dLcolrawbox2334=\box5668
\l@dRcolrawbox2334=\box5669
\l@dLcolrawbox2333=\box5670
\l@dRcolrawbox2333=\box5671
\l@dLcolrawbox2332=\box5672
\l@dRcolrawbox2332=\box5673
\l@dLcolrawbox2331=\box5674
\l@dRcolrawbox2331=\box5675
\l@dLcolrawbox2330=\box5676
\l@dRcolrawbox2330=\box5677
\l@dLcolrawbox2329=\box5678
\l@dRcolrawbox2329=\box5679
\l@dLcolrawbox2328=\box5680
\l@dRcolrawbox2328=\box5681
\l@dLcolrawbox2327=\box5682
\l@dRcolrawbox2327=\box5683
\l@dLcolrawbox2326=\box5684
\l@dRcolrawbox2326=\box5685
\l@dLcolrawbox2325=\box5686
\l@dRcolrawbox2325=\box5687
\l@dLcolrawbox2324=\box5688
\l@dRcolrawbox2324=\box5689
\l@dLcolrawbox2323=\box5690
\l@dRcolrawbox2323=\box5691
\l@dLcolrawbox2322=\box5692
\l@dRcolrawbox2322=\box5693
\l@dLcolrawbox2321=\box5694
\l@dRcolrawbox2321=\box5695
\l@dLcolrawbox2320=\box5696
\l@dRcolrawbox2320=\box5697
\l@dLcolrawbox2319=\box5698
\l@dRcolrawbox2319=\box5699
\l@dLcolrawbox2318=\box5700
\l@dRcolrawbox2318=\box5701
\l@dLcolrawbox2317=\box5702
\l@dRcolrawbox2317=\box5703
\l@dLcolrawbox2316=\box5704
\l@dRcolrawbox2316=\box5705
\l@dLcolrawbox2315=\box5706
\l@dRcolrawbox2315=\box5707
\l@dLcolrawbox2314=\box5708
\l@dRcolrawbox2314=\box5709
\l@dLcolrawbox2313=\box5710
\l@dRcolrawbox2313=\box5711
\l@dLcolrawbox2312=\box5712
\l@dRcolrawbox2312=\box5713
\l@dLcolrawbox2311=\box5714
\l@dRcolrawbox2311=\box5715
\l@dLcolrawbox2310=\box5716
\l@dRcolrawbox2310=\box5717
\l@dLcolrawbox2309=\box5718
\l@dRcolrawbox2309=\box5719
\l@dLcolrawbox2308=\box5720
\l@dRcolrawbox2308=\box5721
\l@dLcolrawbox2307=\box5722
\l@dRcolrawbox2307=\box5723
\l@dLcolrawbox2306=\box5724
\l@dRcolrawbox2306=\box5725
\l@dLcolrawbox2305=\box5726
\l@dRcolrawbox2305=\box5727
\l@dLcolrawbox2304=\box5728
\l@dRcolrawbox2304=\box5729
\l@dLcolrawbox2303=\box5730
\l@dRcolrawbox2303=\box5731
\l@dLcolrawbox2302=\box5732
\l@dRcolrawbox2302=\box5733
\l@dLcolrawbox2301=\box5734
\l@dRcolrawbox2301=\box5735
\l@dLcolrawbox2300=\box5736
\l@dRcolrawbox2300=\box5737
\l@dLcolrawbox2299=\box5738
\l@dRcolrawbox2299=\box5739
\l@dLcolrawbox2298=\box5740
\l@dRcolrawbox2298=\box5741
\l@dLcolrawbox2297=\box5742
\l@dRcolrawbox2297=\box5743
\l@dLcolrawbox2296=\box5744
\l@dRcolrawbox2296=\box5745
\l@dLcolrawbox2295=\box5746
\l@dRcolrawbox2295=\box5747
\l@dLcolrawbox2294=\box5748
\l@dRcolrawbox2294=\box5749
\l@dLcolrawbox2293=\box5750
\l@dRcolrawbox2293=\box5751
\l@dLcolrawbox2292=\box5752
\l@dRcolrawbox2292=\box5753
\l@dLcolrawbox2291=\box5754
\l@dRcolrawbox2291=\box5755
\l@dLcolrawbox2290=\box5756
\l@dRcolrawbox2290=\box5757
\l@dLcolrawbox2289=\box5758
\l@dRcolrawbox2289=\box5759
\l@dLcolrawbox2288=\box5760
\l@dRcolrawbox2288=\box5761
\l@dLcolrawbox2287=\box5762
\l@dRcolrawbox2287=\box5763
\l@dLcolrawbox2286=\box5764
\l@dRcolrawbox2286=\box5765
\l@dLcolrawbox2285=\box5766
\l@dRcolrawbox2285=\box5767
\l@dLcolrawbox2284=\box5768
\l@dRcolrawbox2284=\box5769
\l@dLcolrawbox2283=\box5770
\l@dRcolrawbox2283=\box5771
\l@dLcolrawbox2282=\box5772
\l@dRcolrawbox2282=\box5773
\l@dLcolrawbox2281=\box5774
\l@dRcolrawbox2281=\box5775
\l@dLcolrawbox2280=\box5776
\l@dRcolrawbox2280=\box5777
\l@dLcolrawbox2279=\box5778
\l@dRcolrawbox2279=\box5779
\l@dLcolrawbox2278=\box5780
\l@dRcolrawbox2278=\box5781
\l@dLcolrawbox2277=\box5782
\l@dRcolrawbox2277=\box5783
\l@dLcolrawbox2276=\box5784
\l@dRcolrawbox2276=\box5785
\l@dLcolrawbox2275=\box5786
\l@dRcolrawbox2275=\box5787
\l@dLcolrawbox2274=\box5788
\l@dRcolrawbox2274=\box5789
\l@dLcolrawbox2273=\box5790
\l@dRcolrawbox2273=\box5791
\l@dLcolrawbox2272=\box5792
\l@dRcolrawbox2272=\box5793
\l@dLcolrawbox2271=\box5794
\l@dRcolrawbox2271=\box5795
\l@dLcolrawbox2270=\box5796
\l@dRcolrawbox2270=\box5797
\l@dLcolrawbox2269=\box5798
\l@dRcolrawbox2269=\box5799
\l@dLcolrawbox2268=\box5800
\l@dRcolrawbox2268=\box5801
\l@dLcolrawbox2267=\box5802
\l@dRcolrawbox2267=\box5803
\l@dLcolrawbox2266=\box5804
\l@dRcolrawbox2266=\box5805
\l@dLcolrawbox2265=\box5806
\l@dRcolrawbox2265=\box5807
\l@dLcolrawbox2264=\box5808
\l@dRcolrawbox2264=\box5809
\l@dLcolrawbox2263=\box5810
\l@dRcolrawbox2263=\box5811
\l@dLcolrawbox2262=\box5812
\l@dRcolrawbox2262=\box5813
\l@dLcolrawbox2261=\box5814
\l@dRcolrawbox2261=\box5815
\l@dLcolrawbox2260=\box5816
\l@dRcolrawbox2260=\box5817
\l@dLcolrawbox2259=\box5818
\l@dRcolrawbox2259=\box5819
\l@dLcolrawbox2258=\box5820
\l@dRcolrawbox2258=\box5821
\l@dLcolrawbox2257=\box5822
\l@dRcolrawbox2257=\box5823
\l@dLcolrawbox2256=\box5824
\l@dRcolrawbox2256=\box5825
\l@dLcolrawbox2255=\box5826
\l@dRcolrawbox2255=\box5827
\l@dLcolrawbox2254=\box5828
\l@dRcolrawbox2254=\box5829
\l@dLcolrawbox2253=\box5830
\l@dRcolrawbox2253=\box5831
\l@dLcolrawbox2252=\box5832
\l@dRcolrawbox2252=\box5833
\l@dLcolrawbox2251=\box5834
\l@dRcolrawbox2251=\box5835
\l@dLcolrawbox2250=\box5836
\l@dRcolrawbox2250=\box5837
\l@dLcolrawbox2249=\box5838
\l@dRcolrawbox2249=\box5839
\l@dLcolrawbox2248=\box5840
\l@dRcolrawbox2248=\box5841
\l@dLcolrawbox2247=\box5842
\l@dRcolrawbox2247=\box5843
\l@dLcolrawbox2246=\box5844
\l@dRcolrawbox2246=\box5845
\l@dLcolrawbox2245=\box5846
\l@dRcolrawbox2245=\box5847
\l@dLcolrawbox2244=\box5848
\l@dRcolrawbox2244=\box5849
\l@dLcolrawbox2243=\box5850
\l@dRcolrawbox2243=\box5851
\l@dLcolrawbox2242=\box5852
\l@dRcolrawbox2242=\box5853
\l@dLcolrawbox2241=\box5854
\l@dRcolrawbox2241=\box5855
\l@dLcolrawbox2240=\box5856
\l@dRcolrawbox2240=\box5857
\l@dLcolrawbox2239=\box5858
\l@dRcolrawbox2239=\box5859
\l@dLcolrawbox2238=\box5860
\l@dRcolrawbox2238=\box5861
\l@dLcolrawbox2237=\box5862
\l@dRcolrawbox2237=\box5863
\l@dLcolrawbox2236=\box5864
\l@dRcolrawbox2236=\box5865
\l@dLcolrawbox2235=\box5866
\l@dRcolrawbox2235=\box5867
\l@dLcolrawbox2234=\box5868
\l@dRcolrawbox2234=\box5869
\l@dLcolrawbox2233=\box5870
\l@dRcolrawbox2233=\box5871
\l@dLcolrawbox2232=\box5872
\l@dRcolrawbox2232=\box5873
\l@dLcolrawbox2231=\box5874
\l@dRcolrawbox2231=\box5875
\l@dLcolrawbox2230=\box5876
\l@dRcolrawbox2230=\box5877
\l@dLcolrawbox2229=\box5878
\l@dRcolrawbox2229=\box5879
\l@dLcolrawbox2228=\box5880
\l@dRcolrawbox2228=\box5881
\l@dLcolrawbox2227=\box5882
\l@dRcolrawbox2227=\box5883
\l@dLcolrawbox2226=\box5884
\l@dRcolrawbox2226=\box5885
\l@dLcolrawbox2225=\box5886
\l@dRcolrawbox2225=\box5887
\l@dLcolrawbox2224=\box5888
\l@dRcolrawbox2224=\box5889
\l@dLcolrawbox2223=\box5890
\l@dRcolrawbox2223=\box5891
\l@dLcolrawbox2222=\box5892
\l@dRcolrawbox2222=\box5893
\l@dLcolrawbox2221=\box5894
\l@dRcolrawbox2221=\box5895
\l@dLcolrawbox2220=\box5896
\l@dRcolrawbox2220=\box5897
\l@dLcolrawbox2219=\box5898
\l@dRcolrawbox2219=\box5899
\l@dLcolrawbox2218=\box5900
\l@dRcolrawbox2218=\box5901
\l@dLcolrawbox2217=\box5902
\l@dRcolrawbox2217=\box5903
\l@dLcolrawbox2216=\box5904
\l@dRcolrawbox2216=\box5905
\l@dLcolrawbox2215=\box5906
\l@dRcolrawbox2215=\box5907
\l@dLcolrawbox2214=\box5908
\l@dRcolrawbox2214=\box5909
\l@dLcolrawbox2213=\box5910
\l@dRcolrawbox2213=\box5911
\l@dLcolrawbox2212=\box5912
\l@dRcolrawbox2212=\box5913
\l@dLcolrawbox2211=\box5914
\l@dRcolrawbox2211=\box5915
\l@dLcolrawbox2210=\box5916
\l@dRcolrawbox2210=\box5917
\l@dLcolrawbox2209=\box5918
\l@dRcolrawbox2209=\box5919
\l@dLcolrawbox2208=\box5920
\l@dRcolrawbox2208=\box5921
\l@dLcolrawbox2207=\box5922
\l@dRcolrawbox2207=\box5923
\l@dLcolrawbox2206=\box5924
\l@dRcolrawbox2206=\box5925
\l@dLcolrawbox2205=\box5926
\l@dRcolrawbox2205=\box5927
\l@dLcolrawbox2204=\box5928
\l@dRcolrawbox2204=\box5929
\l@dLcolrawbox2203=\box5930
\l@dRcolrawbox2203=\box5931
\l@dLcolrawbox2202=\box5932
\l@dRcolrawbox2202=\box5933
\l@dLcolrawbox2201=\box5934
\l@dRcolrawbox2201=\box5935
\l@dLcolrawbox2200=\box5936
\l@dRcolrawbox2200=\box5937
\l@dLcolrawbox2199=\box5938
\l@dRcolrawbox2199=\box5939
\l@dLcolrawbox2198=\box5940
\l@dRcolrawbox2198=\box5941
\l@dLcolrawbox2197=\box5942
\l@dRcolrawbox2197=\box5943
\l@dLcolrawbox2196=\box5944
\l@dRcolrawbox2196=\box5945
\l@dLcolrawbox2195=\box5946
\l@dRcolrawbox2195=\box5947
\l@dLcolrawbox2194=\box5948
\l@dRcolrawbox2194=\box5949
\l@dLcolrawbox2193=\box5950
\l@dRcolrawbox2193=\box5951
\l@dLcolrawbox2192=\box5952
\l@dRcolrawbox2192=\box5953
\l@dLcolrawbox2191=\box5954
\l@dRcolrawbox2191=\box5955
\l@dLcolrawbox2190=\box5956
\l@dRcolrawbox2190=\box5957
\l@dLcolrawbox2189=\box5958
\l@dRcolrawbox2189=\box5959
\l@dLcolrawbox2188=\box5960
\l@dRcolrawbox2188=\box5961
\l@dLcolrawbox2187=\box5962
\l@dRcolrawbox2187=\box5963
\l@dLcolrawbox2186=\box5964
\l@dRcolrawbox2186=\box5965
\l@dLcolrawbox2185=\box5966
\l@dRcolrawbox2185=\box5967
\l@dLcolrawbox2184=\box5968
\l@dRcolrawbox2184=\box5969
\l@dLcolrawbox2183=\box5970
\l@dRcolrawbox2183=\box5971
\l@dLcolrawbox2182=\box5972
\l@dRcolrawbox2182=\box5973
\l@dLcolrawbox2181=\box5974
\l@dRcolrawbox2181=\box5975
\l@dLcolrawbox2180=\box5976
\l@dRcolrawbox2180=\box5977
\l@dLcolrawbox2179=\box5978
\l@dRcolrawbox2179=\box5979
\l@dLcolrawbox2178=\box5980
\l@dRcolrawbox2178=\box5981
\l@dLcolrawbox2177=\box5982
\l@dRcolrawbox2177=\box5983
\l@dLcolrawbox2176=\box5984
\l@dRcolrawbox2176=\box5985
\l@dLcolrawbox2175=\box5986
\l@dRcolrawbox2175=\box5987
\l@dLcolrawbox2174=\box5988
\l@dRcolrawbox2174=\box5989
\l@dLcolrawbox2173=\box5990
\l@dRcolrawbox2173=\box5991
\l@dLcolrawbox2172=\box5992
\l@dRcolrawbox2172=\box5993
\l@dLcolrawbox2171=\box5994
\l@dRcolrawbox2171=\box5995
\l@dLcolrawbox2170=\box5996
\l@dRcolrawbox2170=\box5997
\l@dLcolrawbox2169=\box5998
\l@dRcolrawbox2169=\box5999
\l@dLcolrawbox2168=\box6000
\l@dRcolrawbox2168=\box6001
\l@dLcolrawbox2167=\box6002
\l@dRcolrawbox2167=\box6003
\l@dLcolrawbox2166=\box6004
\l@dRcolrawbox2166=\box6005
\l@dLcolrawbox2165=\box6006
\l@dRcolrawbox2165=\box6007
\l@dLcolrawbox2164=\box6008
\l@dRcolrawbox2164=\box6009
\l@dLcolrawbox2163=\box6010
\l@dRcolrawbox2163=\box6011
\l@dLcolrawbox2162=\box6012
\l@dRcolrawbox2162=\box6013
\l@dLcolrawbox2161=\box6014
\l@dRcolrawbox2161=\box6015
\l@dLcolrawbox2160=\box6016
\l@dRcolrawbox2160=\box6017
\l@dLcolrawbox2159=\box6018
\l@dRcolrawbox2159=\box6019
\l@dLcolrawbox2158=\box6020
\l@dRcolrawbox2158=\box6021
\l@dLcolrawbox2157=\box6022
\l@dRcolrawbox2157=\box6023
\l@dLcolrawbox2156=\box6024
\l@dRcolrawbox2156=\box6025
\l@dLcolrawbox2155=\box6026
\l@dRcolrawbox2155=\box6027
\l@dLcolrawbox2154=\box6028
\l@dRcolrawbox2154=\box6029
\l@dLcolrawbox2153=\box6030
\l@dRcolrawbox2153=\box6031
\l@dLcolrawbox2152=\box6032
\l@dRcolrawbox2152=\box6033
\l@dLcolrawbox2151=\box6034
\l@dRcolrawbox2151=\box6035
\l@dLcolrawbox2150=\box6036
\l@dRcolrawbox2150=\box6037
\l@dLcolrawbox2149=\box6038
\l@dRcolrawbox2149=\box6039
\l@dLcolrawbox2148=\box6040
\l@dRcolrawbox2148=\box6041
\l@dLcolrawbox2147=\box6042
\l@dRcolrawbox2147=\box6043
\l@dLcolrawbox2146=\box6044
\l@dRcolrawbox2146=\box6045
\l@dLcolrawbox2145=\box6046
\l@dRcolrawbox2145=\box6047
\l@dLcolrawbox2144=\box6048
\l@dRcolrawbox2144=\box6049
\l@dLcolrawbox2143=\box6050
\l@dRcolrawbox2143=\box6051
\l@dLcolrawbox2142=\box6052
\l@dRcolrawbox2142=\box6053
\l@dLcolrawbox2141=\box6054
\l@dRcolrawbox2141=\box6055
\l@dLcolrawbox2140=\box6056
\l@dRcolrawbox2140=\box6057
\l@dLcolrawbox2139=\box6058
\l@dRcolrawbox2139=\box6059
\l@dLcolrawbox2138=\box6060
\l@dRcolrawbox2138=\box6061
\l@dLcolrawbox2137=\box6062
\l@dRcolrawbox2137=\box6063
\l@dLcolrawbox2136=\box6064
\l@dRcolrawbox2136=\box6065
\l@dLcolrawbox2135=\box6066
\l@dRcolrawbox2135=\box6067
\l@dLcolrawbox2134=\box6068
\l@dRcolrawbox2134=\box6069
\l@dLcolrawbox2133=\box6070
\l@dRcolrawbox2133=\box6071
\l@dLcolrawbox2132=\box6072
\l@dRcolrawbox2132=\box6073
\l@dLcolrawbox2131=\box6074
\l@dRcolrawbox2131=\box6075
\l@dLcolrawbox2130=\box6076
\l@dRcolrawbox2130=\box6077
\l@dLcolrawbox2129=\box6078
\l@dRcolrawbox2129=\box6079
\l@dLcolrawbox2128=\box6080
\l@dRcolrawbox2128=\box6081
\l@dLcolrawbox2127=\box6082
\l@dRcolrawbox2127=\box6083
\l@dLcolrawbox2126=\box6084
\l@dRcolrawbox2126=\box6085
\l@dLcolrawbox2125=\box6086
\l@dRcolrawbox2125=\box6087
\l@dLcolrawbox2124=\box6088
\l@dRcolrawbox2124=\box6089
\l@dLcolrawbox2123=\box6090
\l@dRcolrawbox2123=\box6091
\l@dLcolrawbox2122=\box6092
\l@dRcolrawbox2122=\box6093
\l@dLcolrawbox2121=\box6094
\l@dRcolrawbox2121=\box6095
\l@dLcolrawbox2120=\box6096
\l@dRcolrawbox2120=\box6097
\l@dLcolrawbox2119=\box6098
\l@dRcolrawbox2119=\box6099
\l@dLcolrawbox2118=\box6100
\l@dRcolrawbox2118=\box6101
\l@dLcolrawbox2117=\box6102
\l@dRcolrawbox2117=\box6103
\l@dLcolrawbox2116=\box6104
\l@dRcolrawbox2116=\box6105
\l@dLcolrawbox2115=\box6106
\l@dRcolrawbox2115=\box6107
\l@dLcolrawbox2114=\box6108
\l@dRcolrawbox2114=\box6109
\l@dLcolrawbox2113=\box6110
\l@dRcolrawbox2113=\box6111
\l@dLcolrawbox2112=\box6112
\l@dRcolrawbox2112=\box6113
\l@dLcolrawbox2111=\box6114
\l@dRcolrawbox2111=\box6115
\l@dLcolrawbox2110=\box6116
\l@dRcolrawbox2110=\box6117
\l@dLcolrawbox2109=\box6118
\l@dRcolrawbox2109=\box6119
\l@dLcolrawbox2108=\box6120
\l@dRcolrawbox2108=\box6121
\l@dLcolrawbox2107=\box6122
\l@dRcolrawbox2107=\box6123
\l@dLcolrawbox2106=\box6124
\l@dRcolrawbox2106=\box6125
\l@dLcolrawbox2105=\box6126
\l@dRcolrawbox2105=\box6127
\l@dLcolrawbox2104=\box6128
\l@dRcolrawbox2104=\box6129
\l@dLcolrawbox2103=\box6130
\l@dRcolrawbox2103=\box6131
\l@dLcolrawbox2102=\box6132
\l@dRcolrawbox2102=\box6133
\l@dLcolrawbox2101=\box6134
\l@dRcolrawbox2101=\box6135
\l@dLcolrawbox2100=\box6136
\l@dRcolrawbox2100=\box6137
\l@dLcolrawbox2099=\box6138
\l@dRcolrawbox2099=\box6139
\l@dLcolrawbox2098=\box6140
\l@dRcolrawbox2098=\box6141
\l@dLcolrawbox2097=\box6142
\l@dRcolrawbox2097=\box6143
\l@dLcolrawbox2096=\box6144
\l@dRcolrawbox2096=\box6145
\l@dLcolrawbox2095=\box6146
\l@dRcolrawbox2095=\box6147
\l@dLcolrawbox2094=\box6148
\l@dRcolrawbox2094=\box6149
\l@dLcolrawbox2093=\box6150
\l@dRcolrawbox2093=\box6151
\l@dLcolrawbox2092=\box6152
\l@dRcolrawbox2092=\box6153
\l@dLcolrawbox2091=\box6154
\l@dRcolrawbox2091=\box6155
\l@dLcolrawbox2090=\box6156
\l@dRcolrawbox2090=\box6157
\l@dLcolrawbox2089=\box6158
\l@dRcolrawbox2089=\box6159
\l@dLcolrawbox2088=\box6160
\l@dRcolrawbox2088=\box6161
\l@dLcolrawbox2087=\box6162
\l@dRcolrawbox2087=\box6163
\l@dLcolrawbox2086=\box6164
\l@dRcolrawbox2086=\box6165
\l@dLcolrawbox2085=\box6166
\l@dRcolrawbox2085=\box6167
\l@dLcolrawbox2084=\box6168
\l@dRcolrawbox2084=\box6169
\l@dLcolrawbox2083=\box6170
\l@dRcolrawbox2083=\box6171
\l@dLcolrawbox2082=\box6172
\l@dRcolrawbox2082=\box6173
\l@dLcolrawbox2081=\box6174
\l@dRcolrawbox2081=\box6175
\l@dLcolrawbox2080=\box6176
\l@dRcolrawbox2080=\box6177
\l@dLcolrawbox2079=\box6178
\l@dRcolrawbox2079=\box6179
\l@dLcolrawbox2078=\box6180
\l@dRcolrawbox2078=\box6181
\l@dLcolrawbox2077=\box6182
\l@dRcolrawbox2077=\box6183
\l@dLcolrawbox2076=\box6184
\l@dRcolrawbox2076=\box6185
\l@dLcolrawbox2075=\box6186
\l@dRcolrawbox2075=\box6187
\l@dLcolrawbox2074=\box6188
\l@dRcolrawbox2074=\box6189
\l@dLcolrawbox2073=\box6190
\l@dRcolrawbox2073=\box6191
\l@dLcolrawbox2072=\box6192
\l@dRcolrawbox2072=\box6193
\l@dLcolrawbox2071=\box6194
\l@dRcolrawbox2071=\box6195
\l@dLcolrawbox2070=\box6196
\l@dRcolrawbox2070=\box6197
\l@dLcolrawbox2069=\box6198
\l@dRcolrawbox2069=\box6199
\l@dLcolrawbox2068=\box6200
\l@dRcolrawbox2068=\box6201
\l@dLcolrawbox2067=\box6202
\l@dRcolrawbox2067=\box6203
\l@dLcolrawbox2066=\box6204
\l@dRcolrawbox2066=\box6205
\l@dLcolrawbox2065=\box6206
\l@dRcolrawbox2065=\box6207
\l@dLcolrawbox2064=\box6208
\l@dRcolrawbox2064=\box6209
\l@dLcolrawbox2063=\box6210
\l@dRcolrawbox2063=\box6211
\l@dLcolrawbox2062=\box6212
\l@dRcolrawbox2062=\box6213
\l@dLcolrawbox2061=\box6214
\l@dRcolrawbox2061=\box6215
\l@dLcolrawbox2060=\box6216
\l@dRcolrawbox2060=\box6217
\l@dLcolrawbox2059=\box6218
\l@dRcolrawbox2059=\box6219
\l@dLcolrawbox2058=\box6220
\l@dRcolrawbox2058=\box6221
\l@dLcolrawbox2057=\box6222
\l@dRcolrawbox2057=\box6223
\l@dLcolrawbox2056=\box6224
\l@dRcolrawbox2056=\box6225
\l@dLcolrawbox2055=\box6226
\l@dRcolrawbox2055=\box6227
\l@dLcolrawbox2054=\box6228
\l@dRcolrawbox2054=\box6229
\l@dLcolrawbox2053=\box6230
\l@dRcolrawbox2053=\box6231
\l@dLcolrawbox2052=\box6232
\l@dRcolrawbox2052=\box6233
\l@dLcolrawbox2051=\box6234
\l@dRcolrawbox2051=\box6235
\l@dLcolrawbox2050=\box6236
\l@dRcolrawbox2050=\box6237
\l@dLcolrawbox2049=\box6238
\l@dRcolrawbox2049=\box6239
\l@dLcolrawbox2048=\box6240
\l@dRcolrawbox2048=\box6241
\l@dLcolrawbox2047=\box6242
\l@dRcolrawbox2047=\box6243
\l@dLcolrawbox2046=\box6244
\l@dRcolrawbox2046=\box6245
\l@dLcolrawbox2045=\box6246
\l@dRcolrawbox2045=\box6247
\l@dLcolrawbox2044=\box6248
\l@dRcolrawbox2044=\box6249
\l@dLcolrawbox2043=\box6250
\l@dRcolrawbox2043=\box6251
\l@dLcolrawbox2042=\box6252
\l@dRcolrawbox2042=\box6253
\l@dLcolrawbox2041=\box6254
\l@dRcolrawbox2041=\box6255
\l@dLcolrawbox2040=\box6256
\l@dRcolrawbox2040=\box6257
\l@dLcolrawbox2039=\box6258
\l@dRcolrawbox2039=\box6259
\l@dLcolrawbox2038=\box6260
\l@dRcolrawbox2038=\box6261
\l@dLcolrawbox2037=\box6262
\l@dRcolrawbox2037=\box6263
\l@dLcolrawbox2036=\box6264
\l@dRcolrawbox2036=\box6265
\l@dLcolrawbox2035=\box6266
\l@dRcolrawbox2035=\box6267
\l@dLcolrawbox2034=\box6268
\l@dRcolrawbox2034=\box6269
\l@dLcolrawbox2033=\box6270
\l@dRcolrawbox2033=\box6271
\l@dLcolrawbox2032=\box6272
\l@dRcolrawbox2032=\box6273
\l@dLcolrawbox2031=\box6274
\l@dRcolrawbox2031=\box6275
\l@dLcolrawbox2030=\box6276
\l@dRcolrawbox2030=\box6277
\l@dLcolrawbox2029=\box6278
\l@dRcolrawbox2029=\box6279
\l@dLcolrawbox2028=\box6280
\l@dRcolrawbox2028=\box6281
\l@dLcolrawbox2027=\box6282
\l@dRcolrawbox2027=\box6283
\l@dLcolrawbox2026=\box6284
\l@dRcolrawbox2026=\box6285
\l@dLcolrawbox2025=\box6286
\l@dRcolrawbox2025=\box6287
\l@dLcolrawbox2024=\box6288
\l@dRcolrawbox2024=\box6289
\l@dLcolrawbox2023=\box6290
\l@dRcolrawbox2023=\box6291
\l@dLcolrawbox2022=\box6292
\l@dRcolrawbox2022=\box6293
\l@dLcolrawbox2021=\box6294
\l@dRcolrawbox2021=\box6295
\l@dLcolrawbox2020=\box6296
\l@dRcolrawbox2020=\box6297
\l@dLcolrawbox2019=\box6298
\l@dRcolrawbox2019=\box6299
\l@dLcolrawbox2018=\box6300
\l@dRcolrawbox2018=\box6301
\l@dLcolrawbox2017=\box6302
\l@dRcolrawbox2017=\box6303
\l@dLcolrawbox2016=\box6304
\l@dRcolrawbox2016=\box6305
\l@dLcolrawbox2015=\box6306
\l@dRcolrawbox2015=\box6307
\l@dLcolrawbox2014=\box6308
\l@dRcolrawbox2014=\box6309
\l@dLcolrawbox2013=\box6310
\l@dRcolrawbox2013=\box6311
\l@dLcolrawbox2012=\box6312
\l@dRcolrawbox2012=\box6313
\l@dLcolrawbox2011=\box6314
\l@dRcolrawbox2011=\box6315
\l@dLcolrawbox2010=\box6316
\l@dRcolrawbox2010=\box6317
\l@dLcolrawbox2009=\box6318
\l@dRcolrawbox2009=\box6319
\l@dLcolrawbox2008=\box6320
\l@dRcolrawbox2008=\box6321
\l@dLcolrawbox2007=\box6322
\l@dRcolrawbox2007=\box6323
\l@dLcolrawbox2006=\box6324
\l@dRcolrawbox2006=\box6325
\l@dLcolrawbox2005=\box6326
\l@dRcolrawbox2005=\box6327
\l@dLcolrawbox2004=\box6328
\l@dRcolrawbox2004=\box6329
\l@dLcolrawbox2003=\box6330
\l@dRcolrawbox2003=\box6331
\l@dLcolrawbox2002=\box6332
\l@dRcolrawbox2002=\box6333
\l@dLcolrawbox2001=\box6334
\l@dRcolrawbox2001=\box6335
\l@dLcolrawbox2000=\box6336
\l@dRcolrawbox2000=\box6337
\l@dLcolrawbox1999=\box6338
\l@dRcolrawbox1999=\box6339
\l@dLcolrawbox1998=\box6340
\l@dRcolrawbox1998=\box6341
\l@dLcolrawbox1997=\box6342
\l@dRcolrawbox1997=\box6343
\l@dLcolrawbox1996=\box6344
\l@dRcolrawbox1996=\box6345
\l@dLcolrawbox1995=\box6346
\l@dRcolrawbox1995=\box6347
\l@dLcolrawbox1994=\box6348
\l@dRcolrawbox1994=\box6349
\l@dLcolrawbox1993=\box6350
\l@dRcolrawbox1993=\box6351
\l@dLcolrawbox1992=\box6352
\l@dRcolrawbox1992=\box6353
\l@dLcolrawbox1991=\box6354
\l@dRcolrawbox1991=\box6355
\l@dLcolrawbox1990=\box6356
\l@dRcolrawbox1990=\box6357
\l@dLcolrawbox1989=\box6358
\l@dRcolrawbox1989=\box6359
\l@dLcolrawbox1988=\box6360
\l@dRcolrawbox1988=\box6361
\l@dLcolrawbox1987=\box6362
\l@dRcolrawbox1987=\box6363
\l@dLcolrawbox1986=\box6364
\l@dRcolrawbox1986=\box6365
\l@dLcolrawbox1985=\box6366
\l@dRcolrawbox1985=\box6367
\l@dLcolrawbox1984=\box6368
\l@dRcolrawbox1984=\box6369
\l@dLcolrawbox1983=\box6370
\l@dRcolrawbox1983=\box6371
\l@dLcolrawbox1982=\box6372
\l@dRcolrawbox1982=\box6373
\l@dLcolrawbox1981=\box6374
\l@dRcolrawbox1981=\box6375
\l@dLcolrawbox1980=\box6376
\l@dRcolrawbox1980=\box6377
\l@dLcolrawbox1979=\box6378
\l@dRcolrawbox1979=\box6379
\l@dLcolrawbox1978=\box6380
\l@dRcolrawbox1978=\box6381
\l@dLcolrawbox1977=\box6382
\l@dRcolrawbox1977=\box6383
\l@dLcolrawbox1976=\box6384
\l@dRcolrawbox1976=\box6385
\l@dLcolrawbox1975=\box6386
\l@dRcolrawbox1975=\box6387
\l@dLcolrawbox1974=\box6388
\l@dRcolrawbox1974=\box6389
\l@dLcolrawbox1973=\box6390
\l@dRcolrawbox1973=\box6391
\l@dLcolrawbox1972=\box6392
\l@dRcolrawbox1972=\box6393
\l@dLcolrawbox1971=\box6394
\l@dRcolrawbox1971=\box6395
\l@dLcolrawbox1970=\box6396
\l@dRcolrawbox1970=\box6397
\l@dLcolrawbox1969=\box6398
\l@dRcolrawbox1969=\box6399
\l@dLcolrawbox1968=\box6400
\l@dRcolrawbox1968=\box6401
\l@dLcolrawbox1967=\box6402
\l@dRcolrawbox1967=\box6403
\l@dLcolrawbox1966=\box6404
\l@dRcolrawbox1966=\box6405
\l@dLcolrawbox1965=\box6406
\l@dRcolrawbox1965=\box6407
\l@dLcolrawbox1964=\box6408
\l@dRcolrawbox1964=\box6409
\l@dLcolrawbox1963=\box6410
\l@dRcolrawbox1963=\box6411
\l@dLcolrawbox1962=\box6412
\l@dRcolrawbox1962=\box6413
\l@dLcolrawbox1961=\box6414
\l@dRcolrawbox1961=\box6415
\l@dLcolrawbox1960=\box6416
\l@dRcolrawbox1960=\box6417
\l@dLcolrawbox1959=\box6418
\l@dRcolrawbox1959=\box6419
\l@dLcolrawbox1958=\box6420
\l@dRcolrawbox1958=\box6421
\l@dLcolrawbox1957=\box6422
\l@dRcolrawbox1957=\box6423
\l@dLcolrawbox1956=\box6424
\l@dRcolrawbox1956=\box6425
\l@dLcolrawbox1955=\box6426
\l@dRcolrawbox1955=\box6427
\l@dLcolrawbox1954=\box6428
\l@dRcolrawbox1954=\box6429
\l@dLcolrawbox1953=\box6430
\l@dRcolrawbox1953=\box6431
\l@dLcolrawbox1952=\box6432
\l@dRcolrawbox1952=\box6433
\l@dLcolrawbox1951=\box6434
\l@dRcolrawbox1951=\box6435
\l@dLcolrawbox1950=\box6436
\l@dRcolrawbox1950=\box6437
\l@dLcolrawbox1949=\box6438
\l@dRcolrawbox1949=\box6439
\l@dLcolrawbox1948=\box6440
\l@dRcolrawbox1948=\box6441
\l@dLcolrawbox1947=\box6442
\l@dRcolrawbox1947=\box6443
\l@dLcolrawbox1946=\box6444
\l@dRcolrawbox1946=\box6445
\l@dLcolrawbox1945=\box6446
\l@dRcolrawbox1945=\box6447
\l@dLcolrawbox1944=\box6448
\l@dRcolrawbox1944=\box6449
\l@dLcolrawbox1943=\box6450
\l@dRcolrawbox1943=\box6451
\l@dLcolrawbox1942=\box6452
\l@dRcolrawbox1942=\box6453
\l@dLcolrawbox1941=\box6454
\l@dRcolrawbox1941=\box6455
\l@dLcolrawbox1940=\box6456
\l@dRcolrawbox1940=\box6457
\l@dLcolrawbox1939=\box6458
\l@dRcolrawbox1939=\box6459
\l@dLcolrawbox1938=\box6460
\l@dRcolrawbox1938=\box6461
\l@dLcolrawbox1937=\box6462
\l@dRcolrawbox1937=\box6463
\l@dLcolrawbox1936=\box6464
\l@dRcolrawbox1936=\box6465
\l@dLcolrawbox1935=\box6466
\l@dRcolrawbox1935=\box6467
\l@dLcolrawbox1934=\box6468
\l@dRcolrawbox1934=\box6469
\l@dLcolrawbox1933=\box6470
\l@dRcolrawbox1933=\box6471
\l@dLcolrawbox1932=\box6472
\l@dRcolrawbox1932=\box6473
\l@dLcolrawbox1931=\box6474
\l@dRcolrawbox1931=\box6475
\l@dLcolrawbox1930=\box6476
\l@dRcolrawbox1930=\box6477
\l@dLcolrawbox1929=\box6478
\l@dRcolrawbox1929=\box6479
\l@dLcolrawbox1928=\box6480
\l@dRcolrawbox1928=\box6481
\l@dLcolrawbox1927=\box6482
\l@dRcolrawbox1927=\box6483
\l@dLcolrawbox1926=\box6484
\l@dRcolrawbox1926=\box6485
\l@dLcolrawbox1925=\box6486
\l@dRcolrawbox1925=\box6487
\l@dLcolrawbox1924=\box6488
\l@dRcolrawbox1924=\box6489
\l@dLcolrawbox1923=\box6490
\l@dRcolrawbox1923=\box6491
\l@dLcolrawbox1922=\box6492
\l@dRcolrawbox1922=\box6493
\l@dLcolrawbox1921=\box6494
\l@dRcolrawbox1921=\box6495
\l@dLcolrawbox1920=\box6496
\l@dRcolrawbox1920=\box6497
\l@dLcolrawbox1919=\box6498
\l@dRcolrawbox1919=\box6499
\l@dLcolrawbox1918=\box6500
\l@dRcolrawbox1918=\box6501
\l@dLcolrawbox1917=\box6502
\l@dRcolrawbox1917=\box6503
\l@dLcolrawbox1916=\box6504
\l@dRcolrawbox1916=\box6505
\l@dLcolrawbox1915=\box6506
\l@dRcolrawbox1915=\box6507
\l@dLcolrawbox1914=\box6508
\l@dRcolrawbox1914=\box6509
\l@dLcolrawbox1913=\box6510
\l@dRcolrawbox1913=\box6511
\l@dLcolrawbox1912=\box6512
\l@dRcolrawbox1912=\box6513
\l@dLcolrawbox1911=\box6514
\l@dRcolrawbox1911=\box6515
\l@dLcolrawbox1910=\box6516
\l@dRcolrawbox1910=\box6517
\l@dLcolrawbox1909=\box6518
\l@dRcolrawbox1909=\box6519
\l@dLcolrawbox1908=\box6520
\l@dRcolrawbox1908=\box6521
\l@dLcolrawbox1907=\box6522
\l@dRcolrawbox1907=\box6523
\l@dLcolrawbox1906=\box6524
\l@dRcolrawbox1906=\box6525
\l@dLcolrawbox1905=\box6526
\l@dRcolrawbox1905=\box6527
\l@dLcolrawbox1904=\box6528
\l@dRcolrawbox1904=\box6529
\l@dLcolrawbox1903=\box6530
\l@dRcolrawbox1903=\box6531
\l@dLcolrawbox1902=\box6532
\l@dRcolrawbox1902=\box6533
\l@dLcolrawbox1901=\box6534
\l@dRcolrawbox1901=\box6535
\l@dLcolrawbox1900=\box6536
\l@dRcolrawbox1900=\box6537
\l@dLcolrawbox1899=\box6538
\l@dRcolrawbox1899=\box6539
\l@dLcolrawbox1898=\box6540
\l@dRcolrawbox1898=\box6541
\l@dLcolrawbox1897=\box6542
\l@dRcolrawbox1897=\box6543
\l@dLcolrawbox1896=\box6544
\l@dRcolrawbox1896=\box6545
\l@dLcolrawbox1895=\box6546
\l@dRcolrawbox1895=\box6547
\l@dLcolrawbox1894=\box6548
\l@dRcolrawbox1894=\box6549
\l@dLcolrawbox1893=\box6550
\l@dRcolrawbox1893=\box6551
\l@dLcolrawbox1892=\box6552
\l@dRcolrawbox1892=\box6553
\l@dLcolrawbox1891=\box6554
\l@dRcolrawbox1891=\box6555
\l@dLcolrawbox1890=\box6556
\l@dRcolrawbox1890=\box6557
\l@dLcolrawbox1889=\box6558
\l@dRcolrawbox1889=\box6559
\l@dLcolrawbox1888=\box6560
\l@dRcolrawbox1888=\box6561
\l@dLcolrawbox1887=\box6562
\l@dRcolrawbox1887=\box6563
\l@dLcolrawbox1886=\box6564
\l@dRcolrawbox1886=\box6565
\l@dLcolrawbox1885=\box6566
\l@dRcolrawbox1885=\box6567
\l@dLcolrawbox1884=\box6568
\l@dRcolrawbox1884=\box6569
\l@dLcolrawbox1883=\box6570
\l@dRcolrawbox1883=\box6571
\l@dLcolrawbox1882=\box6572
\l@dRcolrawbox1882=\box6573
\l@dLcolrawbox1881=\box6574
\l@dRcolrawbox1881=\box6575
\l@dLcolrawbox1880=\box6576
\l@dRcolrawbox1880=\box6577
\l@dLcolrawbox1879=\box6578
\l@dRcolrawbox1879=\box6579
\l@dLcolrawbox1878=\box6580
\l@dRcolrawbox1878=\box6581
\l@dLcolrawbox1877=\box6582
\l@dRcolrawbox1877=\box6583
\l@dLcolrawbox1876=\box6584
\l@dRcolrawbox1876=\box6585
\l@dLcolrawbox1875=\box6586
\l@dRcolrawbox1875=\box6587
\l@dLcolrawbox1874=\box6588
\l@dRcolrawbox1874=\box6589
\l@dLcolrawbox1873=\box6590
\l@dRcolrawbox1873=\box6591
\l@dLcolrawbox1872=\box6592
\l@dRcolrawbox1872=\box6593
\l@dLcolrawbox1871=\box6594
\l@dRcolrawbox1871=\box6595
\l@dLcolrawbox1870=\box6596
\l@dRcolrawbox1870=\box6597
\l@dLcolrawbox1869=\box6598
\l@dRcolrawbox1869=\box6599
\l@dLcolrawbox1868=\box6600
\l@dRcolrawbox1868=\box6601
\l@dLcolrawbox1867=\box6602
\l@dRcolrawbox1867=\box6603
\l@dLcolrawbox1866=\box6604
\l@dRcolrawbox1866=\box6605
\l@dLcolrawbox1865=\box6606
\l@dRcolrawbox1865=\box6607
\l@dLcolrawbox1864=\box6608
\l@dRcolrawbox1864=\box6609
\l@dLcolrawbox1863=\box6610
\l@dRcolrawbox1863=\box6611
\l@dLcolrawbox1862=\box6612
\l@dRcolrawbox1862=\box6613
\l@dLcolrawbox1861=\box6614
\l@dRcolrawbox1861=\box6615
\l@dLcolrawbox1860=\box6616
\l@dRcolrawbox1860=\box6617
\l@dLcolrawbox1859=\box6618
\l@dRcolrawbox1859=\box6619
\l@dLcolrawbox1858=\box6620
\l@dRcolrawbox1858=\box6621
\l@dLcolrawbox1857=\box6622
\l@dRcolrawbox1857=\box6623
\l@dLcolrawbox1856=\box6624
\l@dRcolrawbox1856=\box6625
\l@dLcolrawbox1855=\box6626
\l@dRcolrawbox1855=\box6627
\l@dLcolrawbox1854=\box6628
\l@dRcolrawbox1854=\box6629
\l@dLcolrawbox1853=\box6630
\l@dRcolrawbox1853=\box6631
\l@dLcolrawbox1852=\box6632
\l@dRcolrawbox1852=\box6633
\l@dLcolrawbox1851=\box6634
\l@dRcolrawbox1851=\box6635
\l@dLcolrawbox1850=\box6636
\l@dRcolrawbox1850=\box6637
\l@dLcolrawbox1849=\box6638
\l@dRcolrawbox1849=\box6639
\l@dLcolrawbox1848=\box6640
\l@dRcolrawbox1848=\box6641
\l@dLcolrawbox1847=\box6642
\l@dRcolrawbox1847=\box6643
\l@dLcolrawbox1846=\box6644
\l@dRcolrawbox1846=\box6645
\l@dLcolrawbox1845=\box6646
\l@dRcolrawbox1845=\box6647
\l@dLcolrawbox1844=\box6648
\l@dRcolrawbox1844=\box6649
\l@dLcolrawbox1843=\box6650
\l@dRcolrawbox1843=\box6651
\l@dLcolrawbox1842=\box6652
\l@dRcolrawbox1842=\box6653
\l@dLcolrawbox1841=\box6654
\l@dRcolrawbox1841=\box6655
\l@dLcolrawbox1840=\box6656
\l@dRcolrawbox1840=\box6657
\l@dLcolrawbox1839=\box6658
\l@dRcolrawbox1839=\box6659
\l@dLcolrawbox1838=\box6660
\l@dRcolrawbox1838=\box6661
\l@dLcolrawbox1837=\box6662
\l@dRcolrawbox1837=\box6663
\l@dLcolrawbox1836=\box6664
\l@dRcolrawbox1836=\box6665
\l@dLcolrawbox1835=\box6666
\l@dRcolrawbox1835=\box6667
\l@dLcolrawbox1834=\box6668
\l@dRcolrawbox1834=\box6669
\l@dLcolrawbox1833=\box6670
\l@dRcolrawbox1833=\box6671
\l@dLcolrawbox1832=\box6672
\l@dRcolrawbox1832=\box6673
\l@dLcolrawbox1831=\box6674
\l@dRcolrawbox1831=\box6675
\l@dLcolrawbox1830=\box6676
\l@dRcolrawbox1830=\box6677
\l@dLcolrawbox1829=\box6678
\l@dRcolrawbox1829=\box6679
\l@dLcolrawbox1828=\box6680
\l@dRcolrawbox1828=\box6681
\l@dLcolrawbox1827=\box6682
\l@dRcolrawbox1827=\box6683
\l@dLcolrawbox1826=\box6684
\l@dRcolrawbox1826=\box6685
\l@dLcolrawbox1825=\box6686
\l@dRcolrawbox1825=\box6687
\l@dLcolrawbox1824=\box6688
\l@dRcolrawbox1824=\box6689
\l@dLcolrawbox1823=\box6690
\l@dRcolrawbox1823=\box6691
\l@dLcolrawbox1822=\box6692
\l@dRcolrawbox1822=\box6693
\l@dLcolrawbox1821=\box6694
\l@dRcolrawbox1821=\box6695
\l@dLcolrawbox1820=\box6696
\l@dRcolrawbox1820=\box6697
\l@dLcolrawbox1819=\box6698
\l@dRcolrawbox1819=\box6699
\l@dLcolrawbox1818=\box6700
\l@dRcolrawbox1818=\box6701
\l@dLcolrawbox1817=\box6702
\l@dRcolrawbox1817=\box6703
\l@dLcolrawbox1816=\box6704
\l@dRcolrawbox1816=\box6705
\l@dLcolrawbox1815=\box6706
\l@dRcolrawbox1815=\box6707
\l@dLcolrawbox1814=\box6708
\l@dRcolrawbox1814=\box6709
\l@dLcolrawbox1813=\box6710
\l@dRcolrawbox1813=\box6711
\l@dLcolrawbox1812=\box6712
\l@dRcolrawbox1812=\box6713
\l@dLcolrawbox1811=\box6714
\l@dRcolrawbox1811=\box6715
\l@dLcolrawbox1810=\box6716
\l@dRcolrawbox1810=\box6717
\l@dLcolrawbox1809=\box6718
\l@dRcolrawbox1809=\box6719
\l@dLcolrawbox1808=\box6720
\l@dRcolrawbox1808=\box6721
\l@dLcolrawbox1807=\box6722
\l@dRcolrawbox1807=\box6723
\l@dLcolrawbox1806=\box6724
\l@dRcolrawbox1806=\box6725
\l@dLcolrawbox1805=\box6726
\l@dRcolrawbox1805=\box6727
\l@dLcolrawbox1804=\box6728
\l@dRcolrawbox1804=\box6729
\l@dLcolrawbox1803=\box6730
\l@dRcolrawbox1803=\box6731
\l@dLcolrawbox1802=\box6732
\l@dRcolrawbox1802=\box6733
\l@dLcolrawbox1801=\box6734
\l@dRcolrawbox1801=\box6735
\l@dLcolrawbox1800=\box6736
\l@dRcolrawbox1800=\box6737
\l@dLcolrawbox1799=\box6738
\l@dRcolrawbox1799=\box6739
\l@dLcolrawbox1798=\box6740
\l@dRcolrawbox1798=\box6741
\l@dLcolrawbox1797=\box6742
\l@dRcolrawbox1797=\box6743
\l@dLcolrawbox1796=\box6744
\l@dRcolrawbox1796=\box6745
\l@dLcolrawbox1795=\box6746
\l@dRcolrawbox1795=\box6747
\l@dLcolrawbox1794=\box6748
\l@dRcolrawbox1794=\box6749
\l@dLcolrawbox1793=\box6750
\l@dRcolrawbox1793=\box6751
\l@dLcolrawbox1792=\box6752
\l@dRcolrawbox1792=\box6753
\l@dLcolrawbox1791=\box6754
\l@dRcolrawbox1791=\box6755
\l@dLcolrawbox1790=\box6756
\l@dRcolrawbox1790=\box6757
\l@dLcolrawbox1789=\box6758
\l@dRcolrawbox1789=\box6759
\l@dLcolrawbox1788=\box6760
\l@dRcolrawbox1788=\box6761
\l@dLcolrawbox1787=\box6762
\l@dRcolrawbox1787=\box6763
\l@dLcolrawbox1786=\box6764
\l@dRcolrawbox1786=\box6765
\l@dLcolrawbox1785=\box6766
\l@dRcolrawbox1785=\box6767
\l@dLcolrawbox1784=\box6768
\l@dRcolrawbox1784=\box6769
\l@dLcolrawbox1783=\box6770
\l@dRcolrawbox1783=\box6771
\l@dLcolrawbox1782=\box6772
\l@dRcolrawbox1782=\box6773
\l@dLcolrawbox1781=\box6774
\l@dRcolrawbox1781=\box6775
\l@dLcolrawbox1780=\box6776
\l@dRcolrawbox1780=\box6777
\l@dLcolrawbox1779=\box6778
\l@dRcolrawbox1779=\box6779
\l@dLcolrawbox1778=\box6780
\l@dRcolrawbox1778=\box6781
\l@dLcolrawbox1777=\box6782
\l@dRcolrawbox1777=\box6783
\l@dLcolrawbox1776=\box6784
\l@dRcolrawbox1776=\box6785
\l@dLcolrawbox1775=\box6786
\l@dRcolrawbox1775=\box6787
\l@dLcolrawbox1774=\box6788
\l@dRcolrawbox1774=\box6789
\l@dLcolrawbox1773=\box6790
\l@dRcolrawbox1773=\box6791
\l@dLcolrawbox1772=\box6792
\l@dRcolrawbox1772=\box6793
\l@dLcolrawbox1771=\box6794
\l@dRcolrawbox1771=\box6795
\l@dLcolrawbox1770=\box6796
\l@dRcolrawbox1770=\box6797
\l@dLcolrawbox1769=\box6798
\l@dRcolrawbox1769=\box6799
\l@dLcolrawbox1768=\box6800
\l@dRcolrawbox1768=\box6801
\l@dLcolrawbox1767=\box6802
\l@dRcolrawbox1767=\box6803
\l@dLcolrawbox1766=\box6804
\l@dRcolrawbox1766=\box6805
\l@dLcolrawbox1765=\box6806
\l@dRcolrawbox1765=\box6807
\l@dLcolrawbox1764=\box6808
\l@dRcolrawbox1764=\box6809
\l@dLcolrawbox1763=\box6810
\l@dRcolrawbox1763=\box6811
\l@dLcolrawbox1762=\box6812
\l@dRcolrawbox1762=\box6813
\l@dLcolrawbox1761=\box6814
\l@dRcolrawbox1761=\box6815
\l@dLcolrawbox1760=\box6816
\l@dRcolrawbox1760=\box6817
\l@dLcolrawbox1759=\box6818
\l@dRcolrawbox1759=\box6819
\l@dLcolrawbox1758=\box6820
\l@dRcolrawbox1758=\box6821
\l@dLcolrawbox1757=\box6822
\l@dRcolrawbox1757=\box6823
\l@dLcolrawbox1756=\box6824
\l@dRcolrawbox1756=\box6825
\l@dLcolrawbox1755=\box6826
\l@dRcolrawbox1755=\box6827
\l@dLcolrawbox1754=\box6828
\l@dRcolrawbox1754=\box6829
\l@dLcolrawbox1753=\box6830
\l@dRcolrawbox1753=\box6831
\l@dLcolrawbox1752=\box6832
\l@dRcolrawbox1752=\box6833
\l@dLcolrawbox1751=\box6834
\l@dRcolrawbox1751=\box6835
\l@dLcolrawbox1750=\box6836
\l@dRcolrawbox1750=\box6837
\l@dLcolrawbox1749=\box6838
\l@dRcolrawbox1749=\box6839
\l@dLcolrawbox1748=\box6840
\l@dRcolrawbox1748=\box6841
\l@dLcolrawbox1747=\box6842
\l@dRcolrawbox1747=\box6843
\l@dLcolrawbox1746=\box6844
\l@dRcolrawbox1746=\box6845
\l@dLcolrawbox1745=\box6846
\l@dRcolrawbox1745=\box6847
\l@dLcolrawbox1744=\box6848
\l@dRcolrawbox1744=\box6849
\l@dLcolrawbox1743=\box6850
\l@dRcolrawbox1743=\box6851
\l@dLcolrawbox1742=\box6852
\l@dRcolrawbox1742=\box6853
\l@dLcolrawbox1741=\box6854
\l@dRcolrawbox1741=\box6855
\l@dLcolrawbox1740=\box6856
\l@dRcolrawbox1740=\box6857
\l@dLcolrawbox1739=\box6858
\l@dRcolrawbox1739=\box6859
\l@dLcolrawbox1738=\box6860
\l@dRcolrawbox1738=\box6861
\l@dLcolrawbox1737=\box6862
\l@dRcolrawbox1737=\box6863
\l@dLcolrawbox1736=\box6864
\l@dRcolrawbox1736=\box6865
\l@dLcolrawbox1735=\box6866
\l@dRcolrawbox1735=\box6867
\l@dLcolrawbox1734=\box6868
\l@dRcolrawbox1734=\box6869
\l@dLcolrawbox1733=\box6870
\l@dRcolrawbox1733=\box6871
\l@dLcolrawbox1732=\box6872
\l@dRcolrawbox1732=\box6873
\l@dLcolrawbox1731=\box6874
\l@dRcolrawbox1731=\box6875
\l@dLcolrawbox1730=\box6876
\l@dRcolrawbox1730=\box6877
\l@dLcolrawbox1729=\box6878
\l@dRcolrawbox1729=\box6879
\l@dLcolrawbox1728=\box6880
\l@dRcolrawbox1728=\box6881
\l@dLcolrawbox1727=\box6882
\l@dRcolrawbox1727=\box6883
\l@dLcolrawbox1726=\box6884
\l@dRcolrawbox1726=\box6885
\l@dLcolrawbox1725=\box6886
\l@dRcolrawbox1725=\box6887
\l@dLcolrawbox1724=\box6888
\l@dRcolrawbox1724=\box6889
\l@dLcolrawbox1723=\box6890
\l@dRcolrawbox1723=\box6891
\l@dLcolrawbox1722=\box6892
\l@dRcolrawbox1722=\box6893
\l@dLcolrawbox1721=\box6894
\l@dRcolrawbox1721=\box6895
\l@dLcolrawbox1720=\box6896
\l@dRcolrawbox1720=\box6897
\l@dLcolrawbox1719=\box6898
\l@dRcolrawbox1719=\box6899
\l@dLcolrawbox1718=\box6900
\l@dRcolrawbox1718=\box6901
\l@dLcolrawbox1717=\box6902
\l@dRcolrawbox1717=\box6903
\l@dLcolrawbox1716=\box6904
\l@dRcolrawbox1716=\box6905
\l@dLcolrawbox1715=\box6906
\l@dRcolrawbox1715=\box6907
\l@dLcolrawbox1714=\box6908
\l@dRcolrawbox1714=\box6909
\l@dLcolrawbox1713=\box6910
\l@dRcolrawbox1713=\box6911
\l@dLcolrawbox1712=\box6912
\l@dRcolrawbox1712=\box6913
\l@dLcolrawbox1711=\box6914
\l@dRcolrawbox1711=\box6915
\l@dLcolrawbox1710=\box6916
\l@dRcolrawbox1710=\box6917
\l@dLcolrawbox1709=\box6918
\l@dRcolrawbox1709=\box6919
\l@dLcolrawbox1708=\box6920
\l@dRcolrawbox1708=\box6921
\l@dLcolrawbox1707=\box6922
\l@dRcolrawbox1707=\box6923
\l@dLcolrawbox1706=\box6924
\l@dRcolrawbox1706=\box6925
\l@dLcolrawbox1705=\box6926
\l@dRcolrawbox1705=\box6927
\l@dLcolrawbox1704=\box6928
\l@dRcolrawbox1704=\box6929
\l@dLcolrawbox1703=\box6930
\l@dRcolrawbox1703=\box6931
\l@dLcolrawbox1702=\box6932
\l@dRcolrawbox1702=\box6933
\l@dLcolrawbox1701=\box6934
\l@dRcolrawbox1701=\box6935
\l@dLcolrawbox1700=\box6936
\l@dRcolrawbox1700=\box6937
\l@dLcolrawbox1699=\box6938
\l@dRcolrawbox1699=\box6939
\l@dLcolrawbox1698=\box6940
\l@dRcolrawbox1698=\box6941
\l@dLcolrawbox1697=\box6942
\l@dRcolrawbox1697=\box6943
\l@dLcolrawbox1696=\box6944
\l@dRcolrawbox1696=\box6945
\l@dLcolrawbox1695=\box6946
\l@dRcolrawbox1695=\box6947
\l@dLcolrawbox1694=\box6948
\l@dRcolrawbox1694=\box6949
\l@dLcolrawbox1693=\box6950
\l@dRcolrawbox1693=\box6951
\l@dLcolrawbox1692=\box6952
\l@dRcolrawbox1692=\box6953
\l@dLcolrawbox1691=\box6954
\l@dRcolrawbox1691=\box6955
\l@dLcolrawbox1690=\box6956
\l@dRcolrawbox1690=\box6957
\l@dLcolrawbox1689=\box6958
\l@dRcolrawbox1689=\box6959
\l@dLcolrawbox1688=\box6960
\l@dRcolrawbox1688=\box6961
\l@dLcolrawbox1687=\box6962
\l@dRcolrawbox1687=\box6963
\l@dLcolrawbox1686=\box6964
\l@dRcolrawbox1686=\box6965
\l@dLcolrawbox1685=\box6966
\l@dRcolrawbox1685=\box6967
\l@dLcolrawbox1684=\box6968
\l@dRcolrawbox1684=\box6969
\l@dLcolrawbox1683=\box6970
\l@dRcolrawbox1683=\box6971
\l@dLcolrawbox1682=\box6972
\l@dRcolrawbox1682=\box6973
\l@dLcolrawbox1681=\box6974
\l@dRcolrawbox1681=\box6975
\l@dLcolrawbox1680=\box6976
\l@dRcolrawbox1680=\box6977
\l@dLcolrawbox1679=\box6978
\l@dRcolrawbox1679=\box6979
\l@dLcolrawbox1678=\box6980
\l@dRcolrawbox1678=\box6981
\l@dLcolrawbox1677=\box6982
\l@dRcolrawbox1677=\box6983
\l@dLcolrawbox1676=\box6984
\l@dRcolrawbox1676=\box6985
\l@dLcolrawbox1675=\box6986
\l@dRcolrawbox1675=\box6987
\l@dLcolrawbox1674=\box6988
\l@dRcolrawbox1674=\box6989
\l@dLcolrawbox1673=\box6990
\l@dRcolrawbox1673=\box6991
\l@dLcolrawbox1672=\box6992
\l@dRcolrawbox1672=\box6993
\l@dLcolrawbox1671=\box6994
\l@dRcolrawbox1671=\box6995
\l@dLcolrawbox1670=\box6996
\l@dRcolrawbox1670=\box6997
\l@dLcolrawbox1669=\box6998
\l@dRcolrawbox1669=\box6999
\l@dLcolrawbox1668=\box7000
\l@dRcolrawbox1668=\box7001
\l@dLcolrawbox1667=\box7002
\l@dRcolrawbox1667=\box7003
\l@dLcolrawbox1666=\box7004
\l@dRcolrawbox1666=\box7005
\l@dLcolrawbox1665=\box7006
\l@dRcolrawbox1665=\box7007
\l@dLcolrawbox1664=\box7008
\l@dRcolrawbox1664=\box7009
\l@dLcolrawbox1663=\box7010
\l@dRcolrawbox1663=\box7011
\l@dLcolrawbox1662=\box7012
\l@dRcolrawbox1662=\box7013
\l@dLcolrawbox1661=\box7014
\l@dRcolrawbox1661=\box7015
\l@dLcolrawbox1660=\box7016
\l@dRcolrawbox1660=\box7017
\l@dLcolrawbox1659=\box7018
\l@dRcolrawbox1659=\box7019
\l@dLcolrawbox1658=\box7020
\l@dRcolrawbox1658=\box7021
\l@dLcolrawbox1657=\box7022
\l@dRcolrawbox1657=\box7023
\l@dLcolrawbox1656=\box7024
\l@dRcolrawbox1656=\box7025
\l@dLcolrawbox1655=\box7026
\l@dRcolrawbox1655=\box7027
\l@dLcolrawbox1654=\box7028
\l@dRcolrawbox1654=\box7029
\l@dLcolrawbox1653=\box7030
\l@dRcolrawbox1653=\box7031
\l@dLcolrawbox1652=\box7032
\l@dRcolrawbox1652=\box7033
\l@dLcolrawbox1651=\box7034
\l@dRcolrawbox1651=\box7035
\l@dLcolrawbox1650=\box7036
\l@dRcolrawbox1650=\box7037
\l@dLcolrawbox1649=\box7038
\l@dRcolrawbox1649=\box7039
\l@dLcolrawbox1648=\box7040
\l@dRcolrawbox1648=\box7041
\l@dLcolrawbox1647=\box7042
\l@dRcolrawbox1647=\box7043
\l@dLcolrawbox1646=\box7044
\l@dRcolrawbox1646=\box7045
\l@dLcolrawbox1645=\box7046
\l@dRcolrawbox1645=\box7047
\l@dLcolrawbox1644=\box7048
\l@dRcolrawbox1644=\box7049
\l@dLcolrawbox1643=\box7050
\l@dRcolrawbox1643=\box7051
\l@dLcolrawbox1642=\box7052
\l@dRcolrawbox1642=\box7053
\l@dLcolrawbox1641=\box7054
\l@dRcolrawbox1641=\box7055
\l@dLcolrawbox1640=\box7056
\l@dRcolrawbox1640=\box7057
\l@dLcolrawbox1639=\box7058
\l@dRcolrawbox1639=\box7059
\l@dLcolrawbox1638=\box7060
\l@dRcolrawbox1638=\box7061
\l@dLcolrawbox1637=\box7062
\l@dRcolrawbox1637=\box7063
\l@dLcolrawbox1636=\box7064
\l@dRcolrawbox1636=\box7065
\l@dLcolrawbox1635=\box7066
\l@dRcolrawbox1635=\box7067
\l@dLcolrawbox1634=\box7068
\l@dRcolrawbox1634=\box7069
\l@dLcolrawbox1633=\box7070
\l@dRcolrawbox1633=\box7071
\l@dLcolrawbox1632=\box7072
\l@dRcolrawbox1632=\box7073
\l@dLcolrawbox1631=\box7074
\l@dRcolrawbox1631=\box7075
\l@dLcolrawbox1630=\box7076
\l@dRcolrawbox1630=\box7077
\l@dLcolrawbox1629=\box7078
\l@dRcolrawbox1629=\box7079
\l@dLcolrawbox1628=\box7080
\l@dRcolrawbox1628=\box7081
\l@dLcolrawbox1627=\box7082
\l@dRcolrawbox1627=\box7083
\l@dLcolrawbox1626=\box7084
\l@dRcolrawbox1626=\box7085
\l@dLcolrawbox1625=\box7086
\l@dRcolrawbox1625=\box7087
\l@dLcolrawbox1624=\box7088
\l@dRcolrawbox1624=\box7089
\l@dLcolrawbox1623=\box7090
\l@dRcolrawbox1623=\box7091
\l@dLcolrawbox1622=\box7092
\l@dRcolrawbox1622=\box7093
\l@dLcolrawbox1621=\box7094
\l@dRcolrawbox1621=\box7095
\l@dLcolrawbox1620=\box7096
\l@dRcolrawbox1620=\box7097
\l@dLcolrawbox1619=\box7098
\l@dRcolrawbox1619=\box7099
\l@dLcolrawbox1618=\box7100
\l@dRcolrawbox1618=\box7101
\l@dLcolrawbox1617=\box7102
\l@dRcolrawbox1617=\box7103
\l@dLcolrawbox1616=\box7104
\l@dRcolrawbox1616=\box7105
\l@dLcolrawbox1615=\box7106
\l@dRcolrawbox1615=\box7107
\l@dLcolrawbox1614=\box7108
\l@dRcolrawbox1614=\box7109
\l@dLcolrawbox1613=\box7110
\l@dRcolrawbox1613=\box7111
\l@dLcolrawbox1612=\box7112
\l@dRcolrawbox1612=\box7113
\l@dLcolrawbox1611=\box7114
\l@dRcolrawbox1611=\box7115
\l@dLcolrawbox1610=\box7116
\l@dRcolrawbox1610=\box7117
\l@dLcolrawbox1609=\box7118
\l@dRcolrawbox1609=\box7119
\l@dLcolrawbox1608=\box7120
\l@dRcolrawbox1608=\box7121
\l@dLcolrawbox1607=\box7122
\l@dRcolrawbox1607=\box7123
\l@dLcolrawbox1606=\box7124
\l@dRcolrawbox1606=\box7125
\l@dLcolrawbox1605=\box7126
\l@dRcolrawbox1605=\box7127
\l@dLcolrawbox1604=\box7128
\l@dRcolrawbox1604=\box7129
\l@dLcolrawbox1603=\box7130
\l@dRcolrawbox1603=\box7131
\l@dLcolrawbox1602=\box7132
\l@dRcolrawbox1602=\box7133
\l@dLcolrawbox1601=\box7134
\l@dRcolrawbox1601=\box7135
\l@dLcolrawbox1600=\box7136
\l@dRcolrawbox1600=\box7137
\l@dLcolrawbox1599=\box7138
\l@dRcolrawbox1599=\box7139
\l@dLcolrawbox1598=\box7140
\l@dRcolrawbox1598=\box7141
\l@dLcolrawbox1597=\box7142
\l@dRcolrawbox1597=\box7143
\l@dLcolrawbox1596=\box7144
\l@dRcolrawbox1596=\box7145
\l@dLcolrawbox1595=\box7146
\l@dRcolrawbox1595=\box7147
\l@dLcolrawbox1594=\box7148
\l@dRcolrawbox1594=\box7149
\l@dLcolrawbox1593=\box7150
\l@dRcolrawbox1593=\box7151
\l@dLcolrawbox1592=\box7152
\l@dRcolrawbox1592=\box7153
\l@dLcolrawbox1591=\box7154
\l@dRcolrawbox1591=\box7155
\l@dLcolrawbox1590=\box7156
\l@dRcolrawbox1590=\box7157
\l@dLcolrawbox1589=\box7158
\l@dRcolrawbox1589=\box7159
\l@dLcolrawbox1588=\box7160
\l@dRcolrawbox1588=\box7161
\l@dLcolrawbox1587=\box7162
\l@dRcolrawbox1587=\box7163
\l@dLcolrawbox1586=\box7164
\l@dRcolrawbox1586=\box7165
\l@dLcolrawbox1585=\box7166
\l@dRcolrawbox1585=\box7167
\l@dLcolrawbox1584=\box7168
\l@dRcolrawbox1584=\box7169
\l@dLcolrawbox1583=\box7170
\l@dRcolrawbox1583=\box7171
\l@dLcolrawbox1582=\box7172
\l@dRcolrawbox1582=\box7173
\l@dLcolrawbox1581=\box7174
\l@dRcolrawbox1581=\box7175
\l@dLcolrawbox1580=\box7176
\l@dRcolrawbox1580=\box7177
\l@dLcolrawbox1579=\box7178
\l@dRcolrawbox1579=\box7179
\l@dLcolrawbox1578=\box7180
\l@dRcolrawbox1578=\box7181
\l@dLcolrawbox1577=\box7182
\l@dRcolrawbox1577=\box7183
\l@dLcolrawbox1576=\box7184
\l@dRcolrawbox1576=\box7185
\l@dLcolrawbox1575=\box7186
\l@dRcolrawbox1575=\box7187
\l@dLcolrawbox1574=\box7188
\l@dRcolrawbox1574=\box7189
\l@dLcolrawbox1573=\box7190
\l@dRcolrawbox1573=\box7191
\l@dLcolrawbox1572=\box7192
\l@dRcolrawbox1572=\box7193
\l@dLcolrawbox1571=\box7194
\l@dRcolrawbox1571=\box7195
\l@dLcolrawbox1570=\box7196
\l@dRcolrawbox1570=\box7197
\l@dLcolrawbox1569=\box7198
\l@dRcolrawbox1569=\box7199
\l@dLcolrawbox1568=\box7200
\l@dRcolrawbox1568=\box7201
\l@dLcolrawbox1567=\box7202
\l@dRcolrawbox1567=\box7203
\l@dLcolrawbox1566=\box7204
\l@dRcolrawbox1566=\box7205
\l@dLcolrawbox1565=\box7206
\l@dRcolrawbox1565=\box7207
\l@dLcolrawbox1564=\box7208
\l@dRcolrawbox1564=\box7209
\l@dLcolrawbox1563=\box7210
\l@dRcolrawbox1563=\box7211
\l@dLcolrawbox1562=\box7212
\l@dRcolrawbox1562=\box7213
\l@dLcolrawbox1561=\box7214
\l@dRcolrawbox1561=\box7215
\l@dLcolrawbox1560=\box7216
\l@dRcolrawbox1560=\box7217
\l@dLcolrawbox1559=\box7218
\l@dRcolrawbox1559=\box7219
\l@dLcolrawbox1558=\box7220
\l@dRcolrawbox1558=\box7221
\l@dLcolrawbox1557=\box7222
\l@dRcolrawbox1557=\box7223
\l@dLcolrawbox1556=\box7224
\l@dRcolrawbox1556=\box7225
\l@dLcolrawbox1555=\box7226
\l@dRcolrawbox1555=\box7227
\l@dLcolrawbox1554=\box7228
\l@dRcolrawbox1554=\box7229
\l@dLcolrawbox1553=\box7230
\l@dRcolrawbox1553=\box7231
\l@dLcolrawbox1552=\box7232
\l@dRcolrawbox1552=\box7233
\l@dLcolrawbox1551=\box7234
\l@dRcolrawbox1551=\box7235
\l@dLcolrawbox1550=\box7236
\l@dRcolrawbox1550=\box7237
\l@dLcolrawbox1549=\box7238
\l@dRcolrawbox1549=\box7239
\l@dLcolrawbox1548=\box7240
\l@dRcolrawbox1548=\box7241
\l@dLcolrawbox1547=\box7242
\l@dRcolrawbox1547=\box7243
\l@dLcolrawbox1546=\box7244
\l@dRcolrawbox1546=\box7245
\l@dLcolrawbox1545=\box7246
\l@dRcolrawbox1545=\box7247
\l@dLcolrawbox1544=\box7248
\l@dRcolrawbox1544=\box7249
\l@dLcolrawbox1543=\box7250
\l@dRcolrawbox1543=\box7251
\l@dLcolrawbox1542=\box7252
\l@dRcolrawbox1542=\box7253
\l@dLcolrawbox1541=\box7254
\l@dRcolrawbox1541=\box7255
\l@dLcolrawbox1540=\box7256
\l@dRcolrawbox1540=\box7257
\l@dLcolrawbox1539=\box7258
\l@dRcolrawbox1539=\box7259
\l@dLcolrawbox1538=\box7260
\l@dRcolrawbox1538=\box7261
\l@dLcolrawbox1537=\box7262
\l@dRcolrawbox1537=\box7263
\l@dLcolrawbox1536=\box7264
\l@dRcolrawbox1536=\box7265
\l@dLcolrawbox1535=\box7266
\l@dRcolrawbox1535=\box7267
\l@dLcolrawbox1534=\box7268
\l@dRcolrawbox1534=\box7269
\l@dLcolrawbox1533=\box7270
\l@dRcolrawbox1533=\box7271
\l@dLcolrawbox1532=\box7272
\l@dRcolrawbox1532=\box7273
\l@dLcolrawbox1531=\box7274
\l@dRcolrawbox1531=\box7275
\l@dLcolrawbox1530=\box7276
\l@dRcolrawbox1530=\box7277
\l@dLcolrawbox1529=\box7278
\l@dRcolrawbox1529=\box7279
\l@dLcolrawbox1528=\box7280
\l@dRcolrawbox1528=\box7281
\l@dLcolrawbox1527=\box7282
\l@dRcolrawbox1527=\box7283
\l@dLcolrawbox1526=\box7284
\l@dRcolrawbox1526=\box7285
\l@dLcolrawbox1525=\box7286
\l@dRcolrawbox1525=\box7287
\l@dLcolrawbox1524=\box7288
\l@dRcolrawbox1524=\box7289
\l@dLcolrawbox1523=\box7290
\l@dRcolrawbox1523=\box7291
\l@dLcolrawbox1522=\box7292
\l@dRcolrawbox1522=\box7293
\l@dLcolrawbox1521=\box7294
\l@dRcolrawbox1521=\box7295
\l@dLcolrawbox1520=\box7296
\l@dRcolrawbox1520=\box7297
\l@dLcolrawbox1519=\box7298
\l@dRcolrawbox1519=\box7299
\l@dLcolrawbox1518=\box7300
\l@dRcolrawbox1518=\box7301
\l@dLcolrawbox1517=\box7302
\l@dRcolrawbox1517=\box7303
\l@dLcolrawbox1516=\box7304
\l@dRcolrawbox1516=\box7305
\l@dLcolrawbox1515=\box7306
\l@dRcolrawbox1515=\box7307
\l@dLcolrawbox1514=\box7308
\l@dRcolrawbox1514=\box7309
\l@dLcolrawbox1513=\box7310
\l@dRcolrawbox1513=\box7311
\l@dLcolrawbox1512=\box7312
\l@dRcolrawbox1512=\box7313
\l@dLcolrawbox1511=\box7314
\l@dRcolrawbox1511=\box7315
\l@dLcolrawbox1510=\box7316
\l@dRcolrawbox1510=\box7317
\l@dLcolrawbox1509=\box7318
\l@dRcolrawbox1509=\box7319
\l@dLcolrawbox1508=\box7320
\l@dRcolrawbox1508=\box7321
\l@dLcolrawbox1507=\box7322
\l@dRcolrawbox1507=\box7323
\l@dLcolrawbox1506=\box7324
\l@dRcolrawbox1506=\box7325
\l@dLcolrawbox1505=\box7326
\l@dRcolrawbox1505=\box7327
\l@dLcolrawbox1504=\box7328
\l@dRcolrawbox1504=\box7329
\l@dLcolrawbox1503=\box7330
\l@dRcolrawbox1503=\box7331
\l@dLcolrawbox1502=\box7332
\l@dRcolrawbox1502=\box7333
\l@dLcolrawbox1501=\box7334
\l@dRcolrawbox1501=\box7335
\l@dLcolrawbox1500=\box7336
\l@dRcolrawbox1500=\box7337
\l@dLcolrawbox1499=\box7338
\l@dRcolrawbox1499=\box7339
\l@dLcolrawbox1498=\box7340
\l@dRcolrawbox1498=\box7341
\l@dLcolrawbox1497=\box7342
\l@dRcolrawbox1497=\box7343
\l@dLcolrawbox1496=\box7344
\l@dRcolrawbox1496=\box7345
\l@dLcolrawbox1495=\box7346
\l@dRcolrawbox1495=\box7347
\l@dLcolrawbox1494=\box7348
\l@dRcolrawbox1494=\box7349
\l@dLcolrawbox1493=\box7350
\l@dRcolrawbox1493=\box7351
\l@dLcolrawbox1492=\box7352
\l@dRcolrawbox1492=\box7353
\l@dLcolrawbox1491=\box7354
\l@dRcolrawbox1491=\box7355
\l@dLcolrawbox1490=\box7356
\l@dRcolrawbox1490=\box7357
\l@dLcolrawbox1489=\box7358
\l@dRcolrawbox1489=\box7359
\l@dLcolrawbox1488=\box7360
\l@dRcolrawbox1488=\box7361
\l@dLcolrawbox1487=\box7362
\l@dRcolrawbox1487=\box7363
\l@dLcolrawbox1486=\box7364
\l@dRcolrawbox1486=\box7365
\l@dLcolrawbox1485=\box7366
\l@dRcolrawbox1485=\box7367
\l@dLcolrawbox1484=\box7368
\l@dRcolrawbox1484=\box7369
\l@dLcolrawbox1483=\box7370
\l@dRcolrawbox1483=\box7371
\l@dLcolrawbox1482=\box7372
\l@dRcolrawbox1482=\box7373
\l@dLcolrawbox1481=\box7374
\l@dRcolrawbox1481=\box7375
\l@dLcolrawbox1480=\box7376
\l@dRcolrawbox1480=\box7377
\l@dLcolrawbox1479=\box7378
\l@dRcolrawbox1479=\box7379
\l@dLcolrawbox1478=\box7380
\l@dRcolrawbox1478=\box7381
\l@dLcolrawbox1477=\box7382
\l@dRcolrawbox1477=\box7383
\l@dLcolrawbox1476=\box7384
\l@dRcolrawbox1476=\box7385
\l@dLcolrawbox1475=\box7386
\l@dRcolrawbox1475=\box7387
\l@dLcolrawbox1474=\box7388
\l@dRcolrawbox1474=\box7389
\l@dLcolrawbox1473=\box7390
\l@dRcolrawbox1473=\box7391
\l@dLcolrawbox1472=\box7392
\l@dRcolrawbox1472=\box7393
\l@dLcolrawbox1471=\box7394
\l@dRcolrawbox1471=\box7395
\l@dLcolrawbox1470=\box7396
\l@dRcolrawbox1470=\box7397
\l@dLcolrawbox1469=\box7398
\l@dRcolrawbox1469=\box7399
\l@dLcolrawbox1468=\box7400
\l@dRcolrawbox1468=\box7401
\l@dLcolrawbox1467=\box7402
\l@dRcolrawbox1467=\box7403
\l@dLcolrawbox1466=\box7404
\l@dRcolrawbox1466=\box7405
\l@dLcolrawbox1465=\box7406
\l@dRcolrawbox1465=\box7407
\l@dLcolrawbox1464=\box7408
\l@dRcolrawbox1464=\box7409
\l@dLcolrawbox1463=\box7410
\l@dRcolrawbox1463=\box7411
\l@dLcolrawbox1462=\box7412
\l@dRcolrawbox1462=\box7413
\l@dLcolrawbox1461=\box7414
\l@dRcolrawbox1461=\box7415
\l@dLcolrawbox1460=\box7416
\l@dRcolrawbox1460=\box7417
\l@dLcolrawbox1459=\box7418
\l@dRcolrawbox1459=\box7419
\l@dLcolrawbox1458=\box7420
\l@dRcolrawbox1458=\box7421
\l@dLcolrawbox1457=\box7422
\l@dRcolrawbox1457=\box7423
\l@dLcolrawbox1456=\box7424
\l@dRcolrawbox1456=\box7425
\l@dLcolrawbox1455=\box7426
\l@dRcolrawbox1455=\box7427
\l@dLcolrawbox1454=\box7428
\l@dRcolrawbox1454=\box7429
\l@dLcolrawbox1453=\box7430
\l@dRcolrawbox1453=\box7431
\l@dLcolrawbox1452=\box7432
\l@dRcolrawbox1452=\box7433
\l@dLcolrawbox1451=\box7434
\l@dRcolrawbox1451=\box7435
\l@dLcolrawbox1450=\box7436
\l@dRcolrawbox1450=\box7437
\l@dLcolrawbox1449=\box7438
\l@dRcolrawbox1449=\box7439
\l@dLcolrawbox1448=\box7440
\l@dRcolrawbox1448=\box7441
\l@dLcolrawbox1447=\box7442
\l@dRcolrawbox1447=\box7443
\l@dLcolrawbox1446=\box7444
\l@dRcolrawbox1446=\box7445
\l@dLcolrawbox1445=\box7446
\l@dRcolrawbox1445=\box7447
\l@dLcolrawbox1444=\box7448
\l@dRcolrawbox1444=\box7449
\l@dLcolrawbox1443=\box7450
\l@dRcolrawbox1443=\box7451
\l@dLcolrawbox1442=\box7452
\l@dRcolrawbox1442=\box7453
\l@dLcolrawbox1441=\box7454
\l@dRcolrawbox1441=\box7455
\l@dLcolrawbox1440=\box7456
\l@dRcolrawbox1440=\box7457
\l@dLcolrawbox1439=\box7458
\l@dRcolrawbox1439=\box7459
\l@dLcolrawbox1438=\box7460
\l@dRcolrawbox1438=\box7461
\l@dLcolrawbox1437=\box7462
\l@dRcolrawbox1437=\box7463
\l@dLcolrawbox1436=\box7464
\l@dRcolrawbox1436=\box7465
\l@dLcolrawbox1435=\box7466
\l@dRcolrawbox1435=\box7467
\l@dLcolrawbox1434=\box7468
\l@dRcolrawbox1434=\box7469
\l@dLcolrawbox1433=\box7470
\l@dRcolrawbox1433=\box7471
\l@dLcolrawbox1432=\box7472
\l@dRcolrawbox1432=\box7473
\l@dLcolrawbox1431=\box7474
\l@dRcolrawbox1431=\box7475
\l@dLcolrawbox1430=\box7476
\l@dRcolrawbox1430=\box7477
\l@dLcolrawbox1429=\box7478
\l@dRcolrawbox1429=\box7479
\l@dLcolrawbox1428=\box7480
\l@dRcolrawbox1428=\box7481
\l@dLcolrawbox1427=\box7482
\l@dRcolrawbox1427=\box7483
\l@dLcolrawbox1426=\box7484
\l@dRcolrawbox1426=\box7485
\l@dLcolrawbox1425=\box7486
\l@dRcolrawbox1425=\box7487
\l@dLcolrawbox1424=\box7488
\l@dRcolrawbox1424=\box7489
\l@dLcolrawbox1423=\box7490
\l@dRcolrawbox1423=\box7491
\l@dLcolrawbox1422=\box7492
\l@dRcolrawbox1422=\box7493
\l@dLcolrawbox1421=\box7494
\l@dRcolrawbox1421=\box7495
\l@dLcolrawbox1420=\box7496
\l@dRcolrawbox1420=\box7497
\l@dLcolrawbox1419=\box7498
\l@dRcolrawbox1419=\box7499
\l@dLcolrawbox1418=\box7500
\l@dRcolrawbox1418=\box7501
\l@dLcolrawbox1417=\box7502
\l@dRcolrawbox1417=\box7503
\l@dLcolrawbox1416=\box7504
\l@dRcolrawbox1416=\box7505
\l@dLcolrawbox1415=\box7506
\l@dRcolrawbox1415=\box7507
\l@dLcolrawbox1414=\box7508
\l@dRcolrawbox1414=\box7509
\l@dLcolrawbox1413=\box7510
\l@dRcolrawbox1413=\box7511
\l@dLcolrawbox1412=\box7512
\l@dRcolrawbox1412=\box7513
\l@dLcolrawbox1411=\box7514
\l@dRcolrawbox1411=\box7515
\l@dLcolrawbox1410=\box7516
\l@dRcolrawbox1410=\box7517
\l@dLcolrawbox1409=\box7518
\l@dRcolrawbox1409=\box7519
\l@dLcolrawbox1408=\box7520
\l@dRcolrawbox1408=\box7521
\l@dLcolrawbox1407=\box7522
\l@dRcolrawbox1407=\box7523
\l@dLcolrawbox1406=\box7524
\l@dRcolrawbox1406=\box7525
\l@dLcolrawbox1405=\box7526
\l@dRcolrawbox1405=\box7527
\l@dLcolrawbox1404=\box7528
\l@dRcolrawbox1404=\box7529
\l@dLcolrawbox1403=\box7530
\l@dRcolrawbox1403=\box7531
\l@dLcolrawbox1402=\box7532
\l@dRcolrawbox1402=\box7533
\l@dLcolrawbox1401=\box7534
\l@dRcolrawbox1401=\box7535
\l@dLcolrawbox1400=\box7536
\l@dRcolrawbox1400=\box7537
\l@dLcolrawbox1399=\box7538
\l@dRcolrawbox1399=\box7539
\l@dLcolrawbox1398=\box7540
\l@dRcolrawbox1398=\box7541
\l@dLcolrawbox1397=\box7542
\l@dRcolrawbox1397=\box7543
\l@dLcolrawbox1396=\box7544
\l@dRcolrawbox1396=\box7545
\l@dLcolrawbox1395=\box7546
\l@dRcolrawbox1395=\box7547
\l@dLcolrawbox1394=\box7548
\l@dRcolrawbox1394=\box7549
\l@dLcolrawbox1393=\box7550
\l@dRcolrawbox1393=\box7551
\l@dLcolrawbox1392=\box7552
\l@dRcolrawbox1392=\box7553
\l@dLcolrawbox1391=\box7554
\l@dRcolrawbox1391=\box7555
\l@dLcolrawbox1390=\box7556
\l@dRcolrawbox1390=\box7557
\l@dLcolrawbox1389=\box7558
\l@dRcolrawbox1389=\box7559
\l@dLcolrawbox1388=\box7560
\l@dRcolrawbox1388=\box7561
\l@dLcolrawbox1387=\box7562
\l@dRcolrawbox1387=\box7563
\l@dLcolrawbox1386=\box7564
\l@dRcolrawbox1386=\box7565
\l@dLcolrawbox1385=\box7566
\l@dRcolrawbox1385=\box7567
\l@dLcolrawbox1384=\box7568
\l@dRcolrawbox1384=\box7569
\l@dLcolrawbox1383=\box7570
\l@dRcolrawbox1383=\box7571
\l@dLcolrawbox1382=\box7572
\l@dRcolrawbox1382=\box7573
\l@dLcolrawbox1381=\box7574
\l@dRcolrawbox1381=\box7575
\l@dLcolrawbox1380=\box7576
\l@dRcolrawbox1380=\box7577
\l@dLcolrawbox1379=\box7578
\l@dRcolrawbox1379=\box7579
\l@dLcolrawbox1378=\box7580
\l@dRcolrawbox1378=\box7581
\l@dLcolrawbox1377=\box7582
\l@dRcolrawbox1377=\box7583
\l@dLcolrawbox1376=\box7584
\l@dRcolrawbox1376=\box7585
\l@dLcolrawbox1375=\box7586
\l@dRcolrawbox1375=\box7587
\l@dLcolrawbox1374=\box7588
\l@dRcolrawbox1374=\box7589
\l@dLcolrawbox1373=\box7590
\l@dRcolrawbox1373=\box7591
\l@dLcolrawbox1372=\box7592
\l@dRcolrawbox1372=\box7593
\l@dLcolrawbox1371=\box7594
\l@dRcolrawbox1371=\box7595
\l@dLcolrawbox1370=\box7596
\l@dRcolrawbox1370=\box7597
\l@dLcolrawbox1369=\box7598
\l@dRcolrawbox1369=\box7599
\l@dLcolrawbox1368=\box7600
\l@dRcolrawbox1368=\box7601
\l@dLcolrawbox1367=\box7602
\l@dRcolrawbox1367=\box7603
\l@dLcolrawbox1366=\box7604
\l@dRcolrawbox1366=\box7605
\l@dLcolrawbox1365=\box7606
\l@dRcolrawbox1365=\box7607
\l@dLcolrawbox1364=\box7608
\l@dRcolrawbox1364=\box7609
\l@dLcolrawbox1363=\box7610
\l@dRcolrawbox1363=\box7611
\l@dLcolrawbox1362=\box7612
\l@dRcolrawbox1362=\box7613
\l@dLcolrawbox1361=\box7614
\l@dRcolrawbox1361=\box7615
\l@dLcolrawbox1360=\box7616
\l@dRcolrawbox1360=\box7617
\l@dLcolrawbox1359=\box7618
\l@dRcolrawbox1359=\box7619
\l@dLcolrawbox1358=\box7620
\l@dRcolrawbox1358=\box7621
\l@dLcolrawbox1357=\box7622
\l@dRcolrawbox1357=\box7623
\l@dLcolrawbox1356=\box7624
\l@dRcolrawbox1356=\box7625
\l@dLcolrawbox1355=\box7626
\l@dRcolrawbox1355=\box7627
\l@dLcolrawbox1354=\box7628
\l@dRcolrawbox1354=\box7629
\l@dLcolrawbox1353=\box7630
\l@dRcolrawbox1353=\box7631
\l@dLcolrawbox1352=\box7632
\l@dRcolrawbox1352=\box7633
\l@dLcolrawbox1351=\box7634
\l@dRcolrawbox1351=\box7635
\l@dLcolrawbox1350=\box7636
\l@dRcolrawbox1350=\box7637
\l@dLcolrawbox1349=\box7638
\l@dRcolrawbox1349=\box7639
\l@dLcolrawbox1348=\box7640
\l@dRcolrawbox1348=\box7641
\l@dLcolrawbox1347=\box7642
\l@dRcolrawbox1347=\box7643
\l@dLcolrawbox1346=\box7644
\l@dRcolrawbox1346=\box7645
\l@dLcolrawbox1345=\box7646
\l@dRcolrawbox1345=\box7647
\l@dLcolrawbox1344=\box7648
\l@dRcolrawbox1344=\box7649
\l@dLcolrawbox1343=\box7650
\l@dRcolrawbox1343=\box7651
\l@dLcolrawbox1342=\box7652
\l@dRcolrawbox1342=\box7653
\l@dLcolrawbox1341=\box7654
\l@dRcolrawbox1341=\box7655
\l@dLcolrawbox1340=\box7656
\l@dRcolrawbox1340=\box7657
\l@dLcolrawbox1339=\box7658
\l@dRcolrawbox1339=\box7659
\l@dLcolrawbox1338=\box7660
\l@dRcolrawbox1338=\box7661
\l@dLcolrawbox1337=\box7662
\l@dRcolrawbox1337=\box7663
\l@dLcolrawbox1336=\box7664
\l@dRcolrawbox1336=\box7665
\l@dLcolrawbox1335=\box7666
\l@dRcolrawbox1335=\box7667
\l@dLcolrawbox1334=\box7668
\l@dRcolrawbox1334=\box7669
\l@dLcolrawbox1333=\box7670
\l@dRcolrawbox1333=\box7671
\l@dLcolrawbox1332=\box7672
\l@dRcolrawbox1332=\box7673
\l@dLcolrawbox1331=\box7674
\l@dRcolrawbox1331=\box7675
\l@dLcolrawbox1330=\box7676
\l@dRcolrawbox1330=\box7677
\l@dLcolrawbox1329=\box7678
\l@dRcolrawbox1329=\box7679
\l@dLcolrawbox1328=\box7680
\l@dRcolrawbox1328=\box7681
\l@dLcolrawbox1327=\box7682
\l@dRcolrawbox1327=\box7683
\l@dLcolrawbox1326=\box7684
\l@dRcolrawbox1326=\box7685
\l@dLcolrawbox1325=\box7686
\l@dRcolrawbox1325=\box7687
\l@dLcolrawbox1324=\box7688
\l@dRcolrawbox1324=\box7689
\l@dLcolrawbox1323=\box7690
\l@dRcolrawbox1323=\box7691
\l@dLcolrawbox1322=\box7692
\l@dRcolrawbox1322=\box7693
\l@dLcolrawbox1321=\box7694
\l@dRcolrawbox1321=\box7695
\l@dLcolrawbox1320=\box7696
\l@dRcolrawbox1320=\box7697
\l@dLcolrawbox1319=\box7698
\l@dRcolrawbox1319=\box7699
\l@dLcolrawbox1318=\box7700
\l@dRcolrawbox1318=\box7701
\l@dLcolrawbox1317=\box7702
\l@dRcolrawbox1317=\box7703
\l@dLcolrawbox1316=\box7704
\l@dRcolrawbox1316=\box7705
\l@dLcolrawbox1315=\box7706
\l@dRcolrawbox1315=\box7707
\l@dLcolrawbox1314=\box7708
\l@dRcolrawbox1314=\box7709
\l@dLcolrawbox1313=\box7710
\l@dRcolrawbox1313=\box7711
\l@dLcolrawbox1312=\box7712
\l@dRcolrawbox1312=\box7713
\l@dLcolrawbox1311=\box7714
\l@dRcolrawbox1311=\box7715
\l@dLcolrawbox1310=\box7716
\l@dRcolrawbox1310=\box7717
\l@dLcolrawbox1309=\box7718
\l@dRcolrawbox1309=\box7719
\l@dLcolrawbox1308=\box7720
\l@dRcolrawbox1308=\box7721
\l@dLcolrawbox1307=\box7722
\l@dRcolrawbox1307=\box7723
\l@dLcolrawbox1306=\box7724
\l@dRcolrawbox1306=\box7725
\l@dLcolrawbox1305=\box7726
\l@dRcolrawbox1305=\box7727
\l@dLcolrawbox1304=\box7728
\l@dRcolrawbox1304=\box7729
\l@dLcolrawbox1303=\box7730
\l@dRcolrawbox1303=\box7731
\l@dLcolrawbox1302=\box7732
\l@dRcolrawbox1302=\box7733
\l@dLcolrawbox1301=\box7734
\l@dRcolrawbox1301=\box7735
\l@dLcolrawbox1300=\box7736
\l@dRcolrawbox1300=\box7737
\l@dLcolrawbox1299=\box7738
\l@dRcolrawbox1299=\box7739
\l@dLcolrawbox1298=\box7740
\l@dRcolrawbox1298=\box7741
\l@dLcolrawbox1297=\box7742
\l@dRcolrawbox1297=\box7743
\l@dLcolrawbox1296=\box7744
\l@dRcolrawbox1296=\box7745
\l@dLcolrawbox1295=\box7746
\l@dRcolrawbox1295=\box7747
\l@dLcolrawbox1294=\box7748
\l@dRcolrawbox1294=\box7749
\l@dLcolrawbox1293=\box7750
\l@dRcolrawbox1293=\box7751
\l@dLcolrawbox1292=\box7752
\l@dRcolrawbox1292=\box7753
\l@dLcolrawbox1291=\box7754
\l@dRcolrawbox1291=\box7755
\l@dLcolrawbox1290=\box7756
\l@dRcolrawbox1290=\box7757
\l@dLcolrawbox1289=\box7758
\l@dRcolrawbox1289=\box7759
\l@dLcolrawbox1288=\box7760
\l@dRcolrawbox1288=\box7761
\l@dLcolrawbox1287=\box7762
\l@dRcolrawbox1287=\box7763
\l@dLcolrawbox1286=\box7764
\l@dRcolrawbox1286=\box7765
\l@dLcolrawbox1285=\box7766
\l@dRcolrawbox1285=\box7767
\l@dLcolrawbox1284=\box7768
\l@dRcolrawbox1284=\box7769
\l@dLcolrawbox1283=\box7770
\l@dRcolrawbox1283=\box7771
\l@dLcolrawbox1282=\box7772
\l@dRcolrawbox1282=\box7773
\l@dLcolrawbox1281=\box7774
\l@dRcolrawbox1281=\box7775
\l@dLcolrawbox1280=\box7776
\l@dRcolrawbox1280=\box7777
\l@dLcolrawbox1279=\box7778
\l@dRcolrawbox1279=\box7779
\l@dLcolrawbox1278=\box7780
\l@dRcolrawbox1278=\box7781
\l@dLcolrawbox1277=\box7782
\l@dRcolrawbox1277=\box7783
\l@dLcolrawbox1276=\box7784
\l@dRcolrawbox1276=\box7785
\l@dLcolrawbox1275=\box7786
\l@dRcolrawbox1275=\box7787
\l@dLcolrawbox1274=\box7788
\l@dRcolrawbox1274=\box7789
\l@dLcolrawbox1273=\box7790
\l@dRcolrawbox1273=\box7791
\l@dLcolrawbox1272=\box7792
\l@dRcolrawbox1272=\box7793
\l@dLcolrawbox1271=\box7794
\l@dRcolrawbox1271=\box7795
\l@dLcolrawbox1270=\box7796
\l@dRcolrawbox1270=\box7797
\l@dLcolrawbox1269=\box7798
\l@dRcolrawbox1269=\box7799
\l@dLcolrawbox1268=\box7800
\l@dRcolrawbox1268=\box7801
\l@dLcolrawbox1267=\box7802
\l@dRcolrawbox1267=\box7803
\l@dLcolrawbox1266=\box7804
\l@dRcolrawbox1266=\box7805
\l@dLcolrawbox1265=\box7806
\l@dRcolrawbox1265=\box7807
\l@dLcolrawbox1264=\box7808
\l@dRcolrawbox1264=\box7809
\l@dLcolrawbox1263=\box7810
\l@dRcolrawbox1263=\box7811
\l@dLcolrawbox1262=\box7812
\l@dRcolrawbox1262=\box7813
\l@dLcolrawbox1261=\box7814
\l@dRcolrawbox1261=\box7815
\l@dLcolrawbox1260=\box7816
\l@dRcolrawbox1260=\box7817
\l@dLcolrawbox1259=\box7818
\l@dRcolrawbox1259=\box7819
\l@dLcolrawbox1258=\box7820
\l@dRcolrawbox1258=\box7821
\l@dLcolrawbox1257=\box7822
\l@dRcolrawbox1257=\box7823
\l@dLcolrawbox1256=\box7824
\l@dRcolrawbox1256=\box7825
\l@dLcolrawbox1255=\box7826
\l@dRcolrawbox1255=\box7827
\l@dLcolrawbox1254=\box7828
\l@dRcolrawbox1254=\box7829
\l@dLcolrawbox1253=\box7830
\l@dRcolrawbox1253=\box7831
\l@dLcolrawbox1252=\box7832
\l@dRcolrawbox1252=\box7833
\l@dLcolrawbox1251=\box7834
\l@dRcolrawbox1251=\box7835
\l@dLcolrawbox1250=\box7836
\l@dRcolrawbox1250=\box7837
\l@dLcolrawbox1249=\box7838
\l@dRcolrawbox1249=\box7839
\l@dLcolrawbox1248=\box7840
\l@dRcolrawbox1248=\box7841
\l@dLcolrawbox1247=\box7842
\l@dRcolrawbox1247=\box7843
\l@dLcolrawbox1246=\box7844
\l@dRcolrawbox1246=\box7845
\l@dLcolrawbox1245=\box7846
\l@dRcolrawbox1245=\box7847
\l@dLcolrawbox1244=\box7848
\l@dRcolrawbox1244=\box7849
\l@dLcolrawbox1243=\box7850
\l@dRcolrawbox1243=\box7851
\l@dLcolrawbox1242=\box7852
\l@dRcolrawbox1242=\box7853
\l@dLcolrawbox1241=\box7854
\l@dRcolrawbox1241=\box7855
\l@dLcolrawbox1240=\box7856
\l@dRcolrawbox1240=\box7857
\l@dLcolrawbox1239=\box7858
\l@dRcolrawbox1239=\box7859
\l@dLcolrawbox1238=\box7860
\l@dRcolrawbox1238=\box7861
\l@dLcolrawbox1237=\box7862
\l@dRcolrawbox1237=\box7863
\l@dLcolrawbox1236=\box7864
\l@dRcolrawbox1236=\box7865
\l@dLcolrawbox1235=\box7866
\l@dRcolrawbox1235=\box7867
\l@dLcolrawbox1234=\box7868
\l@dRcolrawbox1234=\box7869
\l@dLcolrawbox1233=\box7870
\l@dRcolrawbox1233=\box7871
\l@dLcolrawbox1232=\box7872
\l@dRcolrawbox1232=\box7873
\l@dLcolrawbox1231=\box7874
\l@dRcolrawbox1231=\box7875
\l@dLcolrawbox1230=\box7876
\l@dRcolrawbox1230=\box7877
\l@dLcolrawbox1229=\box7878
\l@dRcolrawbox1229=\box7879
\l@dLcolrawbox1228=\box7880
\l@dRcolrawbox1228=\box7881
\l@dLcolrawbox1227=\box7882
\l@dRcolrawbox1227=\box7883
\l@dLcolrawbox1226=\box7884
\l@dRcolrawbox1226=\box7885
\l@dLcolrawbox1225=\box7886
\l@dRcolrawbox1225=\box7887
\l@dLcolrawbox1224=\box7888
\l@dRcolrawbox1224=\box7889
\l@dLcolrawbox1223=\box7890
\l@dRcolrawbox1223=\box7891
\l@dLcolrawbox1222=\box7892
\l@dRcolrawbox1222=\box7893
\l@dLcolrawbox1221=\box7894
\l@dRcolrawbox1221=\box7895
\l@dLcolrawbox1220=\box7896
\l@dRcolrawbox1220=\box7897
\l@dLcolrawbox1219=\box7898
\l@dRcolrawbox1219=\box7899
\l@dLcolrawbox1218=\box7900
\l@dRcolrawbox1218=\box7901
\l@dLcolrawbox1217=\box7902
\l@dRcolrawbox1217=\box7903
\l@dLcolrawbox1216=\box7904
\l@dRcolrawbox1216=\box7905
\l@dLcolrawbox1215=\box7906
\l@dRcolrawbox1215=\box7907
\l@dLcolrawbox1214=\box7908
\l@dRcolrawbox1214=\box7909
\l@dLcolrawbox1213=\box7910
\l@dRcolrawbox1213=\box7911
\l@dLcolrawbox1212=\box7912
\l@dRcolrawbox1212=\box7913
\l@dLcolrawbox1211=\box7914
\l@dRcolrawbox1211=\box7915
\l@dLcolrawbox1210=\box7916
\l@dRcolrawbox1210=\box7917
\l@dLcolrawbox1209=\box7918
\l@dRcolrawbox1209=\box7919
\l@dLcolrawbox1208=\box7920
\l@dRcolrawbox1208=\box7921
\l@dLcolrawbox1207=\box7922
\l@dRcolrawbox1207=\box7923
\l@dLcolrawbox1206=\box7924
\l@dRcolrawbox1206=\box7925
\l@dLcolrawbox1205=\box7926
\l@dRcolrawbox1205=\box7927
\l@dLcolrawbox1204=\box7928
\l@dRcolrawbox1204=\box7929
\l@dLcolrawbox1203=\box7930
\l@dRcolrawbox1203=\box7931
\l@dLcolrawbox1202=\box7932
\l@dRcolrawbox1202=\box7933
\l@dLcolrawbox1201=\box7934
\l@dRcolrawbox1201=\box7935
\l@dLcolrawbox1200=\box7936
\l@dRcolrawbox1200=\box7937
\l@dLcolrawbox1199=\box7938
\l@dRcolrawbox1199=\box7939
\l@dLcolrawbox1198=\box7940
\l@dRcolrawbox1198=\box7941
\l@dLcolrawbox1197=\box7942
\l@dRcolrawbox1197=\box7943
\l@dLcolrawbox1196=\box7944
\l@dRcolrawbox1196=\box7945
\l@dLcolrawbox1195=\box7946
\l@dRcolrawbox1195=\box7947
\l@dLcolrawbox1194=\box7948
\l@dRcolrawbox1194=\box7949
\l@dLcolrawbox1193=\box7950
\l@dRcolrawbox1193=\box7951
\l@dLcolrawbox1192=\box7952
\l@dRcolrawbox1192=\box7953
\l@dLcolrawbox1191=\box7954
\l@dRcolrawbox1191=\box7955
\l@dLcolrawbox1190=\box7956
\l@dRcolrawbox1190=\box7957
\l@dLcolrawbox1189=\box7958
\l@dRcolrawbox1189=\box7959
\l@dLcolrawbox1188=\box7960
\l@dRcolrawbox1188=\box7961
\l@dLcolrawbox1187=\box7962
\l@dRcolrawbox1187=\box7963
\l@dLcolrawbox1186=\box7964
\l@dRcolrawbox1186=\box7965
\l@dLcolrawbox1185=\box7966
\l@dRcolrawbox1185=\box7967
\l@dLcolrawbox1184=\box7968
\l@dRcolrawbox1184=\box7969
\l@dLcolrawbox1183=\box7970
\l@dRcolrawbox1183=\box7971
\l@dLcolrawbox1182=\box7972
\l@dRcolrawbox1182=\box7973
\l@dLcolrawbox1181=\box7974
\l@dRcolrawbox1181=\box7975
\l@dLcolrawbox1180=\box7976
\l@dRcolrawbox1180=\box7977
\l@dLcolrawbox1179=\box7978
\l@dRcolrawbox1179=\box7979
\l@dLcolrawbox1178=\box7980
\l@dRcolrawbox1178=\box7981
\l@dLcolrawbox1177=\box7982
\l@dRcolrawbox1177=\box7983
\l@dLcolrawbox1176=\box7984
\l@dRcolrawbox1176=\box7985
\l@dLcolrawbox1175=\box7986
\l@dRcolrawbox1175=\box7987
\l@dLcolrawbox1174=\box7988
\l@dRcolrawbox1174=\box7989
\l@dLcolrawbox1173=\box7990
\l@dRcolrawbox1173=\box7991
\l@dLcolrawbox1172=\box7992
\l@dRcolrawbox1172=\box7993
\l@dLcolrawbox1171=\box7994
\l@dRcolrawbox1171=\box7995
\l@dLcolrawbox1170=\box7996
\l@dRcolrawbox1170=\box7997
\l@dLcolrawbox1169=\box7998
\l@dRcolrawbox1169=\box7999
\l@dLcolrawbox1168=\box8000
\l@dRcolrawbox1168=\box8001
\l@dLcolrawbox1167=\box8002
\l@dRcolrawbox1167=\box8003
\l@dLcolrawbox1166=\box8004
\l@dRcolrawbox1166=\box8005
\l@dLcolrawbox1165=\box8006
\l@dRcolrawbox1165=\box8007
\l@dLcolrawbox1164=\box8008
\l@dRcolrawbox1164=\box8009
\l@dLcolrawbox1163=\box8010
\l@dRcolrawbox1163=\box8011
\l@dLcolrawbox1162=\box8012
\l@dRcolrawbox1162=\box8013
\l@dLcolrawbox1161=\box8014
\l@dRcolrawbox1161=\box8015
\l@dLcolrawbox1160=\box8016
\l@dRcolrawbox1160=\box8017
\l@dLcolrawbox1159=\box8018
\l@dRcolrawbox1159=\box8019
\l@dLcolrawbox1158=\box8020
\l@dRcolrawbox1158=\box8021
\l@dLcolrawbox1157=\box8022
\l@dRcolrawbox1157=\box8023
\l@dLcolrawbox1156=\box8024
\l@dRcolrawbox1156=\box8025
\l@dLcolrawbox1155=\box8026
\l@dRcolrawbox1155=\box8027
\l@dLcolrawbox1154=\box8028
\l@dRcolrawbox1154=\box8029
\l@dLcolrawbox1153=\box8030
\l@dRcolrawbox1153=\box8031
\l@dLcolrawbox1152=\box8032
\l@dRcolrawbox1152=\box8033
\l@dLcolrawbox1151=\box8034
\l@dRcolrawbox1151=\box8035
\l@dLcolrawbox1150=\box8036
\l@dRcolrawbox1150=\box8037
\l@dLcolrawbox1149=\box8038
\l@dRcolrawbox1149=\box8039
\l@dLcolrawbox1148=\box8040
\l@dRcolrawbox1148=\box8041
\l@dLcolrawbox1147=\box8042
\l@dRcolrawbox1147=\box8043
\l@dLcolrawbox1146=\box8044
\l@dRcolrawbox1146=\box8045
\l@dLcolrawbox1145=\box8046
\l@dRcolrawbox1145=\box8047
\l@dLcolrawbox1144=\box8048
\l@dRcolrawbox1144=\box8049
\l@dLcolrawbox1143=\box8050
\l@dRcolrawbox1143=\box8051
\l@dLcolrawbox1142=\box8052
\l@dRcolrawbox1142=\box8053
\l@dLcolrawbox1141=\box8054
\l@dRcolrawbox1141=\box8055
\l@dLcolrawbox1140=\box8056
\l@dRcolrawbox1140=\box8057
\l@dLcolrawbox1139=\box8058
\l@dRcolrawbox1139=\box8059
\l@dLcolrawbox1138=\box8060
\l@dRcolrawbox1138=\box8061
\l@dLcolrawbox1137=\box8062
\l@dRcolrawbox1137=\box8063
\l@dLcolrawbox1136=\box8064
\l@dRcolrawbox1136=\box8065
\l@dLcolrawbox1135=\box8066
\l@dRcolrawbox1135=\box8067
\l@dLcolrawbox1134=\box8068
\l@dRcolrawbox1134=\box8069
\l@dLcolrawbox1133=\box8070
\l@dRcolrawbox1133=\box8071
\l@dLcolrawbox1132=\box8072
\l@dRcolrawbox1132=\box8073
\l@dLcolrawbox1131=\box8074
\l@dRcolrawbox1131=\box8075
\l@dLcolrawbox1130=\box8076
\l@dRcolrawbox1130=\box8077
\l@dLcolrawbox1129=\box8078
\l@dRcolrawbox1129=\box8079
\l@dLcolrawbox1128=\box8080
\l@dRcolrawbox1128=\box8081
\l@dLcolrawbox1127=\box8082
\l@dRcolrawbox1127=\box8083
\l@dLcolrawbox1126=\box8084
\l@dRcolrawbox1126=\box8085
\l@dLcolrawbox1125=\box8086
\l@dRcolrawbox1125=\box8087
\l@dLcolrawbox1124=\box8088
\l@dRcolrawbox1124=\box8089
\l@dLcolrawbox1123=\box8090
\l@dRcolrawbox1123=\box8091
\l@dLcolrawbox1122=\box8092
\l@dRcolrawbox1122=\box8093
\l@dLcolrawbox1121=\box8094
\l@dRcolrawbox1121=\box8095
\l@dLcolrawbox1120=\box8096
\l@dRcolrawbox1120=\box8097
\l@dLcolrawbox1119=\box8098
\l@dRcolrawbox1119=\box8099
\l@dLcolrawbox1118=\box8100
\l@dRcolrawbox1118=\box8101
\l@dLcolrawbox1117=\box8102
\l@dRcolrawbox1117=\box8103
\l@dLcolrawbox1116=\box8104
\l@dRcolrawbox1116=\box8105
\l@dLcolrawbox1115=\box8106
\l@dRcolrawbox1115=\box8107
\l@dLcolrawbox1114=\box8108
\l@dRcolrawbox1114=\box8109
\l@dLcolrawbox1113=\box8110
\l@dRcolrawbox1113=\box8111
\l@dLcolrawbox1112=\box8112
\l@dRcolrawbox1112=\box8113
\l@dLcolrawbox1111=\box8114
\l@dRcolrawbox1111=\box8115
\l@dLcolrawbox1110=\box8116
\l@dRcolrawbox1110=\box8117
\l@dLcolrawbox1109=\box8118
\l@dRcolrawbox1109=\box8119
\l@dLcolrawbox1108=\box8120
\l@dRcolrawbox1108=\box8121
\l@dLcolrawbox1107=\box8122
\l@dRcolrawbox1107=\box8123
\l@dLcolrawbox1106=\box8124
\l@dRcolrawbox1106=\box8125
\l@dLcolrawbox1105=\box8126
\l@dRcolrawbox1105=\box8127
\l@dLcolrawbox1104=\box8128
\l@dRcolrawbox1104=\box8129
\l@dLcolrawbox1103=\box8130
\l@dRcolrawbox1103=\box8131
\l@dLcolrawbox1102=\box8132
\l@dRcolrawbox1102=\box8133
\l@dLcolrawbox1101=\box8134
\l@dRcolrawbox1101=\box8135
\l@dLcolrawbox1100=\box8136
\l@dRcolrawbox1100=\box8137
\l@dLcolrawbox1099=\box8138
\l@dRcolrawbox1099=\box8139
\l@dLcolrawbox1098=\box8140
\l@dRcolrawbox1098=\box8141
\l@dLcolrawbox1097=\box8142
\l@dRcolrawbox1097=\box8143
\l@dLcolrawbox1096=\box8144
\l@dRcolrawbox1096=\box8145
\l@dLcolrawbox1095=\box8146
\l@dRcolrawbox1095=\box8147
\l@dLcolrawbox1094=\box8148
\l@dRcolrawbox1094=\box8149
\l@dLcolrawbox1093=\box8150
\l@dRcolrawbox1093=\box8151
\l@dLcolrawbox1092=\box8152
\l@dRcolrawbox1092=\box8153
\l@dLcolrawbox1091=\box8154
\l@dRcolrawbox1091=\box8155
\l@dLcolrawbox1090=\box8156
\l@dRcolrawbox1090=\box8157
\l@dLcolrawbox1089=\box8158
\l@dRcolrawbox1089=\box8159
\l@dLcolrawbox1088=\box8160
\l@dRcolrawbox1088=\box8161
\l@dLcolrawbox1087=\box8162
\l@dRcolrawbox1087=\box8163
\l@dLcolrawbox1086=\box8164
\l@dRcolrawbox1086=\box8165
\l@dLcolrawbox1085=\box8166
\l@dRcolrawbox1085=\box8167
\l@dLcolrawbox1084=\box8168
\l@dRcolrawbox1084=\box8169
\l@dLcolrawbox1083=\box8170
\l@dRcolrawbox1083=\box8171
\l@dLcolrawbox1082=\box8172
\l@dRcolrawbox1082=\box8173
\l@dLcolrawbox1081=\box8174
\l@dRcolrawbox1081=\box8175
\l@dLcolrawbox1080=\box8176
\l@dRcolrawbox1080=\box8177
\l@dLcolrawbox1079=\box8178
\l@dRcolrawbox1079=\box8179
\l@dLcolrawbox1078=\box8180
\l@dRcolrawbox1078=\box8181
\l@dLcolrawbox1077=\box8182
\l@dRcolrawbox1077=\box8183
\l@dLcolrawbox1076=\box8184
\l@dRcolrawbox1076=\box8185
\l@dLcolrawbox1075=\box8186
\l@dRcolrawbox1075=\box8187
\l@dLcolrawbox1074=\box8188
\l@dRcolrawbox1074=\box8189
\l@dLcolrawbox1073=\box8190
\l@dRcolrawbox1073=\box8191
\l@dLcolrawbox1072=\box8192
\l@dRcolrawbox1072=\box8193
\l@dLcolrawbox1071=\box8194
\l@dRcolrawbox1071=\box8195
\l@dLcolrawbox1070=\box8196
\l@dRcolrawbox1070=\box8197
\l@dLcolrawbox1069=\box8198
\l@dRcolrawbox1069=\box8199
\l@dLcolrawbox1068=\box8200
\l@dRcolrawbox1068=\box8201
\l@dLcolrawbox1067=\box8202
\l@dRcolrawbox1067=\box8203
\l@dLcolrawbox1066=\box8204
\l@dRcolrawbox1066=\box8205
\l@dLcolrawbox1065=\box8206
\l@dRcolrawbox1065=\box8207
\l@dLcolrawbox1064=\box8208
\l@dRcolrawbox1064=\box8209
\l@dLcolrawbox1063=\box8210
\l@dRcolrawbox1063=\box8211
\l@dLcolrawbox1062=\box8212
\l@dRcolrawbox1062=\box8213
\l@dLcolrawbox1061=\box8214
\l@dRcolrawbox1061=\box8215
\l@dLcolrawbox1060=\box8216
\l@dRcolrawbox1060=\box8217
\l@dLcolrawbox1059=\box8218
\l@dRcolrawbox1059=\box8219
\l@dLcolrawbox1058=\box8220
\l@dRcolrawbox1058=\box8221
\l@dLcolrawbox1057=\box8222
\l@dRcolrawbox1057=\box8223
\l@dLcolrawbox1056=\box8224
\l@dRcolrawbox1056=\box8225
\l@dLcolrawbox1055=\box8226
\l@dRcolrawbox1055=\box8227
\l@dLcolrawbox1054=\box8228
\l@dRcolrawbox1054=\box8229
\l@dLcolrawbox1053=\box8230
\l@dRcolrawbox1053=\box8231
\l@dLcolrawbox1052=\box8232
\l@dRcolrawbox1052=\box8233
\l@dLcolrawbox1051=\box8234
\l@dRcolrawbox1051=\box8235
\l@dLcolrawbox1050=\box8236
\l@dRcolrawbox1050=\box8237
\l@dLcolrawbox1049=\box8238
\l@dRcolrawbox1049=\box8239
\l@dLcolrawbox1048=\box8240
\l@dRcolrawbox1048=\box8241
\l@dLcolrawbox1047=\box8242
\l@dRcolrawbox1047=\box8243
\l@dLcolrawbox1046=\box8244
\l@dRcolrawbox1046=\box8245
\l@dLcolrawbox1045=\box8246
\l@dRcolrawbox1045=\box8247
\l@dLcolrawbox1044=\box8248
\l@dRcolrawbox1044=\box8249
\l@dLcolrawbox1043=\box8250
\l@dRcolrawbox1043=\box8251
\l@dLcolrawbox1042=\box8252
\l@dRcolrawbox1042=\box8253
\l@dLcolrawbox1041=\box8254
\l@dRcolrawbox1041=\box8255
\l@dLcolrawbox1040=\box8256
\l@dRcolrawbox1040=\box8257
\l@dLcolrawbox1039=\box8258
\l@dRcolrawbox1039=\box8259
\l@dLcolrawbox1038=\box8260
\l@dRcolrawbox1038=\box8261
\l@dLcolrawbox1037=\box8262
\l@dRcolrawbox1037=\box8263
\l@dLcolrawbox1036=\box8264
\l@dRcolrawbox1036=\box8265
\l@dLcolrawbox1035=\box8266
\l@dRcolrawbox1035=\box8267
\l@dLcolrawbox1034=\box8268
\l@dRcolrawbox1034=\box8269
\l@dLcolrawbox1033=\box8270
\l@dRcolrawbox1033=\box8271
\l@dLcolrawbox1032=\box8272
\l@dRcolrawbox1032=\box8273
\l@dLcolrawbox1031=\box8274
\l@dRcolrawbox1031=\box8275
\l@dLcolrawbox1030=\box8276
\l@dRcolrawbox1030=\box8277
\l@dLcolrawbox1029=\box8278
\l@dRcolrawbox1029=\box8279
\l@dLcolrawbox1028=\box8280
\l@dRcolrawbox1028=\box8281
\l@dLcolrawbox1027=\box8282
\l@dRcolrawbox1027=\box8283
\l@dLcolrawbox1026=\box8284
\l@dRcolrawbox1026=\box8285
\l@dLcolrawbox1025=\box8286
\l@dRcolrawbox1025=\box8287
\l@dLcolrawbox1024=\box8288
\l@dRcolrawbox1024=\box8289
\l@dLcolrawbox1023=\box8290
\l@dRcolrawbox1023=\box8291
\l@dLcolrawbox1022=\box8292
\l@dRcolrawbox1022=\box8293
\l@dLcolrawbox1021=\box8294
\l@dRcolrawbox1021=\box8295
\l@dLcolrawbox1020=\box8296
\l@dRcolrawbox1020=\box8297
\l@dLcolrawbox1019=\box8298
\l@dRcolrawbox1019=\box8299
\l@dLcolrawbox1018=\box8300
\l@dRcolrawbox1018=\box8301
\l@dLcolrawbox1017=\box8302
\l@dRcolrawbox1017=\box8303
\l@dLcolrawbox1016=\box8304
\l@dRcolrawbox1016=\box8305
\l@dLcolrawbox1015=\box8306
\l@dRcolrawbox1015=\box8307
\l@dLcolrawbox1014=\box8308
\l@dRcolrawbox1014=\box8309
\l@dLcolrawbox1013=\box8310
\l@dRcolrawbox1013=\box8311
\l@dLcolrawbox1012=\box8312
\l@dRcolrawbox1012=\box8313
\l@dLcolrawbox1011=\box8314
\l@dRcolrawbox1011=\box8315
\l@dLcolrawbox1010=\box8316
\l@dRcolrawbox1010=\box8317
\l@dLcolrawbox1009=\box8318
\l@dRcolrawbox1009=\box8319
\l@dLcolrawbox1008=\box8320
\l@dRcolrawbox1008=\box8321
\l@dLcolrawbox1007=\box8322
\l@dRcolrawbox1007=\box8323
\l@dLcolrawbox1006=\box8324
\l@dRcolrawbox1006=\box8325
\l@dLcolrawbox1005=\box8326
\l@dRcolrawbox1005=\box8327
\l@dLcolrawbox1004=\box8328
\l@dRcolrawbox1004=\box8329
\l@dLcolrawbox1003=\box8330
\l@dRcolrawbox1003=\box8331
\l@dLcolrawbox1002=\box8332
\l@dRcolrawbox1002=\box8333
\l@dLcolrawbox1001=\box8334
\l@dRcolrawbox1001=\box8335
\l@dLcolrawbox1000=\box8336
\l@dRcolrawbox1000=\box8337
\l@dLcolrawbox999=\box8338
\l@dRcolrawbox999=\box8339
\l@dLcolrawbox998=\box8340
\l@dRcolrawbox998=\box8341
\l@dLcolrawbox997=\box8342
\l@dRcolrawbox997=\box8343
\l@dLcolrawbox996=\box8344
\l@dRcolrawbox996=\box8345
\l@dLcolrawbox995=\box8346
\l@dRcolrawbox995=\box8347
\l@dLcolrawbox994=\box8348
\l@dRcolrawbox994=\box8349
\l@dLcolrawbox993=\box8350
\l@dRcolrawbox993=\box8351
\l@dLcolrawbox992=\box8352
\l@dRcolrawbox992=\box8353
\l@dLcolrawbox991=\box8354
\l@dRcolrawbox991=\box8355
\l@dLcolrawbox990=\box8356
\l@dRcolrawbox990=\box8357
\l@dLcolrawbox989=\box8358
\l@dRcolrawbox989=\box8359
\l@dLcolrawbox988=\box8360
\l@dRcolrawbox988=\box8361
\l@dLcolrawbox987=\box8362
\l@dRcolrawbox987=\box8363
\l@dLcolrawbox986=\box8364
\l@dRcolrawbox986=\box8365
\l@dLcolrawbox985=\box8366
\l@dRcolrawbox985=\box8367
\l@dLcolrawbox984=\box8368
\l@dRcolrawbox984=\box8369
\l@dLcolrawbox983=\box8370
\l@dRcolrawbox983=\box8371
\l@dLcolrawbox982=\box8372
\l@dRcolrawbox982=\box8373
\l@dLcolrawbox981=\box8374
\l@dRcolrawbox981=\box8375
\l@dLcolrawbox980=\box8376
\l@dRcolrawbox980=\box8377
\l@dLcolrawbox979=\box8378
\l@dRcolrawbox979=\box8379
\l@dLcolrawbox978=\box8380
\l@dRcolrawbox978=\box8381
\l@dLcolrawbox977=\box8382
\l@dRcolrawbox977=\box8383
\l@dLcolrawbox976=\box8384
\l@dRcolrawbox976=\box8385
\l@dLcolrawbox975=\box8386
\l@dRcolrawbox975=\box8387
\l@dLcolrawbox974=\box8388
\l@dRcolrawbox974=\box8389
\l@dLcolrawbox973=\box8390
\l@dRcolrawbox973=\box8391
\l@dLcolrawbox972=\box8392
\l@dRcolrawbox972=\box8393
\l@dLcolrawbox971=\box8394
\l@dRcolrawbox971=\box8395
\l@dLcolrawbox970=\box8396
\l@dRcolrawbox970=\box8397
\l@dLcolrawbox969=\box8398
\l@dRcolrawbox969=\box8399
\l@dLcolrawbox968=\box8400
\l@dRcolrawbox968=\box8401
\l@dLcolrawbox967=\box8402
\l@dRcolrawbox967=\box8403
\l@dLcolrawbox966=\box8404
\l@dRcolrawbox966=\box8405
\l@dLcolrawbox965=\box8406
\l@dRcolrawbox965=\box8407
\l@dLcolrawbox964=\box8408
\l@dRcolrawbox964=\box8409
\l@dLcolrawbox963=\box8410
\l@dRcolrawbox963=\box8411
\l@dLcolrawbox962=\box8412
\l@dRcolrawbox962=\box8413
\l@dLcolrawbox961=\box8414
\l@dRcolrawbox961=\box8415
\l@dLcolrawbox960=\box8416
\l@dRcolrawbox960=\box8417
\l@dLcolrawbox959=\box8418
\l@dRcolrawbox959=\box8419
\l@dLcolrawbox958=\box8420
\l@dRcolrawbox958=\box8421
\l@dLcolrawbox957=\box8422
\l@dRcolrawbox957=\box8423
\l@dLcolrawbox956=\box8424
\l@dRcolrawbox956=\box8425
\l@dLcolrawbox955=\box8426
\l@dRcolrawbox955=\box8427
\l@dLcolrawbox954=\box8428
\l@dRcolrawbox954=\box8429
\l@dLcolrawbox953=\box8430
\l@dRcolrawbox953=\box8431
\l@dLcolrawbox952=\box8432
\l@dRcolrawbox952=\box8433
\l@dLcolrawbox951=\box8434
\l@dRcolrawbox951=\box8435
\l@dLcolrawbox950=\box8436
\l@dRcolrawbox950=\box8437
\l@dLcolrawbox949=\box8438
\l@dRcolrawbox949=\box8439
\l@dLcolrawbox948=\box8440
\l@dRcolrawbox948=\box8441
\l@dLcolrawbox947=\box8442
\l@dRcolrawbox947=\box8443
\l@dLcolrawbox946=\box8444
\l@dRcolrawbox946=\box8445
\l@dLcolrawbox945=\box8446
\l@dRcolrawbox945=\box8447
\l@dLcolrawbox944=\box8448
\l@dRcolrawbox944=\box8449
\l@dLcolrawbox943=\box8450
\l@dRcolrawbox943=\box8451
\l@dLcolrawbox942=\box8452
\l@dRcolrawbox942=\box8453
\l@dLcolrawbox941=\box8454
\l@dRcolrawbox941=\box8455
\l@dLcolrawbox940=\box8456
\l@dRcolrawbox940=\box8457
\l@dLcolrawbox939=\box8458
\l@dRcolrawbox939=\box8459
\l@dLcolrawbox938=\box8460
\l@dRcolrawbox938=\box8461
\l@dLcolrawbox937=\box8462
\l@dRcolrawbox937=\box8463
\l@dLcolrawbox936=\box8464
\l@dRcolrawbox936=\box8465
\l@dLcolrawbox935=\box8466
\l@dRcolrawbox935=\box8467
\l@dLcolrawbox934=\box8468
\l@dRcolrawbox934=\box8469
\l@dLcolrawbox933=\box8470
\l@dRcolrawbox933=\box8471
\l@dLcolrawbox932=\box8472
\l@dRcolrawbox932=\box8473
\l@dLcolrawbox931=\box8474
\l@dRcolrawbox931=\box8475
\l@dLcolrawbox930=\box8476
\l@dRcolrawbox930=\box8477
\l@dLcolrawbox929=\box8478
\l@dRcolrawbox929=\box8479
\l@dLcolrawbox928=\box8480
\l@dRcolrawbox928=\box8481
\l@dLcolrawbox927=\box8482
\l@dRcolrawbox927=\box8483
\l@dLcolrawbox926=\box8484
\l@dRcolrawbox926=\box8485
\l@dLcolrawbox925=\box8486
\l@dRcolrawbox925=\box8487
\l@dLcolrawbox924=\box8488
\l@dRcolrawbox924=\box8489
\l@dLcolrawbox923=\box8490
\l@dRcolrawbox923=\box8491
\l@dLcolrawbox922=\box8492
\l@dRcolrawbox922=\box8493
\l@dLcolrawbox921=\box8494
\l@dRcolrawbox921=\box8495
\l@dLcolrawbox920=\box8496
\l@dRcolrawbox920=\box8497
\l@dLcolrawbox919=\box8498
\l@dRcolrawbox919=\box8499
\l@dLcolrawbox918=\box8500
\l@dRcolrawbox918=\box8501
\l@dLcolrawbox917=\box8502
\l@dRcolrawbox917=\box8503
\l@dLcolrawbox916=\box8504
\l@dRcolrawbox916=\box8505
\l@dLcolrawbox915=\box8506
\l@dRcolrawbox915=\box8507
\l@dLcolrawbox914=\box8508
\l@dRcolrawbox914=\box8509
\l@dLcolrawbox913=\box8510
\l@dRcolrawbox913=\box8511
\l@dLcolrawbox912=\box8512
\l@dRcolrawbox912=\box8513
\l@dLcolrawbox911=\box8514
\l@dRcolrawbox911=\box8515
\l@dLcolrawbox910=\box8516
\l@dRcolrawbox910=\box8517
\l@dLcolrawbox909=\box8518
\l@dRcolrawbox909=\box8519
\l@dLcolrawbox908=\box8520
\l@dRcolrawbox908=\box8521
\l@dLcolrawbox907=\box8522
\l@dRcolrawbox907=\box8523
\l@dLcolrawbox906=\box8524
\l@dRcolrawbox906=\box8525
\l@dLcolrawbox905=\box8526
\l@dRcolrawbox905=\box8527
\l@dLcolrawbox904=\box8528
\l@dRcolrawbox904=\box8529
\l@dLcolrawbox903=\box8530
\l@dRcolrawbox903=\box8531
\l@dLcolrawbox902=\box8532
\l@dRcolrawbox902=\box8533
\l@dLcolrawbox901=\box8534
\l@dRcolrawbox901=\box8535
\l@dLcolrawbox900=\box8536
\l@dRcolrawbox900=\box8537
\l@dLcolrawbox899=\box8538
\l@dRcolrawbox899=\box8539
\l@dLcolrawbox898=\box8540
\l@dRcolrawbox898=\box8541
\l@dLcolrawbox897=\box8542
\l@dRcolrawbox897=\box8543
\l@dLcolrawbox896=\box8544
\l@dRcolrawbox896=\box8545
\l@dLcolrawbox895=\box8546
\l@dRcolrawbox895=\box8547
\l@dLcolrawbox894=\box8548
\l@dRcolrawbox894=\box8549
\l@dLcolrawbox893=\box8550
\l@dRcolrawbox893=\box8551
\l@dLcolrawbox892=\box8552
\l@dRcolrawbox892=\box8553
\l@dLcolrawbox891=\box8554
\l@dRcolrawbox891=\box8555
\l@dLcolrawbox890=\box8556
\l@dRcolrawbox890=\box8557
\l@dLcolrawbox889=\box8558
\l@dRcolrawbox889=\box8559
\l@dLcolrawbox888=\box8560
\l@dRcolrawbox888=\box8561
\l@dLcolrawbox887=\box8562
\l@dRcolrawbox887=\box8563
\l@dLcolrawbox886=\box8564
\l@dRcolrawbox886=\box8565
\l@dLcolrawbox885=\box8566
\l@dRcolrawbox885=\box8567
\l@dLcolrawbox884=\box8568
\l@dRcolrawbox884=\box8569
\l@dLcolrawbox883=\box8570
\l@dRcolrawbox883=\box8571
\l@dLcolrawbox882=\box8572
\l@dRcolrawbox882=\box8573
\l@dLcolrawbox881=\box8574
\l@dRcolrawbox881=\box8575
\l@dLcolrawbox880=\box8576
\l@dRcolrawbox880=\box8577
\l@dLcolrawbox879=\box8578
\l@dRcolrawbox879=\box8579
\l@dLcolrawbox878=\box8580
\l@dRcolrawbox878=\box8581
\l@dLcolrawbox877=\box8582
\l@dRcolrawbox877=\box8583
\l@dLcolrawbox876=\box8584
\l@dRcolrawbox876=\box8585
\l@dLcolrawbox875=\box8586
\l@dRcolrawbox875=\box8587
\l@dLcolrawbox874=\box8588
\l@dRcolrawbox874=\box8589
\l@dLcolrawbox873=\box8590
\l@dRcolrawbox873=\box8591
\l@dLcolrawbox872=\box8592
\l@dRcolrawbox872=\box8593
\l@dLcolrawbox871=\box8594
\l@dRcolrawbox871=\box8595
\l@dLcolrawbox870=\box8596
\l@dRcolrawbox870=\box8597
\l@dLcolrawbox869=\box8598
\l@dRcolrawbox869=\box8599
\l@dLcolrawbox868=\box8600
\l@dRcolrawbox868=\box8601
\l@dLcolrawbox867=\box8602
\l@dRcolrawbox867=\box8603
\l@dLcolrawbox866=\box8604
\l@dRcolrawbox866=\box8605
\l@dLcolrawbox865=\box8606
\l@dRcolrawbox865=\box8607
\l@dLcolrawbox864=\box8608
\l@dRcolrawbox864=\box8609
\l@dLcolrawbox863=\box8610
\l@dRcolrawbox863=\box8611
\l@dLcolrawbox862=\box8612
\l@dRcolrawbox862=\box8613
\l@dLcolrawbox861=\box8614
\l@dRcolrawbox861=\box8615
\l@dLcolrawbox860=\box8616
\l@dRcolrawbox860=\box8617
\l@dLcolrawbox859=\box8618
\l@dRcolrawbox859=\box8619
\l@dLcolrawbox858=\box8620
\l@dRcolrawbox858=\box8621
\l@dLcolrawbox857=\box8622
\l@dRcolrawbox857=\box8623
\l@dLcolrawbox856=\box8624
\l@dRcolrawbox856=\box8625
\l@dLcolrawbox855=\box8626
\l@dRcolrawbox855=\box8627
\l@dLcolrawbox854=\box8628
\l@dRcolrawbox854=\box8629
\l@dLcolrawbox853=\box8630
\l@dRcolrawbox853=\box8631
\l@dLcolrawbox852=\box8632
\l@dRcolrawbox852=\box8633
\l@dLcolrawbox851=\box8634
\l@dRcolrawbox851=\box8635
\l@dLcolrawbox850=\box8636
\l@dRcolrawbox850=\box8637
\l@dLcolrawbox849=\box8638
\l@dRcolrawbox849=\box8639
\l@dLcolrawbox848=\box8640
\l@dRcolrawbox848=\box8641
\l@dLcolrawbox847=\box8642
\l@dRcolrawbox847=\box8643
\l@dLcolrawbox846=\box8644
\l@dRcolrawbox846=\box8645
\l@dLcolrawbox845=\box8646
\l@dRcolrawbox845=\box8647
\l@dLcolrawbox844=\box8648
\l@dRcolrawbox844=\box8649
\l@dLcolrawbox843=\box8650
\l@dRcolrawbox843=\box8651
\l@dLcolrawbox842=\box8652
\l@dRcolrawbox842=\box8653
\l@dLcolrawbox841=\box8654
\l@dRcolrawbox841=\box8655
\l@dLcolrawbox840=\box8656
\l@dRcolrawbox840=\box8657
\l@dLcolrawbox839=\box8658
\l@dRcolrawbox839=\box8659
\l@dLcolrawbox838=\box8660
\l@dRcolrawbox838=\box8661
\l@dLcolrawbox837=\box8662
\l@dRcolrawbox837=\box8663
\l@dLcolrawbox836=\box8664
\l@dRcolrawbox836=\box8665
\l@dLcolrawbox835=\box8666
\l@dRcolrawbox835=\box8667
\l@dLcolrawbox834=\box8668
\l@dRcolrawbox834=\box8669
\l@dLcolrawbox833=\box8670
\l@dRcolrawbox833=\box8671
\l@dLcolrawbox832=\box8672
\l@dRcolrawbox832=\box8673
\l@dLcolrawbox831=\box8674
\l@dRcolrawbox831=\box8675
\l@dLcolrawbox830=\box8676
\l@dRcolrawbox830=\box8677
\l@dLcolrawbox829=\box8678
\l@dRcolrawbox829=\box8679
\l@dLcolrawbox828=\box8680
\l@dRcolrawbox828=\box8681
\l@dLcolrawbox827=\box8682
\l@dRcolrawbox827=\box8683
\l@dLcolrawbox826=\box8684
\l@dRcolrawbox826=\box8685
\l@dLcolrawbox825=\box8686
\l@dRcolrawbox825=\box8687
\l@dLcolrawbox824=\box8688
\l@dRcolrawbox824=\box8689
\l@dLcolrawbox823=\box8690
\l@dRcolrawbox823=\box8691
\l@dLcolrawbox822=\box8692
\l@dRcolrawbox822=\box8693
\l@dLcolrawbox821=\box8694
\l@dRcolrawbox821=\box8695
\l@dLcolrawbox820=\box8696
\l@dRcolrawbox820=\box8697
\l@dLcolrawbox819=\box8698
\l@dRcolrawbox819=\box8699
\l@dLcolrawbox818=\box8700
\l@dRcolrawbox818=\box8701
\l@dLcolrawbox817=\box8702
\l@dRcolrawbox817=\box8703
\l@dLcolrawbox816=\box8704
\l@dRcolrawbox816=\box8705
\l@dLcolrawbox815=\box8706
\l@dRcolrawbox815=\box8707
\l@dLcolrawbox814=\box8708
\l@dRcolrawbox814=\box8709
\l@dLcolrawbox813=\box8710
\l@dRcolrawbox813=\box8711
\l@dLcolrawbox812=\box8712
\l@dRcolrawbox812=\box8713
\l@dLcolrawbox811=\box8714
\l@dRcolrawbox811=\box8715
\l@dLcolrawbox810=\box8716
\l@dRcolrawbox810=\box8717
\l@dLcolrawbox809=\box8718
\l@dRcolrawbox809=\box8719
\l@dLcolrawbox808=\box8720
\l@dRcolrawbox808=\box8721
\l@dLcolrawbox807=\box8722
\l@dRcolrawbox807=\box8723
\l@dLcolrawbox806=\box8724
\l@dRcolrawbox806=\box8725
\l@dLcolrawbox805=\box8726
\l@dRcolrawbox805=\box8727
\l@dLcolrawbox804=\box8728
\l@dRcolrawbox804=\box8729
\l@dLcolrawbox803=\box8730
\l@dRcolrawbox803=\box8731
\l@dLcolrawbox802=\box8732
\l@dRcolrawbox802=\box8733
\l@dLcolrawbox801=\box8734
\l@dRcolrawbox801=\box8735
\l@dLcolrawbox800=\box8736
\l@dRcolrawbox800=\box8737
\l@dLcolrawbox799=\box8738
\l@dRcolrawbox799=\box8739
\l@dLcolrawbox798=\box8740
\l@dRcolrawbox798=\box8741
\l@dLcolrawbox797=\box8742
\l@dRcolrawbox797=\box8743
\l@dLcolrawbox796=\box8744
\l@dRcolrawbox796=\box8745
\l@dLcolrawbox795=\box8746
\l@dRcolrawbox795=\box8747
\l@dLcolrawbox794=\box8748
\l@dRcolrawbox794=\box8749
\l@dLcolrawbox793=\box8750
\l@dRcolrawbox793=\box8751
\l@dLcolrawbox792=\box8752
\l@dRcolrawbox792=\box8753
\l@dLcolrawbox791=\box8754
\l@dRcolrawbox791=\box8755
\l@dLcolrawbox790=\box8756
\l@dRcolrawbox790=\box8757
\l@dLcolrawbox789=\box8758
\l@dRcolrawbox789=\box8759
\l@dLcolrawbox788=\box8760
\l@dRcolrawbox788=\box8761
\l@dLcolrawbox787=\box8762
\l@dRcolrawbox787=\box8763
\l@dLcolrawbox786=\box8764
\l@dRcolrawbox786=\box8765
\l@dLcolrawbox785=\box8766
\l@dRcolrawbox785=\box8767
\l@dLcolrawbox784=\box8768
\l@dRcolrawbox784=\box8769
\l@dLcolrawbox783=\box8770
\l@dRcolrawbox783=\box8771
\l@dLcolrawbox782=\box8772
\l@dRcolrawbox782=\box8773
\l@dLcolrawbox781=\box8774
\l@dRcolrawbox781=\box8775
\l@dLcolrawbox780=\box8776
\l@dRcolrawbox780=\box8777
\l@dLcolrawbox779=\box8778
\l@dRcolrawbox779=\box8779
\l@dLcolrawbox778=\box8780
\l@dRcolrawbox778=\box8781
\l@dLcolrawbox777=\box8782
\l@dRcolrawbox777=\box8783
\l@dLcolrawbox776=\box8784
\l@dRcolrawbox776=\box8785
\l@dLcolrawbox775=\box8786
\l@dRcolrawbox775=\box8787
\l@dLcolrawbox774=\box8788
\l@dRcolrawbox774=\box8789
\l@dLcolrawbox773=\box8790
\l@dRcolrawbox773=\box8791
\l@dLcolrawbox772=\box8792
\l@dRcolrawbox772=\box8793
\l@dLcolrawbox771=\box8794
\l@dRcolrawbox771=\box8795
\l@dLcolrawbox770=\box8796
\l@dRcolrawbox770=\box8797
\l@dLcolrawbox769=\box8798
\l@dRcolrawbox769=\box8799
\l@dLcolrawbox768=\box8800
\l@dRcolrawbox768=\box8801
\l@dLcolrawbox767=\box8802
\l@dRcolrawbox767=\box8803
\l@dLcolrawbox766=\box8804
\l@dRcolrawbox766=\box8805
\l@dLcolrawbox765=\box8806
\l@dRcolrawbox765=\box8807
\l@dLcolrawbox764=\box8808
\l@dRcolrawbox764=\box8809
\l@dLcolrawbox763=\box8810
\l@dRcolrawbox763=\box8811
\l@dLcolrawbox762=\box8812
\l@dRcolrawbox762=\box8813
\l@dLcolrawbox761=\box8814
\l@dRcolrawbox761=\box8815
\l@dLcolrawbox760=\box8816
\l@dRcolrawbox760=\box8817
\l@dLcolrawbox759=\box8818
\l@dRcolrawbox759=\box8819
\l@dLcolrawbox758=\box8820
\l@dRcolrawbox758=\box8821
\l@dLcolrawbox757=\box8822
\l@dRcolrawbox757=\box8823
\l@dLcolrawbox756=\box8824
\l@dRcolrawbox756=\box8825
\l@dLcolrawbox755=\box8826
\l@dRcolrawbox755=\box8827
\l@dLcolrawbox754=\box8828
\l@dRcolrawbox754=\box8829
\l@dLcolrawbox753=\box8830
\l@dRcolrawbox753=\box8831
\l@dLcolrawbox752=\box8832
\l@dRcolrawbox752=\box8833
\l@dLcolrawbox751=\box8834
\l@dRcolrawbox751=\box8835
\l@dLcolrawbox750=\box8836
\l@dRcolrawbox750=\box8837
\l@dLcolrawbox749=\box8838
\l@dRcolrawbox749=\box8839
\l@dLcolrawbox748=\box8840
\l@dRcolrawbox748=\box8841
\l@dLcolrawbox747=\box8842
\l@dRcolrawbox747=\box8843
\l@dLcolrawbox746=\box8844
\l@dRcolrawbox746=\box8845
\l@dLcolrawbox745=\box8846
\l@dRcolrawbox745=\box8847
\l@dLcolrawbox744=\box8848
\l@dRcolrawbox744=\box8849
\l@dLcolrawbox743=\box8850
\l@dRcolrawbox743=\box8851
\l@dLcolrawbox742=\box8852
\l@dRcolrawbox742=\box8853
\l@dLcolrawbox741=\box8854
\l@dRcolrawbox741=\box8855
\l@dLcolrawbox740=\box8856
\l@dRcolrawbox740=\box8857
\l@dLcolrawbox739=\box8858
\l@dRcolrawbox739=\box8859
\l@dLcolrawbox738=\box8860
\l@dRcolrawbox738=\box8861
\l@dLcolrawbox737=\box8862
\l@dRcolrawbox737=\box8863
\l@dLcolrawbox736=\box8864
\l@dRcolrawbox736=\box8865
\l@dLcolrawbox735=\box8866
\l@dRcolrawbox735=\box8867
\l@dLcolrawbox734=\box8868
\l@dRcolrawbox734=\box8869
\l@dLcolrawbox733=\box8870
\l@dRcolrawbox733=\box8871
\l@dLcolrawbox732=\box8872
\l@dRcolrawbox732=\box8873
\l@dLcolrawbox731=\box8874
\l@dRcolrawbox731=\box8875
\l@dLcolrawbox730=\box8876
\l@dRcolrawbox730=\box8877
\l@dLcolrawbox729=\box8878
\l@dRcolrawbox729=\box8879
\l@dLcolrawbox728=\box8880
\l@dRcolrawbox728=\box8881
\l@dLcolrawbox727=\box8882
\l@dRcolrawbox727=\box8883
\l@dLcolrawbox726=\box8884
\l@dRcolrawbox726=\box8885
\l@dLcolrawbox725=\box8886
\l@dRcolrawbox725=\box8887
\l@dLcolrawbox724=\box8888
\l@dRcolrawbox724=\box8889
\l@dLcolrawbox723=\box8890
\l@dRcolrawbox723=\box8891
\l@dLcolrawbox722=\box8892
\l@dRcolrawbox722=\box8893
\l@dLcolrawbox721=\box8894
\l@dRcolrawbox721=\box8895
\l@dLcolrawbox720=\box8896
\l@dRcolrawbox720=\box8897
\l@dLcolrawbox719=\box8898
\l@dRcolrawbox719=\box8899
\l@dLcolrawbox718=\box8900
\l@dRcolrawbox718=\box8901
\l@dLcolrawbox717=\box8902
\l@dRcolrawbox717=\box8903
\l@dLcolrawbox716=\box8904
\l@dRcolrawbox716=\box8905
\l@dLcolrawbox715=\box8906
\l@dRcolrawbox715=\box8907
\l@dLcolrawbox714=\box8908
\l@dRcolrawbox714=\box8909
\l@dLcolrawbox713=\box8910
\l@dRcolrawbox713=\box8911
\l@dLcolrawbox712=\box8912
\l@dRcolrawbox712=\box8913
\l@dLcolrawbox711=\box8914
\l@dRcolrawbox711=\box8915
\l@dLcolrawbox710=\box8916
\l@dRcolrawbox710=\box8917
\l@dLcolrawbox709=\box8918
\l@dRcolrawbox709=\box8919
\l@dLcolrawbox708=\box8920
\l@dRcolrawbox708=\box8921
\l@dLcolrawbox707=\box8922
\l@dRcolrawbox707=\box8923
\l@dLcolrawbox706=\box8924
\l@dRcolrawbox706=\box8925
\l@dLcolrawbox705=\box8926
\l@dRcolrawbox705=\box8927
\l@dLcolrawbox704=\box8928
\l@dRcolrawbox704=\box8929
\l@dLcolrawbox703=\box8930
\l@dRcolrawbox703=\box8931
\l@dLcolrawbox702=\box8932
\l@dRcolrawbox702=\box8933
\l@dLcolrawbox701=\box8934
\l@dRcolrawbox701=\box8935
\l@dLcolrawbox700=\box8936
\l@dRcolrawbox700=\box8937
\l@dLcolrawbox699=\box8938
\l@dRcolrawbox699=\box8939
\l@dLcolrawbox698=\box8940
\l@dRcolrawbox698=\box8941
\l@dLcolrawbox697=\box8942
\l@dRcolrawbox697=\box8943
\l@dLcolrawbox696=\box8944
\l@dRcolrawbox696=\box8945
\l@dLcolrawbox695=\box8946
\l@dRcolrawbox695=\box8947
\l@dLcolrawbox694=\box8948
\l@dRcolrawbox694=\box8949
\l@dLcolrawbox693=\box8950
\l@dRcolrawbox693=\box8951
\l@dLcolrawbox692=\box8952
\l@dRcolrawbox692=\box8953
\l@dLcolrawbox691=\box8954
\l@dRcolrawbox691=\box8955
\l@dLcolrawbox690=\box8956
\l@dRcolrawbox690=\box8957
\l@dLcolrawbox689=\box8958
\l@dRcolrawbox689=\box8959
\l@dLcolrawbox688=\box8960
\l@dRcolrawbox688=\box8961
\l@dLcolrawbox687=\box8962
\l@dRcolrawbox687=\box8963
\l@dLcolrawbox686=\box8964
\l@dRcolrawbox686=\box8965
\l@dLcolrawbox685=\box8966
\l@dRcolrawbox685=\box8967
\l@dLcolrawbox684=\box8968
\l@dRcolrawbox684=\box8969
\l@dLcolrawbox683=\box8970
\l@dRcolrawbox683=\box8971
\l@dLcolrawbox682=\box8972
\l@dRcolrawbox682=\box8973
\l@dLcolrawbox681=\box8974
\l@dRcolrawbox681=\box8975
\l@dLcolrawbox680=\box8976
\l@dRcolrawbox680=\box8977
\l@dLcolrawbox679=\box8978
\l@dRcolrawbox679=\box8979
\l@dLcolrawbox678=\box8980
\l@dRcolrawbox678=\box8981
\l@dLcolrawbox677=\box8982
\l@dRcolrawbox677=\box8983
\l@dLcolrawbox676=\box8984
\l@dRcolrawbox676=\box8985
\l@dLcolrawbox675=\box8986
\l@dRcolrawbox675=\box8987
\l@dLcolrawbox674=\box8988
\l@dRcolrawbox674=\box8989
\l@dLcolrawbox673=\box8990
\l@dRcolrawbox673=\box8991
\l@dLcolrawbox672=\box8992
\l@dRcolrawbox672=\box8993
\l@dLcolrawbox671=\box8994
\l@dRcolrawbox671=\box8995
\l@dLcolrawbox670=\box8996
\l@dRcolrawbox670=\box8997
\l@dLcolrawbox669=\box8998
\l@dRcolrawbox669=\box8999
\l@dLcolrawbox668=\box9000
\l@dRcolrawbox668=\box9001
\l@dLcolrawbox667=\box9002
\l@dRcolrawbox667=\box9003
\l@dLcolrawbox666=\box9004
\l@dRcolrawbox666=\box9005
\l@dLcolrawbox665=\box9006
\l@dRcolrawbox665=\box9007
\l@dLcolrawbox664=\box9008
\l@dRcolrawbox664=\box9009
\l@dLcolrawbox663=\box9010
\l@dRcolrawbox663=\box9011
\l@dLcolrawbox662=\box9012
\l@dRcolrawbox662=\box9013
\l@dLcolrawbox661=\box9014
\l@dRcolrawbox661=\box9015
\l@dLcolrawbox660=\box9016
\l@dRcolrawbox660=\box9017
\l@dLcolrawbox659=\box9018
\l@dRcolrawbox659=\box9019
\l@dLcolrawbox658=\box9020
\l@dRcolrawbox658=\box9021
\l@dLcolrawbox657=\box9022
\l@dRcolrawbox657=\box9023
\l@dLcolrawbox656=\box9024
\l@dRcolrawbox656=\box9025
\l@dLcolrawbox655=\box9026
\l@dRcolrawbox655=\box9027
\l@dLcolrawbox654=\box9028
\l@dRcolrawbox654=\box9029
\l@dLcolrawbox653=\box9030
\l@dRcolrawbox653=\box9031
\l@dLcolrawbox652=\box9032
\l@dRcolrawbox652=\box9033
\l@dLcolrawbox651=\box9034
\l@dRcolrawbox651=\box9035
\l@dLcolrawbox650=\box9036
\l@dRcolrawbox650=\box9037
\l@dLcolrawbox649=\box9038
\l@dRcolrawbox649=\box9039
\l@dLcolrawbox648=\box9040
\l@dRcolrawbox648=\box9041
\l@dLcolrawbox647=\box9042
\l@dRcolrawbox647=\box9043
\l@dLcolrawbox646=\box9044
\l@dRcolrawbox646=\box9045
\l@dLcolrawbox645=\box9046
\l@dRcolrawbox645=\box9047
\l@dLcolrawbox644=\box9048
\l@dRcolrawbox644=\box9049
\l@dLcolrawbox643=\box9050
\l@dRcolrawbox643=\box9051
\l@dLcolrawbox642=\box9052
\l@dRcolrawbox642=\box9053
\l@dLcolrawbox641=\box9054
\l@dRcolrawbox641=\box9055
\l@dLcolrawbox640=\box9056
\l@dRcolrawbox640=\box9057
\l@dLcolrawbox639=\box9058
\l@dRcolrawbox639=\box9059
\l@dLcolrawbox638=\box9060
\l@dRcolrawbox638=\box9061
\l@dLcolrawbox637=\box9062
\l@dRcolrawbox637=\box9063
\l@dLcolrawbox636=\box9064
\l@dRcolrawbox636=\box9065
\l@dLcolrawbox635=\box9066
\l@dRcolrawbox635=\box9067
\l@dLcolrawbox634=\box9068
\l@dRcolrawbox634=\box9069
\l@dLcolrawbox633=\box9070
\l@dRcolrawbox633=\box9071
\l@dLcolrawbox632=\box9072
\l@dRcolrawbox632=\box9073
\l@dLcolrawbox631=\box9074
\l@dRcolrawbox631=\box9075
\l@dLcolrawbox630=\box9076
\l@dRcolrawbox630=\box9077
\l@dLcolrawbox629=\box9078
\l@dRcolrawbox629=\box9079
\l@dLcolrawbox628=\box9080
\l@dRcolrawbox628=\box9081
\l@dLcolrawbox627=\box9082
\l@dRcolrawbox627=\box9083
\l@dLcolrawbox626=\box9084
\l@dRcolrawbox626=\box9085
\l@dLcolrawbox625=\box9086
\l@dRcolrawbox625=\box9087
\l@dLcolrawbox624=\box9088
\l@dRcolrawbox624=\box9089
\l@dLcolrawbox623=\box9090
\l@dRcolrawbox623=\box9091
\l@dLcolrawbox622=\box9092
\l@dRcolrawbox622=\box9093
\l@dLcolrawbox621=\box9094
\l@dRcolrawbox621=\box9095
\l@dLcolrawbox620=\box9096
\l@dRcolrawbox620=\box9097
\l@dLcolrawbox619=\box9098
\l@dRcolrawbox619=\box9099
\l@dLcolrawbox618=\box9100
\l@dRcolrawbox618=\box9101
\l@dLcolrawbox617=\box9102
\l@dRcolrawbox617=\box9103
\l@dLcolrawbox616=\box9104
\l@dRcolrawbox616=\box9105
\l@dLcolrawbox615=\box9106
\l@dRcolrawbox615=\box9107
\l@dLcolrawbox614=\box9108
\l@dRcolrawbox614=\box9109
\l@dLcolrawbox613=\box9110
\l@dRcolrawbox613=\box9111
\l@dLcolrawbox612=\box9112
\l@dRcolrawbox612=\box9113
\l@dLcolrawbox611=\box9114
\l@dRcolrawbox611=\box9115
\l@dLcolrawbox610=\box9116
\l@dRcolrawbox610=\box9117
\l@dLcolrawbox609=\box9118
\l@dRcolrawbox609=\box9119
\l@dLcolrawbox608=\box9120
\l@dRcolrawbox608=\box9121
\l@dLcolrawbox607=\box9122
\l@dRcolrawbox607=\box9123
\l@dLcolrawbox606=\box9124
\l@dRcolrawbox606=\box9125
\l@dLcolrawbox605=\box9126
\l@dRcolrawbox605=\box9127
\l@dLcolrawbox604=\box9128
\l@dRcolrawbox604=\box9129
\l@dLcolrawbox603=\box9130
\l@dRcolrawbox603=\box9131
\l@dLcolrawbox602=\box9132
\l@dRcolrawbox602=\box9133
\l@dLcolrawbox601=\box9134
\l@dRcolrawbox601=\box9135
\l@dLcolrawbox600=\box9136
\l@dRcolrawbox600=\box9137
\l@dLcolrawbox599=\box9138
\l@dRcolrawbox599=\box9139
\l@dLcolrawbox598=\box9140
\l@dRcolrawbox598=\box9141
\l@dLcolrawbox597=\box9142
\l@dRcolrawbox597=\box9143
\l@dLcolrawbox596=\box9144
\l@dRcolrawbox596=\box9145
\l@dLcolrawbox595=\box9146
\l@dRcolrawbox595=\box9147
\l@dLcolrawbox594=\box9148
\l@dRcolrawbox594=\box9149
\l@dLcolrawbox593=\box9150
\l@dRcolrawbox593=\box9151
\l@dLcolrawbox592=\box9152
\l@dRcolrawbox592=\box9153
\l@dLcolrawbox591=\box9154
\l@dRcolrawbox591=\box9155
\l@dLcolrawbox590=\box9156
\l@dRcolrawbox590=\box9157
\l@dLcolrawbox589=\box9158
\l@dRcolrawbox589=\box9159
\l@dLcolrawbox588=\box9160
\l@dRcolrawbox588=\box9161
\l@dLcolrawbox587=\box9162
\l@dRcolrawbox587=\box9163
\l@dLcolrawbox586=\box9164
\l@dRcolrawbox586=\box9165
\l@dLcolrawbox585=\box9166
\l@dRcolrawbox585=\box9167
\l@dLcolrawbox584=\box9168
\l@dRcolrawbox584=\box9169
\l@dLcolrawbox583=\box9170
\l@dRcolrawbox583=\box9171
\l@dLcolrawbox582=\box9172
\l@dRcolrawbox582=\box9173
\l@dLcolrawbox581=\box9174
\l@dRcolrawbox581=\box9175
\l@dLcolrawbox580=\box9176
\l@dRcolrawbox580=\box9177
\l@dLcolrawbox579=\box9178
\l@dRcolrawbox579=\box9179
\l@dLcolrawbox578=\box9180
\l@dRcolrawbox578=\box9181
\l@dLcolrawbox577=\box9182
\l@dRcolrawbox577=\box9183
\l@dLcolrawbox576=\box9184
\l@dRcolrawbox576=\box9185
\l@dLcolrawbox575=\box9186
\l@dRcolrawbox575=\box9187
\l@dLcolrawbox574=\box9188
\l@dRcolrawbox574=\box9189
\l@dLcolrawbox573=\box9190
\l@dRcolrawbox573=\box9191
\l@dLcolrawbox572=\box9192
\l@dRcolrawbox572=\box9193
\l@dLcolrawbox571=\box9194
\l@dRcolrawbox571=\box9195
\l@dLcolrawbox570=\box9196
\l@dRcolrawbox570=\box9197
\l@dLcolrawbox569=\box9198
\l@dRcolrawbox569=\box9199
\l@dLcolrawbox568=\box9200
\l@dRcolrawbox568=\box9201
\l@dLcolrawbox567=\box9202
\l@dRcolrawbox567=\box9203
\l@dLcolrawbox566=\box9204
\l@dRcolrawbox566=\box9205
\l@dLcolrawbox565=\box9206
\l@dRcolrawbox565=\box9207
\l@dLcolrawbox564=\box9208
\l@dRcolrawbox564=\box9209
\l@dLcolrawbox563=\box9210
\l@dRcolrawbox563=\box9211
\l@dLcolrawbox562=\box9212
\l@dRcolrawbox562=\box9213
\l@dLcolrawbox561=\box9214
\l@dRcolrawbox561=\box9215
\l@dLcolrawbox560=\box9216
\l@dRcolrawbox560=\box9217
\l@dLcolrawbox559=\box9218
\l@dRcolrawbox559=\box9219
\l@dLcolrawbox558=\box9220
\l@dRcolrawbox558=\box9221
\l@dLcolrawbox557=\box9222
\l@dRcolrawbox557=\box9223
\l@dLcolrawbox556=\box9224
\l@dRcolrawbox556=\box9225
\l@dLcolrawbox555=\box9226
\l@dRcolrawbox555=\box9227
\l@dLcolrawbox554=\box9228
\l@dRcolrawbox554=\box9229
\l@dLcolrawbox553=\box9230
\l@dRcolrawbox553=\box9231
\l@dLcolrawbox552=\box9232
\l@dRcolrawbox552=\box9233
\l@dLcolrawbox551=\box9234
\l@dRcolrawbox551=\box9235
\l@dLcolrawbox550=\box9236
\l@dRcolrawbox550=\box9237
\l@dLcolrawbox549=\box9238
\l@dRcolrawbox549=\box9239
\l@dLcolrawbox548=\box9240
\l@dRcolrawbox548=\box9241
\l@dLcolrawbox547=\box9242
\l@dRcolrawbox547=\box9243
\l@dLcolrawbox546=\box9244
\l@dRcolrawbox546=\box9245
\l@dLcolrawbox545=\box9246
\l@dRcolrawbox545=\box9247
\l@dLcolrawbox544=\box9248
\l@dRcolrawbox544=\box9249
\l@dLcolrawbox543=\box9250
\l@dRcolrawbox543=\box9251
\l@dLcolrawbox542=\box9252
\l@dRcolrawbox542=\box9253
\l@dLcolrawbox541=\box9254
\l@dRcolrawbox541=\box9255
\l@dLcolrawbox540=\box9256
\l@dRcolrawbox540=\box9257
\l@dLcolrawbox539=\box9258
\l@dRcolrawbox539=\box9259
\l@dLcolrawbox538=\box9260
\l@dRcolrawbox538=\box9261
\l@dLcolrawbox537=\box9262
\l@dRcolrawbox537=\box9263
\l@dLcolrawbox536=\box9264
\l@dRcolrawbox536=\box9265
\l@dLcolrawbox535=\box9266
\l@dRcolrawbox535=\box9267
\l@dLcolrawbox534=\box9268
\l@dRcolrawbox534=\box9269
\l@dLcolrawbox533=\box9270
\l@dRcolrawbox533=\box9271
\l@dLcolrawbox532=\box9272
\l@dRcolrawbox532=\box9273
\l@dLcolrawbox531=\box9274
\l@dRcolrawbox531=\box9275
\l@dLcolrawbox530=\box9276
\l@dRcolrawbox530=\box9277
\l@dLcolrawbox529=\box9278
\l@dRcolrawbox529=\box9279
\l@dLcolrawbox528=\box9280
\l@dRcolrawbox528=\box9281
\l@dLcolrawbox527=\box9282
\l@dRcolrawbox527=\box9283
\l@dLcolrawbox526=\box9284
\l@dRcolrawbox526=\box9285
\l@dLcolrawbox525=\box9286
\l@dRcolrawbox525=\box9287
\l@dLcolrawbox524=\box9288
\l@dRcolrawbox524=\box9289
\l@dLcolrawbox523=\box9290
\l@dRcolrawbox523=\box9291
\l@dLcolrawbox522=\box9292
\l@dRcolrawbox522=\box9293
\l@dLcolrawbox521=\box9294
\l@dRcolrawbox521=\box9295
\l@dLcolrawbox520=\box9296
\l@dRcolrawbox520=\box9297
\l@dLcolrawbox519=\box9298
\l@dRcolrawbox519=\box9299
\l@dLcolrawbox518=\box9300
\l@dRcolrawbox518=\box9301
\l@dLcolrawbox517=\box9302
\l@dRcolrawbox517=\box9303
\l@dLcolrawbox516=\box9304
\l@dRcolrawbox516=\box9305
\l@dLcolrawbox515=\box9306
\l@dRcolrawbox515=\box9307
\l@dLcolrawbox514=\box9308
\l@dRcolrawbox514=\box9309
\l@dLcolrawbox513=\box9310
\l@dRcolrawbox513=\box9311
\l@dLcolrawbox512=\box9312
\l@dRcolrawbox512=\box9313
\l@dLcolrawbox511=\box9314
\l@dRcolrawbox511=\box9315
\l@dLcolrawbox510=\box9316
\l@dRcolrawbox510=\box9317
\l@dLcolrawbox509=\box9318
\l@dRcolrawbox509=\box9319
\l@dLcolrawbox508=\box9320
\l@dRcolrawbox508=\box9321
\l@dLcolrawbox507=\box9322
\l@dRcolrawbox507=\box9323
\l@dLcolrawbox506=\box9324
\l@dRcolrawbox506=\box9325
\l@dLcolrawbox505=\box9326
\l@dRcolrawbox505=\box9327
\l@dLcolrawbox504=\box9328
\l@dRcolrawbox504=\box9329
\l@dLcolrawbox503=\box9330
\l@dRcolrawbox503=\box9331
\l@dLcolrawbox502=\box9332
\l@dRcolrawbox502=\box9333
\l@dLcolrawbox501=\box9334
\l@dRcolrawbox501=\box9335
\l@dLcolrawbox500=\box9336
\l@dRcolrawbox500=\box9337
\l@dLcolrawbox499=\box9338
\l@dRcolrawbox499=\box9339
\l@dLcolrawbox498=\box9340
\l@dRcolrawbox498=\box9341
\l@dLcolrawbox497=\box9342
\l@dRcolrawbox497=\box9343
\l@dLcolrawbox496=\box9344
\l@dRcolrawbox496=\box9345
\l@dLcolrawbox495=\box9346
\l@dRcolrawbox495=\box9347
\l@dLcolrawbox494=\box9348
\l@dRcolrawbox494=\box9349
\l@dLcolrawbox493=\box9350
\l@dRcolrawbox493=\box9351
\l@dLcolrawbox492=\box9352
\l@dRcolrawbox492=\box9353
\l@dLcolrawbox491=\box9354
\l@dRcolrawbox491=\box9355
\l@dLcolrawbox490=\box9356
\l@dRcolrawbox490=\box9357
\l@dLcolrawbox489=\box9358
\l@dRcolrawbox489=\box9359
\l@dLcolrawbox488=\box9360
\l@dRcolrawbox488=\box9361
\l@dLcolrawbox487=\box9362
\l@dRcolrawbox487=\box9363
\l@dLcolrawbox486=\box9364
\l@dRcolrawbox486=\box9365
\l@dLcolrawbox485=\box9366
\l@dRcolrawbox485=\box9367
\l@dLcolrawbox484=\box9368
\l@dRcolrawbox484=\box9369
\l@dLcolrawbox483=\box9370
\l@dRcolrawbox483=\box9371
\l@dLcolrawbox482=\box9372
\l@dRcolrawbox482=\box9373
\l@dLcolrawbox481=\box9374
\l@dRcolrawbox481=\box9375
\l@dLcolrawbox480=\box9376
\l@dRcolrawbox480=\box9377
\l@dLcolrawbox479=\box9378
\l@dRcolrawbox479=\box9379
\l@dLcolrawbox478=\box9380
\l@dRcolrawbox478=\box9381
\l@dLcolrawbox477=\box9382
\l@dRcolrawbox477=\box9383
\l@dLcolrawbox476=\box9384
\l@dRcolrawbox476=\box9385
\l@dLcolrawbox475=\box9386
\l@dRcolrawbox475=\box9387
\l@dLcolrawbox474=\box9388
\l@dRcolrawbox474=\box9389
\l@dLcolrawbox473=\box9390
\l@dRcolrawbox473=\box9391
\l@dLcolrawbox472=\box9392
\l@dRcolrawbox472=\box9393
\l@dLcolrawbox471=\box9394
\l@dRcolrawbox471=\box9395
\l@dLcolrawbox470=\box9396
\l@dRcolrawbox470=\box9397
\l@dLcolrawbox469=\box9398
\l@dRcolrawbox469=\box9399
\l@dLcolrawbox468=\box9400
\l@dRcolrawbox468=\box9401
\l@dLcolrawbox467=\box9402
\l@dRcolrawbox467=\box9403
\l@dLcolrawbox466=\box9404
\l@dRcolrawbox466=\box9405
\l@dLcolrawbox465=\box9406
\l@dRcolrawbox465=\box9407
\l@dLcolrawbox464=\box9408
\l@dRcolrawbox464=\box9409
\l@dLcolrawbox463=\box9410
\l@dRcolrawbox463=\box9411
\l@dLcolrawbox462=\box9412
\l@dRcolrawbox462=\box9413
\l@dLcolrawbox461=\box9414
\l@dRcolrawbox461=\box9415
\l@dLcolrawbox460=\box9416
\l@dRcolrawbox460=\box9417
\l@dLcolrawbox459=\box9418
\l@dRcolrawbox459=\box9419
\l@dLcolrawbox458=\box9420
\l@dRcolrawbox458=\box9421
\l@dLcolrawbox457=\box9422
\l@dRcolrawbox457=\box9423
\l@dLcolrawbox456=\box9424
\l@dRcolrawbox456=\box9425
\l@dLcolrawbox455=\box9426
\l@dRcolrawbox455=\box9427
\l@dLcolrawbox454=\box9428
\l@dRcolrawbox454=\box9429
\l@dLcolrawbox453=\box9430
\l@dRcolrawbox453=\box9431
\l@dLcolrawbox452=\box9432
\l@dRcolrawbox452=\box9433
\l@dLcolrawbox451=\box9434
\l@dRcolrawbox451=\box9435
\l@dLcolrawbox450=\box9436
\l@dRcolrawbox450=\box9437
\l@dLcolrawbox449=\box9438
\l@dRcolrawbox449=\box9439
\l@dLcolrawbox448=\box9440
\l@dRcolrawbox448=\box9441
\l@dLcolrawbox447=\box9442
\l@dRcolrawbox447=\box9443
\l@dLcolrawbox446=\box9444
\l@dRcolrawbox446=\box9445
\l@dLcolrawbox445=\box9446
\l@dRcolrawbox445=\box9447
\l@dLcolrawbox444=\box9448
\l@dRcolrawbox444=\box9449
\l@dLcolrawbox443=\box9450
\l@dRcolrawbox443=\box9451
\l@dLcolrawbox442=\box9452
\l@dRcolrawbox442=\box9453
\l@dLcolrawbox441=\box9454
\l@dRcolrawbox441=\box9455
\l@dLcolrawbox440=\box9456
\l@dRcolrawbox440=\box9457
\l@dLcolrawbox439=\box9458
\l@dRcolrawbox439=\box9459
\l@dLcolrawbox438=\box9460
\l@dRcolrawbox438=\box9461
\l@dLcolrawbox437=\box9462
\l@dRcolrawbox437=\box9463
\l@dLcolrawbox436=\box9464
\l@dRcolrawbox436=\box9465
\l@dLcolrawbox435=\box9466
\l@dRcolrawbox435=\box9467
\l@dLcolrawbox434=\box9468
\l@dRcolrawbox434=\box9469
\l@dLcolrawbox433=\box9470
\l@dRcolrawbox433=\box9471
\l@dLcolrawbox432=\box9472
\l@dRcolrawbox432=\box9473
\l@dLcolrawbox431=\box9474
\l@dRcolrawbox431=\box9475
\l@dLcolrawbox430=\box9476
\l@dRcolrawbox430=\box9477
\l@dLcolrawbox429=\box9478
\l@dRcolrawbox429=\box9479
\l@dLcolrawbox428=\box9480
\l@dRcolrawbox428=\box9481
\l@dLcolrawbox427=\box9482
\l@dRcolrawbox427=\box9483
\l@dLcolrawbox426=\box9484
\l@dRcolrawbox426=\box9485
\l@dLcolrawbox425=\box9486
\l@dRcolrawbox425=\box9487
\l@dLcolrawbox424=\box9488
\l@dRcolrawbox424=\box9489
\l@dLcolrawbox423=\box9490
\l@dRcolrawbox423=\box9491
\l@dLcolrawbox422=\box9492
\l@dRcolrawbox422=\box9493
\l@dLcolrawbox421=\box9494
\l@dRcolrawbox421=\box9495
\l@dLcolrawbox420=\box9496
\l@dRcolrawbox420=\box9497
\l@dLcolrawbox419=\box9498
\l@dRcolrawbox419=\box9499
\l@dLcolrawbox418=\box9500
\l@dRcolrawbox418=\box9501
\l@dLcolrawbox417=\box9502
\l@dRcolrawbox417=\box9503
\l@dLcolrawbox416=\box9504
\l@dRcolrawbox416=\box9505
\l@dLcolrawbox415=\box9506
\l@dRcolrawbox415=\box9507
\l@dLcolrawbox414=\box9508
\l@dRcolrawbox414=\box9509
\l@dLcolrawbox413=\box9510
\l@dRcolrawbox413=\box9511
\l@dLcolrawbox412=\box9512
\l@dRcolrawbox412=\box9513
\l@dLcolrawbox411=\box9514
\l@dRcolrawbox411=\box9515
\l@dLcolrawbox410=\box9516
\l@dRcolrawbox410=\box9517
\l@dLcolrawbox409=\box9518
\l@dRcolrawbox409=\box9519
\l@dLcolrawbox408=\box9520
\l@dRcolrawbox408=\box9521
\l@dLcolrawbox407=\box9522
\l@dRcolrawbox407=\box9523
\l@dLcolrawbox406=\box9524
\l@dRcolrawbox406=\box9525
\l@dLcolrawbox405=\box9526
\l@dRcolrawbox405=\box9527
\l@dLcolrawbox404=\box9528
\l@dRcolrawbox404=\box9529
\l@dLcolrawbox403=\box9530
\l@dRcolrawbox403=\box9531
\l@dLcolrawbox402=\box9532
\l@dRcolrawbox402=\box9533
\l@dLcolrawbox401=\box9534
\l@dRcolrawbox401=\box9535
\l@dLcolrawbox400=\box9536
\l@dRcolrawbox400=\box9537
\l@dLcolrawbox399=\box9538
\l@dRcolrawbox399=\box9539
\l@dLcolrawbox398=\box9540
\l@dRcolrawbox398=\box9541
\l@dLcolrawbox397=\box9542
\l@dRcolrawbox397=\box9543
\l@dLcolrawbox396=\box9544
\l@dRcolrawbox396=\box9545
\l@dLcolrawbox395=\box9546
\l@dRcolrawbox395=\box9547
\l@dLcolrawbox394=\box9548
\l@dRcolrawbox394=\box9549
\l@dLcolrawbox393=\box9550
\l@dRcolrawbox393=\box9551
\l@dLcolrawbox392=\box9552
\l@dRcolrawbox392=\box9553
\l@dLcolrawbox391=\box9554
\l@dRcolrawbox391=\box9555
\l@dLcolrawbox390=\box9556
\l@dRcolrawbox390=\box9557
\l@dLcolrawbox389=\box9558
\l@dRcolrawbox389=\box9559
\l@dLcolrawbox388=\box9560
\l@dRcolrawbox388=\box9561
\l@dLcolrawbox387=\box9562
\l@dRcolrawbox387=\box9563
\l@dLcolrawbox386=\box9564
\l@dRcolrawbox386=\box9565
\l@dLcolrawbox385=\box9566
\l@dRcolrawbox385=\box9567
\l@dLcolrawbox384=\box9568
\l@dRcolrawbox384=\box9569
\l@dLcolrawbox383=\box9570
\l@dRcolrawbox383=\box9571
\l@dLcolrawbox382=\box9572
\l@dRcolrawbox382=\box9573
\l@dLcolrawbox381=\box9574
\l@dRcolrawbox381=\box9575
\l@dLcolrawbox380=\box9576
\l@dRcolrawbox380=\box9577
\l@dLcolrawbox379=\box9578
\l@dRcolrawbox379=\box9579
\l@dLcolrawbox378=\box9580
\l@dRcolrawbox378=\box9581
\l@dLcolrawbox377=\box9582
\l@dRcolrawbox377=\box9583
\l@dLcolrawbox376=\box9584
\l@dRcolrawbox376=\box9585
\l@dLcolrawbox375=\box9586
\l@dRcolrawbox375=\box9587
\l@dLcolrawbox374=\box9588
\l@dRcolrawbox374=\box9589
\l@dLcolrawbox373=\box9590
\l@dRcolrawbox373=\box9591
\l@dLcolrawbox372=\box9592
\l@dRcolrawbox372=\box9593
\l@dLcolrawbox371=\box9594
\l@dRcolrawbox371=\box9595
\l@dLcolrawbox370=\box9596
\l@dRcolrawbox370=\box9597
\l@dLcolrawbox369=\box9598
\l@dRcolrawbox369=\box9599
\l@dLcolrawbox368=\box9600
\l@dRcolrawbox368=\box9601
\l@dLcolrawbox367=\box9602
\l@dRcolrawbox367=\box9603
\l@dLcolrawbox366=\box9604
\l@dRcolrawbox366=\box9605
\l@dLcolrawbox365=\box9606
\l@dRcolrawbox365=\box9607
\l@dLcolrawbox364=\box9608
\l@dRcolrawbox364=\box9609
\l@dLcolrawbox363=\box9610
\l@dRcolrawbox363=\box9611
\l@dLcolrawbox362=\box9612
\l@dRcolrawbox362=\box9613
\l@dLcolrawbox361=\box9614
\l@dRcolrawbox361=\box9615
\l@dLcolrawbox360=\box9616
\l@dRcolrawbox360=\box9617
\l@dLcolrawbox359=\box9618
\l@dRcolrawbox359=\box9619
\l@dLcolrawbox358=\box9620
\l@dRcolrawbox358=\box9621
\l@dLcolrawbox357=\box9622
\l@dRcolrawbox357=\box9623
\l@dLcolrawbox356=\box9624
\l@dRcolrawbox356=\box9625
\l@dLcolrawbox355=\box9626
\l@dRcolrawbox355=\box9627
\l@dLcolrawbox354=\box9628
\l@dRcolrawbox354=\box9629
\l@dLcolrawbox353=\box9630
\l@dRcolrawbox353=\box9631
\l@dLcolrawbox352=\box9632
\l@dRcolrawbox352=\box9633
\l@dLcolrawbox351=\box9634
\l@dRcolrawbox351=\box9635
\l@dLcolrawbox350=\box9636
\l@dRcolrawbox350=\box9637
\l@dLcolrawbox349=\box9638
\l@dRcolrawbox349=\box9639
\l@dLcolrawbox348=\box9640
\l@dRcolrawbox348=\box9641
\l@dLcolrawbox347=\box9642
\l@dRcolrawbox347=\box9643
\l@dLcolrawbox346=\box9644
\l@dRcolrawbox346=\box9645
\l@dLcolrawbox345=\box9646
\l@dRcolrawbox345=\box9647
\l@dLcolrawbox344=\box9648
\l@dRcolrawbox344=\box9649
\l@dLcolrawbox343=\box9650
\l@dRcolrawbox343=\box9651
\l@dLcolrawbox342=\box9652
\l@dRcolrawbox342=\box9653
\l@dLcolrawbox341=\box9654
\l@dRcolrawbox341=\box9655
\l@dLcolrawbox340=\box9656
\l@dRcolrawbox340=\box9657
\l@dLcolrawbox339=\box9658
\l@dRcolrawbox339=\box9659
\l@dLcolrawbox338=\box9660
\l@dRcolrawbox338=\box9661
\l@dLcolrawbox337=\box9662
\l@dRcolrawbox337=\box9663
\l@dLcolrawbox336=\box9664
\l@dRcolrawbox336=\box9665
\l@dLcolrawbox335=\box9666
\l@dRcolrawbox335=\box9667
\l@dLcolrawbox334=\box9668
\l@dRcolrawbox334=\box9669
\l@dLcolrawbox333=\box9670
\l@dRcolrawbox333=\box9671
\l@dLcolrawbox332=\box9672
\l@dRcolrawbox332=\box9673
\l@dLcolrawbox331=\box9674
\l@dRcolrawbox331=\box9675
\l@dLcolrawbox330=\box9676
\l@dRcolrawbox330=\box9677
\l@dLcolrawbox329=\box9678
\l@dRcolrawbox329=\box9679
\l@dLcolrawbox328=\box9680
\l@dRcolrawbox328=\box9681
\l@dLcolrawbox327=\box9682
\l@dRcolrawbox327=\box9683
\l@dLcolrawbox326=\box9684
\l@dRcolrawbox326=\box9685
\l@dLcolrawbox325=\box9686
\l@dRcolrawbox325=\box9687
\l@dLcolrawbox324=\box9688
\l@dRcolrawbox324=\box9689
\l@dLcolrawbox323=\box9690
\l@dRcolrawbox323=\box9691
\l@dLcolrawbox322=\box9692
\l@dRcolrawbox322=\box9693
\l@dLcolrawbox321=\box9694
\l@dRcolrawbox321=\box9695
\l@dLcolrawbox320=\box9696
\l@dRcolrawbox320=\box9697
\l@dLcolrawbox319=\box9698
\l@dRcolrawbox319=\box9699
\l@dLcolrawbox318=\box9700
\l@dRcolrawbox318=\box9701
\l@dLcolrawbox317=\box9702
\l@dRcolrawbox317=\box9703
\l@dLcolrawbox316=\box9704
\l@dRcolrawbox316=\box9705
\l@dLcolrawbox315=\box9706
\l@dRcolrawbox315=\box9707
\l@dLcolrawbox314=\box9708
\l@dRcolrawbox314=\box9709
\l@dLcolrawbox313=\box9710
\l@dRcolrawbox313=\box9711
\l@dLcolrawbox312=\box9712
\l@dRcolrawbox312=\box9713
\l@dLcolrawbox311=\box9714
\l@dRcolrawbox311=\box9715
\l@dLcolrawbox310=\box9716
\l@dRcolrawbox310=\box9717
\l@dLcolrawbox309=\box9718
\l@dRcolrawbox309=\box9719
\l@dLcolrawbox308=\box9720
\l@dRcolrawbox308=\box9721
\l@dLcolrawbox307=\box9722
\l@dRcolrawbox307=\box9723
\l@dLcolrawbox306=\box9724
\l@dRcolrawbox306=\box9725
\l@dLcolrawbox305=\box9726
\l@dRcolrawbox305=\box9727
\l@dLcolrawbox304=\box9728
\l@dRcolrawbox304=\box9729
\l@dLcolrawbox303=\box9730
\l@dRcolrawbox303=\box9731
\l@dLcolrawbox302=\box9732
\l@dRcolrawbox302=\box9733
\l@dLcolrawbox301=\box9734
\l@dRcolrawbox301=\box9735
\l@dLcolrawbox300=\box9736
\l@dRcolrawbox300=\box9737
\l@dLcolrawbox299=\box9738
\l@dRcolrawbox299=\box9739
\l@dLcolrawbox298=\box9740
\l@dRcolrawbox298=\box9741
\l@dLcolrawbox297=\box9742
\l@dRcolrawbox297=\box9743
\l@dLcolrawbox296=\box9744
\l@dRcolrawbox296=\box9745
\l@dLcolrawbox295=\box9746
\l@dRcolrawbox295=\box9747
\l@dLcolrawbox294=\box9748
\l@dRcolrawbox294=\box9749
\l@dLcolrawbox293=\box9750
\l@dRcolrawbox293=\box9751
\l@dLcolrawbox292=\box9752
\l@dRcolrawbox292=\box9753
\l@dLcolrawbox291=\box9754
\l@dRcolrawbox291=\box9755
\l@dLcolrawbox290=\box9756
\l@dRcolrawbox290=\box9757
\l@dLcolrawbox289=\box9758
\l@dRcolrawbox289=\box9759
\l@dLcolrawbox288=\box9760
\l@dRcolrawbox288=\box9761
\l@dLcolrawbox287=\box9762
\l@dRcolrawbox287=\box9763
\l@dLcolrawbox286=\box9764
\l@dRcolrawbox286=\box9765
\l@dLcolrawbox285=\box9766
\l@dRcolrawbox285=\box9767
\l@dLcolrawbox284=\box9768
\l@dRcolrawbox284=\box9769
\l@dLcolrawbox283=\box9770
\l@dRcolrawbox283=\box9771
\l@dLcolrawbox282=\box9772
\l@dRcolrawbox282=\box9773
\l@dLcolrawbox281=\box9774
\l@dRcolrawbox281=\box9775
\l@dLcolrawbox280=\box9776
\l@dRcolrawbox280=\box9777
\l@dLcolrawbox279=\box9778
\l@dRcolrawbox279=\box9779
\l@dLcolrawbox278=\box9780
\l@dRcolrawbox278=\box9781
\l@dLcolrawbox277=\box9782
\l@dRcolrawbox277=\box9783
\l@dLcolrawbox276=\box9784
\l@dRcolrawbox276=\box9785
\l@dLcolrawbox275=\box9786
\l@dRcolrawbox275=\box9787
\l@dLcolrawbox274=\box9788
\l@dRcolrawbox274=\box9789
\l@dLcolrawbox273=\box9790
\l@dRcolrawbox273=\box9791
\l@dLcolrawbox272=\box9792
\l@dRcolrawbox272=\box9793
\l@dLcolrawbox271=\box9794
\l@dRcolrawbox271=\box9795
\l@dLcolrawbox270=\box9796
\l@dRcolrawbox270=\box9797
\l@dLcolrawbox269=\box9798
\l@dRcolrawbox269=\box9799
\l@dLcolrawbox268=\box9800
\l@dRcolrawbox268=\box9801
\l@dLcolrawbox267=\box9802
\l@dRcolrawbox267=\box9803
\l@dLcolrawbox266=\box9804
\l@dRcolrawbox266=\box9805
\l@dLcolrawbox265=\box9806
\l@dRcolrawbox265=\box9807
\l@dLcolrawbox264=\box9808
\l@dRcolrawbox264=\box9809
\l@dLcolrawbox263=\box9810
\l@dRcolrawbox263=\box9811
\l@dLcolrawbox262=\box9812
\l@dRcolrawbox262=\box9813
\l@dLcolrawbox261=\box9814
\l@dRcolrawbox261=\box9815
\l@dLcolrawbox260=\box9816
\l@dRcolrawbox260=\box9817
\l@dLcolrawbox259=\box9818
\l@dRcolrawbox259=\box9819
\l@dLcolrawbox258=\box9820
\l@dRcolrawbox258=\box9821
\l@dLcolrawbox257=\box9822
\l@dRcolrawbox257=\box9823
\l@dLcolrawbox256=\box9824
\l@dRcolrawbox256=\box9825
\l@dLcolrawbox255=\box9826
\l@dRcolrawbox255=\box9827
\l@dLcolrawbox254=\box9828
\l@dRcolrawbox254=\box9829
\l@dLcolrawbox253=\box9830
\l@dRcolrawbox253=\box9831
\l@dLcolrawbox252=\box9832
\l@dRcolrawbox252=\box9833
\l@dLcolrawbox251=\box9834
\l@dRcolrawbox251=\box9835
\l@dLcolrawbox250=\box9836
\l@dRcolrawbox250=\box9837
\l@dLcolrawbox249=\box9838
\l@dRcolrawbox249=\box9839
\l@dLcolrawbox248=\box9840
\l@dRcolrawbox248=\box9841
\l@dLcolrawbox247=\box9842
\l@dRcolrawbox247=\box9843
\l@dLcolrawbox246=\box9844
\l@dRcolrawbox246=\box9845
\l@dLcolrawbox245=\box9846
\l@dRcolrawbox245=\box9847
\l@dLcolrawbox244=\box9848
\l@dRcolrawbox244=\box9849
\l@dLcolrawbox243=\box9850
\l@dRcolrawbox243=\box9851
\l@dLcolrawbox242=\box9852
\l@dRcolrawbox242=\box9853
\l@dLcolrawbox241=\box9854
\l@dRcolrawbox241=\box9855
\l@dLcolrawbox240=\box9856
\l@dRcolrawbox240=\box9857
\l@dLcolrawbox239=\box9858
\l@dRcolrawbox239=\box9859
\l@dLcolrawbox238=\box9860
\l@dRcolrawbox238=\box9861
\l@dLcolrawbox237=\box9862
\l@dRcolrawbox237=\box9863
\l@dLcolrawbox236=\box9864
\l@dRcolrawbox236=\box9865
\l@dLcolrawbox235=\box9866
\l@dRcolrawbox235=\box9867
\l@dLcolrawbox234=\box9868
\l@dRcolrawbox234=\box9869
\l@dLcolrawbox233=\box9870
\l@dRcolrawbox233=\box9871
\l@dLcolrawbox232=\box9872
\l@dRcolrawbox232=\box9873
\l@dLcolrawbox231=\box9874
\l@dRcolrawbox231=\box9875
\l@dLcolrawbox230=\box9876
\l@dRcolrawbox230=\box9877
\l@dLcolrawbox229=\box9878
\l@dRcolrawbox229=\box9879
\l@dLcolrawbox228=\box9880
\l@dRcolrawbox228=\box9881
\l@dLcolrawbox227=\box9882
\l@dRcolrawbox227=\box9883
\l@dLcolrawbox226=\box9884
\l@dRcolrawbox226=\box9885
\l@dLcolrawbox225=\box9886
\l@dRcolrawbox225=\box9887
\l@dLcolrawbox224=\box9888
\l@dRcolrawbox224=\box9889
\l@dLcolrawbox223=\box9890
\l@dRcolrawbox223=\box9891
\l@dLcolrawbox222=\box9892
\l@dRcolrawbox222=\box9893
\l@dLcolrawbox221=\box9894
\l@dRcolrawbox221=\box9895
\l@dLcolrawbox220=\box9896
\l@dRcolrawbox220=\box9897
\l@dLcolrawbox219=\box9898
\l@dRcolrawbox219=\box9899
\l@dLcolrawbox218=\box9900
\l@dRcolrawbox218=\box9901
\l@dLcolrawbox217=\box9902
\l@dRcolrawbox217=\box9903
\l@dLcolrawbox216=\box9904
\l@dRcolrawbox216=\box9905
\l@dLcolrawbox215=\box9906
\l@dRcolrawbox215=\box9907
\l@dLcolrawbox214=\box9908
\l@dRcolrawbox214=\box9909
\l@dLcolrawbox213=\box9910
\l@dRcolrawbox213=\box9911
\l@dLcolrawbox212=\box9912
\l@dRcolrawbox212=\box9913
\l@dLcolrawbox211=\box9914
\l@dRcolrawbox211=\box9915
\l@dLcolrawbox210=\box9916
\l@dRcolrawbox210=\box9917
\l@dLcolrawbox209=\box9918
\l@dRcolrawbox209=\box9919
\l@dLcolrawbox208=\box9920
\l@dRcolrawbox208=\box9921
\l@dLcolrawbox207=\box9922
\l@dRcolrawbox207=\box9923
\l@dLcolrawbox206=\box9924
\l@dRcolrawbox206=\box9925
\l@dLcolrawbox205=\box9926
\l@dRcolrawbox205=\box9927
\l@dLcolrawbox204=\box9928
\l@dRcolrawbox204=\box9929
\l@dLcolrawbox203=\box9930
\l@dRcolrawbox203=\box9931
\l@dLcolrawbox202=\box9932
\l@dRcolrawbox202=\box9933
\l@dLcolrawbox201=\box9934
\l@dRcolrawbox201=\box9935
\l@dLcolrawbox200=\box9936
\l@dRcolrawbox200=\box9937
\l@dLcolrawbox199=\box9938
\l@dRcolrawbox199=\box9939
\l@dLcolrawbox198=\box9940
\l@dRcolrawbox198=\box9941
\l@dLcolrawbox197=\box9942
\l@dRcolrawbox197=\box9943
\l@dLcolrawbox196=\box9944
\l@dRcolrawbox196=\box9945
\l@dLcolrawbox195=\box9946
\l@dRcolrawbox195=\box9947
\l@dLcolrawbox194=\box9948
\l@dRcolrawbox194=\box9949
\l@dLcolrawbox193=\box9950
\l@dRcolrawbox193=\box9951
\l@dLcolrawbox192=\box9952
\l@dRcolrawbox192=\box9953
\l@dLcolrawbox191=\box9954
\l@dRcolrawbox191=\box9955
\l@dLcolrawbox190=\box9956
\l@dRcolrawbox190=\box9957
\l@dLcolrawbox189=\box9958
\l@dRcolrawbox189=\box9959
\l@dLcolrawbox188=\box9960
\l@dRcolrawbox188=\box9961
\l@dLcolrawbox187=\box9962
\l@dRcolrawbox187=\box9963
\l@dLcolrawbox186=\box9964
\l@dRcolrawbox186=\box9965
\l@dLcolrawbox185=\box9966
\l@dRcolrawbox185=\box9967
\l@dLcolrawbox184=\box9968
\l@dRcolrawbox184=\box9969
\l@dLcolrawbox183=\box9970
\l@dRcolrawbox183=\box9971
\l@dLcolrawbox182=\box9972
\l@dRcolrawbox182=\box9973
\l@dLcolrawbox181=\box9974
\l@dRcolrawbox181=\box9975
\l@dLcolrawbox180=\box9976
\l@dRcolrawbox180=\box9977
\l@dLcolrawbox179=\box9978
\l@dRcolrawbox179=\box9979
\l@dLcolrawbox178=\box9980
\l@dRcolrawbox178=\box9981
\l@dLcolrawbox177=\box9982
\l@dRcolrawbox177=\box9983
\l@dLcolrawbox176=\box9984
\l@dRcolrawbox176=\box9985
\l@dLcolrawbox175=\box9986
\l@dRcolrawbox175=\box9987
\l@dLcolrawbox174=\box9988
\l@dRcolrawbox174=\box9989
\l@dLcolrawbox173=\box9990
\l@dRcolrawbox173=\box9991
\l@dLcolrawbox172=\box9992
\l@dRcolrawbox172=\box9993
\l@dLcolrawbox171=\box9994
\l@dRcolrawbox171=\box9995
\l@dLcolrawbox170=\box9996
\l@dRcolrawbox170=\box9997
\l@dLcolrawbox169=\box9998
\l@dRcolrawbox169=\box9999
\l@dLcolrawbox168=\box10000
\l@dRcolrawbox168=\box10001
\l@dLcolrawbox167=\box10002
\l@dRcolrawbox167=\box10003
\l@dLcolrawbox166=\box10004
\l@dRcolrawbox166=\box10005
\l@dLcolrawbox165=\box10006
\l@dRcolrawbox165=\box10007
\l@dLcolrawbox164=\box10008
\l@dRcolrawbox164=\box10009
\l@dLcolrawbox163=\box10010
\l@dRcolrawbox163=\box10011
\l@dLcolrawbox162=\box10012
\l@dRcolrawbox162=\box10013
\l@dLcolrawbox161=\box10014
\l@dRcolrawbox161=\box10015
\l@dLcolrawbox160=\box10016
\l@dRcolrawbox160=\box10017
\l@dLcolrawbox159=\box10018
\l@dRcolrawbox159=\box10019
\l@dLcolrawbox158=\box10020
\l@dRcolrawbox158=\box10021
\l@dLcolrawbox157=\box10022
\l@dRcolrawbox157=\box10023
\l@dLcolrawbox156=\box10024
\l@dRcolrawbox156=\box10025
\l@dLcolrawbox155=\box10026
\l@dRcolrawbox155=\box10027
\l@dLcolrawbox154=\box10028
\l@dRcolrawbox154=\box10029
\l@dLcolrawbox153=\box10030
\l@dRcolrawbox153=\box10031
\l@dLcolrawbox152=\box10032
\l@dRcolrawbox152=\box10033
\l@dLcolrawbox151=\box10034
\l@dRcolrawbox151=\box10035
\l@dLcolrawbox150=\box10036
\l@dRcolrawbox150=\box10037
\l@dLcolrawbox149=\box10038
\l@dRcolrawbox149=\box10039
\l@dLcolrawbox148=\box10040
\l@dRcolrawbox148=\box10041
\l@dLcolrawbox147=\box10042
\l@dRcolrawbox147=\box10043
\l@dLcolrawbox146=\box10044
\l@dRcolrawbox146=\box10045
\l@dLcolrawbox145=\box10046
\l@dRcolrawbox145=\box10047
\l@dLcolrawbox144=\box10048
\l@dRcolrawbox144=\box10049
\l@dLcolrawbox143=\box10050
\l@dRcolrawbox143=\box10051
\l@dLcolrawbox142=\box10052
\l@dRcolrawbox142=\box10053
\l@dLcolrawbox141=\box10054
\l@dRcolrawbox141=\box10055
\l@dLcolrawbox140=\box10056
\l@dRcolrawbox140=\box10057
\l@dLcolrawbox139=\box10058
\l@dRcolrawbox139=\box10059
\l@dLcolrawbox138=\box10060
\l@dRcolrawbox138=\box10061
\l@dLcolrawbox137=\box10062
\l@dRcolrawbox137=\box10063
\l@dLcolrawbox136=\box10064
\l@dRcolrawbox136=\box10065
\l@dLcolrawbox135=\box10066
\l@dRcolrawbox135=\box10067
\l@dLcolrawbox134=\box10068
\l@dRcolrawbox134=\box10069
\l@dLcolrawbox133=\box10070
\l@dRcolrawbox133=\box10071
\l@dLcolrawbox132=\box10072
\l@dRcolrawbox132=\box10073
\l@dLcolrawbox131=\box10074
\l@dRcolrawbox131=\box10075
\l@dLcolrawbox130=\box10076
\l@dRcolrawbox130=\box10077
\l@dLcolrawbox129=\box10078
\l@dRcolrawbox129=\box10079
\l@dLcolrawbox128=\box10080
\l@dRcolrawbox128=\box10081
\l@dLcolrawbox127=\box10082
\l@dRcolrawbox127=\box10083
\l@dLcolrawbox126=\box10084
\l@dRcolrawbox126=\box10085
\l@dLcolrawbox125=\box10086
\l@dRcolrawbox125=\box10087
\l@dLcolrawbox124=\box10088
\l@dRcolrawbox124=\box10089
\l@dLcolrawbox123=\box10090
\l@dRcolrawbox123=\box10091
\l@dLcolrawbox122=\box10092
\l@dRcolrawbox122=\box10093
\l@dLcolrawbox121=\box10094
\l@dRcolrawbox121=\box10095
\l@dLcolrawbox120=\box10096
\l@dRcolrawbox120=\box10097
\l@dLcolrawbox119=\box10098
\l@dRcolrawbox119=\box10099
\l@dLcolrawbox118=\box10100
\l@dRcolrawbox118=\box10101
\l@dLcolrawbox117=\box10102
\l@dRcolrawbox117=\box10103
\l@dLcolrawbox116=\box10104
\l@dRcolrawbox116=\box10105
\l@dLcolrawbox115=\box10106
\l@dRcolrawbox115=\box10107
\l@dLcolrawbox114=\box10108
\l@dRcolrawbox114=\box10109
\l@dLcolrawbox113=\box10110
\l@dRcolrawbox113=\box10111
\l@dLcolrawbox112=\box10112
\l@dRcolrawbox112=\box10113
\l@dLcolrawbox111=\box10114
\l@dRcolrawbox111=\box10115
\l@dLcolrawbox110=\box10116
\l@dRcolrawbox110=\box10117
\l@dLcolrawbox109=\box10118
\l@dRcolrawbox109=\box10119
\l@dLcolrawbox108=\box10120
\l@dRcolrawbox108=\box10121
\l@dLcolrawbox107=\box10122
\l@dRcolrawbox107=\box10123
\l@dLcolrawbox106=\box10124
\l@dRcolrawbox106=\box10125
\l@dLcolrawbox105=\box10126
\l@dRcolrawbox105=\box10127
\l@dLcolrawbox104=\box10128
\l@dRcolrawbox104=\box10129
\l@dLcolrawbox103=\box10130
\l@dRcolrawbox103=\box10131
\l@dLcolrawbox102=\box10132
\l@dRcolrawbox102=\box10133
\l@dLcolrawbox101=\box10134
\l@dRcolrawbox101=\box10135
\l@dLcolrawbox100=\box10136
\l@dRcolrawbox100=\box10137
\l@dLcolrawbox99=\box10138
\l@dRcolrawbox99=\box10139
\l@dLcolrawbox98=\box10140
\l@dRcolrawbox98=\box10141
\l@dLcolrawbox97=\box10142
\l@dRcolrawbox97=\box10143
\l@dLcolrawbox96=\box10144
\l@dRcolrawbox96=\box10145
\l@dLcolrawbox95=\box10146
\l@dRcolrawbox95=\box10147
\l@dLcolrawbox94=\box10148
\l@dRcolrawbox94=\box10149
\l@dLcolrawbox93=\box10150
\l@dRcolrawbox93=\box10151
\l@dLcolrawbox92=\box10152
\l@dRcolrawbox92=\box10153
\l@dLcolrawbox91=\box10154
\l@dRcolrawbox91=\box10155
\l@dLcolrawbox90=\box10156
\l@dRcolrawbox90=\box10157
\l@dLcolrawbox89=\box10158
\l@dRcolrawbox89=\box10159
\l@dLcolrawbox88=\box10160
\l@dRcolrawbox88=\box10161
\l@dLcolrawbox87=\box10162
\l@dRcolrawbox87=\box10163
\l@dLcolrawbox86=\box10164
\l@dRcolrawbox86=\box10165
\l@dLcolrawbox85=\box10166
\l@dRcolrawbox85=\box10167
\l@dLcolrawbox84=\box10168
\l@dRcolrawbox84=\box10169
\l@dLcolrawbox83=\box10170
\l@dRcolrawbox83=\box10171
\l@dLcolrawbox82=\box10172
\l@dRcolrawbox82=\box10173
\l@dLcolrawbox81=\box10174
\l@dRcolrawbox81=\box10175
\l@dLcolrawbox80=\box10176
\l@dRcolrawbox80=\box10177
\l@dLcolrawbox79=\box10178
\l@dRcolrawbox79=\box10179
\l@dLcolrawbox78=\box10180
\l@dRcolrawbox78=\box10181
\l@dLcolrawbox77=\box10182
\l@dRcolrawbox77=\box10183
\l@dLcolrawbox76=\box10184
\l@dRcolrawbox76=\box10185
\l@dLcolrawbox75=\box10186
\l@dRcolrawbox75=\box10187
\l@dLcolrawbox74=\box10188
\l@dRcolrawbox74=\box10189
\l@dLcolrawbox73=\box10190
\l@dRcolrawbox73=\box10191
\l@dLcolrawbox72=\box10192
\l@dRcolrawbox72=\box10193
\l@dLcolrawbox71=\box10194
\l@dRcolrawbox71=\box10195
\l@dLcolrawbox70=\box10196
\l@dRcolrawbox70=\box10197
\l@dLcolrawbox69=\box10198
\l@dRcolrawbox69=\box10199
\l@dLcolrawbox68=\box10200
\l@dRcolrawbox68=\box10201
\l@dLcolrawbox67=\box10202
\l@dRcolrawbox67=\box10203
\l@dLcolrawbox66=\box10204
\l@dRcolrawbox66=\box10205
\l@dLcolrawbox65=\box10206
\l@dRcolrawbox65=\box10207
\l@dLcolrawbox64=\box10208
\l@dRcolrawbox64=\box10209
\l@dLcolrawbox63=\box10210
\l@dRcolrawbox63=\box10211
\l@dLcolrawbox62=\box10212
\l@dRcolrawbox62=\box10213
\l@dLcolrawbox61=\box10214
\l@dRcolrawbox61=\box10215
\l@dLcolrawbox60=\box10216
\l@dRcolrawbox60=\box10217
\l@dLcolrawbox59=\box10218
\l@dRcolrawbox59=\box10219
\l@dLcolrawbox58=\box10220
\l@dRcolrawbox58=\box10221
\l@dLcolrawbox57=\box10222
\l@dRcolrawbox57=\box10223
\l@dLcolrawbox56=\box10224
\l@dRcolrawbox56=\box10225
\l@dLcolrawbox55=\box10226
\l@dRcolrawbox55=\box10227
\l@dLcolrawbox54=\box10228
\l@dRcolrawbox54=\box10229
\l@dLcolrawbox53=\box10230
\l@dRcolrawbox53=\box10231
\l@dLcolrawbox52=\box10232
\l@dRcolrawbox52=\box10233
\l@dLcolrawbox51=\box10234
\l@dRcolrawbox51=\box10235
\l@dLcolrawbox50=\box10236
\l@dRcolrawbox50=\box10237
\l@dLcolrawbox49=\box10238
\l@dRcolrawbox49=\box10239
\l@dLcolrawbox48=\box10240
\l@dRcolrawbox48=\box10241
\l@dLcolrawbox47=\box10242
\l@dRcolrawbox47=\box10243
\l@dLcolrawbox46=\box10244
\l@dRcolrawbox46=\box10245
\l@dLcolrawbox45=\box10246
\l@dRcolrawbox45=\box10247
\l@dLcolrawbox44=\box10248
\l@dRcolrawbox44=\box10249
\l@dLcolrawbox43=\box10250
\l@dRcolrawbox43=\box10251
\l@dLcolrawbox42=\box10252
\l@dRcolrawbox42=\box10253
\l@dLcolrawbox41=\box10254
\l@dRcolrawbox41=\box10255
\l@dLcolrawbox40=\box10256
\l@dRcolrawbox40=\box10257
\l@dLcolrawbox39=\box10258
\l@dRcolrawbox39=\box10259
\l@dLcolrawbox38=\box10260
\l@dRcolrawbox38=\box10261
\l@dLcolrawbox37=\box10262
\l@dRcolrawbox37=\box10263
\l@dLcolrawbox36=\box10264
\l@dRcolrawbox36=\box10265
\l@dLcolrawbox35=\box10266
\l@dRcolrawbox35=\box10267
\l@dLcolrawbox34=\box10268
\l@dRcolrawbox34=\box10269
\l@dLcolrawbox33=\box10270
\l@dRcolrawbox33=\box10271
\l@dLcolrawbox32=\box10272
\l@dRcolrawbox32=\box10273
\l@dLcolrawbox31=\box10274
\l@dRcolrawbox31=\box10275
\l@dLcolrawbox30=\box10276
\l@dRcolrawbox30=\box10277
\l@dLcolrawbox29=\box10278
\l@dRcolrawbox29=\box10279
\l@dLcolrawbox28=\box10280
\l@dRcolrawbox28=\box10281
\l@dLcolrawbox27=\box10282
\l@dRcolrawbox27=\box10283
\l@dLcolrawbox26=\box10284
\l@dRcolrawbox26=\box10285
\l@dLcolrawbox25=\box10286
\l@dRcolrawbox25=\box10287
\l@dLcolrawbox24=\box10288
\l@dRcolrawbox24=\box10289
\l@dLcolrawbox23=\box10290
\l@dRcolrawbox23=\box10291
\l@dLcolrawbox22=\box10292
\l@dRcolrawbox22=\box10293
\l@dLcolrawbox21=\box10294
\l@dRcolrawbox21=\box10295
\l@dLcolrawbox20=\box10296
\l@dRcolrawbox20=\box10297
\l@dLcolrawbox19=\box10298
\l@dRcolrawbox19=\box10299
\l@dLcolrawbox18=\box10300
\l@dRcolrawbox18=\box10301
\l@dLcolrawbox17=\box10302
\l@dRcolrawbox17=\box10303
\l@dLcolrawbox16=\box10304
\l@dRcolrawbox16=\box10305
\l@dLcolrawbox15=\box10306
\l@dRcolrawbox15=\box10307
\l@dLcolrawbox14=\box10308
\l@dRcolrawbox14=\box10309
\l@dLcolrawbox13=\box10310
\l@dRcolrawbox13=\box10311
\l@dLcolrawbox12=\box10312
\l@dRcolrawbox12=\box10313
\l@dLcolrawbox11=\box10314
\l@dRcolrawbox11=\box10315
\l@dLcolrawbox10=\box10316
\l@dRcolrawbox10=\box10317
\l@dLcolrawbox9=\box10318
\l@dRcolrawbox9=\box10319
\l@dLcolrawbox8=\box10320
\l@dRcolrawbox8=\box10321
\l@dLcolrawbox7=\box10322
\l@dRcolrawbox7=\box10323
\l@dLcolrawbox6=\box10324
\l@dRcolrawbox6=\box10325
\l@dLcolrawbox5=\box10326
\l@dRcolrawbox5=\box10327
\l@dLcolrawbox4=\box10328
\l@dRcolrawbox4=\box10329
\l@dLcolrawbox3=\box10330
\l@dRcolrawbox3=\box10331
\l@dLcolrawbox2=\box10332
\l@dRcolrawbox2=\box10333
\l@dLcolrawbox1=\box10334
\l@dRcolrawbox1=\box10335
\l@dmaxlinesinpar5120=\count281
\l@dmaxlinesinpar5119=\count282
\l@dmaxlinesinpar5118=\count283
\l@dmaxlinesinpar5117=\count284
\l@dmaxlinesinpar5116=\count285
\l@dmaxlinesinpar5115=\count286
\l@dmaxlinesinpar5114=\count287
\l@dmaxlinesinpar5113=\count288
\l@dmaxlinesinpar5112=\count289
\l@dmaxlinesinpar5111=\count290
\l@dmaxlinesinpar5110=\count291
\l@dmaxlinesinpar5109=\count292
\l@dmaxlinesinpar5108=\count293
\l@dmaxlinesinpar5107=\count294
\l@dmaxlinesinpar5106=\count295
\l@dmaxlinesinpar5105=\count296
\l@dmaxlinesinpar5104=\count297
\l@dmaxlinesinpar5103=\count298
\l@dmaxlinesinpar5102=\count299
\l@dmaxlinesinpar5101=\count300
\l@dmaxlinesinpar5100=\count301
\l@dmaxlinesinpar5099=\count302
\l@dmaxlinesinpar5098=\count303
\l@dmaxlinesinpar5097=\count304
\l@dmaxlinesinpar5096=\count305
\l@dmaxlinesinpar5095=\count306
\l@dmaxlinesinpar5094=\count307
\l@dmaxlinesinpar5093=\count308
\l@dmaxlinesinpar5092=\count309
\l@dmaxlinesinpar5091=\count310
\l@dmaxlinesinpar5090=\count311
\l@dmaxlinesinpar5089=\count312
\l@dmaxlinesinpar5088=\count313
\l@dmaxlinesinpar5087=\count314
\l@dmaxlinesinpar5086=\count315
\l@dmaxlinesinpar5085=\count316
\l@dmaxlinesinpar5084=\count317
\l@dmaxlinesinpar5083=\count318
\l@dmaxlinesinpar5082=\count319
\l@dmaxlinesinpar5081=\count320
\l@dmaxlinesinpar5080=\count321
\l@dmaxlinesinpar5079=\count322
\l@dmaxlinesinpar5078=\count323
\l@dmaxlinesinpar5077=\count324
\l@dmaxlinesinpar5076=\count325
\l@dmaxlinesinpar5075=\count326
\l@dmaxlinesinpar5074=\count327
\l@dmaxlinesinpar5073=\count328
\l@dmaxlinesinpar5072=\count329
\l@dmaxlinesinpar5071=\count330
\l@dmaxlinesinpar5070=\count331
\l@dmaxlinesinpar5069=\count332
\l@dmaxlinesinpar5068=\count333
\l@dmaxlinesinpar5067=\count334
\l@dmaxlinesinpar5066=\count335
\l@dmaxlinesinpar5065=\count336
\l@dmaxlinesinpar5064=\count337
\l@dmaxlinesinpar5063=\count338
\l@dmaxlinesinpar5062=\count339
\l@dmaxlinesinpar5061=\count340
\l@dmaxlinesinpar5060=\count341
\l@dmaxlinesinpar5059=\count342
\l@dmaxlinesinpar5058=\count343
\l@dmaxlinesinpar5057=\count344
\l@dmaxlinesinpar5056=\count345
\l@dmaxlinesinpar5055=\count346
\l@dmaxlinesinpar5054=\count347
\l@dmaxlinesinpar5053=\count348
\l@dmaxlinesinpar5052=\count349
\l@dmaxlinesinpar5051=\count350
\l@dmaxlinesinpar5050=\count351
\l@dmaxlinesinpar5049=\count352
\l@dmaxlinesinpar5048=\count353
\l@dmaxlinesinpar5047=\count354
\l@dmaxlinesinpar5046=\count355
\l@dmaxlinesinpar5045=\count356
\l@dmaxlinesinpar5044=\count357
\l@dmaxlinesinpar5043=\count358
\l@dmaxlinesinpar5042=\count359
\l@dmaxlinesinpar5041=\count360
\l@dmaxlinesinpar5040=\count361
\l@dmaxlinesinpar5039=\count362
\l@dmaxlinesinpar5038=\count363
\l@dmaxlinesinpar5037=\count364
\l@dmaxlinesinpar5036=\count365
\l@dmaxlinesinpar5035=\count366
\l@dmaxlinesinpar5034=\count367
\l@dmaxlinesinpar5033=\count368
\l@dmaxlinesinpar5032=\count369
\l@dmaxlinesinpar5031=\count370
\l@dmaxlinesinpar5030=\count371
\l@dmaxlinesinpar5029=\count372
\l@dmaxlinesinpar5028=\count373
\l@dmaxlinesinpar5027=\count374
\l@dmaxlinesinpar5026=\count375
\l@dmaxlinesinpar5025=\count376
\l@dmaxlinesinpar5024=\count377
\l@dmaxlinesinpar5023=\count378
\l@dmaxlinesinpar5022=\count379
\l@dmaxlinesinpar5021=\count380
\l@dmaxlinesinpar5020=\count381
\l@dmaxlinesinpar5019=\count382
\l@dmaxlinesinpar5018=\count383
\l@dmaxlinesinpar5017=\count384
\l@dmaxlinesinpar5016=\count385
\l@dmaxlinesinpar5015=\count386
\l@dmaxlinesinpar5014=\count387
\l@dmaxlinesinpar5013=\count388
\l@dmaxlinesinpar5012=\count389
\l@dmaxlinesinpar5011=\count390
\l@dmaxlinesinpar5010=\count391
\l@dmaxlinesinpar5009=\count392
\l@dmaxlinesinpar5008=\count393
\l@dmaxlinesinpar5007=\count394
\l@dmaxlinesinpar5006=\count395
\l@dmaxlinesinpar5005=\count396
\l@dmaxlinesinpar5004=\count397
\l@dmaxlinesinpar5003=\count398
\l@dmaxlinesinpar5002=\count399
\l@dmaxlinesinpar5001=\count400
\l@dmaxlinesinpar5000=\count401
\l@dmaxlinesinpar4999=\count402
\l@dmaxlinesinpar4998=\count403
\l@dmaxlinesinpar4997=\count404
\l@dmaxlinesinpar4996=\count405
\l@dmaxlinesinpar4995=\count406
\l@dmaxlinesinpar4994=\count407
\l@dmaxlinesinpar4993=\count408
\l@dmaxlinesinpar4992=\count409
\l@dmaxlinesinpar4991=\count410
\l@dmaxlinesinpar4990=\count411
\l@dmaxlinesinpar4989=\count412
\l@dmaxlinesinpar4988=\count413
\l@dmaxlinesinpar4987=\count414
\l@dmaxlinesinpar4986=\count415
\l@dmaxlinesinpar4985=\count416
\l@dmaxlinesinpar4984=\count417
\l@dmaxlinesinpar4983=\count418
\l@dmaxlinesinpar4982=\count419
\l@dmaxlinesinpar4981=\count420
\l@dmaxlinesinpar4980=\count421
\l@dmaxlinesinpar4979=\count422
\l@dmaxlinesinpar4978=\count423
\l@dmaxlinesinpar4977=\count424
\l@dmaxlinesinpar4976=\count425
\l@dmaxlinesinpar4975=\count426
\l@dmaxlinesinpar4974=\count427
\l@dmaxlinesinpar4973=\count428
\l@dmaxlinesinpar4972=\count429
\l@dmaxlinesinpar4971=\count430
\l@dmaxlinesinpar4970=\count431
\l@dmaxlinesinpar4969=\count432
\l@dmaxlinesinpar4968=\count433
\l@dmaxlinesinpar4967=\count434
\l@dmaxlinesinpar4966=\count435
\l@dmaxlinesinpar4965=\count436
\l@dmaxlinesinpar4964=\count437
\l@dmaxlinesinpar4963=\count438
\l@dmaxlinesinpar4962=\count439
\l@dmaxlinesinpar4961=\count440
\l@dmaxlinesinpar4960=\count441
\l@dmaxlinesinpar4959=\count442
\l@dmaxlinesinpar4958=\count443
\l@dmaxlinesinpar4957=\count444
\l@dmaxlinesinpar4956=\count445
\l@dmaxlinesinpar4955=\count446
\l@dmaxlinesinpar4954=\count447
\l@dmaxlinesinpar4953=\count448
\l@dmaxlinesinpar4952=\count449
\l@dmaxlinesinpar4951=\count450
\l@dmaxlinesinpar4950=\count451
\l@dmaxlinesinpar4949=\count452
\l@dmaxlinesinpar4948=\count453
\l@dmaxlinesinpar4947=\count454
\l@dmaxlinesinpar4946=\count455
\l@dmaxlinesinpar4945=\count456
\l@dmaxlinesinpar4944=\count457
\l@dmaxlinesinpar4943=\count458
\l@dmaxlinesinpar4942=\count459
\l@dmaxlinesinpar4941=\count460
\l@dmaxlinesinpar4940=\count461
\l@dmaxlinesinpar4939=\count462
\l@dmaxlinesinpar4938=\count463
\l@dmaxlinesinpar4937=\count464
\l@dmaxlinesinpar4936=\count465
\l@dmaxlinesinpar4935=\count466
\l@dmaxlinesinpar4934=\count467
\l@dmaxlinesinpar4933=\count468
\l@dmaxlinesinpar4932=\count469
\l@dmaxlinesinpar4931=\count470
\l@dmaxlinesinpar4930=\count471
\l@dmaxlinesinpar4929=\count472
\l@dmaxlinesinpar4928=\count473
\l@dmaxlinesinpar4927=\count474
\l@dmaxlinesinpar4926=\count475
\l@dmaxlinesinpar4925=\count476
\l@dmaxlinesinpar4924=\count477
\l@dmaxlinesinpar4923=\count478
\l@dmaxlinesinpar4922=\count479
\l@dmaxlinesinpar4921=\count480
\l@dmaxlinesinpar4920=\count481
\l@dmaxlinesinpar4919=\count482
\l@dmaxlinesinpar4918=\count483
\l@dmaxlinesinpar4917=\count484
\l@dmaxlinesinpar4916=\count485
\l@dmaxlinesinpar4915=\count486
\l@dmaxlinesinpar4914=\count487
\l@dmaxlinesinpar4913=\count488
\l@dmaxlinesinpar4912=\count489
\l@dmaxlinesinpar4911=\count490
\l@dmaxlinesinpar4910=\count491
\l@dmaxlinesinpar4909=\count492
\l@dmaxlinesinpar4908=\count493
\l@dmaxlinesinpar4907=\count494
\l@dmaxlinesinpar4906=\count495
\l@dmaxlinesinpar4905=\count496
\l@dmaxlinesinpar4904=\count497
\l@dmaxlinesinpar4903=\count498
\l@dmaxlinesinpar4902=\count499
\l@dmaxlinesinpar4901=\count500
\l@dmaxlinesinpar4900=\count501
\l@dmaxlinesinpar4899=\count502
\l@dmaxlinesinpar4898=\count503
\l@dmaxlinesinpar4897=\count504
\l@dmaxlinesinpar4896=\count505
\l@dmaxlinesinpar4895=\count506
\l@dmaxlinesinpar4894=\count507
\l@dmaxlinesinpar4893=\count508
\l@dmaxlinesinpar4892=\count509
\l@dmaxlinesinpar4891=\count510
\l@dmaxlinesinpar4890=\count511
\l@dmaxlinesinpar4889=\count512
\l@dmaxlinesinpar4888=\count513
\l@dmaxlinesinpar4887=\count514
\l@dmaxlinesinpar4886=\count515
\l@dmaxlinesinpar4885=\count516
\l@dmaxlinesinpar4884=\count517
\l@dmaxlinesinpar4883=\count518
\l@dmaxlinesinpar4882=\count519
\l@dmaxlinesinpar4881=\count520
\l@dmaxlinesinpar4880=\count521
\l@dmaxlinesinpar4879=\count522
\l@dmaxlinesinpar4878=\count523
\l@dmaxlinesinpar4877=\count524
\l@dmaxlinesinpar4876=\count525
\l@dmaxlinesinpar4875=\count526
\l@dmaxlinesinpar4874=\count527
\l@dmaxlinesinpar4873=\count528
\l@dmaxlinesinpar4872=\count529
\l@dmaxlinesinpar4871=\count530
\l@dmaxlinesinpar4870=\count531
\l@dmaxlinesinpar4869=\count532
\l@dmaxlinesinpar4868=\count533
\l@dmaxlinesinpar4867=\count534
\l@dmaxlinesinpar4866=\count535
\l@dmaxlinesinpar4865=\count536
\l@dmaxlinesinpar4864=\count537
\l@dmaxlinesinpar4863=\count538
\l@dmaxlinesinpar4862=\count539
\l@dmaxlinesinpar4861=\count540
\l@dmaxlinesinpar4860=\count541
\l@dmaxlinesinpar4859=\count542
\l@dmaxlinesinpar4858=\count543
\l@dmaxlinesinpar4857=\count544
\l@dmaxlinesinpar4856=\count545
\l@dmaxlinesinpar4855=\count546
\l@dmaxlinesinpar4854=\count547
\l@dmaxlinesinpar4853=\count548
\l@dmaxlinesinpar4852=\count549
\l@dmaxlinesinpar4851=\count550
\l@dmaxlinesinpar4850=\count551
\l@dmaxlinesinpar4849=\count552
\l@dmaxlinesinpar4848=\count553
\l@dmaxlinesinpar4847=\count554
\l@dmaxlinesinpar4846=\count555
\l@dmaxlinesinpar4845=\count556
\l@dmaxlinesinpar4844=\count557
\l@dmaxlinesinpar4843=\count558
\l@dmaxlinesinpar4842=\count559
\l@dmaxlinesinpar4841=\count560
\l@dmaxlinesinpar4840=\count561
\l@dmaxlinesinpar4839=\count562
\l@dmaxlinesinpar4838=\count563
\l@dmaxlinesinpar4837=\count564
\l@dmaxlinesinpar4836=\count565
\l@dmaxlinesinpar4835=\count566
\l@dmaxlinesinpar4834=\count567
\l@dmaxlinesinpar4833=\count568
\l@dmaxlinesinpar4832=\count569
\l@dmaxlinesinpar4831=\count570
\l@dmaxlinesinpar4830=\count571
\l@dmaxlinesinpar4829=\count572
\l@dmaxlinesinpar4828=\count573
\l@dmaxlinesinpar4827=\count574
\l@dmaxlinesinpar4826=\count575
\l@dmaxlinesinpar4825=\count576
\l@dmaxlinesinpar4824=\count577
\l@dmaxlinesinpar4823=\count578
\l@dmaxlinesinpar4822=\count579
\l@dmaxlinesinpar4821=\count580
\l@dmaxlinesinpar4820=\count581
\l@dmaxlinesinpar4819=\count582
\l@dmaxlinesinpar4818=\count583
\l@dmaxlinesinpar4817=\count584
\l@dmaxlinesinpar4816=\count585
\l@dmaxlinesinpar4815=\count586
\l@dmaxlinesinpar4814=\count587
\l@dmaxlinesinpar4813=\count588
\l@dmaxlinesinpar4812=\count589
\l@dmaxlinesinpar4811=\count590
\l@dmaxlinesinpar4810=\count591
\l@dmaxlinesinpar4809=\count592
\l@dmaxlinesinpar4808=\count593
\l@dmaxlinesinpar4807=\count594
\l@dmaxlinesinpar4806=\count595
\l@dmaxlinesinpar4805=\count596
\l@dmaxlinesinpar4804=\count597
\l@dmaxlinesinpar4803=\count598
\l@dmaxlinesinpar4802=\count599
\l@dmaxlinesinpar4801=\count600
\l@dmaxlinesinpar4800=\count601
\l@dmaxlinesinpar4799=\count602
\l@dmaxlinesinpar4798=\count603
\l@dmaxlinesinpar4797=\count604
\l@dmaxlinesinpar4796=\count605
\l@dmaxlinesinpar4795=\count606
\l@dmaxlinesinpar4794=\count607
\l@dmaxlinesinpar4793=\count608
\l@dmaxlinesinpar4792=\count609
\l@dmaxlinesinpar4791=\count610
\l@dmaxlinesinpar4790=\count611
\l@dmaxlinesinpar4789=\count612
\l@dmaxlinesinpar4788=\count613
\l@dmaxlinesinpar4787=\count614
\l@dmaxlinesinpar4786=\count615
\l@dmaxlinesinpar4785=\count616
\l@dmaxlinesinpar4784=\count617
\l@dmaxlinesinpar4783=\count618
\l@dmaxlinesinpar4782=\count619
\l@dmaxlinesinpar4781=\count620
\l@dmaxlinesinpar4780=\count621
\l@dmaxlinesinpar4779=\count622
\l@dmaxlinesinpar4778=\count623
\l@dmaxlinesinpar4777=\count624
\l@dmaxlinesinpar4776=\count625
\l@dmaxlinesinpar4775=\count626
\l@dmaxlinesinpar4774=\count627
\l@dmaxlinesinpar4773=\count628
\l@dmaxlinesinpar4772=\count629
\l@dmaxlinesinpar4771=\count630
\l@dmaxlinesinpar4770=\count631
\l@dmaxlinesinpar4769=\count632
\l@dmaxlinesinpar4768=\count633
\l@dmaxlinesinpar4767=\count634
\l@dmaxlinesinpar4766=\count635
\l@dmaxlinesinpar4765=\count636
\l@dmaxlinesinpar4764=\count637
\l@dmaxlinesinpar4763=\count638
\l@dmaxlinesinpar4762=\count639
\l@dmaxlinesinpar4761=\count640
\l@dmaxlinesinpar4760=\count641
\l@dmaxlinesinpar4759=\count642
\l@dmaxlinesinpar4758=\count643
\l@dmaxlinesinpar4757=\count644
\l@dmaxlinesinpar4756=\count645
\l@dmaxlinesinpar4755=\count646
\l@dmaxlinesinpar4754=\count647
\l@dmaxlinesinpar4753=\count648
\l@dmaxlinesinpar4752=\count649
\l@dmaxlinesinpar4751=\count650
\l@dmaxlinesinpar4750=\count651
\l@dmaxlinesinpar4749=\count652
\l@dmaxlinesinpar4748=\count653
\l@dmaxlinesinpar4747=\count654
\l@dmaxlinesinpar4746=\count655
\l@dmaxlinesinpar4745=\count656
\l@dmaxlinesinpar4744=\count657
\l@dmaxlinesinpar4743=\count658
\l@dmaxlinesinpar4742=\count659
\l@dmaxlinesinpar4741=\count660
\l@dmaxlinesinpar4740=\count661
\l@dmaxlinesinpar4739=\count662
\l@dmaxlinesinpar4738=\count663
\l@dmaxlinesinpar4737=\count664
\l@dmaxlinesinpar4736=\count665
\l@dmaxlinesinpar4735=\count666
\l@dmaxlinesinpar4734=\count667
\l@dmaxlinesinpar4733=\count668
\l@dmaxlinesinpar4732=\count669
\l@dmaxlinesinpar4731=\count670
\l@dmaxlinesinpar4730=\count671
\l@dmaxlinesinpar4729=\count672
\l@dmaxlinesinpar4728=\count673
\l@dmaxlinesinpar4727=\count674
\l@dmaxlinesinpar4726=\count675
\l@dmaxlinesinpar4725=\count676
\l@dmaxlinesinpar4724=\count677
\l@dmaxlinesinpar4723=\count678
\l@dmaxlinesinpar4722=\count679
\l@dmaxlinesinpar4721=\count680
\l@dmaxlinesinpar4720=\count681
\l@dmaxlinesinpar4719=\count682
\l@dmaxlinesinpar4718=\count683
\l@dmaxlinesinpar4717=\count684
\l@dmaxlinesinpar4716=\count685
\l@dmaxlinesinpar4715=\count686
\l@dmaxlinesinpar4714=\count687
\l@dmaxlinesinpar4713=\count688
\l@dmaxlinesinpar4712=\count689
\l@dmaxlinesinpar4711=\count690
\l@dmaxlinesinpar4710=\count691
\l@dmaxlinesinpar4709=\count692
\l@dmaxlinesinpar4708=\count693
\l@dmaxlinesinpar4707=\count694
\l@dmaxlinesinpar4706=\count695
\l@dmaxlinesinpar4705=\count696
\l@dmaxlinesinpar4704=\count697
\l@dmaxlinesinpar4703=\count698
\l@dmaxlinesinpar4702=\count699
\l@dmaxlinesinpar4701=\count700
\l@dmaxlinesinpar4700=\count701
\l@dmaxlinesinpar4699=\count702
\l@dmaxlinesinpar4698=\count703
\l@dmaxlinesinpar4697=\count704
\l@dmaxlinesinpar4696=\count705
\l@dmaxlinesinpar4695=\count706
\l@dmaxlinesinpar4694=\count707
\l@dmaxlinesinpar4693=\count708
\l@dmaxlinesinpar4692=\count709
\l@dmaxlinesinpar4691=\count710
\l@dmaxlinesinpar4690=\count711
\l@dmaxlinesinpar4689=\count712
\l@dmaxlinesinpar4688=\count713
\l@dmaxlinesinpar4687=\count714
\l@dmaxlinesinpar4686=\count715
\l@dmaxlinesinpar4685=\count716
\l@dmaxlinesinpar4684=\count717
\l@dmaxlinesinpar4683=\count718
\l@dmaxlinesinpar4682=\count719
\l@dmaxlinesinpar4681=\count720
\l@dmaxlinesinpar4680=\count721
\l@dmaxlinesinpar4679=\count722
\l@dmaxlinesinpar4678=\count723
\l@dmaxlinesinpar4677=\count724
\l@dmaxlinesinpar4676=\count725
\l@dmaxlinesinpar4675=\count726
\l@dmaxlinesinpar4674=\count727
\l@dmaxlinesinpar4673=\count728
\l@dmaxlinesinpar4672=\count729
\l@dmaxlinesinpar4671=\count730
\l@dmaxlinesinpar4670=\count731
\l@dmaxlinesinpar4669=\count732
\l@dmaxlinesinpar4668=\count733
\l@dmaxlinesinpar4667=\count734
\l@dmaxlinesinpar4666=\count735
\l@dmaxlinesinpar4665=\count736
\l@dmaxlinesinpar4664=\count737
\l@dmaxlinesinpar4663=\count738
\l@dmaxlinesinpar4662=\count739
\l@dmaxlinesinpar4661=\count740
\l@dmaxlinesinpar4660=\count741
\l@dmaxlinesinpar4659=\count742
\l@dmaxlinesinpar4658=\count743
\l@dmaxlinesinpar4657=\count744
\l@dmaxlinesinpar4656=\count745
\l@dmaxlinesinpar4655=\count746
\l@dmaxlinesinpar4654=\count747
\l@dmaxlinesinpar4653=\count748
\l@dmaxlinesinpar4652=\count749
\l@dmaxlinesinpar4651=\count750
\l@dmaxlinesinpar4650=\count751
\l@dmaxlinesinpar4649=\count752
\l@dmaxlinesinpar4648=\count753
\l@dmaxlinesinpar4647=\count754
\l@dmaxlinesinpar4646=\count755
\l@dmaxlinesinpar4645=\count756
\l@dmaxlinesinpar4644=\count757
\l@dmaxlinesinpar4643=\count758
\l@dmaxlinesinpar4642=\count759
\l@dmaxlinesinpar4641=\count760
\l@dmaxlinesinpar4640=\count761
\l@dmaxlinesinpar4639=\count762
\l@dmaxlinesinpar4638=\count763
\l@dmaxlinesinpar4637=\count764
\l@dmaxlinesinpar4636=\count765
\l@dmaxlinesinpar4635=\count766
\l@dmaxlinesinpar4634=\count767
\l@dmaxlinesinpar4633=\count768
\l@dmaxlinesinpar4632=\count769
\l@dmaxlinesinpar4631=\count770
\l@dmaxlinesinpar4630=\count771
\l@dmaxlinesinpar4629=\count772
\l@dmaxlinesinpar4628=\count773
\l@dmaxlinesinpar4627=\count774
\l@dmaxlinesinpar4626=\count775
\l@dmaxlinesinpar4625=\count776
\l@dmaxlinesinpar4624=\count777
\l@dmaxlinesinpar4623=\count778
\l@dmaxlinesinpar4622=\count779
\l@dmaxlinesinpar4621=\count780
\l@dmaxlinesinpar4620=\count781
\l@dmaxlinesinpar4619=\count782
\l@dmaxlinesinpar4618=\count783
\l@dmaxlinesinpar4617=\count784
\l@dmaxlinesinpar4616=\count785
\l@dmaxlinesinpar4615=\count786
\l@dmaxlinesinpar4614=\count787
\l@dmaxlinesinpar4613=\count788
\l@dmaxlinesinpar4612=\count789
\l@dmaxlinesinpar4611=\count790
\l@dmaxlinesinpar4610=\count791
\l@dmaxlinesinpar4609=\count792
\l@dmaxlinesinpar4608=\count793
\l@dmaxlinesinpar4607=\count794
\l@dmaxlinesinpar4606=\count795
\l@dmaxlinesinpar4605=\count796
\l@dmaxlinesinpar4604=\count797
\l@dmaxlinesinpar4603=\count798
\l@dmaxlinesinpar4602=\count799
\l@dmaxlinesinpar4601=\count800
\l@dmaxlinesinpar4600=\count801
\l@dmaxlinesinpar4599=\count802
\l@dmaxlinesinpar4598=\count803
\l@dmaxlinesinpar4597=\count804
\l@dmaxlinesinpar4596=\count805
\l@dmaxlinesinpar4595=\count806
\l@dmaxlinesinpar4594=\count807
\l@dmaxlinesinpar4593=\count808
\l@dmaxlinesinpar4592=\count809
\l@dmaxlinesinpar4591=\count810
\l@dmaxlinesinpar4590=\count811
\l@dmaxlinesinpar4589=\count812
\l@dmaxlinesinpar4588=\count813
\l@dmaxlinesinpar4587=\count814
\l@dmaxlinesinpar4586=\count815
\l@dmaxlinesinpar4585=\count816
\l@dmaxlinesinpar4584=\count817
\l@dmaxlinesinpar4583=\count818
\l@dmaxlinesinpar4582=\count819
\l@dmaxlinesinpar4581=\count820
\l@dmaxlinesinpar4580=\count821
\l@dmaxlinesinpar4579=\count822
\l@dmaxlinesinpar4578=\count823
\l@dmaxlinesinpar4577=\count824
\l@dmaxlinesinpar4576=\count825
\l@dmaxlinesinpar4575=\count826
\l@dmaxlinesinpar4574=\count827
\l@dmaxlinesinpar4573=\count828
\l@dmaxlinesinpar4572=\count829
\l@dmaxlinesinpar4571=\count830
\l@dmaxlinesinpar4570=\count831
\l@dmaxlinesinpar4569=\count832
\l@dmaxlinesinpar4568=\count833
\l@dmaxlinesinpar4567=\count834
\l@dmaxlinesinpar4566=\count835
\l@dmaxlinesinpar4565=\count836
\l@dmaxlinesinpar4564=\count837
\l@dmaxlinesinpar4563=\count838
\l@dmaxlinesinpar4562=\count839
\l@dmaxlinesinpar4561=\count840
\l@dmaxlinesinpar4560=\count841
\l@dmaxlinesinpar4559=\count842
\l@dmaxlinesinpar4558=\count843
\l@dmaxlinesinpar4557=\count844
\l@dmaxlinesinpar4556=\count845
\l@dmaxlinesinpar4555=\count846
\l@dmaxlinesinpar4554=\count847
\l@dmaxlinesinpar4553=\count848
\l@dmaxlinesinpar4552=\count849
\l@dmaxlinesinpar4551=\count850
\l@dmaxlinesinpar4550=\count851
\l@dmaxlinesinpar4549=\count852
\l@dmaxlinesinpar4548=\count853
\l@dmaxlinesinpar4547=\count854
\l@dmaxlinesinpar4546=\count855
\l@dmaxlinesinpar4545=\count856
\l@dmaxlinesinpar4544=\count857
\l@dmaxlinesinpar4543=\count858
\l@dmaxlinesinpar4542=\count859
\l@dmaxlinesinpar4541=\count860
\l@dmaxlinesinpar4540=\count861
\l@dmaxlinesinpar4539=\count862
\l@dmaxlinesinpar4538=\count863
\l@dmaxlinesinpar4537=\count864
\l@dmaxlinesinpar4536=\count865
\l@dmaxlinesinpar4535=\count866
\l@dmaxlinesinpar4534=\count867
\l@dmaxlinesinpar4533=\count868
\l@dmaxlinesinpar4532=\count869
\l@dmaxlinesinpar4531=\count870
\l@dmaxlinesinpar4530=\count871
\l@dmaxlinesinpar4529=\count872
\l@dmaxlinesinpar4528=\count873
\l@dmaxlinesinpar4527=\count874
\l@dmaxlinesinpar4526=\count875
\l@dmaxlinesinpar4525=\count876
\l@dmaxlinesinpar4524=\count877
\l@dmaxlinesinpar4523=\count878
\l@dmaxlinesinpar4522=\count879
\l@dmaxlinesinpar4521=\count880
\l@dmaxlinesinpar4520=\count881
\l@dmaxlinesinpar4519=\count882
\l@dmaxlinesinpar4518=\count883
\l@dmaxlinesinpar4517=\count884
\l@dmaxlinesinpar4516=\count885
\l@dmaxlinesinpar4515=\count886
\l@dmaxlinesinpar4514=\count887
\l@dmaxlinesinpar4513=\count888
\l@dmaxlinesinpar4512=\count889
\l@dmaxlinesinpar4511=\count890
\l@dmaxlinesinpar4510=\count891
\l@dmaxlinesinpar4509=\count892
\l@dmaxlinesinpar4508=\count893
\l@dmaxlinesinpar4507=\count894
\l@dmaxlinesinpar4506=\count895
\l@dmaxlinesinpar4505=\count896
\l@dmaxlinesinpar4504=\count897
\l@dmaxlinesinpar4503=\count898
\l@dmaxlinesinpar4502=\count899
\l@dmaxlinesinpar4501=\count900
\l@dmaxlinesinpar4500=\count901
\l@dmaxlinesinpar4499=\count902
\l@dmaxlinesinpar4498=\count903
\l@dmaxlinesinpar4497=\count904
\l@dmaxlinesinpar4496=\count905
\l@dmaxlinesinpar4495=\count906
\l@dmaxlinesinpar4494=\count907
\l@dmaxlinesinpar4493=\count908
\l@dmaxlinesinpar4492=\count909
\l@dmaxlinesinpar4491=\count910
\l@dmaxlinesinpar4490=\count911
\l@dmaxlinesinpar4489=\count912
\l@dmaxlinesinpar4488=\count913
\l@dmaxlinesinpar4487=\count914
\l@dmaxlinesinpar4486=\count915
\l@dmaxlinesinpar4485=\count916
\l@dmaxlinesinpar4484=\count917
\l@dmaxlinesinpar4483=\count918
\l@dmaxlinesinpar4482=\count919
\l@dmaxlinesinpar4481=\count920
\l@dmaxlinesinpar4480=\count921
\l@dmaxlinesinpar4479=\count922
\l@dmaxlinesinpar4478=\count923
\l@dmaxlinesinpar4477=\count924
\l@dmaxlinesinpar4476=\count925
\l@dmaxlinesinpar4475=\count926
\l@dmaxlinesinpar4474=\count927
\l@dmaxlinesinpar4473=\count928
\l@dmaxlinesinpar4472=\count929
\l@dmaxlinesinpar4471=\count930
\l@dmaxlinesinpar4470=\count931
\l@dmaxlinesinpar4469=\count932
\l@dmaxlinesinpar4468=\count933
\l@dmaxlinesinpar4467=\count934
\l@dmaxlinesinpar4466=\count935
\l@dmaxlinesinpar4465=\count936
\l@dmaxlinesinpar4464=\count937
\l@dmaxlinesinpar4463=\count938
\l@dmaxlinesinpar4462=\count939
\l@dmaxlinesinpar4461=\count940
\l@dmaxlinesinpar4460=\count941
\l@dmaxlinesinpar4459=\count942
\l@dmaxlinesinpar4458=\count943
\l@dmaxlinesinpar4457=\count944
\l@dmaxlinesinpar4456=\count945
\l@dmaxlinesinpar4455=\count946
\l@dmaxlinesinpar4454=\count947
\l@dmaxlinesinpar4453=\count948
\l@dmaxlinesinpar4452=\count949
\l@dmaxlinesinpar4451=\count950
\l@dmaxlinesinpar4450=\count951
\l@dmaxlinesinpar4449=\count952
\l@dmaxlinesinpar4448=\count953
\l@dmaxlinesinpar4447=\count954
\l@dmaxlinesinpar4446=\count955
\l@dmaxlinesinpar4445=\count956
\l@dmaxlinesinpar4444=\count957
\l@dmaxlinesinpar4443=\count958
\l@dmaxlinesinpar4442=\count959
\l@dmaxlinesinpar4441=\count960
\l@dmaxlinesinpar4440=\count961
\l@dmaxlinesinpar4439=\count962
\l@dmaxlinesinpar4438=\count963
\l@dmaxlinesinpar4437=\count964
\l@dmaxlinesinpar4436=\count965
\l@dmaxlinesinpar4435=\count966
\l@dmaxlinesinpar4434=\count967
\l@dmaxlinesinpar4433=\count968
\l@dmaxlinesinpar4432=\count969
\l@dmaxlinesinpar4431=\count970
\l@dmaxlinesinpar4430=\count971
\l@dmaxlinesinpar4429=\count972
\l@dmaxlinesinpar4428=\count973
\l@dmaxlinesinpar4427=\count974
\l@dmaxlinesinpar4426=\count975
\l@dmaxlinesinpar4425=\count976
\l@dmaxlinesinpar4424=\count977
\l@dmaxlinesinpar4423=\count978
\l@dmaxlinesinpar4422=\count979
\l@dmaxlinesinpar4421=\count980
\l@dmaxlinesinpar4420=\count981
\l@dmaxlinesinpar4419=\count982
\l@dmaxlinesinpar4418=\count983
\l@dmaxlinesinpar4417=\count984
\l@dmaxlinesinpar4416=\count985
\l@dmaxlinesinpar4415=\count986
\l@dmaxlinesinpar4414=\count987
\l@dmaxlinesinpar4413=\count988
\l@dmaxlinesinpar4412=\count989
\l@dmaxlinesinpar4411=\count990
\l@dmaxlinesinpar4410=\count991
\l@dmaxlinesinpar4409=\count992
\l@dmaxlinesinpar4408=\count993
\l@dmaxlinesinpar4407=\count994
\l@dmaxlinesinpar4406=\count995
\l@dmaxlinesinpar4405=\count996
\l@dmaxlinesinpar4404=\count997
\l@dmaxlinesinpar4403=\count998
\l@dmaxlinesinpar4402=\count999
\l@dmaxlinesinpar4401=\count1000
\l@dmaxlinesinpar4400=\count1001
\l@dmaxlinesinpar4399=\count1002
\l@dmaxlinesinpar4398=\count1003
\l@dmaxlinesinpar4397=\count1004
\l@dmaxlinesinpar4396=\count1005
\l@dmaxlinesinpar4395=\count1006
\l@dmaxlinesinpar4394=\count1007
\l@dmaxlinesinpar4393=\count1008
\l@dmaxlinesinpar4392=\count1009
\l@dmaxlinesinpar4391=\count1010
\l@dmaxlinesinpar4390=\count1011
\l@dmaxlinesinpar4389=\count1012
\l@dmaxlinesinpar4388=\count1013
\l@dmaxlinesinpar4387=\count1014
\l@dmaxlinesinpar4386=\count1015
\l@dmaxlinesinpar4385=\count1016
\l@dmaxlinesinpar4384=\count1017
\l@dmaxlinesinpar4383=\count1018
\l@dmaxlinesinpar4382=\count1019
\l@dmaxlinesinpar4381=\count1020
\l@dmaxlinesinpar4380=\count1021
\l@dmaxlinesinpar4379=\count1022
\l@dmaxlinesinpar4378=\count1023
\l@dmaxlinesinpar4377=\count1024
\l@dmaxlinesinpar4376=\count1025
\l@dmaxlinesinpar4375=\count1026
\l@dmaxlinesinpar4374=\count1027
\l@dmaxlinesinpar4373=\count1028
\l@dmaxlinesinpar4372=\count1029
\l@dmaxlinesinpar4371=\count1030
\l@dmaxlinesinpar4370=\count1031
\l@dmaxlinesinpar4369=\count1032
\l@dmaxlinesinpar4368=\count1033
\l@dmaxlinesinpar4367=\count1034
\l@dmaxlinesinpar4366=\count1035
\l@dmaxlinesinpar4365=\count1036
\l@dmaxlinesinpar4364=\count1037
\l@dmaxlinesinpar4363=\count1038
\l@dmaxlinesinpar4362=\count1039
\l@dmaxlinesinpar4361=\count1040
\l@dmaxlinesinpar4360=\count1041
\l@dmaxlinesinpar4359=\count1042
\l@dmaxlinesinpar4358=\count1043
\l@dmaxlinesinpar4357=\count1044
\l@dmaxlinesinpar4356=\count1045
\l@dmaxlinesinpar4355=\count1046
\l@dmaxlinesinpar4354=\count1047
\l@dmaxlinesinpar4353=\count1048
\l@dmaxlinesinpar4352=\count1049
\l@dmaxlinesinpar4351=\count1050
\l@dmaxlinesinpar4350=\count1051
\l@dmaxlinesinpar4349=\count1052
\l@dmaxlinesinpar4348=\count1053
\l@dmaxlinesinpar4347=\count1054
\l@dmaxlinesinpar4346=\count1055
\l@dmaxlinesinpar4345=\count1056
\l@dmaxlinesinpar4344=\count1057
\l@dmaxlinesinpar4343=\count1058
\l@dmaxlinesinpar4342=\count1059
\l@dmaxlinesinpar4341=\count1060
\l@dmaxlinesinpar4340=\count1061
\l@dmaxlinesinpar4339=\count1062
\l@dmaxlinesinpar4338=\count1063
\l@dmaxlinesinpar4337=\count1064
\l@dmaxlinesinpar4336=\count1065
\l@dmaxlinesinpar4335=\count1066
\l@dmaxlinesinpar4334=\count1067
\l@dmaxlinesinpar4333=\count1068
\l@dmaxlinesinpar4332=\count1069
\l@dmaxlinesinpar4331=\count1070
\l@dmaxlinesinpar4330=\count1071
\l@dmaxlinesinpar4329=\count1072
\l@dmaxlinesinpar4328=\count1073
\l@dmaxlinesinpar4327=\count1074
\l@dmaxlinesinpar4326=\count1075
\l@dmaxlinesinpar4325=\count1076
\l@dmaxlinesinpar4324=\count1077
\l@dmaxlinesinpar4323=\count1078
\l@dmaxlinesinpar4322=\count1079
\l@dmaxlinesinpar4321=\count1080
\l@dmaxlinesinpar4320=\count1081
\l@dmaxlinesinpar4319=\count1082
\l@dmaxlinesinpar4318=\count1083
\l@dmaxlinesinpar4317=\count1084
\l@dmaxlinesinpar4316=\count1085
\l@dmaxlinesinpar4315=\count1086
\l@dmaxlinesinpar4314=\count1087
\l@dmaxlinesinpar4313=\count1088
\l@dmaxlinesinpar4312=\count1089
\l@dmaxlinesinpar4311=\count1090
\l@dmaxlinesinpar4310=\count1091
\l@dmaxlinesinpar4309=\count1092
\l@dmaxlinesinpar4308=\count1093
\l@dmaxlinesinpar4307=\count1094
\l@dmaxlinesinpar4306=\count1095
\l@dmaxlinesinpar4305=\count1096
\l@dmaxlinesinpar4304=\count1097
\l@dmaxlinesinpar4303=\count1098
\l@dmaxlinesinpar4302=\count1099
\l@dmaxlinesinpar4301=\count1100
\l@dmaxlinesinpar4300=\count1101
\l@dmaxlinesinpar4299=\count1102
\l@dmaxlinesinpar4298=\count1103
\l@dmaxlinesinpar4297=\count1104
\l@dmaxlinesinpar4296=\count1105
\l@dmaxlinesinpar4295=\count1106
\l@dmaxlinesinpar4294=\count1107
\l@dmaxlinesinpar4293=\count1108
\l@dmaxlinesinpar4292=\count1109
\l@dmaxlinesinpar4291=\count1110
\l@dmaxlinesinpar4290=\count1111
\l@dmaxlinesinpar4289=\count1112
\l@dmaxlinesinpar4288=\count1113
\l@dmaxlinesinpar4287=\count1114
\l@dmaxlinesinpar4286=\count1115
\l@dmaxlinesinpar4285=\count1116
\l@dmaxlinesinpar4284=\count1117
\l@dmaxlinesinpar4283=\count1118
\l@dmaxlinesinpar4282=\count1119
\l@dmaxlinesinpar4281=\count1120
\l@dmaxlinesinpar4280=\count1121
\l@dmaxlinesinpar4279=\count1122
\l@dmaxlinesinpar4278=\count1123
\l@dmaxlinesinpar4277=\count1124
\l@dmaxlinesinpar4276=\count1125
\l@dmaxlinesinpar4275=\count1126
\l@dmaxlinesinpar4274=\count1127
\l@dmaxlinesinpar4273=\count1128
\l@dmaxlinesinpar4272=\count1129
\l@dmaxlinesinpar4271=\count1130
\l@dmaxlinesinpar4270=\count1131
\l@dmaxlinesinpar4269=\count1132
\l@dmaxlinesinpar4268=\count1133
\l@dmaxlinesinpar4267=\count1134
\l@dmaxlinesinpar4266=\count1135
\l@dmaxlinesinpar4265=\count1136
\l@dmaxlinesinpar4264=\count1137
\l@dmaxlinesinpar4263=\count1138
\l@dmaxlinesinpar4262=\count1139
\l@dmaxlinesinpar4261=\count1140
\l@dmaxlinesinpar4260=\count1141
\l@dmaxlinesinpar4259=\count1142
\l@dmaxlinesinpar4258=\count1143
\l@dmaxlinesinpar4257=\count1144
\l@dmaxlinesinpar4256=\count1145
\l@dmaxlinesinpar4255=\count1146
\l@dmaxlinesinpar4254=\count1147
\l@dmaxlinesinpar4253=\count1148
\l@dmaxlinesinpar4252=\count1149
\l@dmaxlinesinpar4251=\count1150
\l@dmaxlinesinpar4250=\count1151
\l@dmaxlinesinpar4249=\count1152
\l@dmaxlinesinpar4248=\count1153
\l@dmaxlinesinpar4247=\count1154
\l@dmaxlinesinpar4246=\count1155
\l@dmaxlinesinpar4245=\count1156
\l@dmaxlinesinpar4244=\count1157
\l@dmaxlinesinpar4243=\count1158
\l@dmaxlinesinpar4242=\count1159
\l@dmaxlinesinpar4241=\count1160
\l@dmaxlinesinpar4240=\count1161
\l@dmaxlinesinpar4239=\count1162
\l@dmaxlinesinpar4238=\count1163
\l@dmaxlinesinpar4237=\count1164
\l@dmaxlinesinpar4236=\count1165
\l@dmaxlinesinpar4235=\count1166
\l@dmaxlinesinpar4234=\count1167
\l@dmaxlinesinpar4233=\count1168
\l@dmaxlinesinpar4232=\count1169
\l@dmaxlinesinpar4231=\count1170
\l@dmaxlinesinpar4230=\count1171
\l@dmaxlinesinpar4229=\count1172
\l@dmaxlinesinpar4228=\count1173
\l@dmaxlinesinpar4227=\count1174
\l@dmaxlinesinpar4226=\count1175
\l@dmaxlinesinpar4225=\count1176
\l@dmaxlinesinpar4224=\count1177
\l@dmaxlinesinpar4223=\count1178
\l@dmaxlinesinpar4222=\count1179
\l@dmaxlinesinpar4221=\count1180
\l@dmaxlinesinpar4220=\count1181
\l@dmaxlinesinpar4219=\count1182
\l@dmaxlinesinpar4218=\count1183
\l@dmaxlinesinpar4217=\count1184
\l@dmaxlinesinpar4216=\count1185
\l@dmaxlinesinpar4215=\count1186
\l@dmaxlinesinpar4214=\count1187
\l@dmaxlinesinpar4213=\count1188
\l@dmaxlinesinpar4212=\count1189
\l@dmaxlinesinpar4211=\count1190
\l@dmaxlinesinpar4210=\count1191
\l@dmaxlinesinpar4209=\count1192
\l@dmaxlinesinpar4208=\count1193
\l@dmaxlinesinpar4207=\count1194
\l@dmaxlinesinpar4206=\count1195
\l@dmaxlinesinpar4205=\count1196
\l@dmaxlinesinpar4204=\count1197
\l@dmaxlinesinpar4203=\count1198
\l@dmaxlinesinpar4202=\count1199
\l@dmaxlinesinpar4201=\count1200
\l@dmaxlinesinpar4200=\count1201
\l@dmaxlinesinpar4199=\count1202
\l@dmaxlinesinpar4198=\count1203
\l@dmaxlinesinpar4197=\count1204
\l@dmaxlinesinpar4196=\count1205
\l@dmaxlinesinpar4195=\count1206
\l@dmaxlinesinpar4194=\count1207
\l@dmaxlinesinpar4193=\count1208
\l@dmaxlinesinpar4192=\count1209
\l@dmaxlinesinpar4191=\count1210
\l@dmaxlinesinpar4190=\count1211
\l@dmaxlinesinpar4189=\count1212
\l@dmaxlinesinpar4188=\count1213
\l@dmaxlinesinpar4187=\count1214
\l@dmaxlinesinpar4186=\count1215
\l@dmaxlinesinpar4185=\count1216
\l@dmaxlinesinpar4184=\count1217
\l@dmaxlinesinpar4183=\count1218
\l@dmaxlinesinpar4182=\count1219
\l@dmaxlinesinpar4181=\count1220
\l@dmaxlinesinpar4180=\count1221
\l@dmaxlinesinpar4179=\count1222
\l@dmaxlinesinpar4178=\count1223
\l@dmaxlinesinpar4177=\count1224
\l@dmaxlinesinpar4176=\count1225
\l@dmaxlinesinpar4175=\count1226
\l@dmaxlinesinpar4174=\count1227
\l@dmaxlinesinpar4173=\count1228
\l@dmaxlinesinpar4172=\count1229
\l@dmaxlinesinpar4171=\count1230
\l@dmaxlinesinpar4170=\count1231
\l@dmaxlinesinpar4169=\count1232
\l@dmaxlinesinpar4168=\count1233
\l@dmaxlinesinpar4167=\count1234
\l@dmaxlinesinpar4166=\count1235
\l@dmaxlinesinpar4165=\count1236
\l@dmaxlinesinpar4164=\count1237
\l@dmaxlinesinpar4163=\count1238
\l@dmaxlinesinpar4162=\count1239
\l@dmaxlinesinpar4161=\count1240
\l@dmaxlinesinpar4160=\count1241
\l@dmaxlinesinpar4159=\count1242
\l@dmaxlinesinpar4158=\count1243
\l@dmaxlinesinpar4157=\count1244
\l@dmaxlinesinpar4156=\count1245
\l@dmaxlinesinpar4155=\count1246
\l@dmaxlinesinpar4154=\count1247
\l@dmaxlinesinpar4153=\count1248
\l@dmaxlinesinpar4152=\count1249
\l@dmaxlinesinpar4151=\count1250
\l@dmaxlinesinpar4150=\count1251
\l@dmaxlinesinpar4149=\count1252
\l@dmaxlinesinpar4148=\count1253
\l@dmaxlinesinpar4147=\count1254
\l@dmaxlinesinpar4146=\count1255
\l@dmaxlinesinpar4145=\count1256
\l@dmaxlinesinpar4144=\count1257
\l@dmaxlinesinpar4143=\count1258
\l@dmaxlinesinpar4142=\count1259
\l@dmaxlinesinpar4141=\count1260
\l@dmaxlinesinpar4140=\count1261
\l@dmaxlinesinpar4139=\count1262
\l@dmaxlinesinpar4138=\count1263
\l@dmaxlinesinpar4137=\count1264
\l@dmaxlinesinpar4136=\count1265
\l@dmaxlinesinpar4135=\count1266
\l@dmaxlinesinpar4134=\count1267
\l@dmaxlinesinpar4133=\count1268
\l@dmaxlinesinpar4132=\count1269
\l@dmaxlinesinpar4131=\count1270
\l@dmaxlinesinpar4130=\count1271
\l@dmaxlinesinpar4129=\count1272
\l@dmaxlinesinpar4128=\count1273
\l@dmaxlinesinpar4127=\count1274
\l@dmaxlinesinpar4126=\count1275
\l@dmaxlinesinpar4125=\count1276
\l@dmaxlinesinpar4124=\count1277
\l@dmaxlinesinpar4123=\count1278
\l@dmaxlinesinpar4122=\count1279
\l@dmaxlinesinpar4121=\count1280
\l@dmaxlinesinpar4120=\count1281
\l@dmaxlinesinpar4119=\count1282
\l@dmaxlinesinpar4118=\count1283
\l@dmaxlinesinpar4117=\count1284
\l@dmaxlinesinpar4116=\count1285
\l@dmaxlinesinpar4115=\count1286
\l@dmaxlinesinpar4114=\count1287
\l@dmaxlinesinpar4113=\count1288
\l@dmaxlinesinpar4112=\count1289
\l@dmaxlinesinpar4111=\count1290
\l@dmaxlinesinpar4110=\count1291
\l@dmaxlinesinpar4109=\count1292
\l@dmaxlinesinpar4108=\count1293
\l@dmaxlinesinpar4107=\count1294
\l@dmaxlinesinpar4106=\count1295
\l@dmaxlinesinpar4105=\count1296
\l@dmaxlinesinpar4104=\count1297
\l@dmaxlinesinpar4103=\count1298
\l@dmaxlinesinpar4102=\count1299
\l@dmaxlinesinpar4101=\count1300
\l@dmaxlinesinpar4100=\count1301
\l@dmaxlinesinpar4099=\count1302
\l@dmaxlinesinpar4098=\count1303
\l@dmaxlinesinpar4097=\count1304
\l@dmaxlinesinpar4096=\count1305
\l@dmaxlinesinpar4095=\count1306
\l@dmaxlinesinpar4094=\count1307
\l@dmaxlinesinpar4093=\count1308
\l@dmaxlinesinpar4092=\count1309
\l@dmaxlinesinpar4091=\count1310
\l@dmaxlinesinpar4090=\count1311
\l@dmaxlinesinpar4089=\count1312
\l@dmaxlinesinpar4088=\count1313
\l@dmaxlinesinpar4087=\count1314
\l@dmaxlinesinpar4086=\count1315
\l@dmaxlinesinpar4085=\count1316
\l@dmaxlinesinpar4084=\count1317
\l@dmaxlinesinpar4083=\count1318
\l@dmaxlinesinpar4082=\count1319
\l@dmaxlinesinpar4081=\count1320
\l@dmaxlinesinpar4080=\count1321
\l@dmaxlinesinpar4079=\count1322
\l@dmaxlinesinpar4078=\count1323
\l@dmaxlinesinpar4077=\count1324
\l@dmaxlinesinpar4076=\count1325
\l@dmaxlinesinpar4075=\count1326
\l@dmaxlinesinpar4074=\count1327
\l@dmaxlinesinpar4073=\count1328
\l@dmaxlinesinpar4072=\count1329
\l@dmaxlinesinpar4071=\count1330
\l@dmaxlinesinpar4070=\count1331
\l@dmaxlinesinpar4069=\count1332
\l@dmaxlinesinpar4068=\count1333
\l@dmaxlinesinpar4067=\count1334
\l@dmaxlinesinpar4066=\count1335
\l@dmaxlinesinpar4065=\count1336
\l@dmaxlinesinpar4064=\count1337
\l@dmaxlinesinpar4063=\count1338
\l@dmaxlinesinpar4062=\count1339
\l@dmaxlinesinpar4061=\count1340
\l@dmaxlinesinpar4060=\count1341
\l@dmaxlinesinpar4059=\count1342
\l@dmaxlinesinpar4058=\count1343
\l@dmaxlinesinpar4057=\count1344
\l@dmaxlinesinpar4056=\count1345
\l@dmaxlinesinpar4055=\count1346
\l@dmaxlinesinpar4054=\count1347
\l@dmaxlinesinpar4053=\count1348
\l@dmaxlinesinpar4052=\count1349
\l@dmaxlinesinpar4051=\count1350
\l@dmaxlinesinpar4050=\count1351
\l@dmaxlinesinpar4049=\count1352
\l@dmaxlinesinpar4048=\count1353
\l@dmaxlinesinpar4047=\count1354
\l@dmaxlinesinpar4046=\count1355
\l@dmaxlinesinpar4045=\count1356
\l@dmaxlinesinpar4044=\count1357
\l@dmaxlinesinpar4043=\count1358
\l@dmaxlinesinpar4042=\count1359
\l@dmaxlinesinpar4041=\count1360
\l@dmaxlinesinpar4040=\count1361
\l@dmaxlinesinpar4039=\count1362
\l@dmaxlinesinpar4038=\count1363
\l@dmaxlinesinpar4037=\count1364
\l@dmaxlinesinpar4036=\count1365
\l@dmaxlinesinpar4035=\count1366
\l@dmaxlinesinpar4034=\count1367
\l@dmaxlinesinpar4033=\count1368
\l@dmaxlinesinpar4032=\count1369
\l@dmaxlinesinpar4031=\count1370
\l@dmaxlinesinpar4030=\count1371
\l@dmaxlinesinpar4029=\count1372
\l@dmaxlinesinpar4028=\count1373
\l@dmaxlinesinpar4027=\count1374
\l@dmaxlinesinpar4026=\count1375
\l@dmaxlinesinpar4025=\count1376
\l@dmaxlinesinpar4024=\count1377
\l@dmaxlinesinpar4023=\count1378
\l@dmaxlinesinpar4022=\count1379
\l@dmaxlinesinpar4021=\count1380
\l@dmaxlinesinpar4020=\count1381
\l@dmaxlinesinpar4019=\count1382
\l@dmaxlinesinpar4018=\count1383
\l@dmaxlinesinpar4017=\count1384
\l@dmaxlinesinpar4016=\count1385
\l@dmaxlinesinpar4015=\count1386
\l@dmaxlinesinpar4014=\count1387
\l@dmaxlinesinpar4013=\count1388
\l@dmaxlinesinpar4012=\count1389
\l@dmaxlinesinpar4011=\count1390
\l@dmaxlinesinpar4010=\count1391
\l@dmaxlinesinpar4009=\count1392
\l@dmaxlinesinpar4008=\count1393
\l@dmaxlinesinpar4007=\count1394
\l@dmaxlinesinpar4006=\count1395
\l@dmaxlinesinpar4005=\count1396
\l@dmaxlinesinpar4004=\count1397
\l@dmaxlinesinpar4003=\count1398
\l@dmaxlinesinpar4002=\count1399
\l@dmaxlinesinpar4001=\count1400
\l@dmaxlinesinpar4000=\count1401
\l@dmaxlinesinpar3999=\count1402
\l@dmaxlinesinpar3998=\count1403
\l@dmaxlinesinpar3997=\count1404
\l@dmaxlinesinpar3996=\count1405
\l@dmaxlinesinpar3995=\count1406
\l@dmaxlinesinpar3994=\count1407
\l@dmaxlinesinpar3993=\count1408
\l@dmaxlinesinpar3992=\count1409
\l@dmaxlinesinpar3991=\count1410
\l@dmaxlinesinpar3990=\count1411
\l@dmaxlinesinpar3989=\count1412
\l@dmaxlinesinpar3988=\count1413
\l@dmaxlinesinpar3987=\count1414
\l@dmaxlinesinpar3986=\count1415
\l@dmaxlinesinpar3985=\count1416
\l@dmaxlinesinpar3984=\count1417
\l@dmaxlinesinpar3983=\count1418
\l@dmaxlinesinpar3982=\count1419
\l@dmaxlinesinpar3981=\count1420
\l@dmaxlinesinpar3980=\count1421
\l@dmaxlinesinpar3979=\count1422
\l@dmaxlinesinpar3978=\count1423
\l@dmaxlinesinpar3977=\count1424
\l@dmaxlinesinpar3976=\count1425
\l@dmaxlinesinpar3975=\count1426
\l@dmaxlinesinpar3974=\count1427
\l@dmaxlinesinpar3973=\count1428
\l@dmaxlinesinpar3972=\count1429
\l@dmaxlinesinpar3971=\count1430
\l@dmaxlinesinpar3970=\count1431
\l@dmaxlinesinpar3969=\count1432
\l@dmaxlinesinpar3968=\count1433
\l@dmaxlinesinpar3967=\count1434
\l@dmaxlinesinpar3966=\count1435
\l@dmaxlinesinpar3965=\count1436
\l@dmaxlinesinpar3964=\count1437
\l@dmaxlinesinpar3963=\count1438
\l@dmaxlinesinpar3962=\count1439
\l@dmaxlinesinpar3961=\count1440
\l@dmaxlinesinpar3960=\count1441
\l@dmaxlinesinpar3959=\count1442
\l@dmaxlinesinpar3958=\count1443
\l@dmaxlinesinpar3957=\count1444
\l@dmaxlinesinpar3956=\count1445
\l@dmaxlinesinpar3955=\count1446
\l@dmaxlinesinpar3954=\count1447
\l@dmaxlinesinpar3953=\count1448
\l@dmaxlinesinpar3952=\count1449
\l@dmaxlinesinpar3951=\count1450
\l@dmaxlinesinpar3950=\count1451
\l@dmaxlinesinpar3949=\count1452
\l@dmaxlinesinpar3948=\count1453
\l@dmaxlinesinpar3947=\count1454
\l@dmaxlinesinpar3946=\count1455
\l@dmaxlinesinpar3945=\count1456
\l@dmaxlinesinpar3944=\count1457
\l@dmaxlinesinpar3943=\count1458
\l@dmaxlinesinpar3942=\count1459
\l@dmaxlinesinpar3941=\count1460
\l@dmaxlinesinpar3940=\count1461
\l@dmaxlinesinpar3939=\count1462
\l@dmaxlinesinpar3938=\count1463
\l@dmaxlinesinpar3937=\count1464
\l@dmaxlinesinpar3936=\count1465
\l@dmaxlinesinpar3935=\count1466
\l@dmaxlinesinpar3934=\count1467
\l@dmaxlinesinpar3933=\count1468
\l@dmaxlinesinpar3932=\count1469
\l@dmaxlinesinpar3931=\count1470
\l@dmaxlinesinpar3930=\count1471
\l@dmaxlinesinpar3929=\count1472
\l@dmaxlinesinpar3928=\count1473
\l@dmaxlinesinpar3927=\count1474
\l@dmaxlinesinpar3926=\count1475
\l@dmaxlinesinpar3925=\count1476
\l@dmaxlinesinpar3924=\count1477
\l@dmaxlinesinpar3923=\count1478
\l@dmaxlinesinpar3922=\count1479
\l@dmaxlinesinpar3921=\count1480
\l@dmaxlinesinpar3920=\count1481
\l@dmaxlinesinpar3919=\count1482
\l@dmaxlinesinpar3918=\count1483
\l@dmaxlinesinpar3917=\count1484
\l@dmaxlinesinpar3916=\count1485
\l@dmaxlinesinpar3915=\count1486
\l@dmaxlinesinpar3914=\count1487
\l@dmaxlinesinpar3913=\count1488
\l@dmaxlinesinpar3912=\count1489
\l@dmaxlinesinpar3911=\count1490
\l@dmaxlinesinpar3910=\count1491
\l@dmaxlinesinpar3909=\count1492
\l@dmaxlinesinpar3908=\count1493
\l@dmaxlinesinpar3907=\count1494
\l@dmaxlinesinpar3906=\count1495
\l@dmaxlinesinpar3905=\count1496
\l@dmaxlinesinpar3904=\count1497
\l@dmaxlinesinpar3903=\count1498
\l@dmaxlinesinpar3902=\count1499
\l@dmaxlinesinpar3901=\count1500
\l@dmaxlinesinpar3900=\count1501
\l@dmaxlinesinpar3899=\count1502
\l@dmaxlinesinpar3898=\count1503
\l@dmaxlinesinpar3897=\count1504
\l@dmaxlinesinpar3896=\count1505
\l@dmaxlinesinpar3895=\count1506
\l@dmaxlinesinpar3894=\count1507
\l@dmaxlinesinpar3893=\count1508
\l@dmaxlinesinpar3892=\count1509
\l@dmaxlinesinpar3891=\count1510
\l@dmaxlinesinpar3890=\count1511
\l@dmaxlinesinpar3889=\count1512
\l@dmaxlinesinpar3888=\count1513
\l@dmaxlinesinpar3887=\count1514
\l@dmaxlinesinpar3886=\count1515
\l@dmaxlinesinpar3885=\count1516
\l@dmaxlinesinpar3884=\count1517
\l@dmaxlinesinpar3883=\count1518
\l@dmaxlinesinpar3882=\count1519
\l@dmaxlinesinpar3881=\count1520
\l@dmaxlinesinpar3880=\count1521
\l@dmaxlinesinpar3879=\count1522
\l@dmaxlinesinpar3878=\count1523
\l@dmaxlinesinpar3877=\count1524
\l@dmaxlinesinpar3876=\count1525
\l@dmaxlinesinpar3875=\count1526
\l@dmaxlinesinpar3874=\count1527
\l@dmaxlinesinpar3873=\count1528
\l@dmaxlinesinpar3872=\count1529
\l@dmaxlinesinpar3871=\count1530
\l@dmaxlinesinpar3870=\count1531
\l@dmaxlinesinpar3869=\count1532
\l@dmaxlinesinpar3868=\count1533
\l@dmaxlinesinpar3867=\count1534
\l@dmaxlinesinpar3866=\count1535
\l@dmaxlinesinpar3865=\count1536
\l@dmaxlinesinpar3864=\count1537
\l@dmaxlinesinpar3863=\count1538
\l@dmaxlinesinpar3862=\count1539
\l@dmaxlinesinpar3861=\count1540
\l@dmaxlinesinpar3860=\count1541
\l@dmaxlinesinpar3859=\count1542
\l@dmaxlinesinpar3858=\count1543
\l@dmaxlinesinpar3857=\count1544
\l@dmaxlinesinpar3856=\count1545
\l@dmaxlinesinpar3855=\count1546
\l@dmaxlinesinpar3854=\count1547
\l@dmaxlinesinpar3853=\count1548
\l@dmaxlinesinpar3852=\count1549
\l@dmaxlinesinpar3851=\count1550
\l@dmaxlinesinpar3850=\count1551
\l@dmaxlinesinpar3849=\count1552
\l@dmaxlinesinpar3848=\count1553
\l@dmaxlinesinpar3847=\count1554
\l@dmaxlinesinpar3846=\count1555
\l@dmaxlinesinpar3845=\count1556
\l@dmaxlinesinpar3844=\count1557
\l@dmaxlinesinpar3843=\count1558
\l@dmaxlinesinpar3842=\count1559
\l@dmaxlinesinpar3841=\count1560
\l@dmaxlinesinpar3840=\count1561
\l@dmaxlinesinpar3839=\count1562
\l@dmaxlinesinpar3838=\count1563
\l@dmaxlinesinpar3837=\count1564
\l@dmaxlinesinpar3836=\count1565
\l@dmaxlinesinpar3835=\count1566
\l@dmaxlinesinpar3834=\count1567
\l@dmaxlinesinpar3833=\count1568
\l@dmaxlinesinpar3832=\count1569
\l@dmaxlinesinpar3831=\count1570
\l@dmaxlinesinpar3830=\count1571
\l@dmaxlinesinpar3829=\count1572
\l@dmaxlinesinpar3828=\count1573
\l@dmaxlinesinpar3827=\count1574
\l@dmaxlinesinpar3826=\count1575
\l@dmaxlinesinpar3825=\count1576
\l@dmaxlinesinpar3824=\count1577
\l@dmaxlinesinpar3823=\count1578
\l@dmaxlinesinpar3822=\count1579
\l@dmaxlinesinpar3821=\count1580
\l@dmaxlinesinpar3820=\count1581
\l@dmaxlinesinpar3819=\count1582
\l@dmaxlinesinpar3818=\count1583
\l@dmaxlinesinpar3817=\count1584
\l@dmaxlinesinpar3816=\count1585
\l@dmaxlinesinpar3815=\count1586
\l@dmaxlinesinpar3814=\count1587
\l@dmaxlinesinpar3813=\count1588
\l@dmaxlinesinpar3812=\count1589
\l@dmaxlinesinpar3811=\count1590
\l@dmaxlinesinpar3810=\count1591
\l@dmaxlinesinpar3809=\count1592
\l@dmaxlinesinpar3808=\count1593
\l@dmaxlinesinpar3807=\count1594
\l@dmaxlinesinpar3806=\count1595
\l@dmaxlinesinpar3805=\count1596
\l@dmaxlinesinpar3804=\count1597
\l@dmaxlinesinpar3803=\count1598
\l@dmaxlinesinpar3802=\count1599
\l@dmaxlinesinpar3801=\count1600
\l@dmaxlinesinpar3800=\count1601
\l@dmaxlinesinpar3799=\count1602
\l@dmaxlinesinpar3798=\count1603
\l@dmaxlinesinpar3797=\count1604
\l@dmaxlinesinpar3796=\count1605
\l@dmaxlinesinpar3795=\count1606
\l@dmaxlinesinpar3794=\count1607
\l@dmaxlinesinpar3793=\count1608
\l@dmaxlinesinpar3792=\count1609
\l@dmaxlinesinpar3791=\count1610
\l@dmaxlinesinpar3790=\count1611
\l@dmaxlinesinpar3789=\count1612
\l@dmaxlinesinpar3788=\count1613
\l@dmaxlinesinpar3787=\count1614
\l@dmaxlinesinpar3786=\count1615
\l@dmaxlinesinpar3785=\count1616
\l@dmaxlinesinpar3784=\count1617
\l@dmaxlinesinpar3783=\count1618
\l@dmaxlinesinpar3782=\count1619
\l@dmaxlinesinpar3781=\count1620
\l@dmaxlinesinpar3780=\count1621
\l@dmaxlinesinpar3779=\count1622
\l@dmaxlinesinpar3778=\count1623
\l@dmaxlinesinpar3777=\count1624
\l@dmaxlinesinpar3776=\count1625
\l@dmaxlinesinpar3775=\count1626
\l@dmaxlinesinpar3774=\count1627
\l@dmaxlinesinpar3773=\count1628
\l@dmaxlinesinpar3772=\count1629
\l@dmaxlinesinpar3771=\count1630
\l@dmaxlinesinpar3770=\count1631
\l@dmaxlinesinpar3769=\count1632
\l@dmaxlinesinpar3768=\count1633
\l@dmaxlinesinpar3767=\count1634
\l@dmaxlinesinpar3766=\count1635
\l@dmaxlinesinpar3765=\count1636
\l@dmaxlinesinpar3764=\count1637
\l@dmaxlinesinpar3763=\count1638
\l@dmaxlinesinpar3762=\count1639
\l@dmaxlinesinpar3761=\count1640
\l@dmaxlinesinpar3760=\count1641
\l@dmaxlinesinpar3759=\count1642
\l@dmaxlinesinpar3758=\count1643
\l@dmaxlinesinpar3757=\count1644
\l@dmaxlinesinpar3756=\count1645
\l@dmaxlinesinpar3755=\count1646
\l@dmaxlinesinpar3754=\count1647
\l@dmaxlinesinpar3753=\count1648
\l@dmaxlinesinpar3752=\count1649
\l@dmaxlinesinpar3751=\count1650
\l@dmaxlinesinpar3750=\count1651
\l@dmaxlinesinpar3749=\count1652
\l@dmaxlinesinpar3748=\count1653
\l@dmaxlinesinpar3747=\count1654
\l@dmaxlinesinpar3746=\count1655
\l@dmaxlinesinpar3745=\count1656
\l@dmaxlinesinpar3744=\count1657
\l@dmaxlinesinpar3743=\count1658
\l@dmaxlinesinpar3742=\count1659
\l@dmaxlinesinpar3741=\count1660
\l@dmaxlinesinpar3740=\count1661
\l@dmaxlinesinpar3739=\count1662
\l@dmaxlinesinpar3738=\count1663
\l@dmaxlinesinpar3737=\count1664
\l@dmaxlinesinpar3736=\count1665
\l@dmaxlinesinpar3735=\count1666
\l@dmaxlinesinpar3734=\count1667
\l@dmaxlinesinpar3733=\count1668
\l@dmaxlinesinpar3732=\count1669
\l@dmaxlinesinpar3731=\count1670
\l@dmaxlinesinpar3730=\count1671
\l@dmaxlinesinpar3729=\count1672
\l@dmaxlinesinpar3728=\count1673
\l@dmaxlinesinpar3727=\count1674
\l@dmaxlinesinpar3726=\count1675
\l@dmaxlinesinpar3725=\count1676
\l@dmaxlinesinpar3724=\count1677
\l@dmaxlinesinpar3723=\count1678
\l@dmaxlinesinpar3722=\count1679
\l@dmaxlinesinpar3721=\count1680
\l@dmaxlinesinpar3720=\count1681
\l@dmaxlinesinpar3719=\count1682
\l@dmaxlinesinpar3718=\count1683
\l@dmaxlinesinpar3717=\count1684
\l@dmaxlinesinpar3716=\count1685
\l@dmaxlinesinpar3715=\count1686
\l@dmaxlinesinpar3714=\count1687
\l@dmaxlinesinpar3713=\count1688
\l@dmaxlinesinpar3712=\count1689
\l@dmaxlinesinpar3711=\count1690
\l@dmaxlinesinpar3710=\count1691
\l@dmaxlinesinpar3709=\count1692
\l@dmaxlinesinpar3708=\count1693
\l@dmaxlinesinpar3707=\count1694
\l@dmaxlinesinpar3706=\count1695
\l@dmaxlinesinpar3705=\count1696
\l@dmaxlinesinpar3704=\count1697
\l@dmaxlinesinpar3703=\count1698
\l@dmaxlinesinpar3702=\count1699
\l@dmaxlinesinpar3701=\count1700
\l@dmaxlinesinpar3700=\count1701
\l@dmaxlinesinpar3699=\count1702
\l@dmaxlinesinpar3698=\count1703
\l@dmaxlinesinpar3697=\count1704
\l@dmaxlinesinpar3696=\count1705
\l@dmaxlinesinpar3695=\count1706
\l@dmaxlinesinpar3694=\count1707
\l@dmaxlinesinpar3693=\count1708
\l@dmaxlinesinpar3692=\count1709
\l@dmaxlinesinpar3691=\count1710
\l@dmaxlinesinpar3690=\count1711
\l@dmaxlinesinpar3689=\count1712
\l@dmaxlinesinpar3688=\count1713
\l@dmaxlinesinpar3687=\count1714
\l@dmaxlinesinpar3686=\count1715
\l@dmaxlinesinpar3685=\count1716
\l@dmaxlinesinpar3684=\count1717
\l@dmaxlinesinpar3683=\count1718
\l@dmaxlinesinpar3682=\count1719
\l@dmaxlinesinpar3681=\count1720
\l@dmaxlinesinpar3680=\count1721
\l@dmaxlinesinpar3679=\count1722
\l@dmaxlinesinpar3678=\count1723
\l@dmaxlinesinpar3677=\count1724
\l@dmaxlinesinpar3676=\count1725
\l@dmaxlinesinpar3675=\count1726
\l@dmaxlinesinpar3674=\count1727
\l@dmaxlinesinpar3673=\count1728
\l@dmaxlinesinpar3672=\count1729
\l@dmaxlinesinpar3671=\count1730
\l@dmaxlinesinpar3670=\count1731
\l@dmaxlinesinpar3669=\count1732
\l@dmaxlinesinpar3668=\count1733
\l@dmaxlinesinpar3667=\count1734
\l@dmaxlinesinpar3666=\count1735
\l@dmaxlinesinpar3665=\count1736
\l@dmaxlinesinpar3664=\count1737
\l@dmaxlinesinpar3663=\count1738
\l@dmaxlinesinpar3662=\count1739
\l@dmaxlinesinpar3661=\count1740
\l@dmaxlinesinpar3660=\count1741
\l@dmaxlinesinpar3659=\count1742
\l@dmaxlinesinpar3658=\count1743
\l@dmaxlinesinpar3657=\count1744
\l@dmaxlinesinpar3656=\count1745
\l@dmaxlinesinpar3655=\count1746
\l@dmaxlinesinpar3654=\count1747
\l@dmaxlinesinpar3653=\count1748
\l@dmaxlinesinpar3652=\count1749
\l@dmaxlinesinpar3651=\count1750
\l@dmaxlinesinpar3650=\count1751
\l@dmaxlinesinpar3649=\count1752
\l@dmaxlinesinpar3648=\count1753
\l@dmaxlinesinpar3647=\count1754
\l@dmaxlinesinpar3646=\count1755
\l@dmaxlinesinpar3645=\count1756
\l@dmaxlinesinpar3644=\count1757
\l@dmaxlinesinpar3643=\count1758
\l@dmaxlinesinpar3642=\count1759
\l@dmaxlinesinpar3641=\count1760
\l@dmaxlinesinpar3640=\count1761
\l@dmaxlinesinpar3639=\count1762
\l@dmaxlinesinpar3638=\count1763
\l@dmaxlinesinpar3637=\count1764
\l@dmaxlinesinpar3636=\count1765
\l@dmaxlinesinpar3635=\count1766
\l@dmaxlinesinpar3634=\count1767
\l@dmaxlinesinpar3633=\count1768
\l@dmaxlinesinpar3632=\count1769
\l@dmaxlinesinpar3631=\count1770
\l@dmaxlinesinpar3630=\count1771
\l@dmaxlinesinpar3629=\count1772
\l@dmaxlinesinpar3628=\count1773
\l@dmaxlinesinpar3627=\count1774
\l@dmaxlinesinpar3626=\count1775
\l@dmaxlinesinpar3625=\count1776
\l@dmaxlinesinpar3624=\count1777
\l@dmaxlinesinpar3623=\count1778
\l@dmaxlinesinpar3622=\count1779
\l@dmaxlinesinpar3621=\count1780
\l@dmaxlinesinpar3620=\count1781
\l@dmaxlinesinpar3619=\count1782
\l@dmaxlinesinpar3618=\count1783
\l@dmaxlinesinpar3617=\count1784
\l@dmaxlinesinpar3616=\count1785
\l@dmaxlinesinpar3615=\count1786
\l@dmaxlinesinpar3614=\count1787
\l@dmaxlinesinpar3613=\count1788
\l@dmaxlinesinpar3612=\count1789
\l@dmaxlinesinpar3611=\count1790
\l@dmaxlinesinpar3610=\count1791
\l@dmaxlinesinpar3609=\count1792
\l@dmaxlinesinpar3608=\count1793
\l@dmaxlinesinpar3607=\count1794
\l@dmaxlinesinpar3606=\count1795
\l@dmaxlinesinpar3605=\count1796
\l@dmaxlinesinpar3604=\count1797
\l@dmaxlinesinpar3603=\count1798
\l@dmaxlinesinpar3602=\count1799
\l@dmaxlinesinpar3601=\count1800
\l@dmaxlinesinpar3600=\count1801
\l@dmaxlinesinpar3599=\count1802
\l@dmaxlinesinpar3598=\count1803
\l@dmaxlinesinpar3597=\count1804
\l@dmaxlinesinpar3596=\count1805
\l@dmaxlinesinpar3595=\count1806
\l@dmaxlinesinpar3594=\count1807
\l@dmaxlinesinpar3593=\count1808
\l@dmaxlinesinpar3592=\count1809
\l@dmaxlinesinpar3591=\count1810
\l@dmaxlinesinpar3590=\count1811
\l@dmaxlinesinpar3589=\count1812
\l@dmaxlinesinpar3588=\count1813
\l@dmaxlinesinpar3587=\count1814
\l@dmaxlinesinpar3586=\count1815
\l@dmaxlinesinpar3585=\count1816
\l@dmaxlinesinpar3584=\count1817
\l@dmaxlinesinpar3583=\count1818
\l@dmaxlinesinpar3582=\count1819
\l@dmaxlinesinpar3581=\count1820
\l@dmaxlinesinpar3580=\count1821
\l@dmaxlinesinpar3579=\count1822
\l@dmaxlinesinpar3578=\count1823
\l@dmaxlinesinpar3577=\count1824
\l@dmaxlinesinpar3576=\count1825
\l@dmaxlinesinpar3575=\count1826
\l@dmaxlinesinpar3574=\count1827
\l@dmaxlinesinpar3573=\count1828
\l@dmaxlinesinpar3572=\count1829
\l@dmaxlinesinpar3571=\count1830
\l@dmaxlinesinpar3570=\count1831
\l@dmaxlinesinpar3569=\count1832
\l@dmaxlinesinpar3568=\count1833
\l@dmaxlinesinpar3567=\count1834
\l@dmaxlinesinpar3566=\count1835
\l@dmaxlinesinpar3565=\count1836
\l@dmaxlinesinpar3564=\count1837
\l@dmaxlinesinpar3563=\count1838
\l@dmaxlinesinpar3562=\count1839
\l@dmaxlinesinpar3561=\count1840
\l@dmaxlinesinpar3560=\count1841
\l@dmaxlinesinpar3559=\count1842
\l@dmaxlinesinpar3558=\count1843
\l@dmaxlinesinpar3557=\count1844
\l@dmaxlinesinpar3556=\count1845
\l@dmaxlinesinpar3555=\count1846
\l@dmaxlinesinpar3554=\count1847
\l@dmaxlinesinpar3553=\count1848
\l@dmaxlinesinpar3552=\count1849
\l@dmaxlinesinpar3551=\count1850
\l@dmaxlinesinpar3550=\count1851
\l@dmaxlinesinpar3549=\count1852
\l@dmaxlinesinpar3548=\count1853
\l@dmaxlinesinpar3547=\count1854
\l@dmaxlinesinpar3546=\count1855
\l@dmaxlinesinpar3545=\count1856
\l@dmaxlinesinpar3544=\count1857
\l@dmaxlinesinpar3543=\count1858
\l@dmaxlinesinpar3542=\count1859
\l@dmaxlinesinpar3541=\count1860
\l@dmaxlinesinpar3540=\count1861
\l@dmaxlinesinpar3539=\count1862
\l@dmaxlinesinpar3538=\count1863
\l@dmaxlinesinpar3537=\count1864
\l@dmaxlinesinpar3536=\count1865
\l@dmaxlinesinpar3535=\count1866
\l@dmaxlinesinpar3534=\count1867
\l@dmaxlinesinpar3533=\count1868
\l@dmaxlinesinpar3532=\count1869
\l@dmaxlinesinpar3531=\count1870
\l@dmaxlinesinpar3530=\count1871
\l@dmaxlinesinpar3529=\count1872
\l@dmaxlinesinpar3528=\count1873
\l@dmaxlinesinpar3527=\count1874
\l@dmaxlinesinpar3526=\count1875
\l@dmaxlinesinpar3525=\count1876
\l@dmaxlinesinpar3524=\count1877
\l@dmaxlinesinpar3523=\count1878
\l@dmaxlinesinpar3522=\count1879
\l@dmaxlinesinpar3521=\count1880
\l@dmaxlinesinpar3520=\count1881
\l@dmaxlinesinpar3519=\count1882
\l@dmaxlinesinpar3518=\count1883
\l@dmaxlinesinpar3517=\count1884
\l@dmaxlinesinpar3516=\count1885
\l@dmaxlinesinpar3515=\count1886
\l@dmaxlinesinpar3514=\count1887
\l@dmaxlinesinpar3513=\count1888
\l@dmaxlinesinpar3512=\count1889
\l@dmaxlinesinpar3511=\count1890
\l@dmaxlinesinpar3510=\count1891
\l@dmaxlinesinpar3509=\count1892
\l@dmaxlinesinpar3508=\count1893
\l@dmaxlinesinpar3507=\count1894
\l@dmaxlinesinpar3506=\count1895
\l@dmaxlinesinpar3505=\count1896
\l@dmaxlinesinpar3504=\count1897
\l@dmaxlinesinpar3503=\count1898
\l@dmaxlinesinpar3502=\count1899
\l@dmaxlinesinpar3501=\count1900
\l@dmaxlinesinpar3500=\count1901
\l@dmaxlinesinpar3499=\count1902
\l@dmaxlinesinpar3498=\count1903
\l@dmaxlinesinpar3497=\count1904
\l@dmaxlinesinpar3496=\count1905
\l@dmaxlinesinpar3495=\count1906
\l@dmaxlinesinpar3494=\count1907
\l@dmaxlinesinpar3493=\count1908
\l@dmaxlinesinpar3492=\count1909
\l@dmaxlinesinpar3491=\count1910
\l@dmaxlinesinpar3490=\count1911
\l@dmaxlinesinpar3489=\count1912
\l@dmaxlinesinpar3488=\count1913
\l@dmaxlinesinpar3487=\count1914
\l@dmaxlinesinpar3486=\count1915
\l@dmaxlinesinpar3485=\count1916
\l@dmaxlinesinpar3484=\count1917
\l@dmaxlinesinpar3483=\count1918
\l@dmaxlinesinpar3482=\count1919
\l@dmaxlinesinpar3481=\count1920
\l@dmaxlinesinpar3480=\count1921
\l@dmaxlinesinpar3479=\count1922
\l@dmaxlinesinpar3478=\count1923
\l@dmaxlinesinpar3477=\count1924
\l@dmaxlinesinpar3476=\count1925
\l@dmaxlinesinpar3475=\count1926
\l@dmaxlinesinpar3474=\count1927
\l@dmaxlinesinpar3473=\count1928
\l@dmaxlinesinpar3472=\count1929
\l@dmaxlinesinpar3471=\count1930
\l@dmaxlinesinpar3470=\count1931
\l@dmaxlinesinpar3469=\count1932
\l@dmaxlinesinpar3468=\count1933
\l@dmaxlinesinpar3467=\count1934
\l@dmaxlinesinpar3466=\count1935
\l@dmaxlinesinpar3465=\count1936
\l@dmaxlinesinpar3464=\count1937
\l@dmaxlinesinpar3463=\count1938
\l@dmaxlinesinpar3462=\count1939
\l@dmaxlinesinpar3461=\count1940
\l@dmaxlinesinpar3460=\count1941
\l@dmaxlinesinpar3459=\count1942
\l@dmaxlinesinpar3458=\count1943
\l@dmaxlinesinpar3457=\count1944
\l@dmaxlinesinpar3456=\count1945
\l@dmaxlinesinpar3455=\count1946
\l@dmaxlinesinpar3454=\count1947
\l@dmaxlinesinpar3453=\count1948
\l@dmaxlinesinpar3452=\count1949
\l@dmaxlinesinpar3451=\count1950
\l@dmaxlinesinpar3450=\count1951
\l@dmaxlinesinpar3449=\count1952
\l@dmaxlinesinpar3448=\count1953
\l@dmaxlinesinpar3447=\count1954
\l@dmaxlinesinpar3446=\count1955
\l@dmaxlinesinpar3445=\count1956
\l@dmaxlinesinpar3444=\count1957
\l@dmaxlinesinpar3443=\count1958
\l@dmaxlinesinpar3442=\count1959
\l@dmaxlinesinpar3441=\count1960
\l@dmaxlinesinpar3440=\count1961
\l@dmaxlinesinpar3439=\count1962
\l@dmaxlinesinpar3438=\count1963
\l@dmaxlinesinpar3437=\count1964
\l@dmaxlinesinpar3436=\count1965
\l@dmaxlinesinpar3435=\count1966
\l@dmaxlinesinpar3434=\count1967
\l@dmaxlinesinpar3433=\count1968
\l@dmaxlinesinpar3432=\count1969
\l@dmaxlinesinpar3431=\count1970
\l@dmaxlinesinpar3430=\count1971
\l@dmaxlinesinpar3429=\count1972
\l@dmaxlinesinpar3428=\count1973
\l@dmaxlinesinpar3427=\count1974
\l@dmaxlinesinpar3426=\count1975
\l@dmaxlinesinpar3425=\count1976
\l@dmaxlinesinpar3424=\count1977
\l@dmaxlinesinpar3423=\count1978
\l@dmaxlinesinpar3422=\count1979
\l@dmaxlinesinpar3421=\count1980
\l@dmaxlinesinpar3420=\count1981
\l@dmaxlinesinpar3419=\count1982
\l@dmaxlinesinpar3418=\count1983
\l@dmaxlinesinpar3417=\count1984
\l@dmaxlinesinpar3416=\count1985
\l@dmaxlinesinpar3415=\count1986
\l@dmaxlinesinpar3414=\count1987
\l@dmaxlinesinpar3413=\count1988
\l@dmaxlinesinpar3412=\count1989
\l@dmaxlinesinpar3411=\count1990
\l@dmaxlinesinpar3410=\count1991
\l@dmaxlinesinpar3409=\count1992
\l@dmaxlinesinpar3408=\count1993
\l@dmaxlinesinpar3407=\count1994
\l@dmaxlinesinpar3406=\count1995
\l@dmaxlinesinpar3405=\count1996
\l@dmaxlinesinpar3404=\count1997
\l@dmaxlinesinpar3403=\count1998
\l@dmaxlinesinpar3402=\count1999
\l@dmaxlinesinpar3401=\count2000
\l@dmaxlinesinpar3400=\count2001
\l@dmaxlinesinpar3399=\count2002
\l@dmaxlinesinpar3398=\count2003
\l@dmaxlinesinpar3397=\count2004
\l@dmaxlinesinpar3396=\count2005
\l@dmaxlinesinpar3395=\count2006
\l@dmaxlinesinpar3394=\count2007
\l@dmaxlinesinpar3393=\count2008
\l@dmaxlinesinpar3392=\count2009
\l@dmaxlinesinpar3391=\count2010
\l@dmaxlinesinpar3390=\count2011
\l@dmaxlinesinpar3389=\count2012
\l@dmaxlinesinpar3388=\count2013
\l@dmaxlinesinpar3387=\count2014
\l@dmaxlinesinpar3386=\count2015
\l@dmaxlinesinpar3385=\count2016
\l@dmaxlinesinpar3384=\count2017
\l@dmaxlinesinpar3383=\count2018
\l@dmaxlinesinpar3382=\count2019
\l@dmaxlinesinpar3381=\count2020
\l@dmaxlinesinpar3380=\count2021
\l@dmaxlinesinpar3379=\count2022
\l@dmaxlinesinpar3378=\count2023
\l@dmaxlinesinpar3377=\count2024
\l@dmaxlinesinpar3376=\count2025
\l@dmaxlinesinpar3375=\count2026
\l@dmaxlinesinpar3374=\count2027
\l@dmaxlinesinpar3373=\count2028
\l@dmaxlinesinpar3372=\count2029
\l@dmaxlinesinpar3371=\count2030
\l@dmaxlinesinpar3370=\count2031
\l@dmaxlinesinpar3369=\count2032
\l@dmaxlinesinpar3368=\count2033
\l@dmaxlinesinpar3367=\count2034
\l@dmaxlinesinpar3366=\count2035
\l@dmaxlinesinpar3365=\count2036
\l@dmaxlinesinpar3364=\count2037
\l@dmaxlinesinpar3363=\count2038
\l@dmaxlinesinpar3362=\count2039
\l@dmaxlinesinpar3361=\count2040
\l@dmaxlinesinpar3360=\count2041
\l@dmaxlinesinpar3359=\count2042
\l@dmaxlinesinpar3358=\count2043
\l@dmaxlinesinpar3357=\count2044
\l@dmaxlinesinpar3356=\count2045
\l@dmaxlinesinpar3355=\count2046
\l@dmaxlinesinpar3354=\count2047
\l@dmaxlinesinpar3353=\count2048
\l@dmaxlinesinpar3352=\count2049
\l@dmaxlinesinpar3351=\count2050
\l@dmaxlinesinpar3350=\count2051
\l@dmaxlinesinpar3349=\count2052
\l@dmaxlinesinpar3348=\count2053
\l@dmaxlinesinpar3347=\count2054
\l@dmaxlinesinpar3346=\count2055
\l@dmaxlinesinpar3345=\count2056
\l@dmaxlinesinpar3344=\count2057
\l@dmaxlinesinpar3343=\count2058
\l@dmaxlinesinpar3342=\count2059
\l@dmaxlinesinpar3341=\count2060
\l@dmaxlinesinpar3340=\count2061
\l@dmaxlinesinpar3339=\count2062
\l@dmaxlinesinpar3338=\count2063
\l@dmaxlinesinpar3337=\count2064
\l@dmaxlinesinpar3336=\count2065
\l@dmaxlinesinpar3335=\count2066
\l@dmaxlinesinpar3334=\count2067
\l@dmaxlinesinpar3333=\count2068
\l@dmaxlinesinpar3332=\count2069
\l@dmaxlinesinpar3331=\count2070
\l@dmaxlinesinpar3330=\count2071
\l@dmaxlinesinpar3329=\count2072
\l@dmaxlinesinpar3328=\count2073
\l@dmaxlinesinpar3327=\count2074
\l@dmaxlinesinpar3326=\count2075
\l@dmaxlinesinpar3325=\count2076
\l@dmaxlinesinpar3324=\count2077
\l@dmaxlinesinpar3323=\count2078
\l@dmaxlinesinpar3322=\count2079
\l@dmaxlinesinpar3321=\count2080
\l@dmaxlinesinpar3320=\count2081
\l@dmaxlinesinpar3319=\count2082
\l@dmaxlinesinpar3318=\count2083
\l@dmaxlinesinpar3317=\count2084
\l@dmaxlinesinpar3316=\count2085
\l@dmaxlinesinpar3315=\count2086
\l@dmaxlinesinpar3314=\count2087
\l@dmaxlinesinpar3313=\count2088
\l@dmaxlinesinpar3312=\count2089
\l@dmaxlinesinpar3311=\count2090
\l@dmaxlinesinpar3310=\count2091
\l@dmaxlinesinpar3309=\count2092
\l@dmaxlinesinpar3308=\count2093
\l@dmaxlinesinpar3307=\count2094
\l@dmaxlinesinpar3306=\count2095
\l@dmaxlinesinpar3305=\count2096
\l@dmaxlinesinpar3304=\count2097
\l@dmaxlinesinpar3303=\count2098
\l@dmaxlinesinpar3302=\count2099
\l@dmaxlinesinpar3301=\count2100
\l@dmaxlinesinpar3300=\count2101
\l@dmaxlinesinpar3299=\count2102
\l@dmaxlinesinpar3298=\count2103
\l@dmaxlinesinpar3297=\count2104
\l@dmaxlinesinpar3296=\count2105
\l@dmaxlinesinpar3295=\count2106
\l@dmaxlinesinpar3294=\count2107
\l@dmaxlinesinpar3293=\count2108
\l@dmaxlinesinpar3292=\count2109
\l@dmaxlinesinpar3291=\count2110
\l@dmaxlinesinpar3290=\count2111
\l@dmaxlinesinpar3289=\count2112
\l@dmaxlinesinpar3288=\count2113
\l@dmaxlinesinpar3287=\count2114
\l@dmaxlinesinpar3286=\count2115
\l@dmaxlinesinpar3285=\count2116
\l@dmaxlinesinpar3284=\count2117
\l@dmaxlinesinpar3283=\count2118
\l@dmaxlinesinpar3282=\count2119
\l@dmaxlinesinpar3281=\count2120
\l@dmaxlinesinpar3280=\count2121
\l@dmaxlinesinpar3279=\count2122
\l@dmaxlinesinpar3278=\count2123
\l@dmaxlinesinpar3277=\count2124
\l@dmaxlinesinpar3276=\count2125
\l@dmaxlinesinpar3275=\count2126
\l@dmaxlinesinpar3274=\count2127
\l@dmaxlinesinpar3273=\count2128
\l@dmaxlinesinpar3272=\count2129
\l@dmaxlinesinpar3271=\count2130
\l@dmaxlinesinpar3270=\count2131
\l@dmaxlinesinpar3269=\count2132
\l@dmaxlinesinpar3268=\count2133
\l@dmaxlinesinpar3267=\count2134
\l@dmaxlinesinpar3266=\count2135
\l@dmaxlinesinpar3265=\count2136
\l@dmaxlinesinpar3264=\count2137
\l@dmaxlinesinpar3263=\count2138
\l@dmaxlinesinpar3262=\count2139
\l@dmaxlinesinpar3261=\count2140
\l@dmaxlinesinpar3260=\count2141
\l@dmaxlinesinpar3259=\count2142
\l@dmaxlinesinpar3258=\count2143
\l@dmaxlinesinpar3257=\count2144
\l@dmaxlinesinpar3256=\count2145
\l@dmaxlinesinpar3255=\count2146
\l@dmaxlinesinpar3254=\count2147
\l@dmaxlinesinpar3253=\count2148
\l@dmaxlinesinpar3252=\count2149
\l@dmaxlinesinpar3251=\count2150
\l@dmaxlinesinpar3250=\count2151
\l@dmaxlinesinpar3249=\count2152
\l@dmaxlinesinpar3248=\count2153
\l@dmaxlinesinpar3247=\count2154
\l@dmaxlinesinpar3246=\count2155
\l@dmaxlinesinpar3245=\count2156
\l@dmaxlinesinpar3244=\count2157
\l@dmaxlinesinpar3243=\count2158
\l@dmaxlinesinpar3242=\count2159
\l@dmaxlinesinpar3241=\count2160
\l@dmaxlinesinpar3240=\count2161
\l@dmaxlinesinpar3239=\count2162
\l@dmaxlinesinpar3238=\count2163
\l@dmaxlinesinpar3237=\count2164
\l@dmaxlinesinpar3236=\count2165
\l@dmaxlinesinpar3235=\count2166
\l@dmaxlinesinpar3234=\count2167
\l@dmaxlinesinpar3233=\count2168
\l@dmaxlinesinpar3232=\count2169
\l@dmaxlinesinpar3231=\count2170
\l@dmaxlinesinpar3230=\count2171
\l@dmaxlinesinpar3229=\count2172
\l@dmaxlinesinpar3228=\count2173
\l@dmaxlinesinpar3227=\count2174
\l@dmaxlinesinpar3226=\count2175
\l@dmaxlinesinpar3225=\count2176
\l@dmaxlinesinpar3224=\count2177
\l@dmaxlinesinpar3223=\count2178
\l@dmaxlinesinpar3222=\count2179
\l@dmaxlinesinpar3221=\count2180
\l@dmaxlinesinpar3220=\count2181
\l@dmaxlinesinpar3219=\count2182
\l@dmaxlinesinpar3218=\count2183
\l@dmaxlinesinpar3217=\count2184
\l@dmaxlinesinpar3216=\count2185
\l@dmaxlinesinpar3215=\count2186
\l@dmaxlinesinpar3214=\count2187
\l@dmaxlinesinpar3213=\count2188
\l@dmaxlinesinpar3212=\count2189
\l@dmaxlinesinpar3211=\count2190
\l@dmaxlinesinpar3210=\count2191
\l@dmaxlinesinpar3209=\count2192
\l@dmaxlinesinpar3208=\count2193
\l@dmaxlinesinpar3207=\count2194
\l@dmaxlinesinpar3206=\count2195
\l@dmaxlinesinpar3205=\count2196
\l@dmaxlinesinpar3204=\count2197
\l@dmaxlinesinpar3203=\count2198
\l@dmaxlinesinpar3202=\count2199
\l@dmaxlinesinpar3201=\count2200
\l@dmaxlinesinpar3200=\count2201
\l@dmaxlinesinpar3199=\count2202
\l@dmaxlinesinpar3198=\count2203
\l@dmaxlinesinpar3197=\count2204
\l@dmaxlinesinpar3196=\count2205
\l@dmaxlinesinpar3195=\count2206
\l@dmaxlinesinpar3194=\count2207
\l@dmaxlinesinpar3193=\count2208
\l@dmaxlinesinpar3192=\count2209
\l@dmaxlinesinpar3191=\count2210
\l@dmaxlinesinpar3190=\count2211
\l@dmaxlinesinpar3189=\count2212
\l@dmaxlinesinpar3188=\count2213
\l@dmaxlinesinpar3187=\count2214
\l@dmaxlinesinpar3186=\count2215
\l@dmaxlinesinpar3185=\count2216
\l@dmaxlinesinpar3184=\count2217
\l@dmaxlinesinpar3183=\count2218
\l@dmaxlinesinpar3182=\count2219
\l@dmaxlinesinpar3181=\count2220
\l@dmaxlinesinpar3180=\count2221
\l@dmaxlinesinpar3179=\count2222
\l@dmaxlinesinpar3178=\count2223
\l@dmaxlinesinpar3177=\count2224
\l@dmaxlinesinpar3176=\count2225
\l@dmaxlinesinpar3175=\count2226
\l@dmaxlinesinpar3174=\count2227
\l@dmaxlinesinpar3173=\count2228
\l@dmaxlinesinpar3172=\count2229
\l@dmaxlinesinpar3171=\count2230
\l@dmaxlinesinpar3170=\count2231
\l@dmaxlinesinpar3169=\count2232
\l@dmaxlinesinpar3168=\count2233
\l@dmaxlinesinpar3167=\count2234
\l@dmaxlinesinpar3166=\count2235
\l@dmaxlinesinpar3165=\count2236
\l@dmaxlinesinpar3164=\count2237
\l@dmaxlinesinpar3163=\count2238
\l@dmaxlinesinpar3162=\count2239
\l@dmaxlinesinpar3161=\count2240
\l@dmaxlinesinpar3160=\count2241
\l@dmaxlinesinpar3159=\count2242
\l@dmaxlinesinpar3158=\count2243
\l@dmaxlinesinpar3157=\count2244
\l@dmaxlinesinpar3156=\count2245
\l@dmaxlinesinpar3155=\count2246
\l@dmaxlinesinpar3154=\count2247
\l@dmaxlinesinpar3153=\count2248
\l@dmaxlinesinpar3152=\count2249
\l@dmaxlinesinpar3151=\count2250
\l@dmaxlinesinpar3150=\count2251
\l@dmaxlinesinpar3149=\count2252
\l@dmaxlinesinpar3148=\count2253
\l@dmaxlinesinpar3147=\count2254
\l@dmaxlinesinpar3146=\count2255
\l@dmaxlinesinpar3145=\count2256
\l@dmaxlinesinpar3144=\count2257
\l@dmaxlinesinpar3143=\count2258
\l@dmaxlinesinpar3142=\count2259
\l@dmaxlinesinpar3141=\count2260
\l@dmaxlinesinpar3140=\count2261
\l@dmaxlinesinpar3139=\count2262
\l@dmaxlinesinpar3138=\count2263
\l@dmaxlinesinpar3137=\count2264
\l@dmaxlinesinpar3136=\count2265
\l@dmaxlinesinpar3135=\count2266
\l@dmaxlinesinpar3134=\count2267
\l@dmaxlinesinpar3133=\count2268
\l@dmaxlinesinpar3132=\count2269
\l@dmaxlinesinpar3131=\count2270
\l@dmaxlinesinpar3130=\count2271
\l@dmaxlinesinpar3129=\count2272
\l@dmaxlinesinpar3128=\count2273
\l@dmaxlinesinpar3127=\count2274
\l@dmaxlinesinpar3126=\count2275
\l@dmaxlinesinpar3125=\count2276
\l@dmaxlinesinpar3124=\count2277
\l@dmaxlinesinpar3123=\count2278
\l@dmaxlinesinpar3122=\count2279
\l@dmaxlinesinpar3121=\count2280
\l@dmaxlinesinpar3120=\count2281
\l@dmaxlinesinpar3119=\count2282
\l@dmaxlinesinpar3118=\count2283
\l@dmaxlinesinpar3117=\count2284
\l@dmaxlinesinpar3116=\count2285
\l@dmaxlinesinpar3115=\count2286
\l@dmaxlinesinpar3114=\count2287
\l@dmaxlinesinpar3113=\count2288
\l@dmaxlinesinpar3112=\count2289
\l@dmaxlinesinpar3111=\count2290
\l@dmaxlinesinpar3110=\count2291
\l@dmaxlinesinpar3109=\count2292
\l@dmaxlinesinpar3108=\count2293
\l@dmaxlinesinpar3107=\count2294
\l@dmaxlinesinpar3106=\count2295
\l@dmaxlinesinpar3105=\count2296
\l@dmaxlinesinpar3104=\count2297
\l@dmaxlinesinpar3103=\count2298
\l@dmaxlinesinpar3102=\count2299
\l@dmaxlinesinpar3101=\count2300
\l@dmaxlinesinpar3100=\count2301
\l@dmaxlinesinpar3099=\count2302
\l@dmaxlinesinpar3098=\count2303
\l@dmaxlinesinpar3097=\count2304
\l@dmaxlinesinpar3096=\count2305
\l@dmaxlinesinpar3095=\count2306
\l@dmaxlinesinpar3094=\count2307
\l@dmaxlinesinpar3093=\count2308
\l@dmaxlinesinpar3092=\count2309
\l@dmaxlinesinpar3091=\count2310
\l@dmaxlinesinpar3090=\count2311
\l@dmaxlinesinpar3089=\count2312
\l@dmaxlinesinpar3088=\count2313
\l@dmaxlinesinpar3087=\count2314
\l@dmaxlinesinpar3086=\count2315
\l@dmaxlinesinpar3085=\count2316
\l@dmaxlinesinpar3084=\count2317
\l@dmaxlinesinpar3083=\count2318
\l@dmaxlinesinpar3082=\count2319
\l@dmaxlinesinpar3081=\count2320
\l@dmaxlinesinpar3080=\count2321
\l@dmaxlinesinpar3079=\count2322
\l@dmaxlinesinpar3078=\count2323
\l@dmaxlinesinpar3077=\count2324
\l@dmaxlinesinpar3076=\count2325
\l@dmaxlinesinpar3075=\count2326
\l@dmaxlinesinpar3074=\count2327
\l@dmaxlinesinpar3073=\count2328
\l@dmaxlinesinpar3072=\count2329
\l@dmaxlinesinpar3071=\count2330
\l@dmaxlinesinpar3070=\count2331
\l@dmaxlinesinpar3069=\count2332
\l@dmaxlinesinpar3068=\count2333
\l@dmaxlinesinpar3067=\count2334
\l@dmaxlinesinpar3066=\count2335
\l@dmaxlinesinpar3065=\count2336
\l@dmaxlinesinpar3064=\count2337
\l@dmaxlinesinpar3063=\count2338
\l@dmaxlinesinpar3062=\count2339
\l@dmaxlinesinpar3061=\count2340
\l@dmaxlinesinpar3060=\count2341
\l@dmaxlinesinpar3059=\count2342
\l@dmaxlinesinpar3058=\count2343
\l@dmaxlinesinpar3057=\count2344
\l@dmaxlinesinpar3056=\count2345
\l@dmaxlinesinpar3055=\count2346
\l@dmaxlinesinpar3054=\count2347
\l@dmaxlinesinpar3053=\count2348
\l@dmaxlinesinpar3052=\count2349
\l@dmaxlinesinpar3051=\count2350
\l@dmaxlinesinpar3050=\count2351
\l@dmaxlinesinpar3049=\count2352
\l@dmaxlinesinpar3048=\count2353
\l@dmaxlinesinpar3047=\count2354
\l@dmaxlinesinpar3046=\count2355
\l@dmaxlinesinpar3045=\count2356
\l@dmaxlinesinpar3044=\count2357
\l@dmaxlinesinpar3043=\count2358
\l@dmaxlinesinpar3042=\count2359
\l@dmaxlinesinpar3041=\count2360
\l@dmaxlinesinpar3040=\count2361
\l@dmaxlinesinpar3039=\count2362
\l@dmaxlinesinpar3038=\count2363
\l@dmaxlinesinpar3037=\count2364
\l@dmaxlinesinpar3036=\count2365
\l@dmaxlinesinpar3035=\count2366
\l@dmaxlinesinpar3034=\count2367
\l@dmaxlinesinpar3033=\count2368
\l@dmaxlinesinpar3032=\count2369
\l@dmaxlinesinpar3031=\count2370
\l@dmaxlinesinpar3030=\count2371
\l@dmaxlinesinpar3029=\count2372
\l@dmaxlinesinpar3028=\count2373
\l@dmaxlinesinpar3027=\count2374
\l@dmaxlinesinpar3026=\count2375
\l@dmaxlinesinpar3025=\count2376
\l@dmaxlinesinpar3024=\count2377
\l@dmaxlinesinpar3023=\count2378
\l@dmaxlinesinpar3022=\count2379
\l@dmaxlinesinpar3021=\count2380
\l@dmaxlinesinpar3020=\count2381
\l@dmaxlinesinpar3019=\count2382
\l@dmaxlinesinpar3018=\count2383
\l@dmaxlinesinpar3017=\count2384
\l@dmaxlinesinpar3016=\count2385
\l@dmaxlinesinpar3015=\count2386
\l@dmaxlinesinpar3014=\count2387
\l@dmaxlinesinpar3013=\count2388
\l@dmaxlinesinpar3012=\count2389
\l@dmaxlinesinpar3011=\count2390
\l@dmaxlinesinpar3010=\count2391
\l@dmaxlinesinpar3009=\count2392
\l@dmaxlinesinpar3008=\count2393
\l@dmaxlinesinpar3007=\count2394
\l@dmaxlinesinpar3006=\count2395
\l@dmaxlinesinpar3005=\count2396
\l@dmaxlinesinpar3004=\count2397
\l@dmaxlinesinpar3003=\count2398
\l@dmaxlinesinpar3002=\count2399
\l@dmaxlinesinpar3001=\count2400
\l@dmaxlinesinpar3000=\count2401
\l@dmaxlinesinpar2999=\count2402
\l@dmaxlinesinpar2998=\count2403
\l@dmaxlinesinpar2997=\count2404
\l@dmaxlinesinpar2996=\count2405
\l@dmaxlinesinpar2995=\count2406
\l@dmaxlinesinpar2994=\count2407
\l@dmaxlinesinpar2993=\count2408
\l@dmaxlinesinpar2992=\count2409
\l@dmaxlinesinpar2991=\count2410
\l@dmaxlinesinpar2990=\count2411
\l@dmaxlinesinpar2989=\count2412
\l@dmaxlinesinpar2988=\count2413
\l@dmaxlinesinpar2987=\count2414
\l@dmaxlinesinpar2986=\count2415
\l@dmaxlinesinpar2985=\count2416
\l@dmaxlinesinpar2984=\count2417
\l@dmaxlinesinpar2983=\count2418
\l@dmaxlinesinpar2982=\count2419
\l@dmaxlinesinpar2981=\count2420
\l@dmaxlinesinpar2980=\count2421
\l@dmaxlinesinpar2979=\count2422
\l@dmaxlinesinpar2978=\count2423
\l@dmaxlinesinpar2977=\count2424
\l@dmaxlinesinpar2976=\count2425
\l@dmaxlinesinpar2975=\count2426
\l@dmaxlinesinpar2974=\count2427
\l@dmaxlinesinpar2973=\count2428
\l@dmaxlinesinpar2972=\count2429
\l@dmaxlinesinpar2971=\count2430
\l@dmaxlinesinpar2970=\count2431
\l@dmaxlinesinpar2969=\count2432
\l@dmaxlinesinpar2968=\count2433
\l@dmaxlinesinpar2967=\count2434
\l@dmaxlinesinpar2966=\count2435
\l@dmaxlinesinpar2965=\count2436
\l@dmaxlinesinpar2964=\count2437
\l@dmaxlinesinpar2963=\count2438
\l@dmaxlinesinpar2962=\count2439
\l@dmaxlinesinpar2961=\count2440
\l@dmaxlinesinpar2960=\count2441
\l@dmaxlinesinpar2959=\count2442
\l@dmaxlinesinpar2958=\count2443
\l@dmaxlinesinpar2957=\count2444
\l@dmaxlinesinpar2956=\count2445
\l@dmaxlinesinpar2955=\count2446
\l@dmaxlinesinpar2954=\count2447
\l@dmaxlinesinpar2953=\count2448
\l@dmaxlinesinpar2952=\count2449
\l@dmaxlinesinpar2951=\count2450
\l@dmaxlinesinpar2950=\count2451
\l@dmaxlinesinpar2949=\count2452
\l@dmaxlinesinpar2948=\count2453
\l@dmaxlinesinpar2947=\count2454
\l@dmaxlinesinpar2946=\count2455
\l@dmaxlinesinpar2945=\count2456
\l@dmaxlinesinpar2944=\count2457
\l@dmaxlinesinpar2943=\count2458
\l@dmaxlinesinpar2942=\count2459
\l@dmaxlinesinpar2941=\count2460
\l@dmaxlinesinpar2940=\count2461
\l@dmaxlinesinpar2939=\count2462
\l@dmaxlinesinpar2938=\count2463
\l@dmaxlinesinpar2937=\count2464
\l@dmaxlinesinpar2936=\count2465
\l@dmaxlinesinpar2935=\count2466
\l@dmaxlinesinpar2934=\count2467
\l@dmaxlinesinpar2933=\count2468
\l@dmaxlinesinpar2932=\count2469
\l@dmaxlinesinpar2931=\count2470
\l@dmaxlinesinpar2930=\count2471
\l@dmaxlinesinpar2929=\count2472
\l@dmaxlinesinpar2928=\count2473
\l@dmaxlinesinpar2927=\count2474
\l@dmaxlinesinpar2926=\count2475
\l@dmaxlinesinpar2925=\count2476
\l@dmaxlinesinpar2924=\count2477
\l@dmaxlinesinpar2923=\count2478
\l@dmaxlinesinpar2922=\count2479
\l@dmaxlinesinpar2921=\count2480
\l@dmaxlinesinpar2920=\count2481
\l@dmaxlinesinpar2919=\count2482
\l@dmaxlinesinpar2918=\count2483
\l@dmaxlinesinpar2917=\count2484
\l@dmaxlinesinpar2916=\count2485
\l@dmaxlinesinpar2915=\count2486
\l@dmaxlinesinpar2914=\count2487
\l@dmaxlinesinpar2913=\count2488
\l@dmaxlinesinpar2912=\count2489
\l@dmaxlinesinpar2911=\count2490
\l@dmaxlinesinpar2910=\count2491
\l@dmaxlinesinpar2909=\count2492
\l@dmaxlinesinpar2908=\count2493
\l@dmaxlinesinpar2907=\count2494
\l@dmaxlinesinpar2906=\count2495
\l@dmaxlinesinpar2905=\count2496
\l@dmaxlinesinpar2904=\count2497
\l@dmaxlinesinpar2903=\count2498
\l@dmaxlinesinpar2902=\count2499
\l@dmaxlinesinpar2901=\count2500
\l@dmaxlinesinpar2900=\count2501
\l@dmaxlinesinpar2899=\count2502
\l@dmaxlinesinpar2898=\count2503
\l@dmaxlinesinpar2897=\count2504
\l@dmaxlinesinpar2896=\count2505
\l@dmaxlinesinpar2895=\count2506
\l@dmaxlinesinpar2894=\count2507
\l@dmaxlinesinpar2893=\count2508
\l@dmaxlinesinpar2892=\count2509
\l@dmaxlinesinpar2891=\count2510
\l@dmaxlinesinpar2890=\count2511
\l@dmaxlinesinpar2889=\count2512
\l@dmaxlinesinpar2888=\count2513
\l@dmaxlinesinpar2887=\count2514
\l@dmaxlinesinpar2886=\count2515
\l@dmaxlinesinpar2885=\count2516
\l@dmaxlinesinpar2884=\count2517
\l@dmaxlinesinpar2883=\count2518
\l@dmaxlinesinpar2882=\count2519
\l@dmaxlinesinpar2881=\count2520
\l@dmaxlinesinpar2880=\count2521
\l@dmaxlinesinpar2879=\count2522
\l@dmaxlinesinpar2878=\count2523
\l@dmaxlinesinpar2877=\count2524
\l@dmaxlinesinpar2876=\count2525
\l@dmaxlinesinpar2875=\count2526
\l@dmaxlinesinpar2874=\count2527
\l@dmaxlinesinpar2873=\count2528
\l@dmaxlinesinpar2872=\count2529
\l@dmaxlinesinpar2871=\count2530
\l@dmaxlinesinpar2870=\count2531
\l@dmaxlinesinpar2869=\count2532
\l@dmaxlinesinpar2868=\count2533
\l@dmaxlinesinpar2867=\count2534
\l@dmaxlinesinpar2866=\count2535
\l@dmaxlinesinpar2865=\count2536
\l@dmaxlinesinpar2864=\count2537
\l@dmaxlinesinpar2863=\count2538
\l@dmaxlinesinpar2862=\count2539
\l@dmaxlinesinpar2861=\count2540
\l@dmaxlinesinpar2860=\count2541
\l@dmaxlinesinpar2859=\count2542
\l@dmaxlinesinpar2858=\count2543
\l@dmaxlinesinpar2857=\count2544
\l@dmaxlinesinpar2856=\count2545
\l@dmaxlinesinpar2855=\count2546
\l@dmaxlinesinpar2854=\count2547
\l@dmaxlinesinpar2853=\count2548
\l@dmaxlinesinpar2852=\count2549
\l@dmaxlinesinpar2851=\count2550
\l@dmaxlinesinpar2850=\count2551
\l@dmaxlinesinpar2849=\count2552
\l@dmaxlinesinpar2848=\count2553
\l@dmaxlinesinpar2847=\count2554
\l@dmaxlinesinpar2846=\count2555
\l@dmaxlinesinpar2845=\count2556
\l@dmaxlinesinpar2844=\count2557
\l@dmaxlinesinpar2843=\count2558
\l@dmaxlinesinpar2842=\count2559
\l@dmaxlinesinpar2841=\count2560
\l@dmaxlinesinpar2840=\count2561
\l@dmaxlinesinpar2839=\count2562
\l@dmaxlinesinpar2838=\count2563
\l@dmaxlinesinpar2837=\count2564
\l@dmaxlinesinpar2836=\count2565
\l@dmaxlinesinpar2835=\count2566
\l@dmaxlinesinpar2834=\count2567
\l@dmaxlinesinpar2833=\count2568
\l@dmaxlinesinpar2832=\count2569
\l@dmaxlinesinpar2831=\count2570
\l@dmaxlinesinpar2830=\count2571
\l@dmaxlinesinpar2829=\count2572
\l@dmaxlinesinpar2828=\count2573
\l@dmaxlinesinpar2827=\count2574
\l@dmaxlinesinpar2826=\count2575
\l@dmaxlinesinpar2825=\count2576
\l@dmaxlinesinpar2824=\count2577
\l@dmaxlinesinpar2823=\count2578
\l@dmaxlinesinpar2822=\count2579
\l@dmaxlinesinpar2821=\count2580
\l@dmaxlinesinpar2820=\count2581
\l@dmaxlinesinpar2819=\count2582
\l@dmaxlinesinpar2818=\count2583
\l@dmaxlinesinpar2817=\count2584
\l@dmaxlinesinpar2816=\count2585
\l@dmaxlinesinpar2815=\count2586
\l@dmaxlinesinpar2814=\count2587
\l@dmaxlinesinpar2813=\count2588
\l@dmaxlinesinpar2812=\count2589
\l@dmaxlinesinpar2811=\count2590
\l@dmaxlinesinpar2810=\count2591
\l@dmaxlinesinpar2809=\count2592
\l@dmaxlinesinpar2808=\count2593
\l@dmaxlinesinpar2807=\count2594
\l@dmaxlinesinpar2806=\count2595
\l@dmaxlinesinpar2805=\count2596
\l@dmaxlinesinpar2804=\count2597
\l@dmaxlinesinpar2803=\count2598
\l@dmaxlinesinpar2802=\count2599
\l@dmaxlinesinpar2801=\count2600
\l@dmaxlinesinpar2800=\count2601
\l@dmaxlinesinpar2799=\count2602
\l@dmaxlinesinpar2798=\count2603
\l@dmaxlinesinpar2797=\count2604
\l@dmaxlinesinpar2796=\count2605
\l@dmaxlinesinpar2795=\count2606
\l@dmaxlinesinpar2794=\count2607
\l@dmaxlinesinpar2793=\count2608
\l@dmaxlinesinpar2792=\count2609
\l@dmaxlinesinpar2791=\count2610
\l@dmaxlinesinpar2790=\count2611
\l@dmaxlinesinpar2789=\count2612
\l@dmaxlinesinpar2788=\count2613
\l@dmaxlinesinpar2787=\count2614
\l@dmaxlinesinpar2786=\count2615
\l@dmaxlinesinpar2785=\count2616
\l@dmaxlinesinpar2784=\count2617
\l@dmaxlinesinpar2783=\count2618
\l@dmaxlinesinpar2782=\count2619
\l@dmaxlinesinpar2781=\count2620
\l@dmaxlinesinpar2780=\count2621
\l@dmaxlinesinpar2779=\count2622
\l@dmaxlinesinpar2778=\count2623
\l@dmaxlinesinpar2777=\count2624
\l@dmaxlinesinpar2776=\count2625
\l@dmaxlinesinpar2775=\count2626
\l@dmaxlinesinpar2774=\count2627
\l@dmaxlinesinpar2773=\count2628
\l@dmaxlinesinpar2772=\count2629
\l@dmaxlinesinpar2771=\count2630
\l@dmaxlinesinpar2770=\count2631
\l@dmaxlinesinpar2769=\count2632
\l@dmaxlinesinpar2768=\count2633
\l@dmaxlinesinpar2767=\count2634
\l@dmaxlinesinpar2766=\count2635
\l@dmaxlinesinpar2765=\count2636
\l@dmaxlinesinpar2764=\count2637
\l@dmaxlinesinpar2763=\count2638
\l@dmaxlinesinpar2762=\count2639
\l@dmaxlinesinpar2761=\count2640
\l@dmaxlinesinpar2760=\count2641
\l@dmaxlinesinpar2759=\count2642
\l@dmaxlinesinpar2758=\count2643
\l@dmaxlinesinpar2757=\count2644
\l@dmaxlinesinpar2756=\count2645
\l@dmaxlinesinpar2755=\count2646
\l@dmaxlinesinpar2754=\count2647
\l@dmaxlinesinpar2753=\count2648
\l@dmaxlinesinpar2752=\count2649
\l@dmaxlinesinpar2751=\count2650
\l@dmaxlinesinpar2750=\count2651
\l@dmaxlinesinpar2749=\count2652
\l@dmaxlinesinpar2748=\count2653
\l@dmaxlinesinpar2747=\count2654
\l@dmaxlinesinpar2746=\count2655
\l@dmaxlinesinpar2745=\count2656
\l@dmaxlinesinpar2744=\count2657
\l@dmaxlinesinpar2743=\count2658
\l@dmaxlinesinpar2742=\count2659
\l@dmaxlinesinpar2741=\count2660
\l@dmaxlinesinpar2740=\count2661
\l@dmaxlinesinpar2739=\count2662
\l@dmaxlinesinpar2738=\count2663
\l@dmaxlinesinpar2737=\count2664
\l@dmaxlinesinpar2736=\count2665
\l@dmaxlinesinpar2735=\count2666
\l@dmaxlinesinpar2734=\count2667
\l@dmaxlinesinpar2733=\count2668
\l@dmaxlinesinpar2732=\count2669
\l@dmaxlinesinpar2731=\count2670
\l@dmaxlinesinpar2730=\count2671
\l@dmaxlinesinpar2729=\count2672
\l@dmaxlinesinpar2728=\count2673
\l@dmaxlinesinpar2727=\count2674
\l@dmaxlinesinpar2726=\count2675
\l@dmaxlinesinpar2725=\count2676
\l@dmaxlinesinpar2724=\count2677
\l@dmaxlinesinpar2723=\count2678
\l@dmaxlinesinpar2722=\count2679
\l@dmaxlinesinpar2721=\count2680
\l@dmaxlinesinpar2720=\count2681
\l@dmaxlinesinpar2719=\count2682
\l@dmaxlinesinpar2718=\count2683
\l@dmaxlinesinpar2717=\count2684
\l@dmaxlinesinpar2716=\count2685
\l@dmaxlinesinpar2715=\count2686
\l@dmaxlinesinpar2714=\count2687
\l@dmaxlinesinpar2713=\count2688
\l@dmaxlinesinpar2712=\count2689
\l@dmaxlinesinpar2711=\count2690
\l@dmaxlinesinpar2710=\count2691
\l@dmaxlinesinpar2709=\count2692
\l@dmaxlinesinpar2708=\count2693
\l@dmaxlinesinpar2707=\count2694
\l@dmaxlinesinpar2706=\count2695
\l@dmaxlinesinpar2705=\count2696
\l@dmaxlinesinpar2704=\count2697
\l@dmaxlinesinpar2703=\count2698
\l@dmaxlinesinpar2702=\count2699
\l@dmaxlinesinpar2701=\count2700
\l@dmaxlinesinpar2700=\count2701
\l@dmaxlinesinpar2699=\count2702
\l@dmaxlinesinpar2698=\count2703
\l@dmaxlinesinpar2697=\count2704
\l@dmaxlinesinpar2696=\count2705
\l@dmaxlinesinpar2695=\count2706
\l@dmaxlinesinpar2694=\count2707
\l@dmaxlinesinpar2693=\count2708
\l@dmaxlinesinpar2692=\count2709
\l@dmaxlinesinpar2691=\count2710
\l@dmaxlinesinpar2690=\count2711
\l@dmaxlinesinpar2689=\count2712
\l@dmaxlinesinpar2688=\count2713
\l@dmaxlinesinpar2687=\count2714
\l@dmaxlinesinpar2686=\count2715
\l@dmaxlinesinpar2685=\count2716
\l@dmaxlinesinpar2684=\count2717
\l@dmaxlinesinpar2683=\count2718
\l@dmaxlinesinpar2682=\count2719
\l@dmaxlinesinpar2681=\count2720
\l@dmaxlinesinpar2680=\count2721
\l@dmaxlinesinpar2679=\count2722
\l@dmaxlinesinpar2678=\count2723
\l@dmaxlinesinpar2677=\count2724
\l@dmaxlinesinpar2676=\count2725
\l@dmaxlinesinpar2675=\count2726
\l@dmaxlinesinpar2674=\count2727
\l@dmaxlinesinpar2673=\count2728
\l@dmaxlinesinpar2672=\count2729
\l@dmaxlinesinpar2671=\count2730
\l@dmaxlinesinpar2670=\count2731
\l@dmaxlinesinpar2669=\count2732
\l@dmaxlinesinpar2668=\count2733
\l@dmaxlinesinpar2667=\count2734
\l@dmaxlinesinpar2666=\count2735
\l@dmaxlinesinpar2665=\count2736
\l@dmaxlinesinpar2664=\count2737
\l@dmaxlinesinpar2663=\count2738
\l@dmaxlinesinpar2662=\count2739
\l@dmaxlinesinpar2661=\count2740
\l@dmaxlinesinpar2660=\count2741
\l@dmaxlinesinpar2659=\count2742
\l@dmaxlinesinpar2658=\count2743
\l@dmaxlinesinpar2657=\count2744
\l@dmaxlinesinpar2656=\count2745
\l@dmaxlinesinpar2655=\count2746
\l@dmaxlinesinpar2654=\count2747
\l@dmaxlinesinpar2653=\count2748
\l@dmaxlinesinpar2652=\count2749
\l@dmaxlinesinpar2651=\count2750
\l@dmaxlinesinpar2650=\count2751
\l@dmaxlinesinpar2649=\count2752
\l@dmaxlinesinpar2648=\count2753
\l@dmaxlinesinpar2647=\count2754
\l@dmaxlinesinpar2646=\count2755
\l@dmaxlinesinpar2645=\count2756
\l@dmaxlinesinpar2644=\count2757
\l@dmaxlinesinpar2643=\count2758
\l@dmaxlinesinpar2642=\count2759
\l@dmaxlinesinpar2641=\count2760
\l@dmaxlinesinpar2640=\count2761
\l@dmaxlinesinpar2639=\count2762
\l@dmaxlinesinpar2638=\count2763
\l@dmaxlinesinpar2637=\count2764
\l@dmaxlinesinpar2636=\count2765
\l@dmaxlinesinpar2635=\count2766
\l@dmaxlinesinpar2634=\count2767
\l@dmaxlinesinpar2633=\count2768
\l@dmaxlinesinpar2632=\count2769
\l@dmaxlinesinpar2631=\count2770
\l@dmaxlinesinpar2630=\count2771
\l@dmaxlinesinpar2629=\count2772
\l@dmaxlinesinpar2628=\count2773
\l@dmaxlinesinpar2627=\count2774
\l@dmaxlinesinpar2626=\count2775
\l@dmaxlinesinpar2625=\count2776
\l@dmaxlinesinpar2624=\count2777
\l@dmaxlinesinpar2623=\count2778
\l@dmaxlinesinpar2622=\count2779
\l@dmaxlinesinpar2621=\count2780
\l@dmaxlinesinpar2620=\count2781
\l@dmaxlinesinpar2619=\count2782
\l@dmaxlinesinpar2618=\count2783
\l@dmaxlinesinpar2617=\count2784
\l@dmaxlinesinpar2616=\count2785
\l@dmaxlinesinpar2615=\count2786
\l@dmaxlinesinpar2614=\count2787
\l@dmaxlinesinpar2613=\count2788
\l@dmaxlinesinpar2612=\count2789
\l@dmaxlinesinpar2611=\count2790
\l@dmaxlinesinpar2610=\count2791
\l@dmaxlinesinpar2609=\count2792
\l@dmaxlinesinpar2608=\count2793
\l@dmaxlinesinpar2607=\count2794
\l@dmaxlinesinpar2606=\count2795
\l@dmaxlinesinpar2605=\count2796
\l@dmaxlinesinpar2604=\count2797
\l@dmaxlinesinpar2603=\count2798
\l@dmaxlinesinpar2602=\count2799
\l@dmaxlinesinpar2601=\count2800
\l@dmaxlinesinpar2600=\count2801
\l@dmaxlinesinpar2599=\count2802
\l@dmaxlinesinpar2598=\count2803
\l@dmaxlinesinpar2597=\count2804
\l@dmaxlinesinpar2596=\count2805
\l@dmaxlinesinpar2595=\count2806
\l@dmaxlinesinpar2594=\count2807
\l@dmaxlinesinpar2593=\count2808
\l@dmaxlinesinpar2592=\count2809
\l@dmaxlinesinpar2591=\count2810
\l@dmaxlinesinpar2590=\count2811
\l@dmaxlinesinpar2589=\count2812
\l@dmaxlinesinpar2588=\count2813
\l@dmaxlinesinpar2587=\count2814
\l@dmaxlinesinpar2586=\count2815
\l@dmaxlinesinpar2585=\count2816
\l@dmaxlinesinpar2584=\count2817
\l@dmaxlinesinpar2583=\count2818
\l@dmaxlinesinpar2582=\count2819
\l@dmaxlinesinpar2581=\count2820
\l@dmaxlinesinpar2580=\count2821
\l@dmaxlinesinpar2579=\count2822
\l@dmaxlinesinpar2578=\count2823
\l@dmaxlinesinpar2577=\count2824
\l@dmaxlinesinpar2576=\count2825
\l@dmaxlinesinpar2575=\count2826
\l@dmaxlinesinpar2574=\count2827
\l@dmaxlinesinpar2573=\count2828
\l@dmaxlinesinpar2572=\count2829
\l@dmaxlinesinpar2571=\count2830
\l@dmaxlinesinpar2570=\count2831
\l@dmaxlinesinpar2569=\count2832
\l@dmaxlinesinpar2568=\count2833
\l@dmaxlinesinpar2567=\count2834
\l@dmaxlinesinpar2566=\count2835
\l@dmaxlinesinpar2565=\count2836
\l@dmaxlinesinpar2564=\count2837
\l@dmaxlinesinpar2563=\count2838
\l@dmaxlinesinpar2562=\count2839
\l@dmaxlinesinpar2561=\count2840
\l@dmaxlinesinpar2560=\count2841
\l@dmaxlinesinpar2559=\count2842
\l@dmaxlinesinpar2558=\count2843
\l@dmaxlinesinpar2557=\count2844
\l@dmaxlinesinpar2556=\count2845
\l@dmaxlinesinpar2555=\count2846
\l@dmaxlinesinpar2554=\count2847
\l@dmaxlinesinpar2553=\count2848
\l@dmaxlinesinpar2552=\count2849
\l@dmaxlinesinpar2551=\count2850
\l@dmaxlinesinpar2550=\count2851
\l@dmaxlinesinpar2549=\count2852
\l@dmaxlinesinpar2548=\count2853
\l@dmaxlinesinpar2547=\count2854
\l@dmaxlinesinpar2546=\count2855
\l@dmaxlinesinpar2545=\count2856
\l@dmaxlinesinpar2544=\count2857
\l@dmaxlinesinpar2543=\count2858
\l@dmaxlinesinpar2542=\count2859
\l@dmaxlinesinpar2541=\count2860
\l@dmaxlinesinpar2540=\count2861
\l@dmaxlinesinpar2539=\count2862
\l@dmaxlinesinpar2538=\count2863
\l@dmaxlinesinpar2537=\count2864
\l@dmaxlinesinpar2536=\count2865
\l@dmaxlinesinpar2535=\count2866
\l@dmaxlinesinpar2534=\count2867
\l@dmaxlinesinpar2533=\count2868
\l@dmaxlinesinpar2532=\count2869
\l@dmaxlinesinpar2531=\count2870
\l@dmaxlinesinpar2530=\count2871
\l@dmaxlinesinpar2529=\count2872
\l@dmaxlinesinpar2528=\count2873
\l@dmaxlinesinpar2527=\count2874
\l@dmaxlinesinpar2526=\count2875
\l@dmaxlinesinpar2525=\count2876
\l@dmaxlinesinpar2524=\count2877
\l@dmaxlinesinpar2523=\count2878
\l@dmaxlinesinpar2522=\count2879
\l@dmaxlinesinpar2521=\count2880
\l@dmaxlinesinpar2520=\count2881
\l@dmaxlinesinpar2519=\count2882
\l@dmaxlinesinpar2518=\count2883
\l@dmaxlinesinpar2517=\count2884
\l@dmaxlinesinpar2516=\count2885
\l@dmaxlinesinpar2515=\count2886
\l@dmaxlinesinpar2514=\count2887
\l@dmaxlinesinpar2513=\count2888
\l@dmaxlinesinpar2512=\count2889
\l@dmaxlinesinpar2511=\count2890
\l@dmaxlinesinpar2510=\count2891
\l@dmaxlinesinpar2509=\count2892
\l@dmaxlinesinpar2508=\count2893
\l@dmaxlinesinpar2507=\count2894
\l@dmaxlinesinpar2506=\count2895
\l@dmaxlinesinpar2505=\count2896
\l@dmaxlinesinpar2504=\count2897
\l@dmaxlinesinpar2503=\count2898
\l@dmaxlinesinpar2502=\count2899
\l@dmaxlinesinpar2501=\count2900
\l@dmaxlinesinpar2500=\count2901
\l@dmaxlinesinpar2499=\count2902
\l@dmaxlinesinpar2498=\count2903
\l@dmaxlinesinpar2497=\count2904
\l@dmaxlinesinpar2496=\count2905
\l@dmaxlinesinpar2495=\count2906
\l@dmaxlinesinpar2494=\count2907
\l@dmaxlinesinpar2493=\count2908
\l@dmaxlinesinpar2492=\count2909
\l@dmaxlinesinpar2491=\count2910
\l@dmaxlinesinpar2490=\count2911
\l@dmaxlinesinpar2489=\count2912
\l@dmaxlinesinpar2488=\count2913
\l@dmaxlinesinpar2487=\count2914
\l@dmaxlinesinpar2486=\count2915
\l@dmaxlinesinpar2485=\count2916
\l@dmaxlinesinpar2484=\count2917
\l@dmaxlinesinpar2483=\count2918
\l@dmaxlinesinpar2482=\count2919
\l@dmaxlinesinpar2481=\count2920
\l@dmaxlinesinpar2480=\count2921
\l@dmaxlinesinpar2479=\count2922
\l@dmaxlinesinpar2478=\count2923
\l@dmaxlinesinpar2477=\count2924
\l@dmaxlinesinpar2476=\count2925
\l@dmaxlinesinpar2475=\count2926
\l@dmaxlinesinpar2474=\count2927
\l@dmaxlinesinpar2473=\count2928
\l@dmaxlinesinpar2472=\count2929
\l@dmaxlinesinpar2471=\count2930
\l@dmaxlinesinpar2470=\count2931
\l@dmaxlinesinpar2469=\count2932
\l@dmaxlinesinpar2468=\count2933
\l@dmaxlinesinpar2467=\count2934
\l@dmaxlinesinpar2466=\count2935
\l@dmaxlinesinpar2465=\count2936
\l@dmaxlinesinpar2464=\count2937
\l@dmaxlinesinpar2463=\count2938
\l@dmaxlinesinpar2462=\count2939
\l@dmaxlinesinpar2461=\count2940
\l@dmaxlinesinpar2460=\count2941
\l@dmaxlinesinpar2459=\count2942
\l@dmaxlinesinpar2458=\count2943
\l@dmaxlinesinpar2457=\count2944
\l@dmaxlinesinpar2456=\count2945
\l@dmaxlinesinpar2455=\count2946
\l@dmaxlinesinpar2454=\count2947
\l@dmaxlinesinpar2453=\count2948
\l@dmaxlinesinpar2452=\count2949
\l@dmaxlinesinpar2451=\count2950
\l@dmaxlinesinpar2450=\count2951
\l@dmaxlinesinpar2449=\count2952
\l@dmaxlinesinpar2448=\count2953
\l@dmaxlinesinpar2447=\count2954
\l@dmaxlinesinpar2446=\count2955
\l@dmaxlinesinpar2445=\count2956
\l@dmaxlinesinpar2444=\count2957
\l@dmaxlinesinpar2443=\count2958
\l@dmaxlinesinpar2442=\count2959
\l@dmaxlinesinpar2441=\count2960
\l@dmaxlinesinpar2440=\count2961
\l@dmaxlinesinpar2439=\count2962
\l@dmaxlinesinpar2438=\count2963
\l@dmaxlinesinpar2437=\count2964
\l@dmaxlinesinpar2436=\count2965
\l@dmaxlinesinpar2435=\count2966
\l@dmaxlinesinpar2434=\count2967
\l@dmaxlinesinpar2433=\count2968
\l@dmaxlinesinpar2432=\count2969
\l@dmaxlinesinpar2431=\count2970
\l@dmaxlinesinpar2430=\count2971
\l@dmaxlinesinpar2429=\count2972
\l@dmaxlinesinpar2428=\count2973
\l@dmaxlinesinpar2427=\count2974
\l@dmaxlinesinpar2426=\count2975
\l@dmaxlinesinpar2425=\count2976
\l@dmaxlinesinpar2424=\count2977
\l@dmaxlinesinpar2423=\count2978
\l@dmaxlinesinpar2422=\count2979
\l@dmaxlinesinpar2421=\count2980
\l@dmaxlinesinpar2420=\count2981
\l@dmaxlinesinpar2419=\count2982
\l@dmaxlinesinpar2418=\count2983
\l@dmaxlinesinpar2417=\count2984
\l@dmaxlinesinpar2416=\count2985
\l@dmaxlinesinpar2415=\count2986
\l@dmaxlinesinpar2414=\count2987
\l@dmaxlinesinpar2413=\count2988
\l@dmaxlinesinpar2412=\count2989
\l@dmaxlinesinpar2411=\count2990
\l@dmaxlinesinpar2410=\count2991
\l@dmaxlinesinpar2409=\count2992
\l@dmaxlinesinpar2408=\count2993
\l@dmaxlinesinpar2407=\count2994
\l@dmaxlinesinpar2406=\count2995
\l@dmaxlinesinpar2405=\count2996
\l@dmaxlinesinpar2404=\count2997
\l@dmaxlinesinpar2403=\count2998
\l@dmaxlinesinpar2402=\count2999
\l@dmaxlinesinpar2401=\count3000
\l@dmaxlinesinpar2400=\count3001
\l@dmaxlinesinpar2399=\count3002
\l@dmaxlinesinpar2398=\count3003
\l@dmaxlinesinpar2397=\count3004
\l@dmaxlinesinpar2396=\count3005
\l@dmaxlinesinpar2395=\count3006
\l@dmaxlinesinpar2394=\count3007
\l@dmaxlinesinpar2393=\count3008
\l@dmaxlinesinpar2392=\count3009
\l@dmaxlinesinpar2391=\count3010
\l@dmaxlinesinpar2390=\count3011
\l@dmaxlinesinpar2389=\count3012
\l@dmaxlinesinpar2388=\count3013
\l@dmaxlinesinpar2387=\count3014
\l@dmaxlinesinpar2386=\count3015
\l@dmaxlinesinpar2385=\count3016
\l@dmaxlinesinpar2384=\count3017
\l@dmaxlinesinpar2383=\count3018
\l@dmaxlinesinpar2382=\count3019
\l@dmaxlinesinpar2381=\count3020
\l@dmaxlinesinpar2380=\count3021
\l@dmaxlinesinpar2379=\count3022
\l@dmaxlinesinpar2378=\count3023
\l@dmaxlinesinpar2377=\count3024
\l@dmaxlinesinpar2376=\count3025
\l@dmaxlinesinpar2375=\count3026
\l@dmaxlinesinpar2374=\count3027
\l@dmaxlinesinpar2373=\count3028
\l@dmaxlinesinpar2372=\count3029
\l@dmaxlinesinpar2371=\count3030
\l@dmaxlinesinpar2370=\count3031
\l@dmaxlinesinpar2369=\count3032
\l@dmaxlinesinpar2368=\count3033
\l@dmaxlinesinpar2367=\count3034
\l@dmaxlinesinpar2366=\count3035
\l@dmaxlinesinpar2365=\count3036
\l@dmaxlinesinpar2364=\count3037
\l@dmaxlinesinpar2363=\count3038
\l@dmaxlinesinpar2362=\count3039
\l@dmaxlinesinpar2361=\count3040
\l@dmaxlinesinpar2360=\count3041
\l@dmaxlinesinpar2359=\count3042
\l@dmaxlinesinpar2358=\count3043
\l@dmaxlinesinpar2357=\count3044
\l@dmaxlinesinpar2356=\count3045
\l@dmaxlinesinpar2355=\count3046
\l@dmaxlinesinpar2354=\count3047
\l@dmaxlinesinpar2353=\count3048
\l@dmaxlinesinpar2352=\count3049
\l@dmaxlinesinpar2351=\count3050
\l@dmaxlinesinpar2350=\count3051
\l@dmaxlinesinpar2349=\count3052
\l@dmaxlinesinpar2348=\count3053
\l@dmaxlinesinpar2347=\count3054
\l@dmaxlinesinpar2346=\count3055
\l@dmaxlinesinpar2345=\count3056
\l@dmaxlinesinpar2344=\count3057
\l@dmaxlinesinpar2343=\count3058
\l@dmaxlinesinpar2342=\count3059
\l@dmaxlinesinpar2341=\count3060
\l@dmaxlinesinpar2340=\count3061
\l@dmaxlinesinpar2339=\count3062
\l@dmaxlinesinpar2338=\count3063
\l@dmaxlinesinpar2337=\count3064
\l@dmaxlinesinpar2336=\count3065
\l@dmaxlinesinpar2335=\count3066
\l@dmaxlinesinpar2334=\count3067
\l@dmaxlinesinpar2333=\count3068
\l@dmaxlinesinpar2332=\count3069
\l@dmaxlinesinpar2331=\count3070
\l@dmaxlinesinpar2330=\count3071
\l@dmaxlinesinpar2329=\count3072
\l@dmaxlinesinpar2328=\count3073
\l@dmaxlinesinpar2327=\count3074
\l@dmaxlinesinpar2326=\count3075
\l@dmaxlinesinpar2325=\count3076
\l@dmaxlinesinpar2324=\count3077
\l@dmaxlinesinpar2323=\count3078
\l@dmaxlinesinpar2322=\count3079
\l@dmaxlinesinpar2321=\count3080
\l@dmaxlinesinpar2320=\count3081
\l@dmaxlinesinpar2319=\count3082
\l@dmaxlinesinpar2318=\count3083
\l@dmaxlinesinpar2317=\count3084
\l@dmaxlinesinpar2316=\count3085
\l@dmaxlinesinpar2315=\count3086
\l@dmaxlinesinpar2314=\count3087
\l@dmaxlinesinpar2313=\count3088
\l@dmaxlinesinpar2312=\count3089
\l@dmaxlinesinpar2311=\count3090
\l@dmaxlinesinpar2310=\count3091
\l@dmaxlinesinpar2309=\count3092
\l@dmaxlinesinpar2308=\count3093
\l@dmaxlinesinpar2307=\count3094
\l@dmaxlinesinpar2306=\count3095
\l@dmaxlinesinpar2305=\count3096
\l@dmaxlinesinpar2304=\count3097
\l@dmaxlinesinpar2303=\count3098
\l@dmaxlinesinpar2302=\count3099
\l@dmaxlinesinpar2301=\count3100
\l@dmaxlinesinpar2300=\count3101
\l@dmaxlinesinpar2299=\count3102
\l@dmaxlinesinpar2298=\count3103
\l@dmaxlinesinpar2297=\count3104
\l@dmaxlinesinpar2296=\count3105
\l@dmaxlinesinpar2295=\count3106
\l@dmaxlinesinpar2294=\count3107
\l@dmaxlinesinpar2293=\count3108
\l@dmaxlinesinpar2292=\count3109
\l@dmaxlinesinpar2291=\count3110
\l@dmaxlinesinpar2290=\count3111
\l@dmaxlinesinpar2289=\count3112
\l@dmaxlinesinpar2288=\count3113
\l@dmaxlinesinpar2287=\count3114
\l@dmaxlinesinpar2286=\count3115
\l@dmaxlinesinpar2285=\count3116
\l@dmaxlinesinpar2284=\count3117
\l@dmaxlinesinpar2283=\count3118
\l@dmaxlinesinpar2282=\count3119
\l@dmaxlinesinpar2281=\count3120
\l@dmaxlinesinpar2280=\count3121
\l@dmaxlinesinpar2279=\count3122
\l@dmaxlinesinpar2278=\count3123
\l@dmaxlinesinpar2277=\count3124
\l@dmaxlinesinpar2276=\count3125
\l@dmaxlinesinpar2275=\count3126
\l@dmaxlinesinpar2274=\count3127
\l@dmaxlinesinpar2273=\count3128
\l@dmaxlinesinpar2272=\count3129
\l@dmaxlinesinpar2271=\count3130
\l@dmaxlinesinpar2270=\count3131
\l@dmaxlinesinpar2269=\count3132
\l@dmaxlinesinpar2268=\count3133
\l@dmaxlinesinpar2267=\count3134
\l@dmaxlinesinpar2266=\count3135
\l@dmaxlinesinpar2265=\count3136
\l@dmaxlinesinpar2264=\count3137
\l@dmaxlinesinpar2263=\count3138
\l@dmaxlinesinpar2262=\count3139
\l@dmaxlinesinpar2261=\count3140
\l@dmaxlinesinpar2260=\count3141
\l@dmaxlinesinpar2259=\count3142
\l@dmaxlinesinpar2258=\count3143
\l@dmaxlinesinpar2257=\count3144
\l@dmaxlinesinpar2256=\count3145
\l@dmaxlinesinpar2255=\count3146
\l@dmaxlinesinpar2254=\count3147
\l@dmaxlinesinpar2253=\count3148
\l@dmaxlinesinpar2252=\count3149
\l@dmaxlinesinpar2251=\count3150
\l@dmaxlinesinpar2250=\count3151
\l@dmaxlinesinpar2249=\count3152
\l@dmaxlinesinpar2248=\count3153
\l@dmaxlinesinpar2247=\count3154
\l@dmaxlinesinpar2246=\count3155
\l@dmaxlinesinpar2245=\count3156
\l@dmaxlinesinpar2244=\count3157
\l@dmaxlinesinpar2243=\count3158
\l@dmaxlinesinpar2242=\count3159
\l@dmaxlinesinpar2241=\count3160
\l@dmaxlinesinpar2240=\count3161
\l@dmaxlinesinpar2239=\count3162
\l@dmaxlinesinpar2238=\count3163
\l@dmaxlinesinpar2237=\count3164
\l@dmaxlinesinpar2236=\count3165
\l@dmaxlinesinpar2235=\count3166
\l@dmaxlinesinpar2234=\count3167
\l@dmaxlinesinpar2233=\count3168
\l@dmaxlinesinpar2232=\count3169
\l@dmaxlinesinpar2231=\count3170
\l@dmaxlinesinpar2230=\count3171
\l@dmaxlinesinpar2229=\count3172
\l@dmaxlinesinpar2228=\count3173
\l@dmaxlinesinpar2227=\count3174
\l@dmaxlinesinpar2226=\count3175
\l@dmaxlinesinpar2225=\count3176
\l@dmaxlinesinpar2224=\count3177
\l@dmaxlinesinpar2223=\count3178
\l@dmaxlinesinpar2222=\count3179
\l@dmaxlinesinpar2221=\count3180
\l@dmaxlinesinpar2220=\count3181
\l@dmaxlinesinpar2219=\count3182
\l@dmaxlinesinpar2218=\count3183
\l@dmaxlinesinpar2217=\count3184
\l@dmaxlinesinpar2216=\count3185
\l@dmaxlinesinpar2215=\count3186
\l@dmaxlinesinpar2214=\count3187
\l@dmaxlinesinpar2213=\count3188
\l@dmaxlinesinpar2212=\count3189
\l@dmaxlinesinpar2211=\count3190
\l@dmaxlinesinpar2210=\count3191
\l@dmaxlinesinpar2209=\count3192
\l@dmaxlinesinpar2208=\count3193
\l@dmaxlinesinpar2207=\count3194
\l@dmaxlinesinpar2206=\count3195
\l@dmaxlinesinpar2205=\count3196
\l@dmaxlinesinpar2204=\count3197
\l@dmaxlinesinpar2203=\count3198
\l@dmaxlinesinpar2202=\count3199
\l@dmaxlinesinpar2201=\count3200
\l@dmaxlinesinpar2200=\count3201
\l@dmaxlinesinpar2199=\count3202
\l@dmaxlinesinpar2198=\count3203
\l@dmaxlinesinpar2197=\count3204
\l@dmaxlinesinpar2196=\count3205
\l@dmaxlinesinpar2195=\count3206
\l@dmaxlinesinpar2194=\count3207
\l@dmaxlinesinpar2193=\count3208
\l@dmaxlinesinpar2192=\count3209
\l@dmaxlinesinpar2191=\count3210
\l@dmaxlinesinpar2190=\count3211
\l@dmaxlinesinpar2189=\count3212
\l@dmaxlinesinpar2188=\count3213
\l@dmaxlinesinpar2187=\count3214
\l@dmaxlinesinpar2186=\count3215
\l@dmaxlinesinpar2185=\count3216
\l@dmaxlinesinpar2184=\count3217
\l@dmaxlinesinpar2183=\count3218
\l@dmaxlinesinpar2182=\count3219
\l@dmaxlinesinpar2181=\count3220
\l@dmaxlinesinpar2180=\count3221
\l@dmaxlinesinpar2179=\count3222
\l@dmaxlinesinpar2178=\count3223
\l@dmaxlinesinpar2177=\count3224
\l@dmaxlinesinpar2176=\count3225
\l@dmaxlinesinpar2175=\count3226
\l@dmaxlinesinpar2174=\count3227
\l@dmaxlinesinpar2173=\count3228
\l@dmaxlinesinpar2172=\count3229
\l@dmaxlinesinpar2171=\count3230
\l@dmaxlinesinpar2170=\count3231
\l@dmaxlinesinpar2169=\count3232
\l@dmaxlinesinpar2168=\count3233
\l@dmaxlinesinpar2167=\count3234
\l@dmaxlinesinpar2166=\count3235
\l@dmaxlinesinpar2165=\count3236
\l@dmaxlinesinpar2164=\count3237
\l@dmaxlinesinpar2163=\count3238
\l@dmaxlinesinpar2162=\count3239
\l@dmaxlinesinpar2161=\count3240
\l@dmaxlinesinpar2160=\count3241
\l@dmaxlinesinpar2159=\count3242
\l@dmaxlinesinpar2158=\count3243
\l@dmaxlinesinpar2157=\count3244
\l@dmaxlinesinpar2156=\count3245
\l@dmaxlinesinpar2155=\count3246
\l@dmaxlinesinpar2154=\count3247
\l@dmaxlinesinpar2153=\count3248
\l@dmaxlinesinpar2152=\count3249
\l@dmaxlinesinpar2151=\count3250
\l@dmaxlinesinpar2150=\count3251
\l@dmaxlinesinpar2149=\count3252
\l@dmaxlinesinpar2148=\count3253
\l@dmaxlinesinpar2147=\count3254
\l@dmaxlinesinpar2146=\count3255
\l@dmaxlinesinpar2145=\count3256
\l@dmaxlinesinpar2144=\count3257
\l@dmaxlinesinpar2143=\count3258
\l@dmaxlinesinpar2142=\count3259
\l@dmaxlinesinpar2141=\count3260
\l@dmaxlinesinpar2140=\count3261
\l@dmaxlinesinpar2139=\count3262
\l@dmaxlinesinpar2138=\count3263
\l@dmaxlinesinpar2137=\count3264
\l@dmaxlinesinpar2136=\count3265
\l@dmaxlinesinpar2135=\count3266
\l@dmaxlinesinpar2134=\count3267
\l@dmaxlinesinpar2133=\count3268
\l@dmaxlinesinpar2132=\count3269
\l@dmaxlinesinpar2131=\count3270
\l@dmaxlinesinpar2130=\count3271
\l@dmaxlinesinpar2129=\count3272
\l@dmaxlinesinpar2128=\count3273
\l@dmaxlinesinpar2127=\count3274
\l@dmaxlinesinpar2126=\count3275
\l@dmaxlinesinpar2125=\count3276
\l@dmaxlinesinpar2124=\count3277
\l@dmaxlinesinpar2123=\count3278
\l@dmaxlinesinpar2122=\count3279
\l@dmaxlinesinpar2121=\count3280
\l@dmaxlinesinpar2120=\count3281
\l@dmaxlinesinpar2119=\count3282
\l@dmaxlinesinpar2118=\count3283
\l@dmaxlinesinpar2117=\count3284
\l@dmaxlinesinpar2116=\count3285
\l@dmaxlinesinpar2115=\count3286
\l@dmaxlinesinpar2114=\count3287
\l@dmaxlinesinpar2113=\count3288
\l@dmaxlinesinpar2112=\count3289
\l@dmaxlinesinpar2111=\count3290
\l@dmaxlinesinpar2110=\count3291
\l@dmaxlinesinpar2109=\count3292
\l@dmaxlinesinpar2108=\count3293
\l@dmaxlinesinpar2107=\count3294
\l@dmaxlinesinpar2106=\count3295
\l@dmaxlinesinpar2105=\count3296
\l@dmaxlinesinpar2104=\count3297
\l@dmaxlinesinpar2103=\count3298
\l@dmaxlinesinpar2102=\count3299
\l@dmaxlinesinpar2101=\count3300
\l@dmaxlinesinpar2100=\count3301
\l@dmaxlinesinpar2099=\count3302
\l@dmaxlinesinpar2098=\count3303
\l@dmaxlinesinpar2097=\count3304
\l@dmaxlinesinpar2096=\count3305
\l@dmaxlinesinpar2095=\count3306
\l@dmaxlinesinpar2094=\count3307
\l@dmaxlinesinpar2093=\count3308
\l@dmaxlinesinpar2092=\count3309
\l@dmaxlinesinpar2091=\count3310
\l@dmaxlinesinpar2090=\count3311
\l@dmaxlinesinpar2089=\count3312
\l@dmaxlinesinpar2088=\count3313
\l@dmaxlinesinpar2087=\count3314
\l@dmaxlinesinpar2086=\count3315
\l@dmaxlinesinpar2085=\count3316
\l@dmaxlinesinpar2084=\count3317
\l@dmaxlinesinpar2083=\count3318
\l@dmaxlinesinpar2082=\count3319
\l@dmaxlinesinpar2081=\count3320
\l@dmaxlinesinpar2080=\count3321
\l@dmaxlinesinpar2079=\count3322
\l@dmaxlinesinpar2078=\count3323
\l@dmaxlinesinpar2077=\count3324
\l@dmaxlinesinpar2076=\count3325
\l@dmaxlinesinpar2075=\count3326
\l@dmaxlinesinpar2074=\count3327
\l@dmaxlinesinpar2073=\count3328
\l@dmaxlinesinpar2072=\count3329
\l@dmaxlinesinpar2071=\count3330
\l@dmaxlinesinpar2070=\count3331
\l@dmaxlinesinpar2069=\count3332
\l@dmaxlinesinpar2068=\count3333
\l@dmaxlinesinpar2067=\count3334
\l@dmaxlinesinpar2066=\count3335
\l@dmaxlinesinpar2065=\count3336
\l@dmaxlinesinpar2064=\count3337
\l@dmaxlinesinpar2063=\count3338
\l@dmaxlinesinpar2062=\count3339
\l@dmaxlinesinpar2061=\count3340
\l@dmaxlinesinpar2060=\count3341
\l@dmaxlinesinpar2059=\count3342
\l@dmaxlinesinpar2058=\count3343
\l@dmaxlinesinpar2057=\count3344
\l@dmaxlinesinpar2056=\count3345
\l@dmaxlinesinpar2055=\count3346
\l@dmaxlinesinpar2054=\count3347
\l@dmaxlinesinpar2053=\count3348
\l@dmaxlinesinpar2052=\count3349
\l@dmaxlinesinpar2051=\count3350
\l@dmaxlinesinpar2050=\count3351
\l@dmaxlinesinpar2049=\count3352
\l@dmaxlinesinpar2048=\count3353
\l@dmaxlinesinpar2047=\count3354
\l@dmaxlinesinpar2046=\count3355
\l@dmaxlinesinpar2045=\count3356
\l@dmaxlinesinpar2044=\count3357
\l@dmaxlinesinpar2043=\count3358
\l@dmaxlinesinpar2042=\count3359
\l@dmaxlinesinpar2041=\count3360
\l@dmaxlinesinpar2040=\count3361
\l@dmaxlinesinpar2039=\count3362
\l@dmaxlinesinpar2038=\count3363
\l@dmaxlinesinpar2037=\count3364
\l@dmaxlinesinpar2036=\count3365
\l@dmaxlinesinpar2035=\count3366
\l@dmaxlinesinpar2034=\count3367
\l@dmaxlinesinpar2033=\count3368
\l@dmaxlinesinpar2032=\count3369
\l@dmaxlinesinpar2031=\count3370
\l@dmaxlinesinpar2030=\count3371
\l@dmaxlinesinpar2029=\count3372
\l@dmaxlinesinpar2028=\count3373
\l@dmaxlinesinpar2027=\count3374
\l@dmaxlinesinpar2026=\count3375
\l@dmaxlinesinpar2025=\count3376
\l@dmaxlinesinpar2024=\count3377
\l@dmaxlinesinpar2023=\count3378
\l@dmaxlinesinpar2022=\count3379
\l@dmaxlinesinpar2021=\count3380
\l@dmaxlinesinpar2020=\count3381
\l@dmaxlinesinpar2019=\count3382
\l@dmaxlinesinpar2018=\count3383
\l@dmaxlinesinpar2017=\count3384
\l@dmaxlinesinpar2016=\count3385
\l@dmaxlinesinpar2015=\count3386
\l@dmaxlinesinpar2014=\count3387
\l@dmaxlinesinpar2013=\count3388
\l@dmaxlinesinpar2012=\count3389
\l@dmaxlinesinpar2011=\count3390
\l@dmaxlinesinpar2010=\count3391
\l@dmaxlinesinpar2009=\count3392
\l@dmaxlinesinpar2008=\count3393
\l@dmaxlinesinpar2007=\count3394
\l@dmaxlinesinpar2006=\count3395
\l@dmaxlinesinpar2005=\count3396
\l@dmaxlinesinpar2004=\count3397
\l@dmaxlinesinpar2003=\count3398
\l@dmaxlinesinpar2002=\count3399
\l@dmaxlinesinpar2001=\count3400
\l@dmaxlinesinpar2000=\count3401
\l@dmaxlinesinpar1999=\count3402
\l@dmaxlinesinpar1998=\count3403
\l@dmaxlinesinpar1997=\count3404
\l@dmaxlinesinpar1996=\count3405
\l@dmaxlinesinpar1995=\count3406
\l@dmaxlinesinpar1994=\count3407
\l@dmaxlinesinpar1993=\count3408
\l@dmaxlinesinpar1992=\count3409
\l@dmaxlinesinpar1991=\count3410
\l@dmaxlinesinpar1990=\count3411
\l@dmaxlinesinpar1989=\count3412
\l@dmaxlinesinpar1988=\count3413
\l@dmaxlinesinpar1987=\count3414
\l@dmaxlinesinpar1986=\count3415
\l@dmaxlinesinpar1985=\count3416
\l@dmaxlinesinpar1984=\count3417
\l@dmaxlinesinpar1983=\count3418
\l@dmaxlinesinpar1982=\count3419
\l@dmaxlinesinpar1981=\count3420
\l@dmaxlinesinpar1980=\count3421
\l@dmaxlinesinpar1979=\count3422
\l@dmaxlinesinpar1978=\count3423
\l@dmaxlinesinpar1977=\count3424
\l@dmaxlinesinpar1976=\count3425
\l@dmaxlinesinpar1975=\count3426
\l@dmaxlinesinpar1974=\count3427
\l@dmaxlinesinpar1973=\count3428
\l@dmaxlinesinpar1972=\count3429
\l@dmaxlinesinpar1971=\count3430
\l@dmaxlinesinpar1970=\count3431
\l@dmaxlinesinpar1969=\count3432
\l@dmaxlinesinpar1968=\count3433
\l@dmaxlinesinpar1967=\count3434
\l@dmaxlinesinpar1966=\count3435
\l@dmaxlinesinpar1965=\count3436
\l@dmaxlinesinpar1964=\count3437
\l@dmaxlinesinpar1963=\count3438
\l@dmaxlinesinpar1962=\count3439
\l@dmaxlinesinpar1961=\count3440
\l@dmaxlinesinpar1960=\count3441
\l@dmaxlinesinpar1959=\count3442
\l@dmaxlinesinpar1958=\count3443
\l@dmaxlinesinpar1957=\count3444
\l@dmaxlinesinpar1956=\count3445
\l@dmaxlinesinpar1955=\count3446
\l@dmaxlinesinpar1954=\count3447
\l@dmaxlinesinpar1953=\count3448
\l@dmaxlinesinpar1952=\count3449
\l@dmaxlinesinpar1951=\count3450
\l@dmaxlinesinpar1950=\count3451
\l@dmaxlinesinpar1949=\count3452
\l@dmaxlinesinpar1948=\count3453
\l@dmaxlinesinpar1947=\count3454
\l@dmaxlinesinpar1946=\count3455
\l@dmaxlinesinpar1945=\count3456
\l@dmaxlinesinpar1944=\count3457
\l@dmaxlinesinpar1943=\count3458
\l@dmaxlinesinpar1942=\count3459
\l@dmaxlinesinpar1941=\count3460
\l@dmaxlinesinpar1940=\count3461
\l@dmaxlinesinpar1939=\count3462
\l@dmaxlinesinpar1938=\count3463
\l@dmaxlinesinpar1937=\count3464
\l@dmaxlinesinpar1936=\count3465
\l@dmaxlinesinpar1935=\count3466
\l@dmaxlinesinpar1934=\count3467
\l@dmaxlinesinpar1933=\count3468
\l@dmaxlinesinpar1932=\count3469
\l@dmaxlinesinpar1931=\count3470
\l@dmaxlinesinpar1930=\count3471
\l@dmaxlinesinpar1929=\count3472
\l@dmaxlinesinpar1928=\count3473
\l@dmaxlinesinpar1927=\count3474
\l@dmaxlinesinpar1926=\count3475
\l@dmaxlinesinpar1925=\count3476
\l@dmaxlinesinpar1924=\count3477
\l@dmaxlinesinpar1923=\count3478
\l@dmaxlinesinpar1922=\count3479
\l@dmaxlinesinpar1921=\count3480
\l@dmaxlinesinpar1920=\count3481
\l@dmaxlinesinpar1919=\count3482
\l@dmaxlinesinpar1918=\count3483
\l@dmaxlinesinpar1917=\count3484
\l@dmaxlinesinpar1916=\count3485
\l@dmaxlinesinpar1915=\count3486
\l@dmaxlinesinpar1914=\count3487
\l@dmaxlinesinpar1913=\count3488
\l@dmaxlinesinpar1912=\count3489
\l@dmaxlinesinpar1911=\count3490
\l@dmaxlinesinpar1910=\count3491
\l@dmaxlinesinpar1909=\count3492
\l@dmaxlinesinpar1908=\count3493
\l@dmaxlinesinpar1907=\count3494
\l@dmaxlinesinpar1906=\count3495
\l@dmaxlinesinpar1905=\count3496
\l@dmaxlinesinpar1904=\count3497
\l@dmaxlinesinpar1903=\count3498
\l@dmaxlinesinpar1902=\count3499
\l@dmaxlinesinpar1901=\count3500
\l@dmaxlinesinpar1900=\count3501
\l@dmaxlinesinpar1899=\count3502
\l@dmaxlinesinpar1898=\count3503
\l@dmaxlinesinpar1897=\count3504
\l@dmaxlinesinpar1896=\count3505
\l@dmaxlinesinpar1895=\count3506
\l@dmaxlinesinpar1894=\count3507
\l@dmaxlinesinpar1893=\count3508
\l@dmaxlinesinpar1892=\count3509
\l@dmaxlinesinpar1891=\count3510
\l@dmaxlinesinpar1890=\count3511
\l@dmaxlinesinpar1889=\count3512
\l@dmaxlinesinpar1888=\count3513
\l@dmaxlinesinpar1887=\count3514
\l@dmaxlinesinpar1886=\count3515
\l@dmaxlinesinpar1885=\count3516
\l@dmaxlinesinpar1884=\count3517
\l@dmaxlinesinpar1883=\count3518
\l@dmaxlinesinpar1882=\count3519
\l@dmaxlinesinpar1881=\count3520
\l@dmaxlinesinpar1880=\count3521
\l@dmaxlinesinpar1879=\count3522
\l@dmaxlinesinpar1878=\count3523
\l@dmaxlinesinpar1877=\count3524
\l@dmaxlinesinpar1876=\count3525
\l@dmaxlinesinpar1875=\count3526
\l@dmaxlinesinpar1874=\count3527
\l@dmaxlinesinpar1873=\count3528
\l@dmaxlinesinpar1872=\count3529
\l@dmaxlinesinpar1871=\count3530
\l@dmaxlinesinpar1870=\count3531
\l@dmaxlinesinpar1869=\count3532
\l@dmaxlinesinpar1868=\count3533
\l@dmaxlinesinpar1867=\count3534
\l@dmaxlinesinpar1866=\count3535
\l@dmaxlinesinpar1865=\count3536
\l@dmaxlinesinpar1864=\count3537
\l@dmaxlinesinpar1863=\count3538
\l@dmaxlinesinpar1862=\count3539
\l@dmaxlinesinpar1861=\count3540
\l@dmaxlinesinpar1860=\count3541
\l@dmaxlinesinpar1859=\count3542
\l@dmaxlinesinpar1858=\count3543
\l@dmaxlinesinpar1857=\count3544
\l@dmaxlinesinpar1856=\count3545
\l@dmaxlinesinpar1855=\count3546
\l@dmaxlinesinpar1854=\count3547
\l@dmaxlinesinpar1853=\count3548
\l@dmaxlinesinpar1852=\count3549
\l@dmaxlinesinpar1851=\count3550
\l@dmaxlinesinpar1850=\count3551
\l@dmaxlinesinpar1849=\count3552
\l@dmaxlinesinpar1848=\count3553
\l@dmaxlinesinpar1847=\count3554
\l@dmaxlinesinpar1846=\count3555
\l@dmaxlinesinpar1845=\count3556
\l@dmaxlinesinpar1844=\count3557
\l@dmaxlinesinpar1843=\count3558
\l@dmaxlinesinpar1842=\count3559
\l@dmaxlinesinpar1841=\count3560
\l@dmaxlinesinpar1840=\count3561
\l@dmaxlinesinpar1839=\count3562
\l@dmaxlinesinpar1838=\count3563
\l@dmaxlinesinpar1837=\count3564
\l@dmaxlinesinpar1836=\count3565
\l@dmaxlinesinpar1835=\count3566
\l@dmaxlinesinpar1834=\count3567
\l@dmaxlinesinpar1833=\count3568
\l@dmaxlinesinpar1832=\count3569
\l@dmaxlinesinpar1831=\count3570
\l@dmaxlinesinpar1830=\count3571
\l@dmaxlinesinpar1829=\count3572
\l@dmaxlinesinpar1828=\count3573
\l@dmaxlinesinpar1827=\count3574
\l@dmaxlinesinpar1826=\count3575
\l@dmaxlinesinpar1825=\count3576
\l@dmaxlinesinpar1824=\count3577
\l@dmaxlinesinpar1823=\count3578
\l@dmaxlinesinpar1822=\count3579
\l@dmaxlinesinpar1821=\count3580
\l@dmaxlinesinpar1820=\count3581
\l@dmaxlinesinpar1819=\count3582
\l@dmaxlinesinpar1818=\count3583
\l@dmaxlinesinpar1817=\count3584
\l@dmaxlinesinpar1816=\count3585
\l@dmaxlinesinpar1815=\count3586
\l@dmaxlinesinpar1814=\count3587
\l@dmaxlinesinpar1813=\count3588
\l@dmaxlinesinpar1812=\count3589
\l@dmaxlinesinpar1811=\count3590
\l@dmaxlinesinpar1810=\count3591
\l@dmaxlinesinpar1809=\count3592
\l@dmaxlinesinpar1808=\count3593
\l@dmaxlinesinpar1807=\count3594
\l@dmaxlinesinpar1806=\count3595
\l@dmaxlinesinpar1805=\count3596
\l@dmaxlinesinpar1804=\count3597
\l@dmaxlinesinpar1803=\count3598
\l@dmaxlinesinpar1802=\count3599
\l@dmaxlinesinpar1801=\count3600
\l@dmaxlinesinpar1800=\count3601
\l@dmaxlinesinpar1799=\count3602
\l@dmaxlinesinpar1798=\count3603
\l@dmaxlinesinpar1797=\count3604
\l@dmaxlinesinpar1796=\count3605
\l@dmaxlinesinpar1795=\count3606
\l@dmaxlinesinpar1794=\count3607
\l@dmaxlinesinpar1793=\count3608
\l@dmaxlinesinpar1792=\count3609
\l@dmaxlinesinpar1791=\count3610
\l@dmaxlinesinpar1790=\count3611
\l@dmaxlinesinpar1789=\count3612
\l@dmaxlinesinpar1788=\count3613
\l@dmaxlinesinpar1787=\count3614
\l@dmaxlinesinpar1786=\count3615
\l@dmaxlinesinpar1785=\count3616
\l@dmaxlinesinpar1784=\count3617
\l@dmaxlinesinpar1783=\count3618
\l@dmaxlinesinpar1782=\count3619
\l@dmaxlinesinpar1781=\count3620
\l@dmaxlinesinpar1780=\count3621
\l@dmaxlinesinpar1779=\count3622
\l@dmaxlinesinpar1778=\count3623
\l@dmaxlinesinpar1777=\count3624
\l@dmaxlinesinpar1776=\count3625
\l@dmaxlinesinpar1775=\count3626
\l@dmaxlinesinpar1774=\count3627
\l@dmaxlinesinpar1773=\count3628
\l@dmaxlinesinpar1772=\count3629
\l@dmaxlinesinpar1771=\count3630
\l@dmaxlinesinpar1770=\count3631
\l@dmaxlinesinpar1769=\count3632
\l@dmaxlinesinpar1768=\count3633
\l@dmaxlinesinpar1767=\count3634
\l@dmaxlinesinpar1766=\count3635
\l@dmaxlinesinpar1765=\count3636
\l@dmaxlinesinpar1764=\count3637
\l@dmaxlinesinpar1763=\count3638
\l@dmaxlinesinpar1762=\count3639
\l@dmaxlinesinpar1761=\count3640
\l@dmaxlinesinpar1760=\count3641
\l@dmaxlinesinpar1759=\count3642
\l@dmaxlinesinpar1758=\count3643
\l@dmaxlinesinpar1757=\count3644
\l@dmaxlinesinpar1756=\count3645
\l@dmaxlinesinpar1755=\count3646
\l@dmaxlinesinpar1754=\count3647
\l@dmaxlinesinpar1753=\count3648
\l@dmaxlinesinpar1752=\count3649
\l@dmaxlinesinpar1751=\count3650
\l@dmaxlinesinpar1750=\count3651
\l@dmaxlinesinpar1749=\count3652
\l@dmaxlinesinpar1748=\count3653
\l@dmaxlinesinpar1747=\count3654
\l@dmaxlinesinpar1746=\count3655
\l@dmaxlinesinpar1745=\count3656
\l@dmaxlinesinpar1744=\count3657
\l@dmaxlinesinpar1743=\count3658
\l@dmaxlinesinpar1742=\count3659
\l@dmaxlinesinpar1741=\count3660
\l@dmaxlinesinpar1740=\count3661
\l@dmaxlinesinpar1739=\count3662
\l@dmaxlinesinpar1738=\count3663
\l@dmaxlinesinpar1737=\count3664
\l@dmaxlinesinpar1736=\count3665
\l@dmaxlinesinpar1735=\count3666
\l@dmaxlinesinpar1734=\count3667
\l@dmaxlinesinpar1733=\count3668
\l@dmaxlinesinpar1732=\count3669
\l@dmaxlinesinpar1731=\count3670
\l@dmaxlinesinpar1730=\count3671
\l@dmaxlinesinpar1729=\count3672
\l@dmaxlinesinpar1728=\count3673
\l@dmaxlinesinpar1727=\count3674
\l@dmaxlinesinpar1726=\count3675
\l@dmaxlinesinpar1725=\count3676
\l@dmaxlinesinpar1724=\count3677
\l@dmaxlinesinpar1723=\count3678
\l@dmaxlinesinpar1722=\count3679
\l@dmaxlinesinpar1721=\count3680
\l@dmaxlinesinpar1720=\count3681
\l@dmaxlinesinpar1719=\count3682
\l@dmaxlinesinpar1718=\count3683
\l@dmaxlinesinpar1717=\count3684
\l@dmaxlinesinpar1716=\count3685
\l@dmaxlinesinpar1715=\count3686
\l@dmaxlinesinpar1714=\count3687
\l@dmaxlinesinpar1713=\count3688
\l@dmaxlinesinpar1712=\count3689
\l@dmaxlinesinpar1711=\count3690
\l@dmaxlinesinpar1710=\count3691
\l@dmaxlinesinpar1709=\count3692
\l@dmaxlinesinpar1708=\count3693
\l@dmaxlinesinpar1707=\count3694
\l@dmaxlinesinpar1706=\count3695
\l@dmaxlinesinpar1705=\count3696
\l@dmaxlinesinpar1704=\count3697
\l@dmaxlinesinpar1703=\count3698
\l@dmaxlinesinpar1702=\count3699
\l@dmaxlinesinpar1701=\count3700
\l@dmaxlinesinpar1700=\count3701
\l@dmaxlinesinpar1699=\count3702
\l@dmaxlinesinpar1698=\count3703
\l@dmaxlinesinpar1697=\count3704
\l@dmaxlinesinpar1696=\count3705
\l@dmaxlinesinpar1695=\count3706
\l@dmaxlinesinpar1694=\count3707
\l@dmaxlinesinpar1693=\count3708
\l@dmaxlinesinpar1692=\count3709
\l@dmaxlinesinpar1691=\count3710
\l@dmaxlinesinpar1690=\count3711
\l@dmaxlinesinpar1689=\count3712
\l@dmaxlinesinpar1688=\count3713
\l@dmaxlinesinpar1687=\count3714
\l@dmaxlinesinpar1686=\count3715
\l@dmaxlinesinpar1685=\count3716
\l@dmaxlinesinpar1684=\count3717
\l@dmaxlinesinpar1683=\count3718
\l@dmaxlinesinpar1682=\count3719
\l@dmaxlinesinpar1681=\count3720
\l@dmaxlinesinpar1680=\count3721
\l@dmaxlinesinpar1679=\count3722
\l@dmaxlinesinpar1678=\count3723
\l@dmaxlinesinpar1677=\count3724
\l@dmaxlinesinpar1676=\count3725
\l@dmaxlinesinpar1675=\count3726
\l@dmaxlinesinpar1674=\count3727
\l@dmaxlinesinpar1673=\count3728
\l@dmaxlinesinpar1672=\count3729
\l@dmaxlinesinpar1671=\count3730
\l@dmaxlinesinpar1670=\count3731
\l@dmaxlinesinpar1669=\count3732
\l@dmaxlinesinpar1668=\count3733
\l@dmaxlinesinpar1667=\count3734
\l@dmaxlinesinpar1666=\count3735
\l@dmaxlinesinpar1665=\count3736
\l@dmaxlinesinpar1664=\count3737
\l@dmaxlinesinpar1663=\count3738
\l@dmaxlinesinpar1662=\count3739
\l@dmaxlinesinpar1661=\count3740
\l@dmaxlinesinpar1660=\count3741
\l@dmaxlinesinpar1659=\count3742
\l@dmaxlinesinpar1658=\count3743
\l@dmaxlinesinpar1657=\count3744
\l@dmaxlinesinpar1656=\count3745
\l@dmaxlinesinpar1655=\count3746
\l@dmaxlinesinpar1654=\count3747
\l@dmaxlinesinpar1653=\count3748
\l@dmaxlinesinpar1652=\count3749
\l@dmaxlinesinpar1651=\count3750
\l@dmaxlinesinpar1650=\count3751
\l@dmaxlinesinpar1649=\count3752
\l@dmaxlinesinpar1648=\count3753
\l@dmaxlinesinpar1647=\count3754
\l@dmaxlinesinpar1646=\count3755
\l@dmaxlinesinpar1645=\count3756
\l@dmaxlinesinpar1644=\count3757
\l@dmaxlinesinpar1643=\count3758
\l@dmaxlinesinpar1642=\count3759
\l@dmaxlinesinpar1641=\count3760
\l@dmaxlinesinpar1640=\count3761
\l@dmaxlinesinpar1639=\count3762
\l@dmaxlinesinpar1638=\count3763
\l@dmaxlinesinpar1637=\count3764
\l@dmaxlinesinpar1636=\count3765
\l@dmaxlinesinpar1635=\count3766
\l@dmaxlinesinpar1634=\count3767
\l@dmaxlinesinpar1633=\count3768
\l@dmaxlinesinpar1632=\count3769
\l@dmaxlinesinpar1631=\count3770
\l@dmaxlinesinpar1630=\count3771
\l@dmaxlinesinpar1629=\count3772
\l@dmaxlinesinpar1628=\count3773
\l@dmaxlinesinpar1627=\count3774
\l@dmaxlinesinpar1626=\count3775
\l@dmaxlinesinpar1625=\count3776
\l@dmaxlinesinpar1624=\count3777
\l@dmaxlinesinpar1623=\count3778
\l@dmaxlinesinpar1622=\count3779
\l@dmaxlinesinpar1621=\count3780
\l@dmaxlinesinpar1620=\count3781
\l@dmaxlinesinpar1619=\count3782
\l@dmaxlinesinpar1618=\count3783
\l@dmaxlinesinpar1617=\count3784
\l@dmaxlinesinpar1616=\count3785
\l@dmaxlinesinpar1615=\count3786
\l@dmaxlinesinpar1614=\count3787
\l@dmaxlinesinpar1613=\count3788
\l@dmaxlinesinpar1612=\count3789
\l@dmaxlinesinpar1611=\count3790
\l@dmaxlinesinpar1610=\count3791
\l@dmaxlinesinpar1609=\count3792
\l@dmaxlinesinpar1608=\count3793
\l@dmaxlinesinpar1607=\count3794
\l@dmaxlinesinpar1606=\count3795
\l@dmaxlinesinpar1605=\count3796
\l@dmaxlinesinpar1604=\count3797
\l@dmaxlinesinpar1603=\count3798
\l@dmaxlinesinpar1602=\count3799
\l@dmaxlinesinpar1601=\count3800
\l@dmaxlinesinpar1600=\count3801
\l@dmaxlinesinpar1599=\count3802
\l@dmaxlinesinpar1598=\count3803
\l@dmaxlinesinpar1597=\count3804
\l@dmaxlinesinpar1596=\count3805
\l@dmaxlinesinpar1595=\count3806
\l@dmaxlinesinpar1594=\count3807
\l@dmaxlinesinpar1593=\count3808
\l@dmaxlinesinpar1592=\count3809
\l@dmaxlinesinpar1591=\count3810
\l@dmaxlinesinpar1590=\count3811
\l@dmaxlinesinpar1589=\count3812
\l@dmaxlinesinpar1588=\count3813
\l@dmaxlinesinpar1587=\count3814
\l@dmaxlinesinpar1586=\count3815
\l@dmaxlinesinpar1585=\count3816
\l@dmaxlinesinpar1584=\count3817
\l@dmaxlinesinpar1583=\count3818
\l@dmaxlinesinpar1582=\count3819
\l@dmaxlinesinpar1581=\count3820
\l@dmaxlinesinpar1580=\count3821
\l@dmaxlinesinpar1579=\count3822
\l@dmaxlinesinpar1578=\count3823
\l@dmaxlinesinpar1577=\count3824
\l@dmaxlinesinpar1576=\count3825
\l@dmaxlinesinpar1575=\count3826
\l@dmaxlinesinpar1574=\count3827
\l@dmaxlinesinpar1573=\count3828
\l@dmaxlinesinpar1572=\count3829
\l@dmaxlinesinpar1571=\count3830
\l@dmaxlinesinpar1570=\count3831
\l@dmaxlinesinpar1569=\count3832
\l@dmaxlinesinpar1568=\count3833
\l@dmaxlinesinpar1567=\count3834
\l@dmaxlinesinpar1566=\count3835
\l@dmaxlinesinpar1565=\count3836
\l@dmaxlinesinpar1564=\count3837
\l@dmaxlinesinpar1563=\count3838
\l@dmaxlinesinpar1562=\count3839
\l@dmaxlinesinpar1561=\count3840
\l@dmaxlinesinpar1560=\count3841
\l@dmaxlinesinpar1559=\count3842
\l@dmaxlinesinpar1558=\count3843
\l@dmaxlinesinpar1557=\count3844
\l@dmaxlinesinpar1556=\count3845
\l@dmaxlinesinpar1555=\count3846
\l@dmaxlinesinpar1554=\count3847
\l@dmaxlinesinpar1553=\count3848
\l@dmaxlinesinpar1552=\count3849
\l@dmaxlinesinpar1551=\count3850
\l@dmaxlinesinpar1550=\count3851
\l@dmaxlinesinpar1549=\count3852
\l@dmaxlinesinpar1548=\count3853
\l@dmaxlinesinpar1547=\count3854
\l@dmaxlinesinpar1546=\count3855
\l@dmaxlinesinpar1545=\count3856
\l@dmaxlinesinpar1544=\count3857
\l@dmaxlinesinpar1543=\count3858
\l@dmaxlinesinpar1542=\count3859
\l@dmaxlinesinpar1541=\count3860
\l@dmaxlinesinpar1540=\count3861
\l@dmaxlinesinpar1539=\count3862
\l@dmaxlinesinpar1538=\count3863
\l@dmaxlinesinpar1537=\count3864
\l@dmaxlinesinpar1536=\count3865
\l@dmaxlinesinpar1535=\count3866
\l@dmaxlinesinpar1534=\count3867
\l@dmaxlinesinpar1533=\count3868
\l@dmaxlinesinpar1532=\count3869
\l@dmaxlinesinpar1531=\count3870
\l@dmaxlinesinpar1530=\count3871
\l@dmaxlinesinpar1529=\count3872
\l@dmaxlinesinpar1528=\count3873
\l@dmaxlinesinpar1527=\count3874
\l@dmaxlinesinpar1526=\count3875
\l@dmaxlinesinpar1525=\count3876
\l@dmaxlinesinpar1524=\count3877
\l@dmaxlinesinpar1523=\count3878
\l@dmaxlinesinpar1522=\count3879
\l@dmaxlinesinpar1521=\count3880
\l@dmaxlinesinpar1520=\count3881
\l@dmaxlinesinpar1519=\count3882
\l@dmaxlinesinpar1518=\count3883
\l@dmaxlinesinpar1517=\count3884
\l@dmaxlinesinpar1516=\count3885
\l@dmaxlinesinpar1515=\count3886
\l@dmaxlinesinpar1514=\count3887
\l@dmaxlinesinpar1513=\count3888
\l@dmaxlinesinpar1512=\count3889
\l@dmaxlinesinpar1511=\count3890
\l@dmaxlinesinpar1510=\count3891
\l@dmaxlinesinpar1509=\count3892
\l@dmaxlinesinpar1508=\count3893
\l@dmaxlinesinpar1507=\count3894
\l@dmaxlinesinpar1506=\count3895
\l@dmaxlinesinpar1505=\count3896
\l@dmaxlinesinpar1504=\count3897
\l@dmaxlinesinpar1503=\count3898
\l@dmaxlinesinpar1502=\count3899
\l@dmaxlinesinpar1501=\count3900
\l@dmaxlinesinpar1500=\count3901
\l@dmaxlinesinpar1499=\count3902
\l@dmaxlinesinpar1498=\count3903
\l@dmaxlinesinpar1497=\count3904
\l@dmaxlinesinpar1496=\count3905
\l@dmaxlinesinpar1495=\count3906
\l@dmaxlinesinpar1494=\count3907
\l@dmaxlinesinpar1493=\count3908
\l@dmaxlinesinpar1492=\count3909
\l@dmaxlinesinpar1491=\count3910
\l@dmaxlinesinpar1490=\count3911
\l@dmaxlinesinpar1489=\count3912
\l@dmaxlinesinpar1488=\count3913
\l@dmaxlinesinpar1487=\count3914
\l@dmaxlinesinpar1486=\count3915
\l@dmaxlinesinpar1485=\count3916
\l@dmaxlinesinpar1484=\count3917
\l@dmaxlinesinpar1483=\count3918
\l@dmaxlinesinpar1482=\count3919
\l@dmaxlinesinpar1481=\count3920
\l@dmaxlinesinpar1480=\count3921
\l@dmaxlinesinpar1479=\count3922
\l@dmaxlinesinpar1478=\count3923
\l@dmaxlinesinpar1477=\count3924
\l@dmaxlinesinpar1476=\count3925
\l@dmaxlinesinpar1475=\count3926
\l@dmaxlinesinpar1474=\count3927
\l@dmaxlinesinpar1473=\count3928
\l@dmaxlinesinpar1472=\count3929
\l@dmaxlinesinpar1471=\count3930
\l@dmaxlinesinpar1470=\count3931
\l@dmaxlinesinpar1469=\count3932
\l@dmaxlinesinpar1468=\count3933
\l@dmaxlinesinpar1467=\count3934
\l@dmaxlinesinpar1466=\count3935
\l@dmaxlinesinpar1465=\count3936
\l@dmaxlinesinpar1464=\count3937
\l@dmaxlinesinpar1463=\count3938
\l@dmaxlinesinpar1462=\count3939
\l@dmaxlinesinpar1461=\count3940
\l@dmaxlinesinpar1460=\count3941
\l@dmaxlinesinpar1459=\count3942
\l@dmaxlinesinpar1458=\count3943
\l@dmaxlinesinpar1457=\count3944
\l@dmaxlinesinpar1456=\count3945
\l@dmaxlinesinpar1455=\count3946
\l@dmaxlinesinpar1454=\count3947
\l@dmaxlinesinpar1453=\count3948
\l@dmaxlinesinpar1452=\count3949
\l@dmaxlinesinpar1451=\count3950
\l@dmaxlinesinpar1450=\count3951
\l@dmaxlinesinpar1449=\count3952
\l@dmaxlinesinpar1448=\count3953
\l@dmaxlinesinpar1447=\count3954
\l@dmaxlinesinpar1446=\count3955
\l@dmaxlinesinpar1445=\count3956
\l@dmaxlinesinpar1444=\count3957
\l@dmaxlinesinpar1443=\count3958
\l@dmaxlinesinpar1442=\count3959
\l@dmaxlinesinpar1441=\count3960
\l@dmaxlinesinpar1440=\count3961
\l@dmaxlinesinpar1439=\count3962
\l@dmaxlinesinpar1438=\count3963
\l@dmaxlinesinpar1437=\count3964
\l@dmaxlinesinpar1436=\count3965
\l@dmaxlinesinpar1435=\count3966
\l@dmaxlinesinpar1434=\count3967
\l@dmaxlinesinpar1433=\count3968
\l@dmaxlinesinpar1432=\count3969
\l@dmaxlinesinpar1431=\count3970
\l@dmaxlinesinpar1430=\count3971
\l@dmaxlinesinpar1429=\count3972
\l@dmaxlinesinpar1428=\count3973
\l@dmaxlinesinpar1427=\count3974
\l@dmaxlinesinpar1426=\count3975
\l@dmaxlinesinpar1425=\count3976
\l@dmaxlinesinpar1424=\count3977
\l@dmaxlinesinpar1423=\count3978
\l@dmaxlinesinpar1422=\count3979
\l@dmaxlinesinpar1421=\count3980
\l@dmaxlinesinpar1420=\count3981
\l@dmaxlinesinpar1419=\count3982
\l@dmaxlinesinpar1418=\count3983
\l@dmaxlinesinpar1417=\count3984
\l@dmaxlinesinpar1416=\count3985
\l@dmaxlinesinpar1415=\count3986
\l@dmaxlinesinpar1414=\count3987
\l@dmaxlinesinpar1413=\count3988
\l@dmaxlinesinpar1412=\count3989
\l@dmaxlinesinpar1411=\count3990
\l@dmaxlinesinpar1410=\count3991
\l@dmaxlinesinpar1409=\count3992
\l@dmaxlinesinpar1408=\count3993
\l@dmaxlinesinpar1407=\count3994
\l@dmaxlinesinpar1406=\count3995
\l@dmaxlinesinpar1405=\count3996
\l@dmaxlinesinpar1404=\count3997
\l@dmaxlinesinpar1403=\count3998
\l@dmaxlinesinpar1402=\count3999
\l@dmaxlinesinpar1401=\count4000
\l@dmaxlinesinpar1400=\count4001
\l@dmaxlinesinpar1399=\count4002
\l@dmaxlinesinpar1398=\count4003
\l@dmaxlinesinpar1397=\count4004
\l@dmaxlinesinpar1396=\count4005
\l@dmaxlinesinpar1395=\count4006
\l@dmaxlinesinpar1394=\count4007
\l@dmaxlinesinpar1393=\count4008
\l@dmaxlinesinpar1392=\count4009
\l@dmaxlinesinpar1391=\count4010
\l@dmaxlinesinpar1390=\count4011
\l@dmaxlinesinpar1389=\count4012
\l@dmaxlinesinpar1388=\count4013
\l@dmaxlinesinpar1387=\count4014
\l@dmaxlinesinpar1386=\count4015
\l@dmaxlinesinpar1385=\count4016
\l@dmaxlinesinpar1384=\count4017
\l@dmaxlinesinpar1383=\count4018
\l@dmaxlinesinpar1382=\count4019
\l@dmaxlinesinpar1381=\count4020
\l@dmaxlinesinpar1380=\count4021
\l@dmaxlinesinpar1379=\count4022
\l@dmaxlinesinpar1378=\count4023
\l@dmaxlinesinpar1377=\count4024
\l@dmaxlinesinpar1376=\count4025
\l@dmaxlinesinpar1375=\count4026
\l@dmaxlinesinpar1374=\count4027
\l@dmaxlinesinpar1373=\count4028
\l@dmaxlinesinpar1372=\count4029
\l@dmaxlinesinpar1371=\count4030
\l@dmaxlinesinpar1370=\count4031
\l@dmaxlinesinpar1369=\count4032
\l@dmaxlinesinpar1368=\count4033
\l@dmaxlinesinpar1367=\count4034
\l@dmaxlinesinpar1366=\count4035
\l@dmaxlinesinpar1365=\count4036
\l@dmaxlinesinpar1364=\count4037
\l@dmaxlinesinpar1363=\count4038
\l@dmaxlinesinpar1362=\count4039
\l@dmaxlinesinpar1361=\count4040
\l@dmaxlinesinpar1360=\count4041
\l@dmaxlinesinpar1359=\count4042
\l@dmaxlinesinpar1358=\count4043
\l@dmaxlinesinpar1357=\count4044
\l@dmaxlinesinpar1356=\count4045
\l@dmaxlinesinpar1355=\count4046
\l@dmaxlinesinpar1354=\count4047
\l@dmaxlinesinpar1353=\count4048
\l@dmaxlinesinpar1352=\count4049
\l@dmaxlinesinpar1351=\count4050
\l@dmaxlinesinpar1350=\count4051
\l@dmaxlinesinpar1349=\count4052
\l@dmaxlinesinpar1348=\count4053
\l@dmaxlinesinpar1347=\count4054
\l@dmaxlinesinpar1346=\count4055
\l@dmaxlinesinpar1345=\count4056
\l@dmaxlinesinpar1344=\count4057
\l@dmaxlinesinpar1343=\count4058
\l@dmaxlinesinpar1342=\count4059
\l@dmaxlinesinpar1341=\count4060
\l@dmaxlinesinpar1340=\count4061
\l@dmaxlinesinpar1339=\count4062
\l@dmaxlinesinpar1338=\count4063
\l@dmaxlinesinpar1337=\count4064
\l@dmaxlinesinpar1336=\count4065
\l@dmaxlinesinpar1335=\count4066
\l@dmaxlinesinpar1334=\count4067
\l@dmaxlinesinpar1333=\count4068
\l@dmaxlinesinpar1332=\count4069
\l@dmaxlinesinpar1331=\count4070
\l@dmaxlinesinpar1330=\count4071
\l@dmaxlinesinpar1329=\count4072
\l@dmaxlinesinpar1328=\count4073
\l@dmaxlinesinpar1327=\count4074
\l@dmaxlinesinpar1326=\count4075
\l@dmaxlinesinpar1325=\count4076
\l@dmaxlinesinpar1324=\count4077
\l@dmaxlinesinpar1323=\count4078
\l@dmaxlinesinpar1322=\count4079
\l@dmaxlinesinpar1321=\count4080
\l@dmaxlinesinpar1320=\count4081
\l@dmaxlinesinpar1319=\count4082
\l@dmaxlinesinpar1318=\count4083
\l@dmaxlinesinpar1317=\count4084
\l@dmaxlinesinpar1316=\count4085
\l@dmaxlinesinpar1315=\count4086
\l@dmaxlinesinpar1314=\count4087
\l@dmaxlinesinpar1313=\count4088
\l@dmaxlinesinpar1312=\count4089
\l@dmaxlinesinpar1311=\count4090
\l@dmaxlinesinpar1310=\count4091
\l@dmaxlinesinpar1309=\count4092
\l@dmaxlinesinpar1308=\count4093
\l@dmaxlinesinpar1307=\count4094
\l@dmaxlinesinpar1306=\count4095
\l@dmaxlinesinpar1305=\count4096
\l@dmaxlinesinpar1304=\count4097
\l@dmaxlinesinpar1303=\count4098
\l@dmaxlinesinpar1302=\count4099
\l@dmaxlinesinpar1301=\count4100
\l@dmaxlinesinpar1300=\count4101
\l@dmaxlinesinpar1299=\count4102
\l@dmaxlinesinpar1298=\count4103
\l@dmaxlinesinpar1297=\count4104
\l@dmaxlinesinpar1296=\count4105
\l@dmaxlinesinpar1295=\count4106
\l@dmaxlinesinpar1294=\count4107
\l@dmaxlinesinpar1293=\count4108
\l@dmaxlinesinpar1292=\count4109
\l@dmaxlinesinpar1291=\count4110
\l@dmaxlinesinpar1290=\count4111
\l@dmaxlinesinpar1289=\count4112
\l@dmaxlinesinpar1288=\count4113
\l@dmaxlinesinpar1287=\count4114
\l@dmaxlinesinpar1286=\count4115
\l@dmaxlinesinpar1285=\count4116
\l@dmaxlinesinpar1284=\count4117
\l@dmaxlinesinpar1283=\count4118
\l@dmaxlinesinpar1282=\count4119
\l@dmaxlinesinpar1281=\count4120
\l@dmaxlinesinpar1280=\count4121
\l@dmaxlinesinpar1279=\count4122
\l@dmaxlinesinpar1278=\count4123
\l@dmaxlinesinpar1277=\count4124
\l@dmaxlinesinpar1276=\count4125
\l@dmaxlinesinpar1275=\count4126
\l@dmaxlinesinpar1274=\count4127
\l@dmaxlinesinpar1273=\count4128
\l@dmaxlinesinpar1272=\count4129
\l@dmaxlinesinpar1271=\count4130
\l@dmaxlinesinpar1270=\count4131
\l@dmaxlinesinpar1269=\count4132
\l@dmaxlinesinpar1268=\count4133
\l@dmaxlinesinpar1267=\count4134
\l@dmaxlinesinpar1266=\count4135
\l@dmaxlinesinpar1265=\count4136
\l@dmaxlinesinpar1264=\count4137
\l@dmaxlinesinpar1263=\count4138
\l@dmaxlinesinpar1262=\count4139
\l@dmaxlinesinpar1261=\count4140
\l@dmaxlinesinpar1260=\count4141
\l@dmaxlinesinpar1259=\count4142
\l@dmaxlinesinpar1258=\count4143
\l@dmaxlinesinpar1257=\count4144
\l@dmaxlinesinpar1256=\count4145
\l@dmaxlinesinpar1255=\count4146
\l@dmaxlinesinpar1254=\count4147
\l@dmaxlinesinpar1253=\count4148
\l@dmaxlinesinpar1252=\count4149
\l@dmaxlinesinpar1251=\count4150
\l@dmaxlinesinpar1250=\count4151
\l@dmaxlinesinpar1249=\count4152
\l@dmaxlinesinpar1248=\count4153
\l@dmaxlinesinpar1247=\count4154
\l@dmaxlinesinpar1246=\count4155
\l@dmaxlinesinpar1245=\count4156
\l@dmaxlinesinpar1244=\count4157
\l@dmaxlinesinpar1243=\count4158
\l@dmaxlinesinpar1242=\count4159
\l@dmaxlinesinpar1241=\count4160
\l@dmaxlinesinpar1240=\count4161
\l@dmaxlinesinpar1239=\count4162
\l@dmaxlinesinpar1238=\count4163
\l@dmaxlinesinpar1237=\count4164
\l@dmaxlinesinpar1236=\count4165
\l@dmaxlinesinpar1235=\count4166
\l@dmaxlinesinpar1234=\count4167
\l@dmaxlinesinpar1233=\count4168
\l@dmaxlinesinpar1232=\count4169
\l@dmaxlinesinpar1231=\count4170
\l@dmaxlinesinpar1230=\count4171
\l@dmaxlinesinpar1229=\count4172
\l@dmaxlinesinpar1228=\count4173
\l@dmaxlinesinpar1227=\count4174
\l@dmaxlinesinpar1226=\count4175
\l@dmaxlinesinpar1225=\count4176
\l@dmaxlinesinpar1224=\count4177
\l@dmaxlinesinpar1223=\count4178
\l@dmaxlinesinpar1222=\count4179
\l@dmaxlinesinpar1221=\count4180
\l@dmaxlinesinpar1220=\count4181
\l@dmaxlinesinpar1219=\count4182
\l@dmaxlinesinpar1218=\count4183
\l@dmaxlinesinpar1217=\count4184
\l@dmaxlinesinpar1216=\count4185
\l@dmaxlinesinpar1215=\count4186
\l@dmaxlinesinpar1214=\count4187
\l@dmaxlinesinpar1213=\count4188
\l@dmaxlinesinpar1212=\count4189
\l@dmaxlinesinpar1211=\count4190
\l@dmaxlinesinpar1210=\count4191
\l@dmaxlinesinpar1209=\count4192
\l@dmaxlinesinpar1208=\count4193
\l@dmaxlinesinpar1207=\count4194
\l@dmaxlinesinpar1206=\count4195
\l@dmaxlinesinpar1205=\count4196
\l@dmaxlinesinpar1204=\count4197
\l@dmaxlinesinpar1203=\count4198
\l@dmaxlinesinpar1202=\count4199
\l@dmaxlinesinpar1201=\count4200
\l@dmaxlinesinpar1200=\count4201
\l@dmaxlinesinpar1199=\count4202
\l@dmaxlinesinpar1198=\count4203
\l@dmaxlinesinpar1197=\count4204
\l@dmaxlinesinpar1196=\count4205
\l@dmaxlinesinpar1195=\count4206
\l@dmaxlinesinpar1194=\count4207
\l@dmaxlinesinpar1193=\count4208
\l@dmaxlinesinpar1192=\count4209
\l@dmaxlinesinpar1191=\count4210
\l@dmaxlinesinpar1190=\count4211
\l@dmaxlinesinpar1189=\count4212
\l@dmaxlinesinpar1188=\count4213
\l@dmaxlinesinpar1187=\count4214
\l@dmaxlinesinpar1186=\count4215
\l@dmaxlinesinpar1185=\count4216
\l@dmaxlinesinpar1184=\count4217
\l@dmaxlinesinpar1183=\count4218
\l@dmaxlinesinpar1182=\count4219
\l@dmaxlinesinpar1181=\count4220
\l@dmaxlinesinpar1180=\count4221
\l@dmaxlinesinpar1179=\count4222
\l@dmaxlinesinpar1178=\count4223
\l@dmaxlinesinpar1177=\count4224
\l@dmaxlinesinpar1176=\count4225
\l@dmaxlinesinpar1175=\count4226
\l@dmaxlinesinpar1174=\count4227
\l@dmaxlinesinpar1173=\count4228
\l@dmaxlinesinpar1172=\count4229
\l@dmaxlinesinpar1171=\count4230
\l@dmaxlinesinpar1170=\count4231
\l@dmaxlinesinpar1169=\count4232
\l@dmaxlinesinpar1168=\count4233
\l@dmaxlinesinpar1167=\count4234
\l@dmaxlinesinpar1166=\count4235
\l@dmaxlinesinpar1165=\count4236
\l@dmaxlinesinpar1164=\count4237
\l@dmaxlinesinpar1163=\count4238
\l@dmaxlinesinpar1162=\count4239
\l@dmaxlinesinpar1161=\count4240
\l@dmaxlinesinpar1160=\count4241
\l@dmaxlinesinpar1159=\count4242
\l@dmaxlinesinpar1158=\count4243
\l@dmaxlinesinpar1157=\count4244
\l@dmaxlinesinpar1156=\count4245
\l@dmaxlinesinpar1155=\count4246
\l@dmaxlinesinpar1154=\count4247
\l@dmaxlinesinpar1153=\count4248
\l@dmaxlinesinpar1152=\count4249
\l@dmaxlinesinpar1151=\count4250
\l@dmaxlinesinpar1150=\count4251
\l@dmaxlinesinpar1149=\count4252
\l@dmaxlinesinpar1148=\count4253
\l@dmaxlinesinpar1147=\count4254
\l@dmaxlinesinpar1146=\count4255
\l@dmaxlinesinpar1145=\count4256
\l@dmaxlinesinpar1144=\count4257
\l@dmaxlinesinpar1143=\count4258
\l@dmaxlinesinpar1142=\count4259
\l@dmaxlinesinpar1141=\count4260
\l@dmaxlinesinpar1140=\count4261
\l@dmaxlinesinpar1139=\count4262
\l@dmaxlinesinpar1138=\count4263
\l@dmaxlinesinpar1137=\count4264
\l@dmaxlinesinpar1136=\count4265
\l@dmaxlinesinpar1135=\count4266
\l@dmaxlinesinpar1134=\count4267
\l@dmaxlinesinpar1133=\count4268
\l@dmaxlinesinpar1132=\count4269
\l@dmaxlinesinpar1131=\count4270
\l@dmaxlinesinpar1130=\count4271
\l@dmaxlinesinpar1129=\count4272
\l@dmaxlinesinpar1128=\count4273
\l@dmaxlinesinpar1127=\count4274
\l@dmaxlinesinpar1126=\count4275
\l@dmaxlinesinpar1125=\count4276
\l@dmaxlinesinpar1124=\count4277
\l@dmaxlinesinpar1123=\count4278
\l@dmaxlinesinpar1122=\count4279
\l@dmaxlinesinpar1121=\count4280
\l@dmaxlinesinpar1120=\count4281
\l@dmaxlinesinpar1119=\count4282
\l@dmaxlinesinpar1118=\count4283
\l@dmaxlinesinpar1117=\count4284
\l@dmaxlinesinpar1116=\count4285
\l@dmaxlinesinpar1115=\count4286
\l@dmaxlinesinpar1114=\count4287
\l@dmaxlinesinpar1113=\count4288
\l@dmaxlinesinpar1112=\count4289
\l@dmaxlinesinpar1111=\count4290
\l@dmaxlinesinpar1110=\count4291
\l@dmaxlinesinpar1109=\count4292
\l@dmaxlinesinpar1108=\count4293
\l@dmaxlinesinpar1107=\count4294
\l@dmaxlinesinpar1106=\count4295
\l@dmaxlinesinpar1105=\count4296
\l@dmaxlinesinpar1104=\count4297
\l@dmaxlinesinpar1103=\count4298
\l@dmaxlinesinpar1102=\count4299
\l@dmaxlinesinpar1101=\count4300
\l@dmaxlinesinpar1100=\count4301
\l@dmaxlinesinpar1099=\count4302
\l@dmaxlinesinpar1098=\count4303
\l@dmaxlinesinpar1097=\count4304
\l@dmaxlinesinpar1096=\count4305
\l@dmaxlinesinpar1095=\count4306
\l@dmaxlinesinpar1094=\count4307
\l@dmaxlinesinpar1093=\count4308
\l@dmaxlinesinpar1092=\count4309
\l@dmaxlinesinpar1091=\count4310
\l@dmaxlinesinpar1090=\count4311
\l@dmaxlinesinpar1089=\count4312
\l@dmaxlinesinpar1088=\count4313
\l@dmaxlinesinpar1087=\count4314
\l@dmaxlinesinpar1086=\count4315
\l@dmaxlinesinpar1085=\count4316
\l@dmaxlinesinpar1084=\count4317
\l@dmaxlinesinpar1083=\count4318
\l@dmaxlinesinpar1082=\count4319
\l@dmaxlinesinpar1081=\count4320
\l@dmaxlinesinpar1080=\count4321
\l@dmaxlinesinpar1079=\count4322
\l@dmaxlinesinpar1078=\count4323
\l@dmaxlinesinpar1077=\count4324
\l@dmaxlinesinpar1076=\count4325
\l@dmaxlinesinpar1075=\count4326
\l@dmaxlinesinpar1074=\count4327
\l@dmaxlinesinpar1073=\count4328
\l@dmaxlinesinpar1072=\count4329
\l@dmaxlinesinpar1071=\count4330
\l@dmaxlinesinpar1070=\count4331
\l@dmaxlinesinpar1069=\count4332
\l@dmaxlinesinpar1068=\count4333
\l@dmaxlinesinpar1067=\count4334
\l@dmaxlinesinpar1066=\count4335
\l@dmaxlinesinpar1065=\count4336
\l@dmaxlinesinpar1064=\count4337
\l@dmaxlinesinpar1063=\count4338
\l@dmaxlinesinpar1062=\count4339
\l@dmaxlinesinpar1061=\count4340
\l@dmaxlinesinpar1060=\count4341
\l@dmaxlinesinpar1059=\count4342
\l@dmaxlinesinpar1058=\count4343
\l@dmaxlinesinpar1057=\count4344
\l@dmaxlinesinpar1056=\count4345
\l@dmaxlinesinpar1055=\count4346
\l@dmaxlinesinpar1054=\count4347
\l@dmaxlinesinpar1053=\count4348
\l@dmaxlinesinpar1052=\count4349
\l@dmaxlinesinpar1051=\count4350
\l@dmaxlinesinpar1050=\count4351
\l@dmaxlinesinpar1049=\count4352
\l@dmaxlinesinpar1048=\count4353
\l@dmaxlinesinpar1047=\count4354
\l@dmaxlinesinpar1046=\count4355
\l@dmaxlinesinpar1045=\count4356
\l@dmaxlinesinpar1044=\count4357
\l@dmaxlinesinpar1043=\count4358
\l@dmaxlinesinpar1042=\count4359
\l@dmaxlinesinpar1041=\count4360
\l@dmaxlinesinpar1040=\count4361
\l@dmaxlinesinpar1039=\count4362
\l@dmaxlinesinpar1038=\count4363
\l@dmaxlinesinpar1037=\count4364
\l@dmaxlinesinpar1036=\count4365
\l@dmaxlinesinpar1035=\count4366
\l@dmaxlinesinpar1034=\count4367
\l@dmaxlinesinpar1033=\count4368
\l@dmaxlinesinpar1032=\count4369
\l@dmaxlinesinpar1031=\count4370
\l@dmaxlinesinpar1030=\count4371
\l@dmaxlinesinpar1029=\count4372
\l@dmaxlinesinpar1028=\count4373
\l@dmaxlinesinpar1027=\count4374
\l@dmaxlinesinpar1026=\count4375
\l@dmaxlinesinpar1025=\count4376
\l@dmaxlinesinpar1024=\count4377
\l@dmaxlinesinpar1023=\count4378
\l@dmaxlinesinpar1022=\count4379
\l@dmaxlinesinpar1021=\count4380
\l@dmaxlinesinpar1020=\count4381
\l@dmaxlinesinpar1019=\count4382
\l@dmaxlinesinpar1018=\count4383
\l@dmaxlinesinpar1017=\count4384
\l@dmaxlinesinpar1016=\count4385
\l@dmaxlinesinpar1015=\count4386
\l@dmaxlinesinpar1014=\count4387
\l@dmaxlinesinpar1013=\count4388
\l@dmaxlinesinpar1012=\count4389
\l@dmaxlinesinpar1011=\count4390
\l@dmaxlinesinpar1010=\count4391
\l@dmaxlinesinpar1009=\count4392
\l@dmaxlinesinpar1008=\count4393
\l@dmaxlinesinpar1007=\count4394
\l@dmaxlinesinpar1006=\count4395
\l@dmaxlinesinpar1005=\count4396
\l@dmaxlinesinpar1004=\count4397
\l@dmaxlinesinpar1003=\count4398
\l@dmaxlinesinpar1002=\count4399
\l@dmaxlinesinpar1001=\count4400
\l@dmaxlinesinpar1000=\count4401
\l@dmaxlinesinpar999=\count4402
\l@dmaxlinesinpar998=\count4403
\l@dmaxlinesinpar997=\count4404
\l@dmaxlinesinpar996=\count4405
\l@dmaxlinesinpar995=\count4406
\l@dmaxlinesinpar994=\count4407
\l@dmaxlinesinpar993=\count4408
\l@dmaxlinesinpar992=\count4409
\l@dmaxlinesinpar991=\count4410
\l@dmaxlinesinpar990=\count4411
\l@dmaxlinesinpar989=\count4412
\l@dmaxlinesinpar988=\count4413
\l@dmaxlinesinpar987=\count4414
\l@dmaxlinesinpar986=\count4415
\l@dmaxlinesinpar985=\count4416
\l@dmaxlinesinpar984=\count4417
\l@dmaxlinesinpar983=\count4418
\l@dmaxlinesinpar982=\count4419
\l@dmaxlinesinpar981=\count4420
\l@dmaxlinesinpar980=\count4421
\l@dmaxlinesinpar979=\count4422
\l@dmaxlinesinpar978=\count4423
\l@dmaxlinesinpar977=\count4424
\l@dmaxlinesinpar976=\count4425
\l@dmaxlinesinpar975=\count4426
\l@dmaxlinesinpar974=\count4427
\l@dmaxlinesinpar973=\count4428
\l@dmaxlinesinpar972=\count4429
\l@dmaxlinesinpar971=\count4430
\l@dmaxlinesinpar970=\count4431
\l@dmaxlinesinpar969=\count4432
\l@dmaxlinesinpar968=\count4433
\l@dmaxlinesinpar967=\count4434
\l@dmaxlinesinpar966=\count4435
\l@dmaxlinesinpar965=\count4436
\l@dmaxlinesinpar964=\count4437
\l@dmaxlinesinpar963=\count4438
\l@dmaxlinesinpar962=\count4439
\l@dmaxlinesinpar961=\count4440
\l@dmaxlinesinpar960=\count4441
\l@dmaxlinesinpar959=\count4442
\l@dmaxlinesinpar958=\count4443
\l@dmaxlinesinpar957=\count4444
\l@dmaxlinesinpar956=\count4445
\l@dmaxlinesinpar955=\count4446
\l@dmaxlinesinpar954=\count4447
\l@dmaxlinesinpar953=\count4448
\l@dmaxlinesinpar952=\count4449
\l@dmaxlinesinpar951=\count4450
\l@dmaxlinesinpar950=\count4451
\l@dmaxlinesinpar949=\count4452
\l@dmaxlinesinpar948=\count4453
\l@dmaxlinesinpar947=\count4454
\l@dmaxlinesinpar946=\count4455
\l@dmaxlinesinpar945=\count4456
\l@dmaxlinesinpar944=\count4457
\l@dmaxlinesinpar943=\count4458
\l@dmaxlinesinpar942=\count4459
\l@dmaxlinesinpar941=\count4460
\l@dmaxlinesinpar940=\count4461
\l@dmaxlinesinpar939=\count4462
\l@dmaxlinesinpar938=\count4463
\l@dmaxlinesinpar937=\count4464
\l@dmaxlinesinpar936=\count4465
\l@dmaxlinesinpar935=\count4466
\l@dmaxlinesinpar934=\count4467
\l@dmaxlinesinpar933=\count4468
\l@dmaxlinesinpar932=\count4469
\l@dmaxlinesinpar931=\count4470
\l@dmaxlinesinpar930=\count4471
\l@dmaxlinesinpar929=\count4472
\l@dmaxlinesinpar928=\count4473
\l@dmaxlinesinpar927=\count4474
\l@dmaxlinesinpar926=\count4475
\l@dmaxlinesinpar925=\count4476
\l@dmaxlinesinpar924=\count4477
\l@dmaxlinesinpar923=\count4478
\l@dmaxlinesinpar922=\count4479
\l@dmaxlinesinpar921=\count4480
\l@dmaxlinesinpar920=\count4481
\l@dmaxlinesinpar919=\count4482
\l@dmaxlinesinpar918=\count4483
\l@dmaxlinesinpar917=\count4484
\l@dmaxlinesinpar916=\count4485
\l@dmaxlinesinpar915=\count4486
\l@dmaxlinesinpar914=\count4487
\l@dmaxlinesinpar913=\count4488
\l@dmaxlinesinpar912=\count4489
\l@dmaxlinesinpar911=\count4490
\l@dmaxlinesinpar910=\count4491
\l@dmaxlinesinpar909=\count4492
\l@dmaxlinesinpar908=\count4493
\l@dmaxlinesinpar907=\count4494
\l@dmaxlinesinpar906=\count4495
\l@dmaxlinesinpar905=\count4496
\l@dmaxlinesinpar904=\count4497
\l@dmaxlinesinpar903=\count4498
\l@dmaxlinesinpar902=\count4499
\l@dmaxlinesinpar901=\count4500
\l@dmaxlinesinpar900=\count4501
\l@dmaxlinesinpar899=\count4502
\l@dmaxlinesinpar898=\count4503
\l@dmaxlinesinpar897=\count4504
\l@dmaxlinesinpar896=\count4505
\l@dmaxlinesinpar895=\count4506
\l@dmaxlinesinpar894=\count4507
\l@dmaxlinesinpar893=\count4508
\l@dmaxlinesinpar892=\count4509
\l@dmaxlinesinpar891=\count4510
\l@dmaxlinesinpar890=\count4511
\l@dmaxlinesinpar889=\count4512
\l@dmaxlinesinpar888=\count4513
\l@dmaxlinesinpar887=\count4514
\l@dmaxlinesinpar886=\count4515
\l@dmaxlinesinpar885=\count4516
\l@dmaxlinesinpar884=\count4517
\l@dmaxlinesinpar883=\count4518
\l@dmaxlinesinpar882=\count4519
\l@dmaxlinesinpar881=\count4520
\l@dmaxlinesinpar880=\count4521
\l@dmaxlinesinpar879=\count4522
\l@dmaxlinesinpar878=\count4523
\l@dmaxlinesinpar877=\count4524
\l@dmaxlinesinpar876=\count4525
\l@dmaxlinesinpar875=\count4526
\l@dmaxlinesinpar874=\count4527
\l@dmaxlinesinpar873=\count4528
\l@dmaxlinesinpar872=\count4529
\l@dmaxlinesinpar871=\count4530
\l@dmaxlinesinpar870=\count4531
\l@dmaxlinesinpar869=\count4532
\l@dmaxlinesinpar868=\count4533
\l@dmaxlinesinpar867=\count4534
\l@dmaxlinesinpar866=\count4535
\l@dmaxlinesinpar865=\count4536
\l@dmaxlinesinpar864=\count4537
\l@dmaxlinesinpar863=\count4538
\l@dmaxlinesinpar862=\count4539
\l@dmaxlinesinpar861=\count4540
\l@dmaxlinesinpar860=\count4541
\l@dmaxlinesinpar859=\count4542
\l@dmaxlinesinpar858=\count4543
\l@dmaxlinesinpar857=\count4544
\l@dmaxlinesinpar856=\count4545
\l@dmaxlinesinpar855=\count4546
\l@dmaxlinesinpar854=\count4547
\l@dmaxlinesinpar853=\count4548
\l@dmaxlinesinpar852=\count4549
\l@dmaxlinesinpar851=\count4550
\l@dmaxlinesinpar850=\count4551
\l@dmaxlinesinpar849=\count4552
\l@dmaxlinesinpar848=\count4553
\l@dmaxlinesinpar847=\count4554
\l@dmaxlinesinpar846=\count4555
\l@dmaxlinesinpar845=\count4556
\l@dmaxlinesinpar844=\count4557
\l@dmaxlinesinpar843=\count4558
\l@dmaxlinesinpar842=\count4559
\l@dmaxlinesinpar841=\count4560
\l@dmaxlinesinpar840=\count4561
\l@dmaxlinesinpar839=\count4562
\l@dmaxlinesinpar838=\count4563
\l@dmaxlinesinpar837=\count4564
\l@dmaxlinesinpar836=\count4565
\l@dmaxlinesinpar835=\count4566
\l@dmaxlinesinpar834=\count4567
\l@dmaxlinesinpar833=\count4568
\l@dmaxlinesinpar832=\count4569
\l@dmaxlinesinpar831=\count4570
\l@dmaxlinesinpar830=\count4571
\l@dmaxlinesinpar829=\count4572
\l@dmaxlinesinpar828=\count4573
\l@dmaxlinesinpar827=\count4574
\l@dmaxlinesinpar826=\count4575
\l@dmaxlinesinpar825=\count4576
\l@dmaxlinesinpar824=\count4577
\l@dmaxlinesinpar823=\count4578
\l@dmaxlinesinpar822=\count4579
\l@dmaxlinesinpar821=\count4580
\l@dmaxlinesinpar820=\count4581
\l@dmaxlinesinpar819=\count4582
\l@dmaxlinesinpar818=\count4583
\l@dmaxlinesinpar817=\count4584
\l@dmaxlinesinpar816=\count4585
\l@dmaxlinesinpar815=\count4586
\l@dmaxlinesinpar814=\count4587
\l@dmaxlinesinpar813=\count4588
\l@dmaxlinesinpar812=\count4589
\l@dmaxlinesinpar811=\count4590
\l@dmaxlinesinpar810=\count4591
\l@dmaxlinesinpar809=\count4592
\l@dmaxlinesinpar808=\count4593
\l@dmaxlinesinpar807=\count4594
\l@dmaxlinesinpar806=\count4595
\l@dmaxlinesinpar805=\count4596
\l@dmaxlinesinpar804=\count4597
\l@dmaxlinesinpar803=\count4598
\l@dmaxlinesinpar802=\count4599
\l@dmaxlinesinpar801=\count4600
\l@dmaxlinesinpar800=\count4601
\l@dmaxlinesinpar799=\count4602
\l@dmaxlinesinpar798=\count4603
\l@dmaxlinesinpar797=\count4604
\l@dmaxlinesinpar796=\count4605
\l@dmaxlinesinpar795=\count4606
\l@dmaxlinesinpar794=\count4607
\l@dmaxlinesinpar793=\count4608
\l@dmaxlinesinpar792=\count4609
\l@dmaxlinesinpar791=\count4610
\l@dmaxlinesinpar790=\count4611
\l@dmaxlinesinpar789=\count4612
\l@dmaxlinesinpar788=\count4613
\l@dmaxlinesinpar787=\count4614
\l@dmaxlinesinpar786=\count4615
\l@dmaxlinesinpar785=\count4616
\l@dmaxlinesinpar784=\count4617
\l@dmaxlinesinpar783=\count4618
\l@dmaxlinesinpar782=\count4619
\l@dmaxlinesinpar781=\count4620
\l@dmaxlinesinpar780=\count4621
\l@dmaxlinesinpar779=\count4622
\l@dmaxlinesinpar778=\count4623
\l@dmaxlinesinpar777=\count4624
\l@dmaxlinesinpar776=\count4625
\l@dmaxlinesinpar775=\count4626
\l@dmaxlinesinpar774=\count4627
\l@dmaxlinesinpar773=\count4628
\l@dmaxlinesinpar772=\count4629
\l@dmaxlinesinpar771=\count4630
\l@dmaxlinesinpar770=\count4631
\l@dmaxlinesinpar769=\count4632
\l@dmaxlinesinpar768=\count4633
\l@dmaxlinesinpar767=\count4634
\l@dmaxlinesinpar766=\count4635
\l@dmaxlinesinpar765=\count4636
\l@dmaxlinesinpar764=\count4637
\l@dmaxlinesinpar763=\count4638
\l@dmaxlinesinpar762=\count4639
\l@dmaxlinesinpar761=\count4640
\l@dmaxlinesinpar760=\count4641
\l@dmaxlinesinpar759=\count4642
\l@dmaxlinesinpar758=\count4643
\l@dmaxlinesinpar757=\count4644
\l@dmaxlinesinpar756=\count4645
\l@dmaxlinesinpar755=\count4646
\l@dmaxlinesinpar754=\count4647
\l@dmaxlinesinpar753=\count4648
\l@dmaxlinesinpar752=\count4649
\l@dmaxlinesinpar751=\count4650
\l@dmaxlinesinpar750=\count4651
\l@dmaxlinesinpar749=\count4652
\l@dmaxlinesinpar748=\count4653
\l@dmaxlinesinpar747=\count4654
\l@dmaxlinesinpar746=\count4655
\l@dmaxlinesinpar745=\count4656
\l@dmaxlinesinpar744=\count4657
\l@dmaxlinesinpar743=\count4658
\l@dmaxlinesinpar742=\count4659
\l@dmaxlinesinpar741=\count4660
\l@dmaxlinesinpar740=\count4661
\l@dmaxlinesinpar739=\count4662
\l@dmaxlinesinpar738=\count4663
\l@dmaxlinesinpar737=\count4664
\l@dmaxlinesinpar736=\count4665
\l@dmaxlinesinpar735=\count4666
\l@dmaxlinesinpar734=\count4667
\l@dmaxlinesinpar733=\count4668
\l@dmaxlinesinpar732=\count4669
\l@dmaxlinesinpar731=\count4670
\l@dmaxlinesinpar730=\count4671
\l@dmaxlinesinpar729=\count4672
\l@dmaxlinesinpar728=\count4673
\l@dmaxlinesinpar727=\count4674
\l@dmaxlinesinpar726=\count4675
\l@dmaxlinesinpar725=\count4676
\l@dmaxlinesinpar724=\count4677
\l@dmaxlinesinpar723=\count4678
\l@dmaxlinesinpar722=\count4679
\l@dmaxlinesinpar721=\count4680
\l@dmaxlinesinpar720=\count4681
\l@dmaxlinesinpar719=\count4682
\l@dmaxlinesinpar718=\count4683
\l@dmaxlinesinpar717=\count4684
\l@dmaxlinesinpar716=\count4685
\l@dmaxlinesinpar715=\count4686
\l@dmaxlinesinpar714=\count4687
\l@dmaxlinesinpar713=\count4688
\l@dmaxlinesinpar712=\count4689
\l@dmaxlinesinpar711=\count4690
\l@dmaxlinesinpar710=\count4691
\l@dmaxlinesinpar709=\count4692
\l@dmaxlinesinpar708=\count4693
\l@dmaxlinesinpar707=\count4694
\l@dmaxlinesinpar706=\count4695
\l@dmaxlinesinpar705=\count4696
\l@dmaxlinesinpar704=\count4697
\l@dmaxlinesinpar703=\count4698
\l@dmaxlinesinpar702=\count4699
\l@dmaxlinesinpar701=\count4700
\l@dmaxlinesinpar700=\count4701
\l@dmaxlinesinpar699=\count4702
\l@dmaxlinesinpar698=\count4703
\l@dmaxlinesinpar697=\count4704
\l@dmaxlinesinpar696=\count4705
\l@dmaxlinesinpar695=\count4706
\l@dmaxlinesinpar694=\count4707
\l@dmaxlinesinpar693=\count4708
\l@dmaxlinesinpar692=\count4709
\l@dmaxlinesinpar691=\count4710
\l@dmaxlinesinpar690=\count4711
\l@dmaxlinesinpar689=\count4712
\l@dmaxlinesinpar688=\count4713
\l@dmaxlinesinpar687=\count4714
\l@dmaxlinesinpar686=\count4715
\l@dmaxlinesinpar685=\count4716
\l@dmaxlinesinpar684=\count4717
\l@dmaxlinesinpar683=\count4718
\l@dmaxlinesinpar682=\count4719
\l@dmaxlinesinpar681=\count4720
\l@dmaxlinesinpar680=\count4721
\l@dmaxlinesinpar679=\count4722
\l@dmaxlinesinpar678=\count4723
\l@dmaxlinesinpar677=\count4724
\l@dmaxlinesinpar676=\count4725
\l@dmaxlinesinpar675=\count4726
\l@dmaxlinesinpar674=\count4727
\l@dmaxlinesinpar673=\count4728
\l@dmaxlinesinpar672=\count4729
\l@dmaxlinesinpar671=\count4730
\l@dmaxlinesinpar670=\count4731
\l@dmaxlinesinpar669=\count4732
\l@dmaxlinesinpar668=\count4733
\l@dmaxlinesinpar667=\count4734
\l@dmaxlinesinpar666=\count4735
\l@dmaxlinesinpar665=\count4736
\l@dmaxlinesinpar664=\count4737
\l@dmaxlinesinpar663=\count4738
\l@dmaxlinesinpar662=\count4739
\l@dmaxlinesinpar661=\count4740
\l@dmaxlinesinpar660=\count4741
\l@dmaxlinesinpar659=\count4742
\l@dmaxlinesinpar658=\count4743
\l@dmaxlinesinpar657=\count4744
\l@dmaxlinesinpar656=\count4745
\l@dmaxlinesinpar655=\count4746
\l@dmaxlinesinpar654=\count4747
\l@dmaxlinesinpar653=\count4748
\l@dmaxlinesinpar652=\count4749
\l@dmaxlinesinpar651=\count4750
\l@dmaxlinesinpar650=\count4751
\l@dmaxlinesinpar649=\count4752
\l@dmaxlinesinpar648=\count4753
\l@dmaxlinesinpar647=\count4754
\l@dmaxlinesinpar646=\count4755
\l@dmaxlinesinpar645=\count4756
\l@dmaxlinesinpar644=\count4757
\l@dmaxlinesinpar643=\count4758
\l@dmaxlinesinpar642=\count4759
\l@dmaxlinesinpar641=\count4760
\l@dmaxlinesinpar640=\count4761
\l@dmaxlinesinpar639=\count4762
\l@dmaxlinesinpar638=\count4763
\l@dmaxlinesinpar637=\count4764
\l@dmaxlinesinpar636=\count4765
\l@dmaxlinesinpar635=\count4766
\l@dmaxlinesinpar634=\count4767
\l@dmaxlinesinpar633=\count4768
\l@dmaxlinesinpar632=\count4769
\l@dmaxlinesinpar631=\count4770
\l@dmaxlinesinpar630=\count4771
\l@dmaxlinesinpar629=\count4772
\l@dmaxlinesinpar628=\count4773
\l@dmaxlinesinpar627=\count4774
\l@dmaxlinesinpar626=\count4775
\l@dmaxlinesinpar625=\count4776
\l@dmaxlinesinpar624=\count4777
\l@dmaxlinesinpar623=\count4778
\l@dmaxlinesinpar622=\count4779
\l@dmaxlinesinpar621=\count4780
\l@dmaxlinesinpar620=\count4781
\l@dmaxlinesinpar619=\count4782
\l@dmaxlinesinpar618=\count4783
\l@dmaxlinesinpar617=\count4784
\l@dmaxlinesinpar616=\count4785
\l@dmaxlinesinpar615=\count4786
\l@dmaxlinesinpar614=\count4787
\l@dmaxlinesinpar613=\count4788
\l@dmaxlinesinpar612=\count4789
\l@dmaxlinesinpar611=\count4790
\l@dmaxlinesinpar610=\count4791
\l@dmaxlinesinpar609=\count4792
\l@dmaxlinesinpar608=\count4793
\l@dmaxlinesinpar607=\count4794
\l@dmaxlinesinpar606=\count4795
\l@dmaxlinesinpar605=\count4796
\l@dmaxlinesinpar604=\count4797
\l@dmaxlinesinpar603=\count4798
\l@dmaxlinesinpar602=\count4799
\l@dmaxlinesinpar601=\count4800
\l@dmaxlinesinpar600=\count4801
\l@dmaxlinesinpar599=\count4802
\l@dmaxlinesinpar598=\count4803
\l@dmaxlinesinpar597=\count4804
\l@dmaxlinesinpar596=\count4805
\l@dmaxlinesinpar595=\count4806
\l@dmaxlinesinpar594=\count4807
\l@dmaxlinesinpar593=\count4808
\l@dmaxlinesinpar592=\count4809
\l@dmaxlinesinpar591=\count4810
\l@dmaxlinesinpar590=\count4811
\l@dmaxlinesinpar589=\count4812
\l@dmaxlinesinpar588=\count4813
\l@dmaxlinesinpar587=\count4814
\l@dmaxlinesinpar586=\count4815
\l@dmaxlinesinpar585=\count4816
\l@dmaxlinesinpar584=\count4817
\l@dmaxlinesinpar583=\count4818
\l@dmaxlinesinpar582=\count4819
\l@dmaxlinesinpar581=\count4820
\l@dmaxlinesinpar580=\count4821
\l@dmaxlinesinpar579=\count4822
\l@dmaxlinesinpar578=\count4823
\l@dmaxlinesinpar577=\count4824
\l@dmaxlinesinpar576=\count4825
\l@dmaxlinesinpar575=\count4826
\l@dmaxlinesinpar574=\count4827
\l@dmaxlinesinpar573=\count4828
\l@dmaxlinesinpar572=\count4829
\l@dmaxlinesinpar571=\count4830
\l@dmaxlinesinpar570=\count4831
\l@dmaxlinesinpar569=\count4832
\l@dmaxlinesinpar568=\count4833
\l@dmaxlinesinpar567=\count4834
\l@dmaxlinesinpar566=\count4835
\l@dmaxlinesinpar565=\count4836
\l@dmaxlinesinpar564=\count4837
\l@dmaxlinesinpar563=\count4838
\l@dmaxlinesinpar562=\count4839
\l@dmaxlinesinpar561=\count4840
\l@dmaxlinesinpar560=\count4841
\l@dmaxlinesinpar559=\count4842
\l@dmaxlinesinpar558=\count4843
\l@dmaxlinesinpar557=\count4844
\l@dmaxlinesinpar556=\count4845
\l@dmaxlinesinpar555=\count4846
\l@dmaxlinesinpar554=\count4847
\l@dmaxlinesinpar553=\count4848
\l@dmaxlinesinpar552=\count4849
\l@dmaxlinesinpar551=\count4850
\l@dmaxlinesinpar550=\count4851
\l@dmaxlinesinpar549=\count4852
\l@dmaxlinesinpar548=\count4853
\l@dmaxlinesinpar547=\count4854
\l@dmaxlinesinpar546=\count4855
\l@dmaxlinesinpar545=\count4856
\l@dmaxlinesinpar544=\count4857
\l@dmaxlinesinpar543=\count4858
\l@dmaxlinesinpar542=\count4859
\l@dmaxlinesinpar541=\count4860
\l@dmaxlinesinpar540=\count4861
\l@dmaxlinesinpar539=\count4862
\l@dmaxlinesinpar538=\count4863
\l@dmaxlinesinpar537=\count4864
\l@dmaxlinesinpar536=\count4865
\l@dmaxlinesinpar535=\count4866
\l@dmaxlinesinpar534=\count4867
\l@dmaxlinesinpar533=\count4868
\l@dmaxlinesinpar532=\count4869
\l@dmaxlinesinpar531=\count4870
\l@dmaxlinesinpar530=\count4871
\l@dmaxlinesinpar529=\count4872
\l@dmaxlinesinpar528=\count4873
\l@dmaxlinesinpar527=\count4874
\l@dmaxlinesinpar526=\count4875
\l@dmaxlinesinpar525=\count4876
\l@dmaxlinesinpar524=\count4877
\l@dmaxlinesinpar523=\count4878
\l@dmaxlinesinpar522=\count4879
\l@dmaxlinesinpar521=\count4880
\l@dmaxlinesinpar520=\count4881
\l@dmaxlinesinpar519=\count4882
\l@dmaxlinesinpar518=\count4883
\l@dmaxlinesinpar517=\count4884
\l@dmaxlinesinpar516=\count4885
\l@dmaxlinesinpar515=\count4886
\l@dmaxlinesinpar514=\count4887
\l@dmaxlinesinpar513=\count4888
\l@dmaxlinesinpar512=\count4889
\l@dmaxlinesinpar511=\count4890
\l@dmaxlinesinpar510=\count4891
\l@dmaxlinesinpar509=\count4892
\l@dmaxlinesinpar508=\count4893
\l@dmaxlinesinpar507=\count4894
\l@dmaxlinesinpar506=\count4895
\l@dmaxlinesinpar505=\count4896
\l@dmaxlinesinpar504=\count4897
\l@dmaxlinesinpar503=\count4898
\l@dmaxlinesinpar502=\count4899
\l@dmaxlinesinpar501=\count4900
\l@dmaxlinesinpar500=\count4901
\l@dmaxlinesinpar499=\count4902
\l@dmaxlinesinpar498=\count4903
\l@dmaxlinesinpar497=\count4904
\l@dmaxlinesinpar496=\count4905
\l@dmaxlinesinpar495=\count4906
\l@dmaxlinesinpar494=\count4907
\l@dmaxlinesinpar493=\count4908
\l@dmaxlinesinpar492=\count4909
\l@dmaxlinesinpar491=\count4910
\l@dmaxlinesinpar490=\count4911
\l@dmaxlinesinpar489=\count4912
\l@dmaxlinesinpar488=\count4913
\l@dmaxlinesinpar487=\count4914
\l@dmaxlinesinpar486=\count4915
\l@dmaxlinesinpar485=\count4916
\l@dmaxlinesinpar484=\count4917
\l@dmaxlinesinpar483=\count4918
\l@dmaxlinesinpar482=\count4919
\l@dmaxlinesinpar481=\count4920
\l@dmaxlinesinpar480=\count4921
\l@dmaxlinesinpar479=\count4922
\l@dmaxlinesinpar478=\count4923
\l@dmaxlinesinpar477=\count4924
\l@dmaxlinesinpar476=\count4925
\l@dmaxlinesinpar475=\count4926
\l@dmaxlinesinpar474=\count4927
\l@dmaxlinesinpar473=\count4928
\l@dmaxlinesinpar472=\count4929
\l@dmaxlinesinpar471=\count4930
\l@dmaxlinesinpar470=\count4931
\l@dmaxlinesinpar469=\count4932
\l@dmaxlinesinpar468=\count4933
\l@dmaxlinesinpar467=\count4934
\l@dmaxlinesinpar466=\count4935
\l@dmaxlinesinpar465=\count4936
\l@dmaxlinesinpar464=\count4937
\l@dmaxlinesinpar463=\count4938
\l@dmaxlinesinpar462=\count4939
\l@dmaxlinesinpar461=\count4940
\l@dmaxlinesinpar460=\count4941
\l@dmaxlinesinpar459=\count4942
\l@dmaxlinesinpar458=\count4943
\l@dmaxlinesinpar457=\count4944
\l@dmaxlinesinpar456=\count4945
\l@dmaxlinesinpar455=\count4946
\l@dmaxlinesinpar454=\count4947
\l@dmaxlinesinpar453=\count4948
\l@dmaxlinesinpar452=\count4949
\l@dmaxlinesinpar451=\count4950
\l@dmaxlinesinpar450=\count4951
\l@dmaxlinesinpar449=\count4952
\l@dmaxlinesinpar448=\count4953
\l@dmaxlinesinpar447=\count4954
\l@dmaxlinesinpar446=\count4955
\l@dmaxlinesinpar445=\count4956
\l@dmaxlinesinpar444=\count4957
\l@dmaxlinesinpar443=\count4958
\l@dmaxlinesinpar442=\count4959
\l@dmaxlinesinpar441=\count4960
\l@dmaxlinesinpar440=\count4961
\l@dmaxlinesinpar439=\count4962
\l@dmaxlinesinpar438=\count4963
\l@dmaxlinesinpar437=\count4964
\l@dmaxlinesinpar436=\count4965
\l@dmaxlinesinpar435=\count4966
\l@dmaxlinesinpar434=\count4967
\l@dmaxlinesinpar433=\count4968
\l@dmaxlinesinpar432=\count4969
\l@dmaxlinesinpar431=\count4970
\l@dmaxlinesinpar430=\count4971
\l@dmaxlinesinpar429=\count4972
\l@dmaxlinesinpar428=\count4973
\l@dmaxlinesinpar427=\count4974
\l@dmaxlinesinpar426=\count4975
\l@dmaxlinesinpar425=\count4976
\l@dmaxlinesinpar424=\count4977
\l@dmaxlinesinpar423=\count4978
\l@dmaxlinesinpar422=\count4979
\l@dmaxlinesinpar421=\count4980
\l@dmaxlinesinpar420=\count4981
\l@dmaxlinesinpar419=\count4982
\l@dmaxlinesinpar418=\count4983
\l@dmaxlinesinpar417=\count4984
\l@dmaxlinesinpar416=\count4985
\l@dmaxlinesinpar415=\count4986
\l@dmaxlinesinpar414=\count4987
\l@dmaxlinesinpar413=\count4988
\l@dmaxlinesinpar412=\count4989
\l@dmaxlinesinpar411=\count4990
\l@dmaxlinesinpar410=\count4991
\l@dmaxlinesinpar409=\count4992
\l@dmaxlinesinpar408=\count4993
\l@dmaxlinesinpar407=\count4994
\l@dmaxlinesinpar406=\count4995
\l@dmaxlinesinpar405=\count4996
\l@dmaxlinesinpar404=\count4997
\l@dmaxlinesinpar403=\count4998
\l@dmaxlinesinpar402=\count4999
\l@dmaxlinesinpar401=\count5000
\l@dmaxlinesinpar400=\count5001
\l@dmaxlinesinpar399=\count5002
\l@dmaxlinesinpar398=\count5003
\l@dmaxlinesinpar397=\count5004
\l@dmaxlinesinpar396=\count5005
\l@dmaxlinesinpar395=\count5006
\l@dmaxlinesinpar394=\count5007
\l@dmaxlinesinpar393=\count5008
\l@dmaxlinesinpar392=\count5009
\l@dmaxlinesinpar391=\count5010
\l@dmaxlinesinpar390=\count5011
\l@dmaxlinesinpar389=\count5012
\l@dmaxlinesinpar388=\count5013
\l@dmaxlinesinpar387=\count5014
\l@dmaxlinesinpar386=\count5015
\l@dmaxlinesinpar385=\count5016
\l@dmaxlinesinpar384=\count5017
\l@dmaxlinesinpar383=\count5018
\l@dmaxlinesinpar382=\count5019
\l@dmaxlinesinpar381=\count5020
\l@dmaxlinesinpar380=\count5021
\l@dmaxlinesinpar379=\count5022
\l@dmaxlinesinpar378=\count5023
\l@dmaxlinesinpar377=\count5024
\l@dmaxlinesinpar376=\count5025
\l@dmaxlinesinpar375=\count5026
\l@dmaxlinesinpar374=\count5027
\l@dmaxlinesinpar373=\count5028
\l@dmaxlinesinpar372=\count5029
\l@dmaxlinesinpar371=\count5030
\l@dmaxlinesinpar370=\count5031
\l@dmaxlinesinpar369=\count5032
\l@dmaxlinesinpar368=\count5033
\l@dmaxlinesinpar367=\count5034
\l@dmaxlinesinpar366=\count5035
\l@dmaxlinesinpar365=\count5036
\l@dmaxlinesinpar364=\count5037
\l@dmaxlinesinpar363=\count5038
\l@dmaxlinesinpar362=\count5039
\l@dmaxlinesinpar361=\count5040
\l@dmaxlinesinpar360=\count5041
\l@dmaxlinesinpar359=\count5042
\l@dmaxlinesinpar358=\count5043
\l@dmaxlinesinpar357=\count5044
\l@dmaxlinesinpar356=\count5045
\l@dmaxlinesinpar355=\count5046
\l@dmaxlinesinpar354=\count5047
\l@dmaxlinesinpar353=\count5048
\l@dmaxlinesinpar352=\count5049
\l@dmaxlinesinpar351=\count5050
\l@dmaxlinesinpar350=\count5051
\l@dmaxlinesinpar349=\count5052
\l@dmaxlinesinpar348=\count5053
\l@dmaxlinesinpar347=\count5054
\l@dmaxlinesinpar346=\count5055
\l@dmaxlinesinpar345=\count5056
\l@dmaxlinesinpar344=\count5057
\l@dmaxlinesinpar343=\count5058
\l@dmaxlinesinpar342=\count5059
\l@dmaxlinesinpar341=\count5060
\l@dmaxlinesinpar340=\count5061
\l@dmaxlinesinpar339=\count5062
\l@dmaxlinesinpar338=\count5063
\l@dmaxlinesinpar337=\count5064
\l@dmaxlinesinpar336=\count5065
\l@dmaxlinesinpar335=\count5066
\l@dmaxlinesinpar334=\count5067
\l@dmaxlinesinpar333=\count5068
\l@dmaxlinesinpar332=\count5069
\l@dmaxlinesinpar331=\count5070
\l@dmaxlinesinpar330=\count5071
\l@dmaxlinesinpar329=\count5072
\l@dmaxlinesinpar328=\count5073
\l@dmaxlinesinpar327=\count5074
\l@dmaxlinesinpar326=\count5075
\l@dmaxlinesinpar325=\count5076
\l@dmaxlinesinpar324=\count5077
\l@dmaxlinesinpar323=\count5078
\l@dmaxlinesinpar322=\count5079
\l@dmaxlinesinpar321=\count5080
\l@dmaxlinesinpar320=\count5081
\l@dmaxlinesinpar319=\count5082
\l@dmaxlinesinpar318=\count5083
\l@dmaxlinesinpar317=\count5084
\l@dmaxlinesinpar316=\count5085
\l@dmaxlinesinpar315=\count5086
\l@dmaxlinesinpar314=\count5087
\l@dmaxlinesinpar313=\count5088
\l@dmaxlinesinpar312=\count5089
\l@dmaxlinesinpar311=\count5090
\l@dmaxlinesinpar310=\count5091
\l@dmaxlinesinpar309=\count5092
\l@dmaxlinesinpar308=\count5093
\l@dmaxlinesinpar307=\count5094
\l@dmaxlinesinpar306=\count5095
\l@dmaxlinesinpar305=\count5096
\l@dmaxlinesinpar304=\count5097
\l@dmaxlinesinpar303=\count5098
\l@dmaxlinesinpar302=\count5099
\l@dmaxlinesinpar301=\count5100
\l@dmaxlinesinpar300=\count5101
\l@dmaxlinesinpar299=\count5102
\l@dmaxlinesinpar298=\count5103
\l@dmaxlinesinpar297=\count5104
\l@dmaxlinesinpar296=\count5105
\l@dmaxlinesinpar295=\count5106
\l@dmaxlinesinpar294=\count5107
\l@dmaxlinesinpar293=\count5108
\l@dmaxlinesinpar292=\count5109
\l@dmaxlinesinpar291=\count5110
\l@dmaxlinesinpar290=\count5111
\l@dmaxlinesinpar289=\count5112
\l@dmaxlinesinpar288=\count5113
\l@dmaxlinesinpar287=\count5114
\l@dmaxlinesinpar286=\count5115
\l@dmaxlinesinpar285=\count5116
\l@dmaxlinesinpar284=\count5117
\l@dmaxlinesinpar283=\count5118
\l@dmaxlinesinpar282=\count5119
\l@dmaxlinesinpar281=\count5120
\l@dmaxlinesinpar280=\count5121
\l@dmaxlinesinpar279=\count5122
\l@dmaxlinesinpar278=\count5123
\l@dmaxlinesinpar277=\count5124
\l@dmaxlinesinpar276=\count5125
\l@dmaxlinesinpar275=\count5126
\l@dmaxlinesinpar274=\count5127
\l@dmaxlinesinpar273=\count5128
\l@dmaxlinesinpar272=\count5129
\l@dmaxlinesinpar271=\count5130
\l@dmaxlinesinpar270=\count5131
\l@dmaxlinesinpar269=\count5132
\l@dmaxlinesinpar268=\count5133
\l@dmaxlinesinpar267=\count5134
\l@dmaxlinesinpar266=\count5135
\l@dmaxlinesinpar265=\count5136
\l@dmaxlinesinpar264=\count5137
\l@dmaxlinesinpar263=\count5138
\l@dmaxlinesinpar262=\count5139
\l@dmaxlinesinpar261=\count5140
\l@dmaxlinesinpar260=\count5141
\l@dmaxlinesinpar259=\count5142
\l@dmaxlinesinpar258=\count5143
\l@dmaxlinesinpar257=\count5144
\l@dmaxlinesinpar256=\count5145
\l@dmaxlinesinpar255=\count5146
\l@dmaxlinesinpar254=\count5147
\l@dmaxlinesinpar253=\count5148
\l@dmaxlinesinpar252=\count5149
\l@dmaxlinesinpar251=\count5150
\l@dmaxlinesinpar250=\count5151
\l@dmaxlinesinpar249=\count5152
\l@dmaxlinesinpar248=\count5153
\l@dmaxlinesinpar247=\count5154
\l@dmaxlinesinpar246=\count5155
\l@dmaxlinesinpar245=\count5156
\l@dmaxlinesinpar244=\count5157
\l@dmaxlinesinpar243=\count5158
\l@dmaxlinesinpar242=\count5159
\l@dmaxlinesinpar241=\count5160
\l@dmaxlinesinpar240=\count5161
\l@dmaxlinesinpar239=\count5162
\l@dmaxlinesinpar238=\count5163
\l@dmaxlinesinpar237=\count5164
\l@dmaxlinesinpar236=\count5165
\l@dmaxlinesinpar235=\count5166
\l@dmaxlinesinpar234=\count5167
\l@dmaxlinesinpar233=\count5168
\l@dmaxlinesinpar232=\count5169
\l@dmaxlinesinpar231=\count5170
\l@dmaxlinesinpar230=\count5171
\l@dmaxlinesinpar229=\count5172
\l@dmaxlinesinpar228=\count5173
\l@dmaxlinesinpar227=\count5174
\l@dmaxlinesinpar226=\count5175
\l@dmaxlinesinpar225=\count5176
\l@dmaxlinesinpar224=\count5177
\l@dmaxlinesinpar223=\count5178
\l@dmaxlinesinpar222=\count5179
\l@dmaxlinesinpar221=\count5180
\l@dmaxlinesinpar220=\count5181
\l@dmaxlinesinpar219=\count5182
\l@dmaxlinesinpar218=\count5183
\l@dmaxlinesinpar217=\count5184
\l@dmaxlinesinpar216=\count5185
\l@dmaxlinesinpar215=\count5186
\l@dmaxlinesinpar214=\count5187
\l@dmaxlinesinpar213=\count5188
\l@dmaxlinesinpar212=\count5189
\l@dmaxlinesinpar211=\count5190
\l@dmaxlinesinpar210=\count5191
\l@dmaxlinesinpar209=\count5192
\l@dmaxlinesinpar208=\count5193
\l@dmaxlinesinpar207=\count5194
\l@dmaxlinesinpar206=\count5195
\l@dmaxlinesinpar205=\count5196
\l@dmaxlinesinpar204=\count5197
\l@dmaxlinesinpar203=\count5198
\l@dmaxlinesinpar202=\count5199
\l@dmaxlinesinpar201=\count5200
\l@dmaxlinesinpar200=\count5201
\l@dmaxlinesinpar199=\count5202
\l@dmaxlinesinpar198=\count5203
\l@dmaxlinesinpar197=\count5204
\l@dmaxlinesinpar196=\count5205
\l@dmaxlinesinpar195=\count5206
\l@dmaxlinesinpar194=\count5207
\l@dmaxlinesinpar193=\count5208
\l@dmaxlinesinpar192=\count5209
\l@dmaxlinesinpar191=\count5210
\l@dmaxlinesinpar190=\count5211
\l@dmaxlinesinpar189=\count5212
\l@dmaxlinesinpar188=\count5213
\l@dmaxlinesinpar187=\count5214
\l@dmaxlinesinpar186=\count5215
\l@dmaxlinesinpar185=\count5216
\l@dmaxlinesinpar184=\count5217
\l@dmaxlinesinpar183=\count5218
\l@dmaxlinesinpar182=\count5219
\l@dmaxlinesinpar181=\count5220
\l@dmaxlinesinpar180=\count5221
\l@dmaxlinesinpar179=\count5222
\l@dmaxlinesinpar178=\count5223
\l@dmaxlinesinpar177=\count5224
\l@dmaxlinesinpar176=\count5225
\l@dmaxlinesinpar175=\count5226
\l@dmaxlinesinpar174=\count5227
\l@dmaxlinesinpar173=\count5228
\l@dmaxlinesinpar172=\count5229
\l@dmaxlinesinpar171=\count5230
\l@dmaxlinesinpar170=\count5231
\l@dmaxlinesinpar169=\count5232
\l@dmaxlinesinpar168=\count5233
\l@dmaxlinesinpar167=\count5234
\l@dmaxlinesinpar166=\count5235
\l@dmaxlinesinpar165=\count5236
\l@dmaxlinesinpar164=\count5237
\l@dmaxlinesinpar163=\count5238
\l@dmaxlinesinpar162=\count5239
\l@dmaxlinesinpar161=\count5240
\l@dmaxlinesinpar160=\count5241
\l@dmaxlinesinpar159=\count5242
\l@dmaxlinesinpar158=\count5243
\l@dmaxlinesinpar157=\count5244
\l@dmaxlinesinpar156=\count5245
\l@dmaxlinesinpar155=\count5246
\l@dmaxlinesinpar154=\count5247
\l@dmaxlinesinpar153=\count5248
\l@dmaxlinesinpar152=\count5249
\l@dmaxlinesinpar151=\count5250
\l@dmaxlinesinpar150=\count5251
\l@dmaxlinesinpar149=\count5252
\l@dmaxlinesinpar148=\count5253
\l@dmaxlinesinpar147=\count5254
\l@dmaxlinesinpar146=\count5255
\l@dmaxlinesinpar145=\count5256
\l@dmaxlinesinpar144=\count5257
\l@dmaxlinesinpar143=\count5258
\l@dmaxlinesinpar142=\count5259
\l@dmaxlinesinpar141=\count5260
\l@dmaxlinesinpar140=\count5261
\l@dmaxlinesinpar139=\count5262
\l@dmaxlinesinpar138=\count5263
\l@dmaxlinesinpar137=\count5264
\l@dmaxlinesinpar136=\count5265
\l@dmaxlinesinpar135=\count5266
\l@dmaxlinesinpar134=\count5267
\l@dmaxlinesinpar133=\count5268
\l@dmaxlinesinpar132=\count5269
\l@dmaxlinesinpar131=\count5270
\l@dmaxlinesinpar130=\count5271
\l@dmaxlinesinpar129=\count5272
\l@dmaxlinesinpar128=\count5273
\l@dmaxlinesinpar127=\count5274
\l@dmaxlinesinpar126=\count5275
\l@dmaxlinesinpar125=\count5276
\l@dmaxlinesinpar124=\count5277
\l@dmaxlinesinpar123=\count5278
\l@dmaxlinesinpar122=\count5279
\l@dmaxlinesinpar121=\count5280
\l@dmaxlinesinpar120=\count5281
\l@dmaxlinesinpar119=\count5282
\l@dmaxlinesinpar118=\count5283
\l@dmaxlinesinpar117=\count5284
\l@dmaxlinesinpar116=\count5285
\l@dmaxlinesinpar115=\count5286
\l@dmaxlinesinpar114=\count5287
\l@dmaxlinesinpar113=\count5288
\l@dmaxlinesinpar112=\count5289
\l@dmaxlinesinpar111=\count5290
\l@dmaxlinesinpar110=\count5291
\l@dmaxlinesinpar109=\count5292
\l@dmaxlinesinpar108=\count5293
\l@dmaxlinesinpar107=\count5294
\l@dmaxlinesinpar106=\count5295
\l@dmaxlinesinpar105=\count5296
\l@dmaxlinesinpar104=\count5297
\l@dmaxlinesinpar103=\count5298
\l@dmaxlinesinpar102=\count5299
\l@dmaxlinesinpar101=\count5300
\l@dmaxlinesinpar100=\count5301
\l@dmaxlinesinpar99=\count5302
\l@dmaxlinesinpar98=\count5303
\l@dmaxlinesinpar97=\count5304
\l@dmaxlinesinpar96=\count5305
\l@dmaxlinesinpar95=\count5306
\l@dmaxlinesinpar94=\count5307
\l@dmaxlinesinpar93=\count5308
\l@dmaxlinesinpar92=\count5309
\l@dmaxlinesinpar91=\count5310
\l@dmaxlinesinpar90=\count5311
\l@dmaxlinesinpar89=\count5312
\l@dmaxlinesinpar88=\count5313
\l@dmaxlinesinpar87=\count5314
\l@dmaxlinesinpar86=\count5315
\l@dmaxlinesinpar85=\count5316
\l@dmaxlinesinpar84=\count5317
\l@dmaxlinesinpar83=\count5318
\l@dmaxlinesinpar82=\count5319
\l@dmaxlinesinpar81=\count5320
\l@dmaxlinesinpar80=\count5321
\l@dmaxlinesinpar79=\count5322
\l@dmaxlinesinpar78=\count5323
\l@dmaxlinesinpar77=\count5324
\l@dmaxlinesinpar76=\count5325
\l@dmaxlinesinpar75=\count5326
\l@dmaxlinesinpar74=\count5327
\l@dmaxlinesinpar73=\count5328
\l@dmaxlinesinpar72=\count5329
\l@dmaxlinesinpar71=\count5330
\l@dmaxlinesinpar70=\count5331
\l@dmaxlinesinpar69=\count5332
\l@dmaxlinesinpar68=\count5333
\l@dmaxlinesinpar67=\count5334
\l@dmaxlinesinpar66=\count5335
\l@dmaxlinesinpar65=\count5336
\l@dmaxlinesinpar64=\count5337
\l@dmaxlinesinpar63=\count5338
\l@dmaxlinesinpar62=\count5339
\l@dmaxlinesinpar61=\count5340
\l@dmaxlinesinpar60=\count5341
\l@dmaxlinesinpar59=\count5342
\l@dmaxlinesinpar58=\count5343
\l@dmaxlinesinpar57=\count5344
\l@dmaxlinesinpar56=\count5345
\l@dmaxlinesinpar55=\count5346
\l@dmaxlinesinpar54=\count5347
\l@dmaxlinesinpar53=\count5348
\l@dmaxlinesinpar52=\count5349
\l@dmaxlinesinpar51=\count5350
\l@dmaxlinesinpar50=\count5351
\l@dmaxlinesinpar49=\count5352
\l@dmaxlinesinpar48=\count5353
\l@dmaxlinesinpar47=\count5354
\l@dmaxlinesinpar46=\count5355
\l@dmaxlinesinpar45=\count5356
\l@dmaxlinesinpar44=\count5357
\l@dmaxlinesinpar43=\count5358
\l@dmaxlinesinpar42=\count5359
\l@dmaxlinesinpar41=\count5360
\l@dmaxlinesinpar40=\count5361
\l@dmaxlinesinpar39=\count5362
\l@dmaxlinesinpar38=\count5363
\l@dmaxlinesinpar37=\count5364
\l@dmaxlinesinpar36=\count5365
\l@dmaxlinesinpar35=\count5366
\l@dmaxlinesinpar34=\count5367
\l@dmaxlinesinpar33=\count5368
\l@dmaxlinesinpar32=\count5369
\l@dmaxlinesinpar31=\count5370
\l@dmaxlinesinpar30=\count5371
\l@dmaxlinesinpar29=\count5372
\l@dmaxlinesinpar28=\count5373
\l@dmaxlinesinpar27=\count5374
\l@dmaxlinesinpar26=\count5375
\l@dmaxlinesinpar25=\count5376
\l@dmaxlinesinpar24=\count5377
\l@dmaxlinesinpar23=\count5378
\l@dmaxlinesinpar22=\count5379
\l@dmaxlinesinpar21=\count5380
\l@dmaxlinesinpar20=\count5381
\l@dmaxlinesinpar19=\count5382
\l@dmaxlinesinpar18=\count5383
\l@dmaxlinesinpar17=\count5384
\l@dmaxlinesinpar16=\count5385
\l@dmaxlinesinpar15=\count5386
\l@dmaxlinesinpar14=\count5387
\l@dmaxlinesinpar13=\count5388
\l@dmaxlinesinpar12=\count5389
\l@dmaxlinesinpar11=\count5390
\l@dmaxlinesinpar10=\count5391
\l@dmaxlinesinpar9=\count5392
\l@dmaxlinesinpar8=\count5393
\l@dmaxlinesinpar7=\count5394
\l@dmaxlinesinpar6=\count5395
\l@dmaxlinesinpar5=\count5396
\l@dmaxlinesinpar4=\count5397
\l@dmaxlinesinpar3=\count5398
\l@dmaxlinesinpar2=\count5399
\l@dmaxlinesinpar1=\count5400
 Section 1

Package eledmac Warning: Can't find line-list file test.1 on input line 111.

\openout4 = `test.1'.

\openout5 = `test.end'.

\openout6 = `test.eledsec1'.

LaTeX Info: Redefining \. on input line 112.
LaTeX Info: Redefining \% on input line 112.
LaTeX Info: Redefining \. on input line 112.
LaTeX Info: Redefining \% on input line 112.
LaTeX Info: Redefining \. on input line 112.
LaTeX Info: Redefining \% on input line 112.
LaTeX Info: Redefining \. on input line 113.
LaTeX Info: Redefining \% on input line 113.
LaTeX Info: Redefining \. on input line 113.
LaTeX Info: Redefining \% on input line 113.
eledmac reminder: 
 The number of the footnotes in this section has changed since the last run.
 You will need to run LaTeX two more times before the footnote placement
 and line numbering in this section are correct.
Section 1R 

Package eledmac Warning: Can't find line-list file test.1R on input line 117.

\openout7 = `test.1R'.

\openout8 = `test.eledsec1R'.

eledmac reminder: 
 The number of the footnotes in this section has changed since the last run.
 You will need to run LaTeX two more times before the footnote placement
 and line numbering in this section are correct.

! Package eledpar Error: \Pages must be called *outside* of the `pages` environ
ment.

See the eledpar package documentation for explanation.
Type  H <return>  for immediate help.
 ...                                              
                                                  
l.122 \Pages
            
? 

*************************** PAGES ***************************
[1

]
LaTeX Info: Redefining \. on input line 122.
LaTeX Info: Redefining \% on input line 122.

Overfull \vbox (8.508pt too high) detected at line 122
 []


Overfull \vbox (8.508pt too high) detected at line 122
 []


Overfull \vbox (8.508pt too high) detected at line 122
 []


Overfull \vbox (23.008pt too high) detected at line 122
 []


Overfull \vbox (8.508pt too high) detected at line 122
 []


Overfull \vbox (8.508pt too high) detected at line 122
 []


Overfull \vbox (23.008pt too high) detected at line 122
 []

[2

]
Overfull \vbox (8.508pt too high) detected at line 122
 []


Overfull \vbox (8.508pt too high) detected at line 122
 []


Overfull \vbox (8.508pt too high) detected at line 122
 []


Overfull \vbox (37.508pt too high) detected at line 122
 []


Overfull \vbox (8.508pt too high) detected at line 122
 []

[3]
LaTeX Info: Redefining \. on input line 122.
LaTeX Info: Redefining \% on input line 122.

Overfull \vbox (8.508pt too high) detected at line 122
 []


Overfull \vbox (8.508pt too high) detected at line 122
 []

[4]
Overfull \vbox (8.508pt too high) detected at line 122
 []


Overfull \vbox (37.508pt too high) detected at line 122
 []


Overfull \vbox (8.508pt too high) detected at line 122
 []


Overfull \vbox (8.508pt too high) detected at line 122
 []


Overfull \vbox (8.508pt too high) detected at line 122
 []

[5]
LaTeX Info: Redefining \. on input line 122.
LaTeX Info: Redefining \% on input line 122.
LaTeX Info: Redefining \. on input line 122.
LaTeX Info: Redefining \% on input line 122.
 Section 2

Package eledmac Warning: Can't find line-list file test.2 on input line 125.

\openout6 = `test.eledsec2'.

LaTeX Info: Redefining \. on input line 126.
LaTeX Info: Redefining \% on input line 126.
LaTeX Info: Redefining \. on input line 126.
LaTeX Info: Redefining \% on input line 126.
LaTeX Info: Redefining \. on input line 126.
LaTeX Info: Redefining \% on input line 126.
LaTeX Info: Redefining \. on input line 127.
LaTeX Info: Redefining \% on input line 127.
LaTeX Info: Redefining \. on input line 127.
LaTeX Info: Redefining \% on input line 127.
eledmac reminder: 
 The number of the footnotes in this section has changed since the last run.
 You will need to run LaTeX two more times before the footnote placement
 and line numbering in this section are correct.
Section 2R 

Package eledmac Warning: Can't find line-list file test.2R on input line 131.

\openout8 = `test.eledsec2R'.

eledmac reminder: 
 The number of the footnotes in this section has changed since the last run.
 You will need to run LaTeX two more times before the footnote placement
 and line numbering in this section are correct.

! Package eledpar Error: \Pages must be called *outside* of the `pages` environ
ment.

See the eledpar package documentation for explanation.
Type  H <return>  for immediate help.
 ...                                              
                                                  
l.136 \Pages
            
? 

*************************** PAGES ***************************
LaTeX Info: Redefining \. on input line 136.
LaTeX Info: Redefining \% on input line 136.

Overfull \vbox (8.508pt too high) detected at line 136
 []


Overfull \vbox (8.508pt too high) detected at line 136
 []


Overfull \vbox (8.508pt too high) detected at line 136
 []


Overfull \vbox (23.008pt too high) detected at line 136
 []


Overfull \vbox (8.508pt too high) detected at line 136
 []


Overfull \vbox (8.508pt too high) detected at line 136
 []

[6
\openout4 = `test.2'.

\openout7 = `test.2R'.

]
Overfull \vbox (8.508pt too high) detected at line 136
 []


Overfull \vbox (8.508pt too high) detected at line 136
 []


Overfull \vbox (8.508pt too high) detected at line 136
 []


Overfull \vbox (37.508pt too high) detected at line 136
 []


Overfull \vbox (8.508pt too high) detected at line 136
 []

[7]
LaTeX Info: Redefining \. on input line 136.
LaTeX Info: Redefining \% on input line 136.

Overfull \vbox (23.008pt too high) detected at line 136
 []


Overfull \vbox (8.508pt too high) detected at line 136
 []


Overfull \vbox (8.508pt too high) detected at line 136
 []

[8]
Overfull \vbox (8.508pt too high) detected at line 136
 []


Overfull \vbox (37.508pt too high) detected at line 136
 []


Overfull \vbox (8.508pt too high) detected at line 136
 []


Overfull \vbox (8.508pt too high) detected at line 136
 []


Overfull \vbox (8.508pt too high) detected at line 136
 []

[9]
LaTeX Info: Redefining \. on input line 136.
LaTeX Info: Redefining \% on input line 136.
LaTeX Info: Redefining \. on input line 136.
LaTeX Info: Redefining \% on input line 136.
 (./test.aux
LaTeX Info: Redefining \. on input line 10.
LaTeX Info: Redefining \% on input line 10.
LaTeX Info: Redefining \. on input line 14.
LaTeX Info: Redefining \% on input line 14.
LaTeX Info: Redefining \. on input line 34.
LaTeX Info: Redefining \% on input line 34.
LaTeX Info: Redefining \. on input line 38.
LaTeX Info: Redefining \% on input line 38.
LaTeX Info: Redefining \. on input line 42.
LaTeX Info: Redefining \% on input line 42.
LaTeX Info: Redefining \. on input line 46.
LaTeX Info: Redefining \% on input line 46.
LaTeX Info: Redefining \. on input line 62.
LaTeX Info: Redefining \% on input line 62.
LaTeX Info: Redefining \. on input line 74.
LaTeX Info: Redefining \% on input line 74.
LaTeX Info: Redefining \. on input line 82.
LaTeX Info: Redefining \% on input line 82.
LaTeX Info: Redefining \. on input line 90.
LaTeX Info: Redefining \% on input line 90.
LaTeX Info: Redefining \. on input line 94.
LaTeX Info: Redefining \% on input line 94.
LaTeX Info: Redefining \. on input line 114.
LaTeX Info: Redefining \% on input line 114.
LaTeX Info: Redefining \. on input line 118.
LaTeX Info: Redefining \% on input line 118.
LaTeX Info: Redefining \. on input line 122.
LaTeX Info: Redefining \% on input line 122.
LaTeX Info: Redefining \. on input line 138.
LaTeX Info: Redefining \% on input line 138.
LaTeX Info: Redefining \. on input line 142.
LaTeX Info: Redefining \% on input line 142.
) ) 
Here is how much of TeX's memory you used:
 22459 strings out of 493706
 369103 string characters out of 6150888
 331773 words of memory out of 5000000
 25740 multiletter control sequences out of 15000+600000
 25812 words of font info for 21 fonts, out of 8000000 for 9000
 1328 hyphenation exceptions out of 8191
 34i,4n,42p,791b,563s stack positions out of 5000i,500n,10000p,200000b,80000s

Output written on test.pdf (9 pages).
